Java HotSpot(TM) 64-Bit Server VM (25.321-b07) for bsd-amd64 JRE (1.8.0_321-b07), built on Dec 15 2021 19:12:29 by "java_re" with gcc 4.2.1 Compatible Apple LLVM 11.0.0 (clang-1100.0.33.17)
Memory: 4k page, physical 8388608k(23836k free)

/proc/meminfo:

CommandLine flags: -XX:CMSInitiatingOccupancyFraction=50 -XX:CMSMaxAbortablePrecleanTime=6000 -XX:+CMSParallelRemarkEnabled -XX:+CMSScavengeBeforeRemark -XX:ConcGCThreads=4 -XX:GCLogFileSize=20971520 -XX:InitialHeapSize=536870912 -XX:MaxHeapSize=536870912 -XX:MaxTenuringThreshold=8 -XX:NewRatio=3 -XX:NumberOfGCLogFiles=9 -XX:OldPLABSize=16 -XX:-OmitStackTraceInFastThrow -XX:OnOutOfMemoryError=/Users/esha/Documents/CSCI 572/hw4/solr-7.7.3/bin/oom_solr.sh 8983 /Users/esha/Documents/CSCI 572/hw4/solr-7.7.3/server/logs -XX:ParallelGCThreads=4 -XX:+ParallelRefProcEnabled -XX:PretenureSizeThreshold=67108864 -XX:+PrintGC -XX:+PrintGCApplicationStoppedTime -XX:+PrintGCDateStamps -XX:+PrintGCDetails -XX:+PrintGCTimeStamps -XX:+PrintHeapAtGC -XX:+PrintTenuringDistribution -XX:SurvivorRatio=4 -XX:TargetSurvivorRatio=90 -XX:ThreadStackSize=256 -XX:+UseCMSInitiatingOccupancyOnly -XX:+UseCompressedClassPointers -XX:+UseCompressedOops -XX:+UseConcMarkSweepGC -XX:+UseGCLogFileRotation -XX:+UseParNewGC 
2022-04-12T18:09:51.616+0800: 0.269: Total time for which application threads were stopped: 0.0009812 seconds, Stopping threads took: 0.0000146 seconds
2022-04-12T18:09:51.773+0800: 0.426: Total time for which application threads were stopped: 0.0005626 seconds, Stopping threads took: 0.0000848 seconds
2022-04-12T18:09:51.937+0800: 0.590: Total time for which application threads were stopped: 0.0011296 seconds, Stopping threads took: 0.0000106 seconds
2022-04-12T18:09:52.130+0800: 0.783: Total time for which application threads were stopped: 0.0005414 seconds, Stopping threads took: 0.0000067 seconds
2022-04-12T18:09:52.457+0800: 1.109: Total time for which application threads were stopped: 0.0015222 seconds, Stopping threads took: 0.0000100 seconds
2022-04-12T18:09:52.725+0800: 1.377: Total time for which application threads were stopped: 0.0009461 seconds, Stopping threads took: 0.0000081 seconds
2022-04-12T18:09:52.732+0800: 1.384: Total time for which application threads were stopped: 0.0002743 seconds, Stopping threads took: 0.0000087 seconds
2022-04-12T18:09:52.794+0800: 1.447: Total time for which application threads were stopped: 0.0005911 seconds, Stopping threads took: 0.0000097 seconds
2022-04-12T18:09:52.808+0800: 1.461: Total time for which application threads were stopped: 0.0006647 seconds, Stopping threads took: 0.0000090 seconds
2022-04-12T18:09:53.116+0800: 1.768: Total time for which application threads were stopped: 0.0011550 seconds, Stopping threads took: 0.0000096 seconds
{Heap before GC invocations=0 (full 0):
 par new generation   total 109248K, used 87424K [0x00000007a0000000, 0x00000007a8000000, 0x00000007a8000000)
  eden space 87424K, 100% used [0x00000007a0000000, 0x00000007a5560000, 0x00000007a5560000)
  from space 21824K,   0% used [0x00000007a5560000, 0x00000007a5560000, 0x00000007a6ab0000)
  to   space 21824K,   0% used [0x00000007a6ab0000, 0x00000007a6ab0000, 0x00000007a8000000)
 concurrent mark-sweep generation total 393216K, used 0K [0x00000007a8000000, 0x00000007c0000000, 0x00000007c0000000)
 Metaspace       used 18757K, capacity 19134K, committed 19328K, reserved 1067008K
  class space    used 2271K, capacity 2388K, committed 2432K, reserved 1048576K
2022-04-12T18:09:53.209+0800: 1.861: [GC (Allocation Failure) 2022-04-12T18:09:53.209+0800: 1.861: [ParNew
Desired survivor size 20112992 bytes, new threshold 8 (max 8)
- age   1:   11967160 bytes,   11967160 total
: 87424K->11808K(109248K), 0.0218078 secs] 87424K->11808K(502464K), 0.0222784 secs] [Times: user=0.05 sys=0.02, real=0.03 secs] 
Heap after GC invocations=1 (full 0):
 par new generation   total 109248K, used 11808K [0x00000007a0000000, 0x00000007a8000000, 0x00000007a8000000)
  eden space 87424K,   0% used [0x00000007a0000000, 0x00000007a0000000, 0x00000007a5560000)
  from space 21824K,  54% used [0x00000007a6ab0000, 0x00000007a7638368, 0x00000007a8000000)
  to   space 21824K,   0% used [0x00000007a5560000, 0x00000007a5560000, 0x00000007a6ab0000)
 concurrent mark-sweep generation total 393216K, used 0K [0x00000007a8000000, 0x00000007c0000000, 0x00000007c0000000)
 Metaspace       used 18757K, capacity 19134K, committed 19328K, reserved 1067008K
  class space    used 2271K, capacity 2388K, committed 2432K, reserved 1048576K
}
2022-04-12T18:09:53.233+0800: 1.886: Total time for which application threads were stopped: 0.0253967 seconds, Stopping threads took: 0.0000144 seconds
2022-04-12T18:09:53.441+0800: 2.093: Total time for which application threads were stopped: 0.0008748 seconds, Stopping threads took: 0.0000101 seconds
2022-04-12T18:09:53.465+0800: 2.118: Total time for which application threads were stopped: 0.0004163 seconds, Stopping threads took: 0.0000120 seconds
2022-04-12T18:09:53.493+0800: 2.145: Total time for which application threads were stopped: 0.0003298 seconds, Stopping threads took: 0.0000106 seconds
2022-04-12T18:09:54.498+0800: 3.151: Total time for which application threads were stopped: 0.0005854 seconds, Stopping threads took: 0.0003660 seconds
2022-04-12T18:09:55.166+0800: 3.819: Total time for which application threads were stopped: 0.0005559 seconds, Stopping threads took: 0.0000101 seconds
2022-04-12T18:09:55.176+0800: 3.829: Total time for which application threads were stopped: 0.0004230 seconds, Stopping threads took: 0.0000096 seconds
2022-04-12T18:09:55.178+0800: 3.830: Total time for which application threads were stopped: 0.0003545 seconds, Stopping threads took: 0.0000178 seconds
2022-04-12T18:09:55.178+0800: 3.831: Total time for which application threads were stopped: 0.0000284 seconds, Stopping threads took: 0.0000052 seconds
2022-04-12T18:09:55.236+0800: 3.888: [GC (CMS Initial Mark) [1 CMS-initial-mark: 0K(393216K)] 60235K(502464K), 0.0079510 secs] [Times: user=0.03 sys=0.01, real=0.01 secs] 
2022-04-12T18:09:55.244+0800: 3.896: Total time for which application threads were stopped: 0.0082448 seconds, Stopping threads took: 0.0000314 seconds
2022-04-12T18:09:55.244+0800: 3.896: [CMS-concurrent-mark-start]
2022-04-12T18:09:55.245+0800: 3.897: [CMS-concurrent-mark: 0.001/0.001 secs] [Times: user=0.00 sys=0.00, real=0.00 secs] 
2022-04-12T18:09:55.245+0800: 3.897: [CMS-concurrent-preclean-start]
2022-04-12T18:09:55.245+0800: 3.898: [CMS-concurrent-preclean: 0.001/0.001 secs] [Times: user=0.00 sys=0.00, real=0.00 secs] 
2022-04-12T18:09:55.245+0800: 3.898: [CMS-concurrent-abortable-preclean-start]
2022-04-12T18:09:55.267+0800: 3.920: Total time for which application threads were stopped: 0.0003795 seconds, Stopping threads took: 0.0000535 seconds
2022-04-12T18:09:55.290+0800: 3.942: Total time for which application threads were stopped: 0.0007398 seconds, Stopping threads took: 0.0000084 seconds
2022-04-12T18:09:55.292+0800: 3.945: Total time for which application threads were stopped: 0.0000340 seconds, Stopping threads took: 0.0000116 seconds
2022-04-12T18:09:55.320+0800: 3.972: Total time for which application threads were stopped: 0.0002914 seconds, Stopping threads took: 0.0000115 seconds
2022-04-12T18:09:55.358+0800: 4.011: Total time for which application threads were stopped: 0.0003273 seconds, Stopping threads took: 0.0000094 seconds
2022-04-12T18:09:55.380+0800: 4.032: Total time for which application threads were stopped: 0.0009746 seconds, Stopping threads took: 0.0000092 seconds
2022-04-12T18:09:55.411+0800: 4.063: Total time for which application threads were stopped: 0.0002208 seconds, Stopping threads took: 0.0000092 seconds
2022-04-12T18:09:55.426+0800: 4.079: Total time for which application threads were stopped: 0.0003880 seconds, Stopping threads took: 0.0001761 seconds
2022-04-12T18:09:55.453+0800: 4.105: Total time for which application threads were stopped: 0.0009364 seconds, Stopping threads took: 0.0000153 seconds
2022-04-12T18:09:55.600+0800: 4.253: Total time for which application threads were stopped: 0.0005593 seconds, Stopping threads took: 0.0000099 seconds
2022-04-12T18:09:55.702+0800: 4.354: Total time for which application threads were stopped: 0.0001921 seconds, Stopping threads took: 0.0000147 seconds
2022-04-12T18:09:55.703+0800: 4.355: Total time for which application threads were stopped: 0.0000634 seconds, Stopping threads took: 0.0000066 seconds
2022-04-12T18:09:55.706+0800: 4.359: Total time for which application threads were stopped: 0.0001083 seconds, Stopping threads took: 0.0000043 seconds
2022-04-12T18:09:55.747+0800: 4.399: Total time for which application threads were stopped: 0.0003000 seconds, Stopping threads took: 0.0000113 seconds
2022-04-12T18:09:55.775+0800: 4.427: Total time for which application threads were stopped: 0.0002208 seconds, Stopping threads took: 0.0000116 seconds
2022-04-12T18:09:55.789+0800: 4.441: Total time for which application threads were stopped: 0.0003208 seconds, Stopping threads took: 0.0000121 seconds
2022-04-12T18:09:55.803+0800: 4.455: Total time for which application threads were stopped: 0.0001861 seconds, Stopping threads took: 0.0000132 seconds
2022-04-12T18:09:55.809+0800: 4.462: Total time for which application threads were stopped: 0.0001285 seconds, Stopping threads took: 0.0000098 seconds
2022-04-12T18:09:55.812+0800: 4.464: Total time for which application threads were stopped: 0.0001050 seconds, Stopping threads took: 0.0000069 seconds
2022-04-12T18:09:55.824+0800: 4.476: Total time for which application threads were stopped: 0.0003980 seconds, Stopping threads took: 0.0001491 seconds
2022-04-12T18:09:55.855+0800: 4.508: Total time for which application threads were stopped: 0.0003022 seconds, Stopping threads took: 0.0000111 seconds
2022-04-12T18:09:55.866+0800: 4.518: Total time for which application threads were stopped: 0.0010786 seconds, Stopping threads took: 0.0000090 seconds
{Heap before GC invocations=1 (full 1):
 par new generation   total 109248K, used 99232K [0x00000007a0000000, 0x00000007a8000000, 0x00000007a8000000)
  eden space 87424K, 100% used [0x00000007a0000000, 0x00000007a5560000, 0x00000007a5560000)
  from space 21824K,  54% used [0x00000007a6ab0000, 0x00000007a7638368, 0x00000007a8000000)
  to   space 21824K,   0% used [0x00000007a5560000, 0x00000007a5560000, 0x00000007a6ab0000)
 concurrent mark-sweep generation total 393216K, used 0K [0x00000007a8000000, 0x00000007c0000000, 0x00000007c0000000)
 Metaspace       used 25418K, capacity 26068K, committed 26276K, reserved 1073152K
  class space    used 3071K, capacity 3294K, committed 3376K, reserved 1048576K
2022-04-12T18:09:55.910+0800: 4.563: [GC (Allocation Failure) 2022-04-12T18:09:55.910+0800: 4.563: [ParNew
Desired survivor size 20112992 bytes, new threshold 8 (max 8)
- age   1:    7033032 bytes,    7033032 total
- age   2:    5255120 bytes,   12288152 total
: 99232K->14363K(109248K), 0.0214823 secs] 99232K->14363K(502464K), 0.0216882 secs] [Times: user=0.06 sys=0.02, real=0.02 secs] 
Heap after GC invocations=2 (full 1):
 par new generation   total 109248K, used 14363K [0x00000007a0000000, 0x00000007a8000000, 0x00000007a8000000)
  eden space 87424K,   0% used [0x00000007a0000000, 0x00000007a0000000, 0x00000007a5560000)
  from space 21824K,  65% used [0x00000007a5560000, 0x00000007a6366ec0, 0x00000007a6ab0000)
  to   space 21824K,   0% used [0x00000007a6ab0000, 0x00000007a6ab0000, 0x00000007a8000000)
 concurrent mark-sweep generation total 393216K, used 0K [0x00000007a8000000, 0x00000007c0000000, 0x00000007c0000000)
 Metaspace       used 25418K, capacity 26068K, committed 26276K, reserved 1073152K
  class space    used 3071K, capacity 3294K, committed 3376K, reserved 1048576K
}
2022-04-12T18:09:55.932+0800: 4.584: Total time for which application threads were stopped: 0.0222428 seconds, Stopping threads took: 0.0000102 seconds
2022-04-12T18:09:55.937+0800: 4.589: Total time for which application threads were stopped: 0.0002983 seconds, Stopping threads took: 0.0001373 seconds
2022-04-12T18:09:55.939+0800: 4.591: Total time for which application threads were stopped: 0.0005575 seconds, Stopping threads took: 0.0000241 seconds
2022-04-12T18:09:55.940+0800: 4.592: Total time for which application threads were stopped: 0.0002619 seconds, Stopping threads took: 0.0001253 seconds
2022-04-12T18:09:55.941+0800: 4.593: Total time for which application threads were stopped: 0.0001501 seconds, Stopping threads took: 0.0000340 seconds
2022-04-12T18:09:55.942+0800: 4.594: Total time for which application threads were stopped: 0.0002929 seconds, Stopping threads took: 0.0001699 seconds
2022-04-12T18:09:56.007+0800: 4.659: Total time for which application threads were stopped: 0.0003766 seconds, Stopping threads took: 0.0000142 seconds
2022-04-12T18:09:56.007+0800: 4.660: Total time for which application threads were stopped: 0.0001443 seconds, Stopping threads took: 0.0001292 seconds
2022-04-12T18:09:56.090+0800: 4.742: Total time for which application threads were stopped: 0.0008126 seconds, Stopping threads took: 0.0000110 seconds
2022-04-12T18:09:56.193+0800: 4.845: Total time for which application threads were stopped: 0.0004680 seconds, Stopping threads took: 0.0000125 seconds
2022-04-12T18:09:56.238+0800: 4.891: Total time for which application threads were stopped: 0.0002202 seconds, Stopping threads took: 0.0000185 seconds
2022-04-12T18:09:56.241+0800: 4.893: Total time for which application threads were stopped: 0.0000940 seconds, Stopping threads took: 0.0000071 seconds
2022-04-12T18:09:56.241+0800: 4.894: Total time for which application threads were stopped: 0.0000797 seconds, Stopping threads took: 0.0000062 seconds
2022-04-12T18:09:56.242+0800: 4.894: Total time for which application threads were stopped: 0.0000632 seconds, Stopping threads took: 0.0000039 seconds
2022-04-12T18:09:56.248+0800: 4.901: Total time for which application threads were stopped: 0.0001414 seconds, Stopping threads took: 0.0000368 seconds
2022-04-12T18:09:56.410+0800: 5.062: Total time for which application threads were stopped: 0.0003550 seconds, Stopping threads took: 0.0000225 seconds
2022-04-12T18:09:56.441+0800: 5.093: Total time for which application threads were stopped: 0.0006132 seconds, Stopping threads took: 0.0000802 seconds
2022-04-12T18:09:56.442+0800: 5.095: Total time for which application threads were stopped: 0.0003945 seconds, Stopping threads took: 0.0000125 seconds
2022-04-12T18:09:56.462+0800: 5.114: Total time for which application threads were stopped: 0.0005998 seconds, Stopping threads took: 0.0001985 seconds
2022-04-12T18:09:56.472+0800: 5.124: Total time for which application threads were stopped: 0.0002645 seconds, Stopping threads took: 0.0000119 seconds
2022-04-12T18:09:56.501+0800: 5.153: Total time for which application threads were stopped: 0.0006349 seconds, Stopping threads took: 0.0000705 seconds
2022-04-12T18:09:56.547+0800: 5.200: Total time for which application threads were stopped: 0.0005223 seconds, Stopping threads took: 0.0000193 seconds
2022-04-12T18:09:56.577+0800: 5.230: Total time for which application threads were stopped: 0.0005484 seconds, Stopping threads took: 0.0001178 seconds
2022-04-12T18:09:56.590+0800: 5.243: Total time for which application threads were stopped: 0.0002990 seconds, Stopping threads took: 0.0001080 seconds
2022-04-12T18:09:56.601+0800: 5.253: Total time for which application threads were stopped: 0.0004300 seconds, Stopping threads took: 0.0001218 seconds
2022-04-12T18:09:56.604+0800: 5.257: Total time for which application threads were stopped: 0.0001666 seconds, Stopping threads took: 0.0001139 seconds
2022-04-12T18:09:56.606+0800: 5.259: Total time for which application threads were stopped: 0.0002407 seconds, Stopping threads took: 0.0001835 seconds
2022-04-12T18:09:56.607+0800: 5.259: Total time for which application threads were stopped: 0.0000791 seconds, Stopping threads took: 0.0000269 seconds
2022-04-12T18:09:56.607+0800: 5.260: Total time for which application threads were stopped: 0.0001447 seconds, Stopping threads took: 0.0001003 seconds
2022-04-12T18:09:56.614+0800: 5.266: Total time for which application threads were stopped: 0.0006418 seconds, Stopping threads took: 0.0004209 seconds
2022-04-12T18:09:56.614+0800: 5.266: [CMS-concurrent-abortable-preclean: 0.645/1.368 secs] [Times: user=2.47 sys=0.28, real=1.37 secs] 
2022-04-12T18:09:56.614+0800: 5.267: Total time for which application threads were stopped: 0.0003138 seconds, Stopping threads took: 0.0002572 seconds
2022-04-12T18:09:56.615+0800: 5.267: [GC (CMS Final Remark) [YG occupancy: 62220 K (109248 K)]{Heap before GC invocations=2 (full 1):
 par new generation   total 109248K, used 62220K [0x00000007a0000000, 0x00000007a8000000, 0x00000007a8000000)
  eden space 87424K,  54% used [0x00000007a0000000, 0x00000007a2ebc500, 0x00000007a5560000)
  from space 21824K,  65% used [0x00000007a5560000, 0x00000007a6366ec0, 0x00000007a6ab0000)
  to   space 21824K,   0% used [0x00000007a6ab0000, 0x00000007a6ab0000, 0x00000007a8000000)
 concurrent mark-sweep generation total 393216K, used 0K [0x00000007a8000000, 0x00000007c0000000, 0x00000007c0000000)
 Metaspace       used 27828K, capacity 28552K, committed 28856K, reserved 1075200K
  class space    used 3367K, capacity 3576K, committed 3656K, reserved 1048576K
2022-04-12T18:09:56.615+0800: 5.267: [GC (CMS Final Remark) 2022-04-12T18:09:56.615+0800: 5.267: [ParNew
Desired survivor size 20112992 bytes, new threshold 8 (max 8)
- age   1:    2987728 bytes,    2987728 total
- age   2:    3208024 bytes,    6195752 total
- age   3:    5155104 bytes,   11350856 total
: 62220K->18891K(109248K), 0.0226695 secs] 62220K->18891K(502464K), 0.0227395 secs] [Times: user=0.06 sys=0.02, real=0.02 secs] 
Heap after GC invocations=3 (full 1):
 par new generation   total 109248K, used 18891K [0x00000007a0000000, 0x00000007a8000000, 0x00000007a8000000)
  eden space 87424K,   0% used [0x00000007a0000000, 0x00000007a0000000, 0x00000007a5560000)
  from space 21824K,  86% used [0x00000007a6ab0000, 0x00000007a7d22ec0, 0x00000007a8000000)
  to   space 21824K,   0% used [0x00000007a5560000, 0x00000007a5560000, 0x00000007a6ab0000)
 concurrent mark-sweep generation total 393216K, used 0K [0x00000007a8000000, 0x00000007c0000000, 0x00000007c0000000)
 Metaspace       used 27828K, capacity 28552K, committed 28856K, reserved 1075200K
  class space    used 3367K, capacity 3576K, committed 3656K, reserved 1048576K
}
2022-04-12T18:09:56.638+0800: 5.290: [Rescan (parallel) , 0.0028194 secs]2022-04-12T18:09:56.641+0800: 5.293: [weak refs processing, 0.0008283 secs]2022-04-12T18:09:56.642+0800: 5.294: [class unloading, 0.0041150 secs]2022-04-12T18:09:56.646+0800: 5.298: [scrub symbol table, 0.0014295 secs]2022-04-12T18:09:56.647+0800: 5.300: [scrub string table, 0.0002452 secs][1 CMS-remark: 0K(393216K)] 18891K(502464K), 0.0338939 secs] [Times: user=0.08 sys=0.02, real=0.03 secs] 
2022-04-12T18:09:56.649+0800: 5.301: Total time for which application threads were stopped: 0.0342678 seconds, Stopping threads took: 0.0001818 seconds
2022-04-12T18:09:56.649+0800: 5.301: [CMS-concurrent-sweep-start]
2022-04-12T18:09:56.649+0800: 5.301: [CMS-concurrent-sweep: 0.000/0.000 secs] [Times: user=0.00 sys=0.00, real=0.00 secs] 
2022-04-12T18:09:56.649+0800: 5.302: [CMS-concurrent-reset-start]
2022-04-12T18:09:56.651+0800: 5.303: [CMS-concurrent-reset: 0.001/0.001 secs] [Times: user=0.00 sys=0.00, real=0.01 secs] 
2022-04-12T18:09:56.695+0800: 5.348: Total time for which application threads were stopped: 0.0003640 seconds, Stopping threads took: 0.0000217 seconds
2022-04-12T18:09:56.695+0800: 5.348: Total time for which application threads were stopped: 0.0000483 seconds, Stopping threads took: 0.0000117 seconds
2022-04-12T18:09:56.695+0800: 5.348: Total time for which application threads were stopped: 0.0000429 seconds, Stopping threads took: 0.0000133 seconds
2022-04-12T18:09:56.696+0800: 5.348: Total time for which application threads were stopped: 0.0000500 seconds, Stopping threads took: 0.0000122 seconds
2022-04-12T18:09:56.696+0800: 5.348: Total time for which application threads were stopped: 0.0000401 seconds, Stopping threads took: 0.0000105 seconds
2022-04-12T18:09:56.704+0800: 5.356: Total time for which application threads were stopped: 0.0003512 seconds, Stopping threads took: 0.0000073 seconds
2022-04-12T18:09:56.721+0800: 5.374: Total time for which application threads were stopped: 0.0002152 seconds, Stopping threads took: 0.0000132 seconds
2022-04-12T18:09:56.732+0800: 5.385: Total time for which application threads were stopped: 0.0002238 seconds, Stopping threads took: 0.0000110 seconds
2022-04-12T18:09:56.796+0800: 5.448: Total time for which application threads were stopped: 0.0003775 seconds, Stopping threads took: 0.0000124 seconds
2022-04-12T18:09:56.798+0800: 5.450: Total time for which application threads were stopped: 0.0002031 seconds, Stopping threads took: 0.0000055 seconds
2022-04-12T18:09:56.805+0800: 5.458: Total time for which application threads were stopped: 0.0002104 seconds, Stopping threads took: 0.0000100 seconds
2022-04-12T18:09:56.806+0800: 5.459: Total time for which application threads were stopped: 0.0001655 seconds, Stopping threads took: 0.0000036 seconds
2022-04-12T18:09:56.982+0800: 5.634: Total time for which application threads were stopped: 0.0008146 seconds, Stopping threads took: 0.0000121 seconds
2022-04-12T18:09:57.037+0800: 5.689: Total time for which application threads were stopped: 0.0013496 seconds, Stopping threads took: 0.0000138 seconds
{Heap before GC invocations=3 (full 1):
 par new generation   total 109248K, used 106315K [0x00000007a0000000, 0x00000007a8000000, 0x00000007a8000000)
  eden space 87424K, 100% used [0x00000007a0000000, 0x00000007a5560000, 0x00000007a5560000)
  from space 21824K,  86% used [0x00000007a6ab0000, 0x00000007a7d22ec0, 0x00000007a8000000)
  to   space 21824K,   0% used [0x00000007a5560000, 0x00000007a5560000, 0x00000007a6ab0000)
 concurrent mark-sweep generation total 393216K, used 0K [0x00000007a8000000, 0x00000007c0000000, 0x00000007c0000000)
 Metaspace       used 30194K, capacity 31008K, committed 31304K, reserved 1077248K
  class space    used 3674K, capacity 3908K, committed 3912K, reserved 1048576K
2022-04-12T18:09:57.285+0800: 5.938: [GC (Allocation Failure) 2022-04-12T18:09:57.285+0800: 5.938: [ParNew
Desired survivor size 20112992 bytes, new threshold 8 (max 8)
- age   1:    4143768 bytes,    4143768 total
- age   2:    1242720 bytes,    5386488 total
- age   3:    3172344 bytes,    8558832 total
- age   4:    5075056 bytes,   13633888 total
: 106315K->15042K(109248K), 0.0250894 secs] 106315K->15042K(502464K), 0.0251743 secs] [Times: user=0.06 sys=0.02, real=0.03 secs] 
Heap after GC invocations=4 (full 1):
 par new generation   total 109248K, used 15042K [0x00000007a0000000, 0x00000007a8000000, 0x00000007a8000000)
  eden space 87424K,   0% used [0x00000007a0000000, 0x00000007a0000000, 0x00000007a5560000)
  from space 21824K,  68% used [0x00000007a5560000, 0x00000007a64109a8, 0x00000007a6ab0000)
  to   space 21824K,   0% used [0x00000007a6ab0000, 0x00000007a6ab0000, 0x00000007a8000000)
 concurrent mark-sweep generation total 393216K, used 0K [0x00000007a8000000, 0x00000007c0000000, 0x00000007c0000000)
 Metaspace       used 30194K, capacity 31008K, committed 31304K, reserved 1077248K
  class space    used 3674K, capacity 3908K, committed 3912K, reserved 1048576K
}
2022-04-12T18:09:57.311+0800: 5.963: Total time for which application threads were stopped: 0.0272748 seconds, Stopping threads took: 0.0000133 seconds
2022-04-12T18:09:57.318+0800: 5.970: Total time for which application threads were stopped: 0.0003428 seconds, Stopping threads took: 0.0001205 seconds
2022-04-12T18:09:57.364+0800: 6.017: Total time for which application threads were stopped: 0.0004723 seconds, Stopping threads took: 0.0000117 seconds
2022-04-12T18:09:57.364+0800: 6.017: Total time for which application threads were stopped: 0.0000423 seconds, Stopping threads took: 0.0000060 seconds
2022-04-12T18:09:57.364+0800: 6.017: Total time for which application threads were stopped: 0.0000469 seconds, Stopping threads took: 0.0000130 seconds
2022-04-12T18:09:57.365+0800: 6.017: Total time for which application threads were stopped: 0.0000469 seconds, Stopping threads took: 0.0000040 seconds
2022-04-12T18:09:57.365+0800: 6.017: Total time for which application threads were stopped: 0.0000480 seconds, Stopping threads took: 0.0000091 seconds
2022-04-12T18:09:57.365+0800: 6.017: Total time for which application threads were stopped: 0.0000386 seconds, Stopping threads took: 0.0000056 seconds
2022-04-12T18:09:57.365+0800: 6.018: Total time for which application threads were stopped: 0.0000476 seconds, Stopping threads took: 0.0000127 seconds
2022-04-12T18:09:57.365+0800: 6.018: Total time for which application threads were stopped: 0.0000458 seconds, Stopping threads took: 0.0000095 seconds
2022-04-12T18:09:57.522+0800: 6.174: Total time for which application threads were stopped: 0.0003076 seconds, Stopping threads took: 0.0000201 seconds
{Heap before GC invocations=4 (full 1):
 par new generation   total 109248K, used 102466K [0x00000007a0000000, 0x00000007a8000000, 0x00000007a8000000)
  eden space 87424K, 100% used [0x00000007a0000000, 0x00000007a5560000, 0x00000007a5560000)
  from space 21824K,  68% used [0x00000007a5560000, 0x00000007a64109a8, 0x00000007a6ab0000)
  to   space 21824K,   0% used [0x00000007a6ab0000, 0x00000007a6ab0000, 0x00000007a8000000)
 concurrent mark-sweep generation total 393216K, used 0K [0x00000007a8000000, 0x00000007c0000000, 0x00000007c0000000)
 Metaspace       used 30966K, capacity 31710K, committed 31944K, reserved 1077248K
  class space    used 3781K, capacity 4009K, committed 4040K, reserved 1048576K
2022-04-12T18:09:57.603+0800: 6.256: [GC (Allocation Failure) 2022-04-12T18:09:57.603+0800: 6.256: [ParNew
Desired survivor size 20112992 bytes, new threshold 8 (max 8)
- age   1:    1118208 bytes,    1118208 total
- age   2:    1345920 bytes,    2464128 total
- age   3:    1229664 bytes,    3693792 total
- age   4:    3171968 bytes,    6865760 total
- age   5:    5074640 bytes,   11940400 total
: 102466K->17029K(109248K), 0.0160237 secs] 102466K->17029K(502464K), 0.0161115 secs] [Times: user=0.04 sys=0.01, real=0.01 secs] 
Heap after GC invocations=5 (full 1):
 par new generation   total 109248K, used 17029K [0x00000007a0000000, 0x00000007a8000000, 0x00000007a8000000)
  eden space 87424K,   0% used [0x00000007a0000000, 0x00000007a0000000, 0x00000007a5560000)
  from space 21824K,  78% used [0x00000007a6ab0000, 0x00000007a7b516f0, 0x00000007a8000000)
  to   space 21824K,   0% used [0x00000007a5560000, 0x00000007a5560000, 0x00000007a6ab0000)
 concurrent mark-sweep generation total 393216K, used 0K [0x00000007a8000000, 0x00000007c0000000, 0x00000007c0000000)
 Metaspace       used 30966K, capacity 31710K, committed 31944K, reserved 1077248K
  class space    used 3781K, capacity 4009K, committed 4040K, reserved 1048576K
}
2022-04-12T18:09:57.619+0800: 6.272: Total time for which application threads were stopped: 0.0164663 seconds, Stopping threads took: 0.0000138 seconds
2022-04-12T18:09:57.621+0800: 6.273: Total time for which application threads were stopped: 0.0003105 seconds, Stopping threads took: 0.0001436 seconds
2022-04-12T18:09:57.772+0800: 6.424: Total time for which application threads were stopped: 0.0003441 seconds, Stopping threads took: 0.0000118 seconds
2022-04-12T18:09:57.810+0800: 6.462: Total time for which application threads were stopped: 0.0002373 seconds, Stopping threads took: 0.0000108 seconds
2022-04-12T18:09:57.830+0800: 6.482: Total time for which application threads were stopped: 0.0007806 seconds, Stopping threads took: 0.0000143 seconds
2022-04-12T18:09:57.840+0800: 6.493: Total time for which application threads were stopped: 0.0001447 seconds, Stopping threads took: 0.0000134 seconds
2022-04-12T18:09:57.872+0800: 6.525: Total time for which application threads were stopped: 0.0001187 seconds, Stopping threads took: 0.0000122 seconds
2022-04-12T18:09:57.905+0800: 6.557: Total time for which application threads were stopped: 0.0008073 seconds, Stopping threads took: 0.0000127 seconds
2022-04-12T18:09:58.112+0800: 6.764: Total time for which application threads were stopped: 0.0008760 seconds, Stopping threads took: 0.0000121 seconds
2022-04-12T18:09:58.143+0800: 6.796: Total time for which application threads were stopped: 0.0002473 seconds, Stopping threads took: 0.0000139 seconds
2022-04-12T18:09:58.143+0800: 6.796: Total time for which application threads were stopped: 0.0000223 seconds, Stopping threads took: 0.0000058 seconds
2022-04-12T18:09:58.144+0800: 6.796: Total time for which application threads were stopped: 0.0000201 seconds, Stopping threads took: 0.0000055 seconds
2022-04-12T18:09:58.144+0800: 6.796: Total time for which application threads were stopped: 0.0000148 seconds, Stopping threads took: 0.0000029 seconds
2022-04-12T18:09:58.144+0800: 6.796: Total time for which application threads were stopped: 0.0000232 seconds, Stopping threads took: 0.0000062 seconds
2022-04-12T18:09:58.144+0800: 6.796: Total time for which application threads were stopped: 0.0000155 seconds, Stopping threads took: 0.0000030 seconds
2022-04-12T18:09:58.161+0800: 6.814: Total time for which application threads were stopped: 0.0007524 seconds, Stopping threads took: 0.0000112 seconds
{Heap before GC invocations=5 (full 1):
 par new generation   total 109248K, used 104453K [0x00000007a0000000, 0x00000007a8000000, 0x00000007a8000000)
  eden space 87424K, 100% used [0x00000007a0000000, 0x00000007a5560000, 0x00000007a5560000)
  from space 21824K,  78% used [0x00000007a6ab0000, 0x00000007a7b516f0, 0x00000007a8000000)
  to   space 21824K,   0% used [0x00000007a5560000, 0x00000007a5560000, 0x00000007a6ab0000)
 concurrent mark-sweep generation total 393216K, used 0K [0x00000007a8000000, 0x00000007c0000000, 0x00000007c0000000)
 Metaspace       used 33395K, capacity 34252K, committed 34504K, reserved 1079296K
  class space    used 4071K, capacity 4294K, committed 4296K, reserved 1048576K
2022-04-12T18:09:58.188+0800: 6.840: [GC (Allocation Failure) 2022-04-12T18:09:58.188+0800: 6.840: [ParNew
Desired survivor size 20112992 bytes, new threshold 8 (max 8)
- age   1:    2931392 bytes,    2931392 total
- age   2:     341080 bytes,    3272472 total
- age   3:     707776 bytes,    3980248 total
- age   4:    1225416 bytes,    5205664 total
- age   5:    3168400 bytes,    8374064 total
- age   6:    5073392 bytes,   13447456 total
: 104453K->18027K(109248K), 0.0246241 secs] 104453K->18027K(502464K), 0.0247262 secs] [Times: user=0.06 sys=0.02, real=0.03 secs] 
Heap after GC invocations=6 (full 1):
 par new generation   total 109248K, used 18027K [0x00000007a0000000, 0x00000007a8000000, 0x00000007a8000000)
  eden space 87424K,   0% used [0x00000007a0000000, 0x00000007a0000000, 0x00000007a5560000)
  from space 21824K,  82% used [0x00000007a5560000, 0x00000007a66fadb0, 0x00000007a6ab0000)
  to   space 21824K,   0% used [0x00000007a6ab0000, 0x00000007a6ab0000, 0x00000007a8000000)
 concurrent mark-sweep generation total 393216K, used 0K [0x00000007a8000000, 0x00000007c0000000, 0x00000007c0000000)
 Metaspace       used 33395K, capacity 34252K, committed 34504K, reserved 1079296K
  class space    used 4071K, capacity 4294K, committed 4296K, reserved 1048576K
}
2022-04-12T18:09:58.212+0800: 6.865: Total time for which application threads were stopped: 0.0251432 seconds, Stopping threads took: 0.0000328 seconds
2022-04-12T18:09:58.269+0800: 6.922: Total time for which application threads were stopped: 0.0005457 seconds, Stopping threads took: 0.0001868 seconds
2022-04-12T18:09:58.275+0800: 6.927: Total time for which application threads were stopped: 0.0002708 seconds, Stopping threads took: 0.0000475 seconds
2022-04-12T18:09:58.376+0800: 7.029: Total time for which application threads were stopped: 0.0003385 seconds, Stopping threads took: 0.0000120 seconds
2022-04-12T18:09:58.472+0800: 7.124: Total time for which application threads were stopped: 0.0002452 seconds, Stopping threads took: 0.0000143 seconds
2022-04-12T18:09:58.473+0800: 7.126: Total time for which application threads were stopped: 0.0001007 seconds, Stopping threads took: 0.0000039 seconds
2022-04-12T18:09:58.491+0800: 7.144: Total time for which application threads were stopped: 0.0001610 seconds, Stopping threads took: 0.0000099 seconds
2022-04-12T18:09:58.494+0800: 7.147: Total time for which application threads were stopped: 0.0000867 seconds, Stopping threads took: 0.0000134 seconds
2022-04-12T18:09:58.577+0800: 7.230: Total time for which application threads were stopped: 0.0004647 seconds, Stopping threads took: 0.0000127 seconds
2022-04-12T18:09:58.591+0800: 7.243: Total time for which application threads were stopped: 0.0001846 seconds, Stopping threads took: 0.0000149 seconds
2022-04-12T18:09:58.595+0800: 7.247: Total time for which application threads were stopped: 0.0001726 seconds, Stopping threads took: 0.0000131 seconds
2022-04-12T18:09:58.599+0800: 7.251: Total time for which application threads were stopped: 0.0002132 seconds, Stopping threads took: 0.0000091 seconds
{Heap before GC invocations=6 (full 1):
 par new generation   total 109248K, used 105451K [0x00000007a0000000, 0x00000007a8000000, 0x00000007a8000000)
  eden space 87424K, 100% used [0x00000007a0000000, 0x00000007a5560000, 0x00000007a5560000)
  from space 21824K,  82% used [0x00000007a5560000, 0x00000007a66fadb0, 0x00000007a6ab0000)
  to   space 21824K,   0% used [0x00000007a6ab0000, 0x00000007a6ab0000, 0x00000007a8000000)
 concurrent mark-sweep generation total 393216K, used 0K [0x00000007a8000000, 0x00000007c0000000, 0x00000007c0000000)
 Metaspace       used 35492K, capacity 36372K, committed 36680K, reserved 1081344K
  class space    used 4361K, capacity 4602K, committed 4680K, reserved 1048576K
2022-04-12T18:09:58.602+0800: 7.255: [GC (Allocation Failure) 2022-04-12T18:09:58.602+0800: 7.255: [ParNew
Desired survivor size 20112992 bytes, new threshold 8 (max 8)
- age   1:    3136512 bytes,    3136512 total
- age   2:    1183672 bytes,    4320184 total
- age   3:     335864 bytes,    4656048 total
- age   4:     677488 bytes,    5333536 total
- age   5:    1217272 bytes,    6550808 total
- age   6:    3160128 bytes,    9710936 total
- age   7:    5068376 bytes,   14779312 total
: 105451K->16818K(109248K), 0.0252196 secs] 105451K->16818K(502464K), 0.0254201 secs] [Times: user=0.06 sys=0.02, real=0.02 secs] 
Heap after GC invocations=7 (full 1):
 par new generation   total 109248K, used 16818K [0x00000007a0000000, 0x00000007a8000000, 0x00000007a8000000)
  eden space 87424K,   0% used [0x00000007a0000000, 0x00000007a0000000, 0x00000007a5560000)
  from space 21824K,  77% used [0x00000007a6ab0000, 0x00000007a7b1c920, 0x00000007a8000000)
  to   space 21824K,   0% used [0x00000007a5560000, 0x00000007a5560000, 0x00000007a6ab0000)
 concurrent mark-sweep generation total 393216K, used 0K [0x00000007a8000000, 0x00000007c0000000, 0x00000007c0000000)
 Metaspace       used 35492K, capacity 36372K, committed 36680K, reserved 1081344K
  class space    used 4361K, capacity 4602K, committed 4680K, reserved 1048576K
}
2022-04-12T18:09:58.628+0800: 7.280: Total time for which application threads were stopped: 0.0257087 seconds, Stopping threads took: 0.0000081 seconds
2022-04-12T18:09:58.759+0800: 7.411: Total time for which application threads were stopped: 0.0004192 seconds, Stopping threads took: 0.0000147 seconds
2022-04-12T18:09:58.864+0800: 7.516: Total time for which application threads were stopped: 0.0010125 seconds, Stopping threads took: 0.0000125 seconds
2022-04-12T18:09:59.033+0800: 7.686: Total time for which application threads were stopped: 0.0013666 seconds, Stopping threads took: 0.0000127 seconds
2022-04-12T18:09:59.278+0800: 7.930: Total time for which application threads were stopped: 0.0019569 seconds, Stopping threads took: 0.0000198 seconds
2022-04-12T18:09:59.346+0800: 7.999: Total time for which application threads were stopped: 0.0002655 seconds, Stopping threads took: 0.0000182 seconds
2022-04-12T18:09:59.347+0800: 7.999: Total time for which application threads were stopped: 0.0000900 seconds, Stopping threads took: 0.0000046 seconds
2022-04-12T18:09:59.391+0800: 8.044: Total time for which application threads were stopped: 0.0006036 seconds, Stopping threads took: 0.0000420 seconds
2022-04-12T18:09:59.394+0800: 8.046: Total time for which application threads were stopped: 0.0003214 seconds, Stopping threads took: 0.0000767 seconds
2022-04-12T18:09:59.403+0800: 8.056: Total time for which application threads were stopped: 0.0003411 seconds, Stopping threads took: 0.0000725 seconds
{Heap before GC invocations=7 (full 1):
 par new generation   total 109248K, used 104242K [0x00000007a0000000, 0x00000007a8000000, 0x00000007a8000000)
  eden space 87424K, 100% used [0x00000007a0000000, 0x00000007a5560000, 0x00000007a5560000)
  from space 21824K,  77% used [0x00000007a6ab0000, 0x00000007a7b1c920, 0x00000007a8000000)
  to   space 21824K,   0% used [0x00000007a5560000, 0x00000007a5560000, 0x00000007a6ab0000)
 concurrent mark-sweep generation total 393216K, used 0K [0x00000007a8000000, 0x00000007c0000000, 0x00000007c0000000)
 Metaspace       used 39092K, capacity 40108K, committed 40264K, reserved 1085440K
  class space    used 4859K, capacity 5122K, committed 5192K, reserved 1048576K
2022-04-12T18:09:59.406+0800: 8.059: [GC (Allocation Failure) 2022-04-12T18:09:59.406+0800: 8.059: [ParNew
Desired survivor size 20112992 bytes, new threshold 8 (max 8)
- age   1:    8625768 bytes,    8625768 total
- age   2:     877376 bytes,    9503144 total
- age   3:    1182088 bytes,   10685232 total
- age   4:     324840 bytes,   11010072 total
- age   5:     674352 bytes,   11684424 total
- age   6:    1214832 bytes,   12899256 total
- age   7:    3159760 bytes,   16059016 total
- age   8:    5068120 bytes,   21127136 total
: 104242K->21824K(109248K), 0.0216073 secs] 104242K->22190K(502464K), 0.0216987 secs] [Times: user=0.06 sys=0.01, real=0.02 secs] 
Heap after GC invocations=8 (full 1):
 par new generation   total 109248K, used 21824K [0x00000007a0000000, 0x00000007a8000000, 0x00000007a8000000)
  eden space 87424K,   0% used [0x00000007a0000000, 0x00000007a0000000, 0x00000007a5560000)
  from space 21824K, 100% used [0x00000007a5560000, 0x00000007a6ab0000, 0x00000007a6ab0000)
  to   space 21824K,   0% used [0x00000007a6ab0000, 0x00000007a6ab0000, 0x00000007a8000000)
 concurrent mark-sweep generation total 393216K, used 366K [0x00000007a8000000, 0x00000007c0000000, 0x00000007c0000000)
 Metaspace       used 39092K, capacity 40108K, committed 40264K, reserved 1085440K
  class space    used 4859K, capacity 5122K, committed 5192K, reserved 1048576K
}
2022-04-12T18:09:59.428+0800: 8.080: Total time for which application threads were stopped: 0.0221587 seconds, Stopping threads took: 0.0000063 seconds
2022-04-12T18:09:59.429+0800: 8.082: Total time for which application threads were stopped: 0.0002139 seconds, Stopping threads took: 0.0001065 seconds
2022-04-12T18:09:59.432+0800: 8.085: Total time for which application threads were stopped: 0.0002281 seconds, Stopping threads took: 0.0001360 seconds
2022-04-12T18:09:59.434+0800: 8.087: Total time for which application threads were stopped: 0.0002358 seconds, Stopping threads took: 0.0000570 seconds
2022-04-12T18:09:59.444+0800: 8.097: Total time for which application threads were stopped: 0.0001682 seconds, Stopping threads took: 0.0000184 seconds
2022-04-12T18:09:59.450+0800: 8.103: Total time for which application threads were stopped: 0.0001448 seconds, Stopping threads took: 0.0000190 seconds
2022-04-12T18:09:59.450+0800: 8.103: Total time for which application threads were stopped: 0.0000740 seconds, Stopping threads took: 0.0000064 seconds
2022-04-12T18:09:59.451+0800: 8.103: Total time for which application threads were stopped: 0.0000550 seconds, Stopping threads took: 0.0000058 seconds
2022-04-12T18:09:59.451+0800: 8.103: Total time for which application threads were stopped: 0.0000416 seconds, Stopping threads took: 0.0000050 seconds
2022-04-12T18:09:59.469+0800: 8.121: Total time for which application threads were stopped: 0.0001847 seconds, Stopping threads took: 0.0000212 seconds
2022-04-12T18:09:59.473+0800: 8.125: Total time for which application threads were stopped: 0.0000855 seconds, Stopping threads took: 0.0000048 seconds
2022-04-12T18:09:59.474+0800: 8.126: Total time for which application threads were stopped: 0.0001915 seconds, Stopping threads took: 0.0000033 seconds
2022-04-12T18:09:59.883+0800: 8.536: Total time for which application threads were stopped: 0.0002489 seconds, Stopping threads took: 0.0000363 seconds
2022-04-12T18:09:59.883+0800: 8.536: Total time for which application threads were stopped: 0.0000557 seconds, Stopping threads took: 0.0000032 seconds
2022-04-12T18:09:59.884+0800: 8.536: Total time for which application threads were stopped: 0.0000505 seconds, Stopping threads took: 0.0000030 seconds
2022-04-12T18:09:59.884+0800: 8.537: Total time for which application threads were stopped: 0.0000575 seconds, Stopping threads took: 0.0000026 seconds
2022-04-12T18:09:59.884+0800: 8.537: Total time for which application threads were stopped: 0.0000293 seconds, Stopping threads took: 0.0000030 seconds
2022-04-12T18:09:59.884+0800: 8.537: Total time for which application threads were stopped: 0.0000319 seconds, Stopping threads took: 0.0000026 seconds
2022-04-12T18:09:59.884+0800: 8.537: Total time for which application threads were stopped: 0.0000327 seconds, Stopping threads took: 0.0000030 seconds
2022-04-12T18:09:59.884+0800: 8.537: Total time for which application threads were stopped: 0.0000634 seconds, Stopping threads took: 0.0000024 seconds
2022-04-12T18:09:59.894+0800: 8.547: Total time for which application threads were stopped: 0.0000696 seconds, Stopping threads took: 0.0000062 seconds
2022-04-12T18:10:00.900+0800: 9.552: Total time for which application threads were stopped: 0.0003061 seconds, Stopping threads took: 0.0000597 seconds
2022-04-12T18:10:06.174+0800: 14.827: Total time for which application threads were stopped: 0.0003334 seconds, Stopping threads took: 0.0000837 seconds
2022-04-12T18:10:06.175+0800: 14.828: Total time for which application threads were stopped: 0.0001940 seconds, Stopping threads took: 0.0000134 seconds
2022-04-12T18:10:06.244+0800: 14.896: Total time for which application threads were stopped: 0.0015418 seconds, Stopping threads took: 0.0000355 seconds
2022-04-12T18:10:06.264+0800: 14.916: Total time for which application threads were stopped: 0.0000538 seconds, Stopping threads took: 0.0000207 seconds
2022-04-12T18:10:06.378+0800: 15.031: Total time for which application threads were stopped: 0.0006477 seconds, Stopping threads took: 0.0001155 seconds
2022-04-12T18:10:06.382+0800: 15.035: Total time for which application threads were stopped: 0.0034918 seconds, Stopping threads took: 0.0020438 seconds
2022-04-12T18:10:06.386+0800: 15.038: Total time for which application threads were stopped: 0.0007999 seconds, Stopping threads took: 0.0006620 seconds
2022-04-12T18:10:06.386+0800: 15.039: Total time for which application threads were stopped: 0.0002012 seconds, Stopping threads took: 0.0000975 seconds
2022-04-12T18:10:06.386+0800: 15.039: Total time for which application threads were stopped: 0.0000221 seconds, Stopping threads took: 0.0000042 seconds
2022-04-12T18:10:06.387+0800: 15.039: Total time for which application threads were stopped: 0.0002749 seconds, Stopping threads took: 0.0001845 seconds
2022-04-12T18:10:06.387+0800: 15.039: Total time for which application threads were stopped: 0.0002690 seconds, Stopping threads took: 0.0002477 seconds
2022-04-12T18:10:06.387+0800: 15.040: Total time for which application threads were stopped: 0.0002853 seconds, Stopping threads took: 0.0002105 seconds
2022-04-12T18:10:06.388+0800: 15.040: Total time for which application threads were stopped: 0.0001320 seconds, Stopping threads took: 0.0000960 seconds
2022-04-12T18:10:06.390+0800: 15.042: Total time for which application threads were stopped: 0.0009805 seconds, Stopping threads took: 0.0007412 seconds
2022-04-12T18:10:06.393+0800: 15.046: Total time for which application threads were stopped: 0.0014433 seconds, Stopping threads took: 0.0008894 seconds
2022-04-12T18:10:06.394+0800: 15.047: Total time for which application threads were stopped: 0.0006812 seconds, Stopping threads took: 0.0005692 seconds
2022-04-12T18:10:06.396+0800: 15.049: Total time for which application threads were stopped: 0.0016722 seconds, Stopping threads took: 0.0015337 seconds
2022-04-12T18:10:06.396+0800: 15.049: Total time for which application threads were stopped: 0.0000274 seconds, Stopping threads took: 0.0000040 seconds
2022-04-12T18:10:06.396+0800: 15.049: Total time for which application threads were stopped: 0.0000986 seconds, Stopping threads took: 0.0000694 seconds
2022-04-12T18:10:06.397+0800: 15.050: Total time for which application threads were stopped: 0.0006922 seconds, Stopping threads took: 0.0004101 seconds
2022-04-12T18:10:06.399+0800: 15.051: Total time for which application threads were stopped: 0.0006656 seconds, Stopping threads took: 0.0003185 seconds
2022-04-12T18:10:06.399+0800: 15.052: Total time for which application threads were stopped: 0.0004754 seconds, Stopping threads took: 0.0003341 seconds
2022-04-12T18:10:06.400+0800: 15.052: Total time for which application threads were stopped: 0.0001387 seconds, Stopping threads took: 0.0000913 seconds
2022-04-12T18:10:06.400+0800: 15.052: Total time for which application threads were stopped: 0.0001555 seconds, Stopping threads took: 0.0001150 seconds
2022-04-12T18:10:06.400+0800: 15.052: Total time for which application threads were stopped: 0.0001375 seconds, Stopping threads took: 0.0001086 seconds
2022-04-12T18:10:06.409+0800: 15.061: Total time for which application threads were stopped: 0.0004689 seconds, Stopping threads took: 0.0000749 seconds
2022-04-12T18:10:06.413+0800: 15.066: Total time for which application threads were stopped: 0.0002952 seconds, Stopping threads took: 0.0001365 seconds
2022-04-12T18:10:06.417+0800: 15.070: Total time for which application threads were stopped: 0.0003005 seconds, Stopping threads took: 0.0000883 seconds
2022-04-12T18:10:06.419+0800: 15.071: Total time for which application threads were stopped: 0.0002655 seconds, Stopping threads took: 0.0000619 seconds
2022-04-12T18:10:06.425+0800: 15.078: Total time for which application threads were stopped: 0.0005054 seconds, Stopping threads took: 0.0000465 seconds
2022-04-12T18:10:06.690+0800: 15.342: Total time for which application threads were stopped: 0.0004710 seconds, Stopping threads took: 0.0003243 seconds
2022-04-12T18:10:06.690+0800: 15.343: Total time for which application threads were stopped: 0.0004207 seconds, Stopping threads took: 0.0001904 seconds
2022-04-12T18:10:06.709+0800: 15.361: Total time for which application threads were stopped: 0.0008798 seconds, Stopping threads took: 0.0005866 seconds
2022-04-12T18:10:06.720+0800: 15.373: Total time for which application threads were stopped: 0.0003945 seconds, Stopping threads took: 0.0002431 seconds
2022-04-12T18:10:06.726+0800: 15.379: Total time for which application threads were stopped: 0.0007853 seconds, Stopping threads took: 0.0001372 seconds
2022-04-12T18:10:06.752+0800: 15.404: Total time for which application threads were stopped: 0.0000945 seconds, Stopping threads took: 0.0000263 seconds
2022-04-12T18:10:06.832+0800: 15.484: Total time for which application threads were stopped: 0.0006519 seconds, Stopping threads took: 0.0000124 seconds
2022-04-12T18:10:06.835+0800: 15.487: Total time for which application threads were stopped: 0.0007480 seconds, Stopping threads took: 0.0001375 seconds
2022-04-12T18:10:06.835+0800: 15.488: Total time for which application threads were stopped: 0.0002778 seconds, Stopping threads took: 0.0002210 seconds
2022-04-12T18:10:06.836+0800: 15.488: Total time for which application threads were stopped: 0.0001952 seconds, Stopping threads took: 0.0001396 seconds
2022-04-12T18:10:06.837+0800: 15.489: Total time for which application threads were stopped: 0.0000971 seconds, Stopping threads took: 0.0000045 seconds
2022-04-12T18:10:06.838+0800: 15.490: Total time for which application threads were stopped: 0.0000191 seconds, Stopping threads took: 0.0000032 seconds
2022-04-12T18:10:06.855+0800: 15.508: Total time for which application threads were stopped: 0.0001692 seconds, Stopping threads took: 0.0001171 seconds
2022-04-12T18:10:06.855+0800: 15.508: Total time for which application threads were stopped: 0.0000438 seconds, Stopping threads took: 0.0000244 seconds
2022-04-12T18:10:07.861+0800: 16.514: Total time for which application threads were stopped: 0.0006362 seconds, Stopping threads took: 0.0000795 seconds
2022-04-12T18:10:14.084+0800: 22.737: Total time for which application threads were stopped: 0.0006466 seconds, Stopping threads took: 0.0002467 seconds
2022-04-12T18:10:14.084+0800: 22.737: Total time for which application threads were stopped: 0.0002186 seconds, Stopping threads took: 0.0001590 seconds
2022-04-12T18:10:14.084+0800: 22.737: Total time for which application threads were stopped: 0.0000325 seconds, Stopping threads took: 0.0000135 seconds
2022-04-12T18:10:14.085+0800: 22.737: Total time for which application threads were stopped: 0.0000867 seconds, Stopping threads took: 0.0000052 seconds
2022-04-12T18:10:14.086+0800: 22.739: Total time for which application threads were stopped: 0.0013050 seconds, Stopping threads took: 0.0012758 seconds
2022-04-12T18:10:14.086+0800: 22.739: Total time for which application threads were stopped: 0.0000465 seconds, Stopping threads took: 0.0000048 seconds
2022-04-12T18:10:14.140+0800: 22.793: Total time for which application threads were stopped: 0.0001846 seconds, Stopping threads took: 0.0000155 seconds
2022-04-12T18:10:14.150+0800: 22.802: Total time for which application threads were stopped: 0.0002182 seconds, Stopping threads took: 0.0000116 seconds
2022-04-12T18:10:14.150+0800: 22.802: Total time for which application threads were stopped: 0.0000167 seconds, Stopping threads took: 0.0000032 seconds
2022-04-12T18:10:14.191+0800: 22.844: Total time for which application threads were stopped: 0.0007837 seconds, Stopping threads took: 0.0000125 seconds
2022-04-12T18:10:14.200+0800: 22.853: Total time for which application threads were stopped: 0.0000866 seconds, Stopping threads took: 0.0000092 seconds
2022-04-12T18:10:15.206+0800: 23.859: Total time for which application threads were stopped: 0.0014261 seconds, Stopping threads took: 0.0000422 seconds
2022-04-12T18:10:17.173+0800: 25.825: Total time for which application threads were stopped: 0.0000528 seconds, Stopping threads took: 0.0000156 seconds
2022-04-12T18:10:18.178+0800: 26.831: Total time for which application threads were stopped: 0.0004818 seconds, Stopping threads took: 0.0000321 seconds
2022-04-12T18:10:37.447+0800: 46.100: Total time for which application threads were stopped: 0.0005042 seconds, Stopping threads took: 0.0001226 seconds
2022-04-12T18:10:37.450+0800: 46.102: Total time for which application threads were stopped: 0.0001010 seconds, Stopping threads took: 0.0000075 seconds
2022-04-12T18:10:37.463+0800: 46.115: Total time for which application threads were stopped: 0.0001927 seconds, Stopping threads took: 0.0000139 seconds
2022-04-12T18:10:56.171+0800: 64.824: Total time for which application threads were stopped: 0.0005291 seconds, Stopping threads took: 0.0001295 seconds
2022-04-12T18:10:56.173+0800: 64.826: Total time for which application threads were stopped: 0.0001640 seconds, Stopping threads took: 0.0000069 seconds
2022-04-12T18:10:56.174+0800: 64.827: Total time for which application threads were stopped: 0.0002709 seconds, Stopping threads took: 0.0000063 seconds
2022-04-12T18:10:56.211+0800: 64.864: Total time for which application threads were stopped: 0.0032723 seconds, Stopping threads took: 0.0000142 seconds
2022-04-12T18:10:56.245+0800: 64.898: Total time for which application threads were stopped: 0.0002101 seconds, Stopping threads took: 0.0000129 seconds
2022-04-12T18:10:57.250+0800: 65.903: Total time for which application threads were stopped: 0.0006442 seconds, Stopping threads took: 0.0000653 seconds
2022-04-12T18:11:06.856+0800: 75.509: Total time for which application threads were stopped: 0.0001648 seconds, Stopping threads took: 0.0000384 seconds
2022-04-12T18:11:16.135+0800: 84.788: Total time for which application threads were stopped: 0.0003605 seconds, Stopping threads took: 0.0000369 seconds
2022-04-12T18:11:16.142+0800: 84.795: Total time for which application threads were stopped: 0.0000474 seconds, Stopping threads took: 0.0000100 seconds
2022-04-12T18:11:16.148+0800: 84.801: Total time for which application threads were stopped: 0.0016104 seconds, Stopping threads took: 0.0000160 seconds
2022-04-12T18:11:16.170+0800: 84.823: Total time for which application threads were stopped: 0.0001514 seconds, Stopping threads took: 0.0000420 seconds
2022-04-12T18:11:17.176+0800: 85.829: Total time for which application threads were stopped: 0.0004895 seconds, Stopping threads took: 0.0000885 seconds
2022-04-12T18:11:56.322+0800: 124.976: Total time for which application threads were stopped: 0.0004086 seconds, Stopping threads took: 0.0001653 seconds
2022-04-12T18:12:56.535+0800: 185.190: Total time for which application threads were stopped: 0.0025850 seconds, Stopping threads took: 0.0003950 seconds
2022-04-12T18:13:56.770+0800: 245.424: Total time for which application threads were stopped: 0.0007447 seconds, Stopping threads took: 0.0002966 seconds
2022-04-12T18:14:22.096+0800: 270.751: Total time for which application threads were stopped: 0.0005529 seconds, Stopping threads took: 0.0001315 seconds
2022-04-12T18:15:57.432+0800: 366.088: Total time for which application threads were stopped: 0.0008119 seconds, Stopping threads took: 0.0002728 seconds
2022-04-12T18:16:56.635+0800: 425.291: Total time for which application threads were stopped: 0.0034176 seconds, Stopping threads took: 0.0024003 seconds
2022-04-12T18:17:00.650+0800: 429.306: Total time for which application threads were stopped: 0.0007764 seconds, Stopping threads took: 0.0001232 seconds
2022-04-12T18:17:56.845+0800: 485.502: Total time for which application threads were stopped: 0.0016425 seconds, Stopping threads took: 0.0004370 seconds
2022-04-12T18:18:57.066+0800: 545.723: Total time for which application threads were stopped: 0.0013067 seconds, Stopping threads took: 0.0004517 seconds
2022-04-12T18:19:57.291+0800: 605.949: Total time for which application threads were stopped: 0.0013079 seconds, Stopping threads took: 0.0003530 seconds
2022-04-12T18:20:57.473+0800: 666.131: Total time for which application threads were stopped: 0.0012723 seconds, Stopping threads took: 0.0004253 seconds
2022-04-12T18:21:01.488+0800: 670.146: Total time for which application threads were stopped: 0.0006153 seconds, Stopping threads took: 0.0000451 seconds
2022-04-12T18:22:14.724+0800: 743.383: Total time for which application threads were stopped: 0.0008908 seconds, Stopping threads took: 0.0002168 seconds
2022-04-12T18:22:56.878+0800: 785.537: Total time for which application threads were stopped: 0.0003428 seconds, Stopping threads took: 0.0001396 seconds
2022-04-12T18:23:31.011+0800: 819.670: Total time for which application threads were stopped: 0.0004932 seconds, Stopping threads took: 0.0001440 seconds
2022-04-12T18:23:57.106+0800: 845.766: Total time for which application threads were stopped: 0.0008879 seconds, Stopping threads took: 0.0002958 seconds
2022-04-12T18:24:44.262+0800: 892.922: Total time for which application threads were stopped: 0.0007027 seconds, Stopping threads took: 0.0002457 seconds
2022-04-12T18:24:57.307+0800: 905.967: Total time for which application threads were stopped: 0.0009046 seconds, Stopping threads took: 0.0003478 seconds
2022-04-12T18:25:57.511+0800: 966.172: Total time for which application threads were stopped: 0.0008333 seconds, Stopping threads took: 0.0002949 seconds
2022-04-12T18:26:29.624+0800: 998.285: Total time for which application threads were stopped: 0.0006226 seconds, Stopping threads took: 0.0002473 seconds
2022-04-12T18:26:29.629+0800: 998.290: Total time for which application threads were stopped: 0.0001970 seconds, Stopping threads took: 0.0000190 seconds
2022-04-12T18:26:57.676+0800: 1026.390: Total time for which application threads were stopped: 0.0025916 seconds, Stopping threads took: 0.0003337 seconds
2022-04-12T18:27:33.801+0800: 1062.515: Total time for which application threads were stopped: 0.0012033 seconds, Stopping threads took: 0.0002465 seconds
2022-04-12T18:28:57.085+0800: 1145.801: Total time for which application threads were stopped: 0.0016702 seconds, Stopping threads took: 0.0005212 seconds
2022-04-12T18:29:09.131+0800: 1157.847: Total time for which application threads were stopped: 0.0002668 seconds, Stopping threads took: 0.0000322 seconds
{Heap before GC invocations=8 (full 1):
 par new generation   total 109248K, used 109248K [0x00000007a0000000, 0x00000007a8000000, 0x00000007a8000000)
  eden space 87424K, 100% used [0x00000007a0000000, 0x00000007a5560000, 0x00000007a5560000)
  from space 21824K, 100% used [0x00000007a5560000, 0x00000007a6ab0000, 0x00000007a6ab0000)
  to   space 21824K,   0% used [0x00000007a6ab0000, 0x00000007a6ab0000, 0x00000007a8000000)
 concurrent mark-sweep generation total 393216K, used 366K [0x00000007a8000000, 0x00000007c0000000, 0x00000007c0000000)
 Metaspace       used 41757K, capacity 42930K, committed 43208K, reserved 1087488K
  class space    used 5205K, capacity 5473K, committed 5576K, reserved 1048576K
2022-04-12T18:29:56.206+0800: 1204.924: [GC (Allocation Failure) 2022-04-12T18:29:56.208+0800: 1204.925: [ParNew
Desired survivor size 20112992 bytes, new threshold 8 (max 8)
- age   1:    6050760 bytes,    6050760 total
- age   2:    5528448 bytes,   11579208 total
- age   3:     841416 bytes,   12420624 total
- age   4:    1177792 bytes,   13598416 total
- age   5:     324424 bytes,   13922840 total
- age   6:     653904 bytes,   14576744 total
- age   7:    1148200 bytes,   15724944 total
- age   8:    3140336 bytes,   18865280 total
: 109248K->21824K(109248K), 0.0826956 secs] 109614K->28225K(502464K), 0.0843383 secs] [Times: user=0.17 sys=0.09, real=0.09 secs] 
Heap after GC invocations=9 (full 1):
 par new generation   total 109248K, used 21824K [0x00000007a0000000, 0x00000007a8000000, 0x00000007a8000000)
  eden space 87424K,   0% used [0x00000007a0000000, 0x00000007a0000000, 0x00000007a5560000)
  from space 21824K, 100% used [0x00000007a6ab0000, 0x00000007a8000000, 0x00000007a8000000)
  to   space 21824K,   0% used [0x00000007a5560000, 0x00000007a5560000, 0x00000007a6ab0000)
 concurrent mark-sweep generation total 393216K, used 6401K [0x00000007a8000000, 0x00000007c0000000, 0x00000007c0000000)
 Metaspace       used 41757K, capacity 42930K, committed 43208K, reserved 1087488K
  class space    used 5205K, capacity 5473K, committed 5576K, reserved 1048576K
}
2022-04-12T18:29:56.291+0800: 1205.008: Total time for which application threads were stopped: 0.0859814 seconds, Stopping threads took: 0.0002824 seconds
2022-04-12T18:29:57.294+0800: 1206.011: Total time for which application threads were stopped: 0.0005377 seconds, Stopping threads took: 0.0000418 seconds
2022-04-12T18:30:09.338+0800: 1218.056: Total time for which application threads were stopped: 0.0003775 seconds, Stopping threads took: 0.0001120 seconds
2022-04-12T18:30:22.376+0800: 1231.094: Total time for which application threads were stopped: 0.0008142 seconds, Stopping threads took: 0.0000521 seconds
2022-04-12T18:30:57.500+0800: 1266.219: Total time for which application threads were stopped: 0.0031793 seconds, Stopping threads took: 0.0025437 seconds
2022-04-12T18:31:26.606+0800: 1295.326: Total time for which application threads were stopped: 0.0011055 seconds, Stopping threads took: 0.0003117 seconds
2022-04-12T18:32:53.885+0800: 1382.608: Total time for which application threads were stopped: 0.0015328 seconds, Stopping threads took: 0.0004695 seconds
2022-04-12T18:32:57.183+0800: 1385.905: Total time for which application threads were stopped: 0.0006513 seconds, Stopping threads took: 0.0000271 seconds
2022-04-12T18:32:58.184+0800: 1386.906: Total time for which application threads were stopped: 0.0002082 seconds, Stopping threads took: 0.0000294 seconds
2022-04-12T18:33:57.378+0800: 1446.102: Total time for which application threads were stopped: 0.0006133 seconds, Stopping threads took: 0.0002060 seconds
2022-04-12T18:34:38.909+0800: 1487.634: Total time for which application threads were stopped: 0.0017712 seconds, Stopping threads took: 0.0001455 seconds
2022-04-12T18:34:38.978+0800: 1487.703: Total time for which application threads were stopped: 0.0003982 seconds, Stopping threads took: 0.0000143 seconds
2022-04-12T18:34:39.983+0800: 1488.709: Total time for which application threads were stopped: 0.0006323 seconds, Stopping threads took: 0.0000571 seconds
2022-04-12T18:36:38.376+0800: 1607.105: Total time for which application threads were stopped: 0.0010055 seconds, Stopping threads took: 0.0002081 seconds
2022-04-12T18:36:57.442+0800: 1626.171: Total time for which application threads were stopped: 0.0015347 seconds, Stopping threads took: 0.0005202 seconds
2022-04-12T18:38:32.773+0800: 1721.505: Total time for which application threads were stopped: 0.0010434 seconds, Stopping threads took: 0.0003449 seconds
2022-04-12T18:38:57.860+0800: 1746.593: Total time for which application threads were stopped: 0.0009598 seconds, Stopping threads took: 0.0003021 seconds
2022-04-12T18:40:10.101+0800: 1818.835: Total time for which application threads were stopped: 0.0007061 seconds, Stopping threads took: 0.0001659 seconds
2022-04-12T18:40:58.270+0800: 1867.006: Total time for which application threads were stopped: 0.0009045 seconds, Stopping threads took: 0.0002596 seconds
2022-04-12T18:41:58.464+0800: 1927.202: Total time for which application threads were stopped: 0.0008928 seconds, Stopping threads took: 0.0002451 seconds
2022-04-12T18:42:01.477+0800: 1930.215: Total time for which application threads were stopped: 0.0008419 seconds, Stopping threads took: 0.0000528 seconds
2022-04-12T18:43:12.721+0800: 2001.460: Total time for which application threads were stopped: 0.0012109 seconds, Stopping threads took: 0.0002784 seconds
2022-04-12T18:43:57.891+0800: 2046.632: Total time for which application threads were stopped: 0.0023752 seconds, Stopping threads took: 0.0005800 seconds
2022-04-12T18:44:58.115+0800: 2106.858: Total time for which application threads were stopped: 0.0016437 seconds, Stopping threads took: 0.0005313 seconds
2022-04-12T18:55:58.381+0800: 2767.141: Total time for which application threads were stopped: 0.0018397 seconds, Stopping threads took: 0.0004777 seconds
2022-04-12T18:56:36.544+0800: 2805.280: Total time for which application threads were stopped: 0.0021661 seconds, Stopping threads took: 0.0005435 seconds
2022-04-12T18:57:58.869+0800: 2887.591: Total time for which application threads were stopped: 0.0022653 seconds, Stopping threads took: 0.0001628 seconds
2022-04-12T18:59:56.301+0800: 3005.023: Total time for which application threads were stopped: 0.0012253 seconds, Stopping threads took: 0.0003871 seconds
2022-04-12T19:01:36.966+0800: 3105.690: Total time for which application threads were stopped: 0.0013858 seconds, Stopping threads took: 0.0004130 seconds
2022-04-12T19:01:59.131+0800: 3127.856: Total time for which application threads were stopped: 0.0016681 seconds, Stopping threads took: 0.0005108 seconds
2022-04-12T19:02:58.512+0800: 3187.237: Total time for which application threads were stopped: 0.0019123 seconds, Stopping threads took: 0.0005446 seconds
2022-04-12T19:03:16.630+0800: 3205.355: Total time for which application threads were stopped: 0.0007251 seconds, Stopping threads took: 0.0000866 seconds
2022-04-12T19:04:56.329+0800: 3305.056: Total time for which application threads were stopped: 0.0013009 seconds, Stopping threads took: 0.0002580 seconds
2022-04-12T19:06:59.138+0800: 3427.853: Total time for which application threads were stopped: 0.0012061 seconds, Stopping threads took: 0.0003125 seconds
2022-04-12T19:09:07.008+0800: 3555.725: Total time for which application threads were stopped: 0.0023681 seconds, Stopping threads took: 0.0006632 seconds
2022-04-12T19:16:59.165+0800: 4027.885: Total time for which application threads were stopped: 0.0006134 seconds, Stopping threads took: 0.0002153 seconds
2022-04-12T19:17:26.373+0800: 4055.095: Total time for which application threads were stopped: 0.0008014 seconds, Stopping threads took: 0.0001081 seconds
2022-04-12T19:20:11.460+0800: 4088.483: Total time for which application threads were stopped: 0.0010064 seconds, Stopping threads took: 0.0002625 seconds
2022-04-12T21:31:51.203+0800: 4688.464: Total time for which application threads were stopped: 0.0010975 seconds, Stopping threads took: 0.0002509 seconds
2022-04-12T21:59:09.065+0800: 4809.161: Total time for which application threads were stopped: 0.0016274 seconds, Stopping threads took: 0.0003573 seconds
2022-04-12T22:00:30.340+0800: 4890.490: Total time for which application threads were stopped: 0.0016698 seconds, Stopping threads took: 0.0003633 seconds
2022-04-12T22:01:35.545+0800: 4955.699: Total time for which application threads were stopped: 0.0020277 seconds, Stopping threads took: 0.0004901 seconds
2022-04-12T22:11:29.534+0800: 5549.717: Total time for which application threads were stopped: 0.0045450 seconds, Stopping threads took: 0.0004467 seconds
2022-04-12T22:22:08.754+0800: 6188.968: Total time for which application threads were stopped: 0.0128624 seconds, Stopping threads took: 0.0022388 seconds
2022-04-12T22:22:09.762+0800: 6189.975: Total time for which application threads were stopped: 0.0029267 seconds, Stopping threads took: 0.0003604 seconds
2022-04-12T22:24:09.167+0800: 6309.387: Total time for which application threads were stopped: 0.0013169 seconds, Stopping threads took: 0.0002854 seconds
2022-04-12T22:26:05.586+0800: 6425.800: Total time for which application threads were stopped: 0.0026794 seconds, Stopping threads took: 0.0005554 seconds
2022-04-12T22:29:09.157+0800: 6609.371: Total time for which application threads were stopped: 0.0016055 seconds, Stopping threads took: 0.0004536 seconds
2022-04-12T22:33:09.982+0800: 6850.206: Total time for which application threads were stopped: 0.0007853 seconds, Stopping threads took: 0.0002633 seconds
2022-04-12T22:35:05.398+0800: 6965.627: Total time for which application threads were stopped: 0.0013552 seconds, Stopping threads took: 0.0003188 seconds
2022-04-12T22:37:05.792+0800: 7086.026: Total time for which application threads were stopped: 0.0026250 seconds, Stopping threads took: 0.0005697 seconds
2022-04-12T22:39:02.197+0800: 7202.436: Total time for which application threads were stopped: 0.0023568 seconds, Stopping threads took: 0.0004155 seconds
2022-04-12T22:39:06.209+0800: 7206.447: Total time for which application threads were stopped: 0.0008948 seconds, Stopping threads took: 0.0000424 seconds
2022-04-12T22:43:10.149+0800: 7450.398: Total time for which application threads were stopped: 0.0027721 seconds, Stopping threads took: 0.0005735 seconds
2022-04-12T23:02:30.373+0800: 8610.599: Total time for which application threads were stopped: 0.0039878 seconds, Stopping threads took: 0.0004090 seconds
2022-04-13T00:06:01.289+0800: 11402.754: Total time for which application threads were stopped: 0.0042415 seconds, Stopping threads took: 0.0007480 seconds
2022-04-13T00:29:34.702+0800: 11591.482: Total time for which application threads were stopped: 0.0020375 seconds, Stopping threads took: 0.0002905 seconds
2022-04-13T00:33:59.591+0800: 11856.384: Total time for which application threads were stopped: 0.0028498 seconds, Stopping threads took: 0.0004395 seconds
{Heap before GC invocations=9 (full 1):
 par new generation   total 109248K, used 109248K [0x00000007a0000000, 0x00000007a8000000, 0x00000007a8000000)
  eden space 87424K, 100% used [0x00000007a0000000, 0x00000007a5560000, 0x00000007a5560000)
  from space 21824K, 100% used [0x00000007a6ab0000, 0x00000007a8000000, 0x00000007a8000000)
  to   space 21824K,   0% used [0x00000007a5560000, 0x00000007a5560000, 0x00000007a6ab0000)
 concurrent mark-sweep generation total 393216K, used 6401K [0x00000007a8000000, 0x00000007c0000000, 0x00000007c0000000)
 Metaspace       used 42010K, capacity 43154K, committed 43464K, reserved 1087488K
  class space    used 5206K, capacity 5473K, committed 5576K, reserved 1048576K
2022-04-13T00:42:34.986+0800: 12371.797: [GC (Allocation Failure) 2022-04-13T00:42:34.989+0800: 12371.799: [ParNew
Desired survivor size 20112992 bytes, new threshold 8 (max 8)
- age   1:     309144 bytes,     309144 total
- age   2:    5124104 bytes,    5433248 total
- age   3:    5455848 bytes,   10889096 total
- age   4:     788168 bytes,   11677264 total
- age   5:     606264 bytes,   12283528 total
- age   6:     169888 bytes,   12453416 total
- age   7:     533832 bytes,   12987248 total
- age   8:     743872 bytes,   13731120 total
: 109248K->21824K(109248K), 0.1375681 secs] 115649K->33039K(502464K), 0.1405561 secs] [Times: user=0.17 sys=0.11, real=0.14 secs] 
Heap after GC invocations=10 (full 1):
 par new generation   total 109248K, used 21824K [0x00000007a0000000, 0x00000007a8000000, 0x00000007a8000000)
  eden space 87424K,   0% used [0x00000007a0000000, 0x00000007a0000000, 0x00000007a5560000)
  from space 21824K, 100% used [0x00000007a5560000, 0x00000007a6ab0000, 0x00000007a6ab0000)
  to   space 21824K,   0% used [0x00000007a6ab0000, 0x00000007a6ab0000, 0x00000007a8000000)
 concurrent mark-sweep generation total 393216K, used 11215K [0x00000007a8000000, 0x00000007c0000000, 0x00000007c0000000)
 Metaspace       used 42010K, capacity 43154K, committed 43464K, reserved 1087488K
  class space    used 5206K, capacity 5473K, committed 5576K, reserved 1048576K
}
2022-04-13T00:42:35.127+0800: 12371.937: Total time for which application threads were stopped: 0.1504570 seconds, Stopping threads took: 0.0003871 seconds
2022-04-13T01:41:37.367+0800: 12756.500: Total time for which application threads were stopped: 0.0028132 seconds, Stopping threads took: 0.0005558 seconds
2022-04-13T01:50:14.152+0800: 13273.302: Total time for which application threads were stopped: 0.0019312 seconds, Stopping threads took: 0.0003430 seconds
2022-04-13T01:51:13.356+0800: 13332.507: Total time for which application threads were stopped: 0.0014744 seconds, Stopping threads took: 0.0003773 seconds
2022-04-13T01:53:13.758+0800: 13452.913: Total time for which application threads were stopped: 0.0023270 seconds, Stopping threads took: 0.0004822 seconds
2022-04-13T02:00:14.241+0800: 13873.409: Total time for which application threads were stopped: 0.0018618 seconds, Stopping threads took: 0.0003785 seconds
2022-04-13T02:01:14.446+0800: 13933.616: Total time for which application threads were stopped: 0.0017557 seconds, Stopping threads took: 0.0004298 seconds
2022-04-13T02:09:03.205+0800: 14402.390: Total time for which application threads were stopped: 0.0051335 seconds, Stopping threads took: 0.0008066 seconds
2022-04-13T02:11:14.685+0800: 14533.874: Total time for which application threads were stopped: 0.0022241 seconds, Stopping threads took: 0.0004562 seconds
2022-04-13T02:15:14.558+0800: 14773.735: Total time for which application threads were stopped: 0.0020522 seconds, Stopping threads took: 0.0003617 seconds
2022-04-13T02:24:15.412+0800: 15314.602: Total time for which application threads were stopped: 0.0029561 seconds, Stopping threads took: 0.0003878 seconds
2022-04-13T02:26:14.835+0800: 15434.028: Total time for which application threads were stopped: 0.0027258 seconds, Stopping threads took: 0.0004287 seconds
2022-04-13T05:03:31.166+0800: 16995.303: Total time for which application threads were stopped: 0.0016320 seconds, Stopping threads took: 0.0002650 seconds
2022-04-13T14:34:18.804+0800: 19996.732: Total time for which application threads were stopped: 0.0032317 seconds, Stopping threads took: 0.0002688 seconds
2022-04-13T16:59:07.831+0800: 21737.894: Total time for which application threads were stopped: 0.0046410 seconds, Stopping threads took: 0.0004254 seconds
2022-04-13T17:11:08.286+0800: 22458.372: Total time for which application threads were stopped: 0.0033075 seconds, Stopping threads took: 0.0003093 seconds
2022-04-13T17:22:08.710+0800: 23118.796: Total time for which application threads were stopped: 0.0032819 seconds, Stopping threads took: 0.0004373 seconds
{Heap before GC invocations=10 (full 1):
 par new generation   total 109248K, used 109248K [0x00000007a0000000, 0x00000007a8000000, 0x00000007a8000000)
  eden space 87424K, 100% used [0x00000007a0000000, 0x00000007a5560000, 0x00000007a5560000)
  from space 21824K, 100% used [0x00000007a5560000, 0x00000007a6ab0000, 0x00000007a6ab0000)
  to   space 21824K,   0% used [0x00000007a6ab0000, 0x00000007a6ab0000, 0x00000007a8000000)
 concurrent mark-sweep generation total 393216K, used 11215K [0x00000007a8000000, 0x00000007c0000000, 0x00000007c0000000)
 Metaspace       used 42088K, capacity 43282K, committed 43464K, reserved 1087488K
  class space    used 5206K, capacity 5473K, committed 5576K, reserved 1048576K
2022-04-13T17:51:08.529+0800: 24858.675: [GC (Allocation Failure) 2022-04-13T17:51:08.530+0800: 24858.675: [ParNew
Desired survivor size 20112992 bytes, new threshold 8 (max 8)
- age   1:      15664 bytes,      15664 total
- age   2:     305840 bytes,     321504 total
- age   3:    5124104 bytes,    5445608 total
- age   4:    5455848 bytes,   10901456 total
- age   5:     788168 bytes,   11689624 total
- age   6:     606264 bytes,   12295888 total
- age   7:     169888 bytes,   12465776 total
- age   8:     533832 bytes,   12999608 total
: 109248K->16122K(109248K), 0.1332749 secs] 120463K->28075K(502464K), 0.1350745 secs] [Times: user=0.15 sys=0.10, real=0.14 secs] 
Heap after GC invocations=11 (full 1):
 par new generation   total 109248K, used 16122K [0x00000007a0000000, 0x00000007a8000000, 0x00000007a8000000)
  eden space 87424K,   0% used [0x00000007a0000000, 0x00000007a0000000, 0x00000007a5560000)
  from space 21824K,  73% used [0x00000007a6ab0000, 0x00000007a7a6e860, 0x00000007a8000000)
  to   space 21824K,   0% used [0x00000007a5560000, 0x00000007a5560000, 0x00000007a6ab0000)
 concurrent mark-sweep generation total 393216K, used 11953K [0x00000007a8000000, 0x00000007c0000000, 0x00000007c0000000)
 Metaspace       used 42088K, capacity 43282K, committed 43464K, reserved 1087488K
  class space    used 5206K, capacity 5473K, committed 5576K, reserved 1048576K
}
2022-04-13T17:51:08.664+0800: 24858.809: Total time for which application threads were stopped: 0.1468403 seconds, Stopping threads took: 0.0006589 seconds
2022-04-13T18:36:52.733+0800: 27602.898: Total time for which application threads were stopped: 0.0030581 seconds, Stopping threads took: 0.0004106 seconds
2022-04-13T18:37:20.837+0800: 27631.003: Total time for which application threads were stopped: 0.0012187 seconds, Stopping threads took: 0.0000953 seconds
2022-04-14T01:27:55.472+0800: 29721.815: Total time for which application threads were stopped: 0.0032999 seconds, Stopping threads took: 0.0002520 seconds
2022-04-14T02:16:05.266+0800: 30742.514: Total time for which application threads were stopped: 0.0036941 seconds, Stopping threads took: 0.0003014 seconds
2022-04-14T02:18:05.672+0800: 30862.923: Total time for which application threads were stopped: 0.0028444 seconds, Stopping threads took: 0.0004470 seconds
2022-04-14T02:32:06.403+0800: 31703.689: Total time for which application threads were stopped: 0.0016444 seconds, Stopping threads took: 0.0002488 seconds
2022-04-14T03:12:07.138+0800: 34104.469: Total time for which application threads were stopped: 0.0050044 seconds, Stopping threads took: 0.0005101 seconds
{Heap before GC invocations=11 (full 1):
 par new generation   total 109248K, used 103546K [0x00000007a0000000, 0x00000007a8000000, 0x00000007a8000000)
  eden space 87424K, 100% used [0x00000007a0000000, 0x00000007a5560000, 0x00000007a5560000)
  from space 21824K,  73% used [0x00000007a6ab0000, 0x00000007a7a6e860, 0x00000007a8000000)
  to   space 21824K,   0% used [0x00000007a5560000, 0x00000007a5560000, 0x00000007a6ab0000)
 concurrent mark-sweep generation total 393216K, used 11953K [0x00000007a8000000, 0x00000007c0000000, 0x00000007c0000000)
 Metaspace       used 42118K, capacity 43346K, committed 43464K, reserved 1087488K
  class space    used 5206K, capacity 5473K, committed 5576K, reserved 1048576K
2022-04-14T04:10:08.496+0800: 37585.878: [GC (Allocation Failure) 2022-04-14T04:10:08.497+0800: 37585.879: [ParNew
Desired survivor size 20112992 bytes, new threshold 8 (max 8)
- age   1:      16680 bytes,      16680 total
- age   2:       7144 bytes,      23824 total
- age   3:     305840 bytes,     329664 total
- age   4:    5124104 bytes,    5453768 total
- age   5:    5455848 bytes,   10909616 total
- age   6:     788168 bytes,   11697784 total
- age   7:     606264 bytes,   12304048 total
- age   8:     169888 bytes,   12473936 total
: 103546K->15533K(109248K), 0.0562784 secs] 115499K->28019K(502464K), 0.0580885 secs] [Times: user=0.05 sys=0.07, real=0.06 secs] 
Heap after GC invocations=12 (full 1):
 par new generation   total 109248K, used 15533K [0x00000007a0000000, 0x00000007a8000000, 0x00000007a8000000)
  eden space 87424K,   0% used [0x00000007a0000000, 0x00000007a0000000, 0x00000007a5560000)
  from space 21824K,  71% used [0x00000007a5560000, 0x00000007a648b7f0, 0x00000007a6ab0000)
  to   space 21824K,   0% used [0x00000007a6ab0000, 0x00000007a6ab0000, 0x00000007a8000000)
 concurrent mark-sweep generation total 393216K, used 12485K [0x00000007a8000000, 0x00000007c0000000, 0x00000007c0000000)
 Metaspace       used 42118K, capacity 43346K, committed 43464K, reserved 1087488K
  class space    used 5206K, capacity 5473K, committed 5576K, reserved 1048576K
}
2022-04-14T04:10:08.554+0800: 37585.936: Total time for which application threads were stopped: 0.0658042 seconds, Stopping threads took: 0.0006601 seconds
2022-04-14T04:24:09.474+0800: 38426.855: Total time for which application threads were stopped: 0.0029737 seconds, Stopping threads took: 0.0004737 seconds
2022-04-14T04:56:10.671+0800: 40348.086: Total time for which application threads were stopped: 0.0039812 seconds, Stopping threads took: 0.0005104 seconds
2022-04-14T06:33:13.124+0800: 46170.741: Total time for which application threads were stopped: 0.0064411 seconds, Stopping threads took: 0.0005004 seconds
{Heap before GC invocations=12 (full 1):
 par new generation   total 109248K, used 102957K [0x00000007a0000000, 0x00000007a8000000, 0x00000007a8000000)
  eden space 87424K, 100% used [0x00000007a0000000, 0x00000007a5560000, 0x00000007a5560000)
  from space 21824K,  71% used [0x00000007a5560000, 0x00000007a648b7f0, 0x00000007a6ab0000)
  to   space 21824K,   0% used [0x00000007a6ab0000, 0x00000007a6ab0000, 0x00000007a8000000)
 concurrent mark-sweep generation total 393216K, used 12485K [0x00000007a8000000, 0x00000007c0000000, 0x00000007c0000000)
 Metaspace       used 42120K, capacity 43346K, committed 43464K, reserved 1087488K
  class space    used 5206K, capacity 5473K, committed 5576K, reserved 1048576K
2022-04-14T07:44:14.989+0800: 50432.718: [GC (Allocation Failure) 2022-04-14T07:44:14.991+0800: 50432.719: [ParNew
Desired survivor size 20112992 bytes, new threshold 8 (max 8)
- age   1:      19576 bytes,      19576 total
- age   2:       1112 bytes,      20688 total
- age   3:       7144 bytes,      27832 total
- age   4:     305840 bytes,     333672 total
- age   5:    5124104 bytes,    5457776 total
- age   6:    5455848 bytes,   10913624 total
- age   7:     788168 bytes,   11701792 total
- age   8:     606264 bytes,   12308056 total
: 102957K->15266K(109248K), 0.0430444 secs] 115443K->27922K(502464K), 0.0447964 secs] [Times: user=0.06 sys=0.05, real=0.05 secs] 
Heap after GC invocations=13 (full 1):
 par new generation   total 109248K, used 15266K [0x00000007a0000000, 0x00000007a8000000, 0x00000007a8000000)
  eden space 87424K,   0% used [0x00000007a0000000, 0x00000007a0000000, 0x00000007a5560000)
  from space 21824K,  69% used [0x00000007a6ab0000, 0x00000007a7998b30, 0x00000007a8000000)
  to   space 21824K,   0% used [0x00000007a5560000, 0x00000007a5560000, 0x00000007a6ab0000)
 concurrent mark-sweep generation total 393216K, used 12656K [0x00000007a8000000, 0x00000007c0000000, 0x00000007c0000000)
 Metaspace       used 42120K, capacity 43346K, committed 43464K, reserved 1087488K
  class space    used 5206K, capacity 5473K, committed 5576K, reserved 1048576K
}
2022-04-14T07:44:15.035+0800: 50432.763: Total time for which application threads were stopped: 0.0497527 seconds, Stopping threads took: 0.0003080 seconds
2022-04-14T08:10:16.679+0800: 51994.527: Total time for which application threads were stopped: 0.0032368 seconds, Stopping threads took: 0.0005243 seconds
2022-04-14T08:22:16.798+0800: 52714.643: Total time for which application threads were stopped: 0.0025770 seconds, Stopping threads took: 0.0005383 seconds
2022-04-14T08:51:22.991+0800: 54460.890: Total time for which application threads were stopped: 0.0029408 seconds, Stopping threads took: 0.0004705 seconds
{Heap before GC invocations=13 (full 1):
 par new generation   total 109248K, used 102690K [0x00000007a0000000, 0x00000007a8000000, 0x00000007a8000000)
  eden space 87424K, 100% used [0x00000007a0000000, 0x00000007a5560000, 0x00000007a5560000)
  from space 21824K,  69% used [0x00000007a6ab0000, 0x00000007a7998b30, 0x00000007a8000000)
  to   space 21824K,   0% used [0x00000007a5560000, 0x00000007a5560000, 0x00000007a6ab0000)
 concurrent mark-sweep generation total 393216K, used 12656K [0x00000007a8000000, 0x00000007c0000000, 0x00000007c0000000)
 Metaspace       used 42121K, capacity 43346K, committed 43464K, reserved 1087488K
  class space    used 5206K, capacity 5473K, committed 5576K, reserved 1048576K
2022-04-14T11:21:21.052+0800: 63459.229: [GC (Allocation Failure) 2022-04-14T11:21:21.053+0800: 63459.230: [ParNew
Desired survivor size 20112992 bytes, new threshold 8 (max 8)
- age   1:      22024 bytes,      22024 total
- age   2:       3784 bytes,      25808 total
- age   3:       1112 bytes,      26920 total
- age   4:       7144 bytes,      34064 total
- age   5:     305840 bytes,     339904 total
- age   6:    5124104 bytes,    5464008 total
- age   7:    5455848 bytes,   10919856 total
- age   8:     788168 bytes,   11708024 total
: 102690K->13427K(109248K), 0.0542973 secs] 115346K->26681K(502464K), 0.0555465 secs] [Times: user=0.07 sys=0.07, real=0.05 secs] 
Heap after GC invocations=14 (full 1):
 par new generation   total 109248K, used 13427K [0x00000007a0000000, 0x00000007a8000000, 0x00000007a8000000)
  eden space 87424K,   0% used [0x00000007a0000000, 0x00000007a0000000, 0x00000007a5560000)
  from space 21824K,  61% used [0x00000007a5560000, 0x00000007a627cc00, 0x00000007a6ab0000)
  to   space 21824K,   0% used [0x00000007a6ab0000, 0x00000007a6ab0000, 0x00000007a8000000)
 concurrent mark-sweep generation total 393216K, used 13254K [0x00000007a8000000, 0x00000007c0000000, 0x00000007c0000000)
 Metaspace       used 42121K, capacity 43346K, committed 43464K, reserved 1087488K
  class space    used 5206K, capacity 5473K, committed 5576K, reserved 1048576K
}
2022-04-14T11:21:21.108+0800: 63459.285: Total time for which application threads were stopped: 0.0636083 seconds, Stopping threads took: 0.0005511 seconds
2022-04-14T11:41:22.448+0800: 64660.658: Total time for which application threads were stopped: 0.0030287 seconds, Stopping threads took: 0.0005586 seconds
2022-04-14T11:57:23.051+0800: 65621.289: Total time for which application threads were stopped: 0.0025641 seconds, Stopping threads took: 0.0003934 seconds
2022-04-14T12:22:44.391+0800: 67112.546: Total time for which application threads were stopped: 0.0015512 seconds, Stopping threads took: 0.0003049 seconds
2022-04-14T13:05:36.352+0800: 69684.632: Total time for which application threads were stopped: 0.0018676 seconds, Stopping threads took: 0.0003127 seconds
2022-04-14T13:09:24.156+0800: 69912.446: Total time for which application threads were stopped: 0.0030615 seconds, Stopping threads took: 0.0005829 seconds
2022-04-14T17:45:47.254+0800: 73544.490: Total time for which application threads were stopped: 0.0042292 seconds, Stopping threads took: 0.0003513 seconds
{Heap before GC invocations=14 (full 1):
 par new generation   total 109248K, used 100851K [0x00000007a0000000, 0x00000007a8000000, 0x00000007a8000000)
  eden space 87424K, 100% used [0x00000007a0000000, 0x00000007a5560000, 0x00000007a5560000)
  from space 21824K,  61% used [0x00000007a5560000, 0x00000007a627cc00, 0x00000007a6ab0000)
  to   space 21824K,   0% used [0x00000007a6ab0000, 0x00000007a6ab0000, 0x00000007a8000000)
 concurrent mark-sweep generation total 393216K, used 13254K [0x00000007a8000000, 0x00000007c0000000, 0x00000007c0000000)
 Metaspace       used 42122K, capacity 43346K, committed 43464K, reserved 1087488K
  class space    used 5206K, capacity 5473K, committed 5576K, reserved 1048576K
2022-04-14T18:35:48.200+0800: 76545.511: [GC (Allocation Failure) 2022-04-14T18:35:48.202+0800: 76545.513: [ParNew
Desired survivor size 20112992 bytes, new threshold 8 (max 8)
- age   1:       9400 bytes,       9400 total
- age   3:       3784 bytes,      13184 total
- age   4:       1112 bytes,      14296 total
- age   5:       7144 bytes,      21440 total
- age   6:     305840 bytes,     327280 total
- age   7:    5124104 bytes,    5451384 total
- age   8:    5455848 bytes,   10907232 total
: 100851K->16514K(109248K), 0.0941965 secs] 114105K->30568K(502464K), 0.0969687 secs] [Times: user=0.09 sys=0.07, real=0.10 secs] 
Heap after GC invocations=15 (full 1):
 par new generation   total 109248K, used 16514K [0x00000007a0000000, 0x00000007a8000000, 0x00000007a8000000)
  eden space 87424K,   0% used [0x00000007a0000000, 0x00000007a0000000, 0x00000007a5560000)
  from space 21824K,  75% used [0x00000007a6ab0000, 0x00000007a7ad0978, 0x00000007a8000000)
  to   space 21824K,   0% used [0x00000007a5560000, 0x00000007a5560000, 0x00000007a6ab0000)
 concurrent mark-sweep generation total 393216K, used 14054K [0x00000007a8000000, 0x00000007c0000000, 0x00000007c0000000)
 Metaspace       used 42122K, capacity 43346K, committed 43464K, reserved 1087488K
  class space    used 5206K, capacity 5473K, committed 5576K, reserved 1048576K
}
2022-04-14T18:35:48.297+0800: 76545.608: Total time for which application threads were stopped: 0.1263295 seconds, Stopping threads took: 0.0011774 seconds
2022-04-15T00:09:32.143+0800: 80208.477: Total time for which application threads were stopped: 0.0100875 seconds, Stopping threads took: 0.0026370 seconds
2022-04-15T00:10:31.375+0800: 80267.710: Total time for which application threads were stopped: 0.0013436 seconds, Stopping threads took: 0.0003307 seconds
2022-04-15T00:11:31.580+0800: 80327.916: Total time for which application threads were stopped: 0.0011518 seconds, Stopping threads took: 0.0002394 seconds
2022-04-15T00:18:31.998+0800: 80748.348: Total time for which application threads were stopped: 0.0018241 seconds, Stopping threads took: 0.0003300 seconds
2022-04-15T00:19:32.205+0800: 80808.556: Total time for which application threads were stopped: 0.0023573 seconds, Stopping threads took: 0.0005523 seconds
2022-04-15T00:24:32.236+0800: 81108.596: Total time for which application threads were stopped: 0.0021787 seconds, Stopping threads took: 0.0004334 seconds
{Heap before GC invocations=15 (full 1):
 par new generation   total 109248K, used 103938K [0x00000007a0000000, 0x00000007a8000000, 0x00000007a8000000)
  eden space 87424K, 100% used [0x00000007a0000000, 0x00000007a5560000, 0x00000007a5560000)
  from space 21824K,  75% used [0x00000007a6ab0000, 0x00000007a7ad0978, 0x00000007a8000000)
  to   space 21824K,   0% used [0x00000007a5560000, 0x00000007a5560000, 0x00000007a6ab0000)
 concurrent mark-sweep generation total 393216K, used 14054K [0x00000007a8000000, 0x00000007c0000000, 0x00000007c0000000)
 Metaspace       used 42122K, capacity 43346K, committed 43464K, reserved 1087488K
  class space    used 5206K, capacity 5473K, committed 5576K, reserved 1048576K
2022-04-15T02:46:35.660+0800: 89632.099: [GC (Allocation Failure) 2022-04-15T02:46:35.661+0800: 89632.100: [ParNew
Desired survivor size 20112992 bytes, new threshold 8 (max 8)
- age   1:      26696 bytes,      26696 total
- age   2:       3240 bytes,      29936 total
- age   4:       3784 bytes,      33720 total
- age   5:       1112 bytes,      34832 total
- age   6:       7144 bytes,      41976 total
- age   7:     305840 bytes,     347816 total
- age   8:    5124104 bytes,    5471920 total
: 103938K->8426K(109248K), 0.0929594 secs] 117992K->28258K(502464K), 0.0945666 secs] [Times: user=0.07 sys=0.07, real=0.10 secs] 
Heap after GC invocations=16 (full 1):
 par new generation   total 109248K, used 8426K [0x00000007a0000000, 0x00000007a8000000, 0x00000007a8000000)
  eden space 87424K,   0% used [0x00000007a0000000, 0x00000007a0000000, 0x00000007a5560000)
  from space 21824K,  38% used [0x00000007a5560000, 0x00000007a5d9ab60, 0x00000007a6ab0000)
  to   space 21824K,   0% used [0x00000007a6ab0000, 0x00000007a6ab0000, 0x00000007a8000000)
 concurrent mark-sweep generation total 393216K, used 19831K [0x00000007a8000000, 0x00000007c0000000, 0x00000007c0000000)
 Metaspace       used 42122K, capacity 43346K, committed 43464K, reserved 1087488K
  class space    used 5206K, capacity 5473K, committed 5576K, reserved 1048576K
}
2022-04-15T02:46:35.754+0800: 89632.193: Total time for which application threads were stopped: 0.1186263 seconds, Stopping threads took: 0.0045230 seconds
2022-04-15T04:47:45.067+0800: 96896.154: Total time for which application threads were stopped: 0.0043502 seconds, Stopping threads took: 0.0005132 seconds
2022-04-15T05:05:45.133+0800: 97976.299: Total time for which application threads were stopped: 0.0052277 seconds, Stopping threads took: 0.0005033 seconds
{Heap before GC invocations=16 (full 1):
 par new generation   total 109248K, used 95850K [0x00000007a0000000, 0x00000007a8000000, 0x00000007a8000000)
  eden space 87424K, 100% used [0x00000007a0000000, 0x00000007a5560000, 0x00000007a5560000)
  from space 21824K,  38% used [0x00000007a5560000, 0x00000007a5d9ab60, 0x00000007a6ab0000)
  to   space 21824K,   0% used [0x00000007a6ab0000, 0x00000007a6ab0000, 0x00000007a8000000)
 concurrent mark-sweep generation total 393216K, used 19831K [0x00000007a8000000, 0x00000007c0000000, 0x00000007c0000000)
 Metaspace       used 42122K, capacity 43346K, committed 43464K, reserved 1087488K
  class space    used 5206K, capacity 5473K, committed 5576K, reserved 1048576K
2022-04-15T06:25:46.658+0800: 102777.912: [GC (Allocation Failure) 2022-04-15T06:25:46.659+0800: 102777.913: [ParNew
Desired survivor size 20112992 bytes, new threshold 8 (max 8)
- age   1:      18560 bytes,      18560 total
- age   2:        696 bytes,      19256 total
- age   3:       3240 bytes,      22496 total
- age   5:       3784 bytes,      26280 total
- age   6:       1112 bytes,      27392 total
- age   7:       7144 bytes,      34536 total
- age   8:     305840 bytes,     340376 total
: 95850K->1635K(109248K), 0.0621568 secs] 115682K->26482K(502464K), 0.0636945 secs] [Times: user=0.08 sys=0.06, real=0.07 secs] 
Heap after GC invocations=17 (full 1):
 par new generation   total 109248K, used 1635K [0x00000007a0000000, 0x00000007a8000000, 0x00000007a8000000)
  eden space 87424K,   0% used [0x00000007a0000000, 0x00000007a0000000, 0x00000007a5560000)
  from space 21824K,   7% used [0x00000007a6ab0000, 0x00000007a6c48ee0, 0x00000007a8000000)
  to   space 21824K,   0% used [0x00000007a5560000, 0x00000007a5560000, 0x00000007a6ab0000)
 concurrent mark-sweep generation total 393216K, used 24846K [0x00000007a8000000, 0x00000007c0000000, 0x00000007c0000000)
 Metaspace       used 42122K, capacity 43346K, committed 43464K, reserved 1087488K
  class space    used 5206K, capacity 5473K, committed 5576K, reserved 1048576K
}
2022-04-15T06:25:46.722+0800: 102777.976: Total time for which application threads were stopped: 0.0723739 seconds, Stopping threads took: 0.0007615 seconds
2022-04-15T07:17:48.423+0800: 105899.812: Total time for which application threads were stopped: 0.0031340 seconds, Stopping threads took: 0.0005955 seconds
2022-04-15T07:29:48.408+0800: 106619.820: Total time for which application threads were stopped: 0.0023491 seconds, Stopping threads took: 0.0003874 seconds
2022-04-15T07:42:48.948+0800: 107400.411: Total time for which application threads were stopped: 0.0011168 seconds, Stopping threads took: 0.0002022 seconds
2022-04-15T07:43:49.389+0800: 107460.855: Total time for which application threads were stopped: 0.0008192 seconds, Stopping threads took: 0.0001510 seconds
2022-04-15T07:44:48.780+0800: 107520.249: Total time for which application threads were stopped: 0.0008809 seconds, Stopping threads took: 0.0000479 seconds
2022-04-15T08:12:49.628+0800: 109201.123: Total time for which application threads were stopped: 0.0024763 seconds, Stopping threads took: 0.0003948 seconds
2022-04-15T08:24:49.618+0800: 109921.134: Total time for which application threads were stopped: 0.0026974 seconds, Stopping threads took: 0.0005002 seconds
2022-04-15T08:27:23.656+0800: 110075.176: Total time for which application threads were stopped: 0.0008751 seconds, Stopping threads took: 0.0000630 seconds
2022-04-15T09:07:50.443+0800: 112502.025: Total time for which application threads were stopped: 0.0029779 seconds, Stopping threads took: 0.0004710 seconds
{Heap before GC invocations=17 (full 1):
 par new generation   total 109248K, used 89059K [0x00000007a0000000, 0x00000007a8000000, 0x00000007a8000000)
  eden space 87424K, 100% used [0x00000007a0000000, 0x00000007a5560000, 0x00000007a5560000)
  from space 21824K,   7% used [0x00000007a6ab0000, 0x00000007a6c48ee0, 0x00000007a8000000)
  to   space 21824K,   0% used [0x00000007a5560000, 0x00000007a5560000, 0x00000007a6ab0000)
 concurrent mark-sweep generation total 393216K, used 24846K [0x00000007a8000000, 0x00000007c0000000, 0x00000007c0000000)
 Metaspace       used 42122K, capacity 43346K, committed 43464K, reserved 1087488K
  class space    used 5206K, capacity 5473K, committed 5576K, reserved 1048576K
2022-04-15T10:04:51.652+0800: 115923.355: [GC (Allocation Failure) 2022-04-15T10:04:51.653+0800: 115923.356: [ParNew
Desired survivor size 20112992 bytes, new threshold 8 (max 8)
- age   1:      29000 bytes,      29000 total
- age   2:        128 bytes,      29128 total
- age   3:        696 bytes,      29824 total
- age   4:       3240 bytes,      33064 total
- age   6:       3784 bytes,      36848 total
- age   7:       1112 bytes,      37960 total
- age   8:       7144 bytes,      45104 total
: 89059K->444K(109248K), 0.0485733 secs] 113906K->25590K(502464K), 0.0499750 secs] [Times: user=0.07 sys=0.04, real=0.05 secs] 
Heap after GC invocations=18 (full 1):
 par new generation   total 109248K, used 444K [0x00000007a0000000, 0x00000007a8000000, 0x00000007a8000000)
  eden space 87424K,   0% used [0x00000007a0000000, 0x00000007a0000000, 0x00000007a5560000)
  from space 21824K,   2% used [0x00000007a5560000, 0x00000007a55cf220, 0x00000007a6ab0000)
  to   space 21824K,   0% used [0x00000007a6ab0000, 0x00000007a6ab0000, 0x00000007a8000000)
 concurrent mark-sweep generation total 393216K, used 25146K [0x00000007a8000000, 0x00000007c0000000, 0x00000007c0000000)
 Metaspace       used 42122K, capacity 43346K, committed 43464K, reserved 1087488K
  class space    used 5206K, capacity 5473K, committed 5576K, reserved 1048576K
}
2022-04-15T10:04:51.702+0800: 115923.405: Total time for which application threads were stopped: 0.0559407 seconds, Stopping threads took: 0.0004160 seconds
2022-04-15T10:43:24.457+0800: 118236.295: Total time for which application threads were stopped: 0.0029655 seconds, Stopping threads took: 0.0004624 seconds
{Heap before GC invocations=18 (full 1):
 par new generation   total 109248K, used 87868K [0x00000007a0000000, 0x00000007a8000000, 0x00000007a8000000)
  eden space 87424K, 100% used [0x00000007a0000000, 0x00000007a5560000, 0x00000007a5560000)
  from space 21824K,   2% used [0x00000007a5560000, 0x00000007a55cf220, 0x00000007a6ab0000)
  to   space 21824K,   0% used [0x00000007a6ab0000, 0x00000007a6ab0000, 0x00000007a8000000)
 concurrent mark-sweep generation total 393216K, used 25146K [0x00000007a8000000, 0x00000007c0000000, 0x00000007c0000000)
 Metaspace       used 42122K, capacity 43346K, committed 43464K, reserved 1087488K
  class space    used 5206K, capacity 5473K, committed 5576K, reserved 1048576K
2022-04-15T13:43:57.489+0800: 129069.626: [GC (Allocation Failure) 2022-04-15T13:43:57.490+0800: 129069.628: [ParNew
Desired survivor size 20112992 bytes, new threshold 8 (max 8)
- age   1:      18552 bytes,      18552 total
- age   2:        312 bytes,      18864 total
- age   3:        128 bytes,      18992 total
- age   4:        696 bytes,      19688 total
- age   5:       3240 bytes,      22928 total
- age   7:       3784 bytes,      26712 total
- age   8:       1112 bytes,      27824 total
: 87868K->115K(109248K), 0.0233574 secs] 113014K->25268K(502464K), 0.0251449 secs] [Times: user=0.04 sys=0.02, real=0.03 secs] 
Heap after GC invocations=19 (full 1):
 par new generation   total 109248K, used 115K [0x00000007a0000000, 0x00000007a8000000, 0x00000007a8000000)
  eden space 87424K,   0% used [0x00000007a0000000, 0x00000007a0000000, 0x00000007a5560000)
  from space 21824K,   0% used [0x00000007a6ab0000, 0x00000007a6accd00, 0x00000007a8000000)
  to   space 21824K,   0% used [0x00000007a5560000, 0x00000007a5560000, 0x00000007a6ab0000)
 concurrent mark-sweep generation total 393216K, used 25153K [0x00000007a8000000, 0x00000007c0000000, 0x00000007c0000000)
 Metaspace       used 42122K, capacity 43346K, committed 43464K, reserved 1087488K
  class space    used 5206K, capacity 5473K, committed 5576K, reserved 1048576K
}
2022-04-15T13:43:57.514+0800: 129069.652: Total time for which application threads were stopped: 0.0305948 seconds, Stopping threads took: 0.0003811 seconds
2022-04-15T17:17:08.699+0800: 141861.186: Total time for which application threads were stopped: 0.0059944 seconds, Stopping threads took: 0.0007168 seconds
{Heap before GC invocations=19 (full 1):
 par new generation   total 109248K, used 87539K [0x00000007a0000000, 0x00000007a8000000, 0x00000007a8000000)
  eden space 87424K, 100% used [0x00000007a0000000, 0x00000007a5560000, 0x00000007a5560000)
  from space 21824K,   0% used [0x00000007a6ab0000, 0x00000007a6accd00, 0x00000007a8000000)
  to   space 21824K,   0% used [0x00000007a5560000, 0x00000007a5560000, 0x00000007a6ab0000)
 concurrent mark-sweep generation total 393216K, used 25153K [0x00000007a8000000, 0x00000007c0000000, 0x00000007c0000000)
 Metaspace       used 42128K, capacity 43346K, committed 43464K, reserved 1087488K
  class space    used 5206K, capacity 5473K, committed 5576K, reserved 1048576K
2022-04-15T17:24:03.182+0800: 142275.674: [GC (Allocation Failure) 2022-04-15T17:24:03.183+0800: 142275.675: [ParNew
Desired survivor size 20112992 bytes, new threshold 8 (max 8)
- age   1:      15648 bytes,      15648 total
- age   2:       2824 bytes,      18472 total
- age   3:        312 bytes,      18784 total
- age   4:        128 bytes,      18912 total
- age   5:        696 bytes,      19608 total
- age   6:       3240 bytes,      22848 total
- age   8:       3784 bytes,      26632 total
: 87539K->48K(109248K), 0.0382006 secs] 112692K->25202K(502464K), 0.0398570 secs] [Times: user=0.08 sys=0.03, real=0.04 secs] 
Heap after GC invocations=20 (full 1):
 par new generation   total 109248K, used 48K [0x00000007a0000000, 0x00000007a8000000, 0x00000007a8000000)
  eden space 87424K,   0% used [0x00000007a0000000, 0x00000007a0000000, 0x00000007a5560000)
  from space 21824K,   0% used [0x00000007a5560000, 0x00000007a556c120, 0x00000007a6ab0000)
  to   space 21824K,   0% used [0x00000007a6ab0000, 0x00000007a6ab0000, 0x00000007a8000000)
 concurrent mark-sweep generation total 393216K, used 25154K [0x00000007a8000000, 0x00000007c0000000, 0x00000007c0000000)
 Metaspace       used 42128K, capacity 43346K, committed 43464K, reserved 1087488K
  class space    used 5206K, capacity 5473K, committed 5576K, reserved 1048576K
}
2022-04-15T17:24:03.222+0800: 142275.714: Total time for which application threads were stopped: 0.0445305 seconds, Stopping threads took: 0.0003644 seconds
2022-04-15T20:18:09.201+0800: 152721.977: Total time for which application threads were stopped: 0.0068023 seconds, Stopping threads took: 0.0004189 seconds
2022-04-15T20:31:09.344+0800: 153502.125: Total time for which application threads were stopped: 0.0028643 seconds, Stopping threads took: 0.0005204 seconds
2022-04-15T20:32:09.755+0800: 153562.537: Total time for which application threads were stopped: 0.0022223 seconds, Stopping threads took: 0.0004771 seconds
2022-04-15T20:32:52.066+0800: 153604.850: Total time for which application threads were stopped: 0.0023724 seconds, Stopping threads took: 0.0005529 seconds
{Heap before GC invocations=20 (full 1):
 par new generation   total 109248K, used 87472K [0x00000007a0000000, 0x00000007a8000000, 0x00000007a8000000)
  eden space 87424K, 100% used [0x00000007a0000000, 0x00000007a5560000, 0x00000007a5560000)
  from space 21824K,   0% used [0x00000007a5560000, 0x00000007a556c120, 0x00000007a6ab0000)
  to   space 21824K,   0% used [0x00000007a6ab0000, 0x00000007a6ab0000, 0x00000007a8000000)
 concurrent mark-sweep generation total 393216K, used 25154K [0x00000007a8000000, 0x00000007c0000000, 0x00000007c0000000)
 Metaspace       used 42134K, capacity 43346K, committed 43464K, reserved 1087488K
  class space    used 5206K, capacity 5473K, committed 5576K, reserved 1048576K
2022-04-15T21:03:09.566+0800: 155422.374: [GC (Allocation Failure) 2022-04-15T21:03:09.568+0800: 155422.376: [ParNew
Desired survivor size 20112992 bytes, new threshold 8 (max 8)
- age   1:      29808 bytes,      29808 total
- age   3:       2824 bytes,      32632 total
- age   4:        312 bytes,      32944 total
- age   5:        128 bytes,      33072 total
- age   6:        696 bytes,      33768 total
- age   7:       3240 bytes,      37008 total
: 87472K->45K(109248K), 0.0542509 secs] 112626K->25203K(502464K), 0.0559841 secs] [Times: user=0.09 sys=0.04, real=0.06 secs] 
Heap after GC invocations=21 (full 1):
 par new generation   total 109248K, used 45K [0x00000007a0000000, 0x00000007a8000000, 0x00000007a8000000)
  eden space 87424K,   0% used [0x00000007a0000000, 0x00000007a0000000, 0x00000007a5560000)
  from space 21824K,   0% used [0x00000007a6ab0000, 0x00000007a6abb4b0, 0x00000007a8000000)
  to   space 21824K,   0% used [0x00000007a5560000, 0x00000007a5560000, 0x00000007a6ab0000)
 concurrent mark-sweep generation total 393216K, used 25157K [0x00000007a8000000, 0x00000007c0000000, 0x00000007c0000000)
 Metaspace       used 42134K, capacity 43346K, committed 43464K, reserved 1087488K
  class space    used 5206K, capacity 5473K, committed 5576K, reserved 1048576K
}
2022-04-15T21:03:09.623+0800: 155422.430: Total time for which application threads were stopped: 0.0610585 seconds, Stopping threads took: 0.0003536 seconds
2022-04-15T22:34:12.656+0800: 160885.572: Total time for which application threads were stopped: 0.0028514 seconds, Stopping threads took: 0.0006790 seconds
2022-04-15T22:36:12.405+0800: 161005.322: Total time for which application threads were stopped: 0.0026109 seconds, Stopping threads took: 0.0006077 seconds
{Heap before GC invocations=21 (full 1):
 par new generation   total 109248K, used 87469K [0x00000007a0000000, 0x00000007a8000000, 0x00000007a8000000)
  eden space 87424K, 100% used [0x00000007a0000000, 0x00000007a5560000, 0x00000007a5560000)
  from space 21824K,   0% used [0x00000007a6ab0000, 0x00000007a6abb4b0, 0x00000007a8000000)
  to   space 21824K,   0% used [0x00000007a5560000, 0x00000007a5560000, 0x00000007a6ab0000)
 concurrent mark-sweep generation total 393216K, used 25157K [0x00000007a8000000, 0x00000007c0000000, 0x00000007c0000000)
 Metaspace       used 42134K, capacity 43346K, committed 43464K, reserved 1087488K
  class space    used 5206K, capacity 5473K, committed 5576K, reserved 1048576K
2022-04-16T00:43:15.798+0800: 168628.998: [GC (Allocation Failure) 2022-04-16T00:43:15.799+0800: 168628.999: [ParNew
Desired survivor size 20112992 bytes, new threshold 8 (max 8)
- age   1:      26248 bytes,      26248 total
- age   2:        728 bytes,      26976 total
- age   4:       2824 bytes,      29800 total
- age   5:        312 bytes,      30112 total
- age   6:        128 bytes,      30240 total
- age   7:        696 bytes,      30936 total
- age   8:       3240 bytes,      34176 total
: 87469K->45K(109248K), 0.0353208 secs] 112627K->25203K(502464K), 0.0373368 secs] [Times: user=0.04 sys=0.04, real=0.04 secs] 
Heap after GC invocations=22 (full 1):
 par new generation   total 109248K, used 45K [0x00000007a0000000, 0x00000007a8000000, 0x00000007a8000000)
  eden space 87424K,   0% used [0x00000007a0000000, 0x00000007a0000000, 0x00000007a5560000)
  from space 21824K,   0% used [0x00000007a5560000, 0x00000007a556b610, 0x00000007a6ab0000)
  to   space 21824K,   0% used [0x00000007a6ab0000, 0x00000007a6ab0000, 0x00000007a8000000)
 concurrent mark-sweep generation total 393216K, used 25157K [0x00000007a8000000, 0x00000007c0000000, 0x00000007c0000000)
 Metaspace       used 42134K, capacity 43346K, committed 43464K, reserved 1087488K
  class space    used 5206K, capacity 5473K, committed 5576K, reserved 1048576K
}
2022-04-16T00:43:15.836+0800: 168629.035: Total time for which application threads were stopped: 0.0417244 seconds, Stopping threads took: 0.0003765 seconds
2022-04-16T18:42:46.158+0800: 179255.048: Total time for which application threads were stopped: 0.0011337 seconds, Stopping threads took: 0.0001939 seconds
{Heap before GC invocations=22 (full 1):
 par new generation   total 109248K, used 87469K [0x00000007a0000000, 0x00000007a8000000, 0x00000007a8000000)
  eden space 87424K, 100% used [0x00000007a0000000, 0x00000007a5560000, 0x00000007a5560000)
  from space 21824K,   0% used [0x00000007a5560000, 0x00000007a556b610, 0x00000007a6ab0000)
  to   space 21824K,   0% used [0x00000007a6ab0000, 0x00000007a6ab0000, 0x00000007a8000000)
 concurrent mark-sweep generation total 393216K, used 25157K [0x00000007a8000000, 0x00000007c0000000, 0x00000007c0000000)
 Metaspace       used 42134K, capacity 43346K, committed 43464K, reserved 1087488K
  class space    used 5206K, capacity 5473K, committed 5576K, reserved 1048576K
2022-04-17T04:06:23.344+0800: 181775.035: [GC (Allocation Failure) 2022-04-17T04:06:23.345+0800: 181775.036: [ParNew
Desired survivor size 20112992 bytes, new threshold 8 (max 8)
- age   1:      18272 bytes,      18272 total
- age   2:      10600 bytes,      28872 total
- age   3:        728 bytes,      29600 total
- age   5:       2824 bytes,      32424 total
- age   6:        312 bytes,      32736 total
- age   7:        128 bytes,      32864 total
- age   8:        696 bytes,      33560 total
: 87469K->45K(109248K), 0.0554990 secs] 112627K->25206K(502464K), 0.0568345 secs] [Times: user=0.08 sys=0.04, real=0.06 secs] 
Heap after GC invocations=23 (full 1):
 par new generation   total 109248K, used 45K [0x00000007a0000000, 0x00000007a8000000, 0x00000007a8000000)
  eden space 87424K,   0% used [0x00000007a0000000, 0x00000007a0000000, 0x00000007a5560000)
  from space 21824K,   0% used [0x00000007a6ab0000, 0x00000007a6abb520, 0x00000007a8000000)
  to   space 21824K,   0% used [0x00000007a5560000, 0x00000007a5560000, 0x00000007a6ab0000)
 concurrent mark-sweep generation total 393216K, used 25161K [0x00000007a8000000, 0x00000007c0000000, 0x00000007c0000000)
 Metaspace       used 42134K, capacity 43346K, committed 43464K, reserved 1087488K
  class space    used 5206K, capacity 5473K, committed 5576K, reserved 1048576K
}
2022-04-17T04:06:23.401+0800: 181775.092: Total time for which application threads were stopped: 0.0663264 seconds, Stopping threads took: 0.0004759 seconds
{Heap before GC invocations=23 (full 1):
 par new generation   total 109248K, used 87469K [0x00000007a0000000, 0x00000007a8000000, 0x00000007a8000000)
  eden space 87424K, 100% used [0x00000007a0000000, 0x00000007a5560000, 0x00000007a5560000)
  from space 21824K,   0% used [0x00000007a6ab0000, 0x00000007a6abb520, 0x00000007a8000000)
  to   space 21824K,   0% used [0x00000007a5560000, 0x00000007a5560000, 0x00000007a6ab0000)
 concurrent mark-sweep generation total 393216K, used 25161K [0x00000007a8000000, 0x00000007c0000000, 0x00000007c0000000)
 Metaspace       used 42134K, capacity 43346K, committed 43464K, reserved 1087488K
  class space    used 5206K, capacity 5473K, committed 5576K, reserved 1048576K
2022-04-19T00:24:43.846+0800: 194980.867: [GC (Allocation Failure) 2022-04-19T00:24:43.847+0800: 194980.868: [ParNew
Desired survivor size 20112992 bytes, new threshold 8 (max 8)
- age   1:      28920 bytes,      28920 total
- age   2:       2600 bytes,      31520 total
- age   3:      10600 bytes,      42120 total
- age   4:        728 bytes,      42848 total
- age   6:       2824 bytes,      45672 total
- age   7:        312 bytes,      45984 total
- age   8:        128 bytes,      46112 total
: 87469K->51K(109248K), 0.0497985 secs] 112630K->25213K(502464K), 0.0513003 secs] [Times: user=0.10 sys=0.03, real=0.05 secs] 
Heap after GC invocations=24 (full 1):
 par new generation   total 109248K, used 51K [0x00000007a0000000, 0x00000007a8000000, 0x00000007a8000000)
  eden space 87424K,   0% used [0x00000007a0000000, 0x00000007a0000000, 0x00000007a5560000)
  from space 21824K,   0% used [0x00000007a5560000, 0x00000007a556cfc0, 0x00000007a6ab0000)
  to   space 21824K,   0% used [0x00000007a6ab0000, 0x00000007a6ab0000, 0x00000007a8000000)
 concurrent mark-sweep generation total 393216K, used 25161K [0x00000007a8000000, 0x00000007c0000000, 0x00000007c0000000)
 Metaspace       used 42134K, capacity 43346K, committed 43464K, reserved 1087488K
  class space    used 5206K, capacity 5473K, committed 5576K, reserved 1048576K
}
2022-04-19T00:24:43.897+0800: 194980.918: Total time for which application threads were stopped: 0.0649648 seconds, Stopping threads took: 0.0011780 seconds
{Heap before GC invocations=24 (full 1):
 par new generation   total 109248K, used 87475K [0x00000007a0000000, 0x00000007a8000000, 0x00000007a8000000)
  eden space 87424K, 100% used [0x00000007a0000000, 0x00000007a5560000, 0x00000007a5560000)
  from space 21824K,   0% used [0x00000007a5560000, 0x00000007a556cfc0, 0x00000007a6ab0000)
  to   space 21824K,   0% used [0x00000007a6ab0000, 0x00000007a6ab0000, 0x00000007a8000000)
 concurrent mark-sweep generation total 393216K, used 25161K [0x00000007a8000000, 0x00000007c0000000, 0x00000007c0000000)
 Metaspace       used 42134K, capacity 43346K, committed 43464K, reserved 1087488K
  class space    used 5206K, capacity 5473K, committed 5576K, reserved 1048576K
2022-04-19T23:52:26.156+0800: 208185.426: [GC (Allocation Failure) 2022-04-19T23:52:26.157+0800: 208185.427: [ParNew
Desired survivor size 20112992 bytes, new threshold 8 (max 8)
- age   1:      28912 bytes,      28912 total
- age   3:       2600 bytes,      31512 total
- age   4:      10600 bytes,      42112 total
- age   5:        728 bytes,      42840 total
- age   7:       2824 bytes,      45664 total
- age   8:        312 bytes,      45976 total
: 87475K->66K(109248K), 0.0381546 secs] 112637K->25228K(502464K), 0.0395553 secs] [Times: user=0.09 sys=0.03, real=0.04 secs] 
Heap after GC invocations=25 (full 1):
 par new generation   total 109248K, used 66K [0x00000007a0000000, 0x00000007a8000000, 0x00000007a8000000)
  eden space 87424K,   0% used [0x00000007a0000000, 0x00000007a0000000, 0x00000007a5560000)
  from space 21824K,   0% used [0x00000007a6ab0000, 0x00000007a6ac0ae0, 0x00000007a8000000)
  to   space 21824K,   0% used [0x00000007a5560000, 0x00000007a5560000, 0x00000007a6ab0000)
 concurrent mark-sweep generation total 393216K, used 25161K [0x00000007a8000000, 0x00000007c0000000, 0x00000007c0000000)
 Metaspace       used 42134K, capacity 43346K, committed 43464K, reserved 1087488K
  class space    used 5206K, capacity 5473K, committed 5576K, reserved 1048576K
}
2022-04-19T23:52:26.196+0800: 208185.466: Total time for which application threads were stopped: 0.0463782 seconds, Stopping threads took: 0.0005608 seconds
{Heap before GC invocations=25 (full 1):
 par new generation   total 109248K, used 87490K [0x00000007a0000000, 0x00000007a8000000, 0x00000007a8000000)
  eden space 87424K, 100% used [0x00000007a0000000, 0x00000007a5560000, 0x00000007a5560000)
  from space 21824K,   0% used [0x00000007a6ab0000, 0x00000007a6ac0ae0, 0x00000007a8000000)
  to   space 21824K,   0% used [0x00000007a5560000, 0x00000007a5560000, 0x00000007a6ab0000)
 concurrent mark-sweep generation total 393216K, used 25161K [0x00000007a8000000, 0x00000007c0000000, 0x00000007c0000000)
 Metaspace       used 42135K, capacity 43346K, committed 43464K, reserved 1087488K
  class space    used 5206K, capacity 5473K, committed 5576K, reserved 1048576K
2022-04-20T18:58:19.765+0800: 221389.796: [GC (Allocation Failure) 2022-04-20T18:58:19.766+0800: 221389.797: [ParNew
Desired survivor size 20112992 bytes, new threshold 8 (max 8)
- age   1:      28944 bytes,      28944 total
- age   4:       2600 bytes,      31544 total
- age   5:      10600 bytes,      42144 total
- age   6:        728 bytes,      42872 total
- age   8:       2824 bytes,      45696 total
: 87490K->59K(109248K), 0.0282660 secs] 112652K->25221K(502464K), 0.0297535 secs] [Times: user=0.06 sys=0.03, real=0.03 secs] 
Heap after GC invocations=26 (full 1):
 par new generation   total 109248K, used 59K [0x00000007a0000000, 0x00000007a8000000, 0x00000007a8000000)
  eden space 87424K,   0% used [0x00000007a0000000, 0x00000007a0000000, 0x00000007a5560000)
  from space 21824K,   0% used [0x00000007a5560000, 0x00000007a556ed60, 0x00000007a6ab0000)
  to   space 21824K,   0% used [0x00000007a6ab0000, 0x00000007a6ab0000, 0x00000007a8000000)
 concurrent mark-sweep generation total 393216K, used 25162K [0x00000007a8000000, 0x00000007c0000000, 0x00000007c0000000)
 Metaspace       used 42135K, capacity 43346K, committed 43464K, reserved 1087488K
  class space    used 5206K, capacity 5473K, committed 5576K, reserved 1048576K
}
2022-04-20T18:58:19.795+0800: 221389.826: Total time for which application threads were stopped: 0.0376558 seconds, Stopping threads took: 0.0005923 seconds
{Heap before GC invocations=26 (full 1):
 par new generation   total 109248K, used 87483K [0x00000007a0000000, 0x00000007a8000000, 0x00000007a8000000)
  eden space 87424K, 100% used [0x00000007a0000000, 0x00000007a5560000, 0x00000007a5560000)
  from space 21824K,   0% used [0x00000007a5560000, 0x00000007a556ed60, 0x00000007a6ab0000)
  to   space 21824K,   0% used [0x00000007a6ab0000, 0x00000007a6ab0000, 0x00000007a8000000)
 concurrent mark-sweep generation total 393216K, used 25162K [0x00000007a8000000, 0x00000007c0000000, 0x00000007c0000000)
 Metaspace       used 42138K, capacity 43346K, committed 43464K, reserved 1087488K
  class space    used 5206K, capacity 5473K, committed 5576K, reserved 1048576K
2022-04-21T04:59:19.802+0800: 234593.718: [GC (Allocation Failure) 2022-04-21T04:59:19.803+0800: 234593.719: [ParNew
Desired survivor size 20112992 bytes, new threshold 8 (max 8)
- age   1:      29120 bytes,      29120 total
- age   5:       2600 bytes,      31720 total
- age   6:      10600 bytes,      42320 total
- age   7:        728 bytes,      43048 total
: 87483K->52K(109248K), 0.0252674 secs] 112645K->25217K(502464K), 0.0266411 secs] [Times: user=0.05 sys=0.03, real=0.02 secs] 
Heap after GC invocations=27 (full 1):
 par new generation   total 109248K, used 52K [0x00000007a0000000, 0x00000007a8000000, 0x00000007a8000000)
  eden space 87424K,   0% used [0x00000007a0000000, 0x00000007a0000000, 0x00000007a5560000)
  from space 21824K,   0% used [0x00000007a6ab0000, 0x00000007a6abd218, 0x00000007a8000000)
  to   space 21824K,   0% used [0x00000007a5560000, 0x00000007a5560000, 0x00000007a6ab0000)
 concurrent mark-sweep generation total 393216K, used 25164K [0x00000007a8000000, 0x00000007c0000000, 0x00000007c0000000)
 Metaspace       used 42138K, capacity 43346K, committed 43464K, reserved 1087488K
  class space    used 5206K, capacity 5473K, committed 5576K, reserved 1048576K
}
2022-04-21T04:59:19.829+0800: 234593.745: Total time for which application threads were stopped: 0.0355043 seconds, Stopping threads took: 0.0005764 seconds
{Heap before GC invocations=27 (full 1):
 par new generation   total 109248K, used 87476K [0x00000007a0000000, 0x00000007a8000000, 0x00000007a8000000)
  eden space 87424K, 100% used [0x00000007a0000000, 0x00000007a5560000, 0x00000007a5560000)
  from space 21824K,   0% used [0x00000007a6ab0000, 0x00000007a6abd218, 0x00000007a8000000)
  to   space 21824K,   0% used [0x00000007a5560000, 0x00000007a5560000, 0x00000007a6ab0000)
 concurrent mark-sweep generation total 393216K, used 25164K [0x00000007a8000000, 0x00000007c0000000, 0x00000007c0000000)
 Metaspace       used 42138K, capacity 43346K, committed 43464K, reserved 1087488K
  class space    used 5206K, capacity 5473K, committed 5576K, reserved 1048576K
2022-04-21T19:54:52.949+0800: 247797.873: [GC (Allocation Failure) 2022-04-21T19:54:52.950+0800: 247797.873: [ParNew
Desired survivor size 20112992 bytes, new threshold 8 (max 8)
- age   1:      27056 bytes,      27056 total
- age   2:         96 bytes,      27152 total
- age   6:       2600 bytes,      29752 total
- age   7:      10600 bytes,      40352 total
- age   8:        728 bytes,      41080 total
: 87476K->65K(109248K), 0.0430248 secs] 112641K->25230K(502464K), 0.0442337 secs] [Times: user=0.09 sys=0.04, real=0.05 secs] 
Heap after GC invocations=28 (full 1):
 par new generation   total 109248K, used 65K [0x00000007a0000000, 0x00000007a8000000, 0x00000007a8000000)
  eden space 87424K,   0% used [0x00000007a0000000, 0x00000007a0000000, 0x00000007a5560000)
  from space 21824K,   0% used [0x00000007a5560000, 0x00000007a55705d8, 0x00000007a6ab0000)
  to   space 21824K,   0% used [0x00000007a6ab0000, 0x00000007a6ab0000, 0x00000007a8000000)
 concurrent mark-sweep generation total 393216K, used 25164K [0x00000007a8000000, 0x00000007c0000000, 0x00000007c0000000)
 Metaspace       used 42138K, capacity 43346K, committed 43464K, reserved 1087488K
  class space    used 5206K, capacity 5473K, committed 5576K, reserved 1048576K
}
2022-04-21T19:54:52.993+0800: 247797.917: Total time for which application threads were stopped: 0.0541355 seconds, Stopping threads took: 0.0006322 seconds
{Heap before GC invocations=28 (full 1):
 par new generation   total 109248K, used 87489K [0x00000007a0000000, 0x00000007a8000000, 0x00000007a8000000)
  eden space 87424K, 100% used [0x00000007a0000000, 0x00000007a5560000, 0x00000007a5560000)
  from space 21824K,   0% used [0x00000007a5560000, 0x00000007a55705d8, 0x00000007a6ab0000)
  to   space 21824K,   0% used [0x00000007a6ab0000, 0x00000007a6ab0000, 0x00000007a8000000)
 concurrent mark-sweep generation total 393216K, used 25164K [0x00000007a8000000, 0x00000007c0000000, 0x00000007c0000000)
 Metaspace       used 42138K, capacity 43346K, committed 43464K, reserved 1087488K
  class space    used 5206K, capacity 5473K, committed 5576K, reserved 1048576K
2022-04-21T23:34:56.468+0800: 261001.858: [GC (Allocation Failure) 2022-04-21T23:34:56.469+0800: 261001.859: [ParNew
Desired survivor size 20112992 bytes, new threshold 8 (max 8)
- age   1:      22536 bytes,      22536 total
- age   3:         96 bytes,      22632 total
- age   7:       2600 bytes,      25232 total
- age   8:      10600 bytes,      35832 total
: 87489K->48K(109248K), 0.0114328 secs] 112654K->25214K(502464K), 0.0119080 secs] [Times: user=0.03 sys=0.00, real=0.02 secs] 
Heap after GC invocations=29 (full 1):
 par new generation   total 109248K, used 48K [0x00000007a0000000, 0x00000007a8000000, 0x00000007a8000000)
  eden space 87424K,   0% used [0x00000007a0000000, 0x00000007a0000000, 0x00000007a5560000)
  from space 21824K,   0% used [0x00000007a6ab0000, 0x00000007a6abc1c0, 0x00000007a8000000)
  to   space 21824K,   0% used [0x00000007a5560000, 0x00000007a5560000, 0x00000007a6ab0000)
 concurrent mark-sweep generation total 393216K, used 25165K [0x00000007a8000000, 0x00000007c0000000, 0x00000007c0000000)
 Metaspace       used 42138K, capacity 43346K, committed 43464K, reserved 1087488K
  class space    used 5206K, capacity 5473K, committed 5576K, reserved 1048576K
}
2022-04-21T23:34:56.480+0800: 261001.870: Total time for which application threads were stopped: 0.0136233 seconds, Stopping threads took: 0.0000342 seconds
2022-04-22T00:15:58.253+0800: 263463.711: Total time for which application threads were stopped: 0.0024099 seconds, Stopping threads took: 0.0001211 seconds
2022-04-22T01:25:00.439+0800: 267605.993: Total time for which application threads were stopped: 0.0009618 seconds, Stopping threads took: 0.0000991 seconds
2022-04-22T02:59:00.537+0800: 273246.210: Total time for which application threads were stopped: 0.0025695 seconds, Stopping threads took: 0.0002669 seconds
{Heap before GC invocations=29 (full 1):
 par new generation   total 109248K, used 87472K [0x00000007a0000000, 0x00000007a8000000, 0x00000007a8000000)
  eden space 87424K, 100% used [0x00000007a0000000, 0x00000007a5560000, 0x00000007a5560000)
  from space 21824K,   0% used [0x00000007a6ab0000, 0x00000007a6abc1c0, 0x00000007a8000000)
  to   space 21824K,   0% used [0x00000007a5560000, 0x00000007a5560000, 0x00000007a6ab0000)
 concurrent mark-sweep generation total 393216K, used 25165K [0x00000007a8000000, 0x00000007c0000000, 0x00000007c0000000)
 Metaspace       used 42138K, capacity 43346K, committed 43464K, reserved 1087488K
  class space    used 5206K, capacity 5473K, committed 5576K, reserved 1048576K
2022-04-22T03:15:00.180+0800: 274205.861: [GC (Allocation Failure) 2022-04-22T03:15:00.181+0800: 274205.862: [ParNew
Desired survivor size 20112992 bytes, new threshold 8 (max 8)
- age   1:      18232 bytes,      18232 total
- age   4:         96 bytes,      18328 total
- age   8:       2600 bytes,      20928 total
: 87472K->35K(109248K), 0.0301502 secs] 112638K->25211K(502464K), 0.0315102 secs] [Times: user=0.05 sys=0.03, real=0.03 secs] 
Heap after GC invocations=30 (full 1):
 par new generation   total 109248K, used 35K [0x00000007a0000000, 0x00000007a8000000, 0x00000007a8000000)
  eden space 87424K,   0% used [0x00000007a0000000, 0x00000007a0000000, 0x00000007a5560000)
  from space 21824K,   0% used [0x00000007a5560000, 0x00000007a5568fc0, 0x00000007a6ab0000)
  to   space 21824K,   0% used [0x00000007a6ab0000, 0x00000007a6ab0000, 0x00000007a8000000)
 concurrent mark-sweep generation total 393216K, used 25175K [0x00000007a8000000, 0x00000007c0000000, 0x00000007c0000000)
 Metaspace       used 42138K, capacity 43346K, committed 43464K, reserved 1087488K
  class space    used 5206K, capacity 5473K, committed 5576K, reserved 1048576K
}
2022-04-22T03:15:00.212+0800: 274205.892: Total time for which application threads were stopped: 0.0376682 seconds, Stopping threads took: 0.0003744 seconds
2022-04-22T06:37:04.106+0800: 286330.081: Total time for which application threads were stopped: 0.0029021 seconds, Stopping threads took: 0.0006480 seconds
{Heap before GC invocations=30 (full 1):
 par new generation   total 109248K, used 87459K [0x00000007a0000000, 0x00000007a8000000, 0x00000007a8000000)
  eden space 87424K, 100% used [0x00000007a0000000, 0x00000007a5560000, 0x00000007a5560000)
  from space 21824K,   0% used [0x00000007a5560000, 0x00000007a5568fc0, 0x00000007a6ab0000)
  to   space 21824K,   0% used [0x00000007a6ab0000, 0x00000007a6ab0000, 0x00000007a8000000)
 concurrent mark-sweep generation total 393216K, used 25175K [0x00000007a8000000, 0x00000007c0000000, 0x00000007c0000000)
 Metaspace       used 42138K, capacity 43346K, committed 43464K, reserved 1087488K
  class space    used 5206K, capacity 5473K, committed 5576K, reserved 1048576K
2022-04-22T06:55:03.840+0800: 287409.847: [GC (Allocation Failure) 2022-04-22T06:55:03.841+0800: 287409.848: [ParNew
Desired survivor size 20112992 bytes, new threshold 8 (max 8)
- age   1:      16944 bytes,      16944 total
- age   2:        384 bytes,      17328 total
- age   5:         96 bytes,      17424 total
: 87459K->23K(109248K), 0.0223092 secs] 112635K->25202K(502464K), 0.0233169 secs] [Times: user=0.05 sys=0.03, real=0.02 secs] 
Heap after GC invocations=31 (full 1):
 par new generation   total 109248K, used 23K [0x00000007a0000000, 0x00000007a8000000, 0x00000007a8000000)
  eden space 87424K,   0% used [0x00000007a0000000, 0x00000007a0000000, 0x00000007a5560000)
  from space 21824K,   0% used [0x00000007a6ab0000, 0x00000007a6ab5ff0, 0x00000007a8000000)
  to   space 21824K,   0% used [0x00000007a5560000, 0x00000007a5560000, 0x00000007a6ab0000)
 concurrent mark-sweep generation total 393216K, used 25178K [0x00000007a8000000, 0x00000007c0000000, 0x00000007c0000000)
 Metaspace       used 42138K, capacity 43346K, committed 43464K, reserved 1087488K
  class space    used 5206K, capacity 5473K, committed 5576K, reserved 1048576K
}
2022-04-22T06:55:03.864+0800: 287409.870: Total time for which application threads were stopped: 0.0253640 seconds, Stopping threads took: 0.0000280 seconds
2022-04-22T08:33:06.310+0800: 293292.449: Total time for which application threads were stopped: 0.0022913 seconds, Stopping threads took: 0.0004175 seconds
2022-04-22T08:35:00.158+0800: 293406.310: Total time for which application threads were stopped: 0.0007265 seconds, Stopping threads took: 0.0000482 seconds
{Heap before GC invocations=31 (full 1):
 par new generation   total 109248K, used 87447K [0x00000007a0000000, 0x00000007a8000000, 0x00000007a8000000)
  eden space 87424K, 100% used [0x00000007a0000000, 0x00000007a5560000, 0x00000007a5560000)
  from space 21824K,   0% used [0x00000007a6ab0000, 0x00000007a6ab5ff0, 0x00000007a8000000)
  to   space 21824K,   0% used [0x00000007a5560000, 0x00000007a5560000, 0x00000007a6ab0000)
 concurrent mark-sweep generation total 393216K, used 25178K [0x00000007a8000000, 0x00000007c0000000, 0x00000007c0000000)
 Metaspace       used 42138K, capacity 43346K, committed 43464K, reserved 1087488K
  class space    used 5206K, capacity 5473K, committed 5576K, reserved 1048576K
2022-04-22T10:35:07.611+0800: 300614.043: [GC (Allocation Failure) 2022-04-22T10:35:07.612+0800: 300614.044: [ParNew
Desired survivor size 20112992 bytes, new threshold 8 (max 8)
- age   1:      15512 bytes,      15512 total
- age   3:        384 bytes,      15896 total
- age   6:         96 bytes,      15992 total
: 87447K->24K(109248K), 0.0249842 secs] 112626K->25202K(502464K), 0.0264194 secs] [Times: user=0.06 sys=0.03, real=0.02 secs] 
Heap after GC invocations=32 (full 1):
 par new generation   total 109248K, used 24K [0x00000007a0000000, 0x00000007a8000000, 0x00000007a8000000)
  eden space 87424K,   0% used [0x00000007a0000000, 0x00000007a0000000, 0x00000007a5560000)
  from space 21824K,   0% used [0x00000007a5560000, 0x00000007a5566098, 0x00000007a6ab0000)
  to   space 21824K,   0% used [0x00000007a6ab0000, 0x00000007a6ab0000, 0x00000007a8000000)
 concurrent mark-sweep generation total 393216K, used 25178K [0x00000007a8000000, 0x00000007c0000000, 0x00000007c0000000)
 Metaspace       used 42138K, capacity 43346K, committed 43464K, reserved 1087488K
  class space    used 5206K, capacity 5473K, committed 5576K, reserved 1048576K
}
2022-04-22T10:35:07.637+0800: 300614.069: Total time for which application threads were stopped: 0.0295978 seconds, Stopping threads took: 0.0003483 seconds
{Heap before GC invocations=32 (full 1):
 par new generation   total 109248K, used 87448K [0x00000007a0000000, 0x00000007a8000000, 0x00000007a8000000)
  eden space 87424K, 100% used [0x00000007a0000000, 0x00000007a5560000, 0x00000007a5560000)
  from space 21824K,   0% used [0x00000007a5560000, 0x00000007a5566098, 0x00000007a6ab0000)
  to   space 21824K,   0% used [0x00000007a6ab0000, 0x00000007a6ab0000, 0x00000007a8000000)
 concurrent mark-sweep generation total 393216K, used 25178K [0x00000007a8000000, 0x00000007c0000000, 0x00000007c0000000)
 Metaspace       used 42139K, capacity 43346K, committed 43464K, reserved 1087488K
  class space    used 5206K, capacity 5473K, committed 5576K, reserved 1048576K
2022-04-22T14:15:11.368+0800: 313818.259: [GC (Allocation Failure) 2022-04-22T14:15:11.370+0800: 313818.260: [ParNew
Desired survivor size 20112992 bytes, new threshold 8 (max 8)
- age   1:       2104 bytes,       2104 total
- age   4:        384 bytes,       2488 total
- age   7:         96 bytes,       2584 total
: 87448K->8K(109248K), 0.0235034 secs] 112626K->25186K(502464K), 0.0251846 secs] [Times: user=0.05 sys=0.02, real=0.03 secs] 
Heap after GC invocations=33 (full 1):
 par new generation   total 109248K, used 8K [0x00000007a0000000, 0x00000007a8000000, 0x00000007a8000000)
  eden space 87424K,   0% used [0x00000007a0000000, 0x00000007a0000000, 0x00000007a5560000)
  from space 21824K,   0% used [0x00000007a6ab0000, 0x00000007a6ab2040, 0x00000007a8000000)
  to   space 21824K,   0% used [0x00000007a5560000, 0x00000007a5560000, 0x00000007a6ab0000)
 concurrent mark-sweep generation total 393216K, used 25178K [0x00000007a8000000, 0x00000007c0000000, 0x00000007c0000000)
 Metaspace       used 42139K, capacity 43346K, committed 43464K, reserved 1087488K
  class space    used 5206K, capacity 5473K, committed 5576K, reserved 1048576K
}
2022-04-22T14:15:11.393+0800: 313818.284: Total time for which application threads were stopped: 0.0286887 seconds, Stopping threads took: 0.0006212 seconds
2022-04-22T14:46:12.479+0800: 315679.446: Total time for which application threads were stopped: 0.0010148 seconds, Stopping threads took: 0.0000858 seconds
{Heap before GC invocations=33 (full 1):
 par new generation   total 109248K, used 87432K [0x00000007a0000000, 0x00000007a8000000, 0x00000007a8000000)
  eden space 87424K, 100% used [0x00000007a0000000, 0x00000007a5560000, 0x00000007a5560000)
  from space 21824K,   0% used [0x00000007a6ab0000, 0x00000007a6ab2040, 0x00000007a8000000)
  to   space 21824K,   0% used [0x00000007a5560000, 0x00000007a5560000, 0x00000007a6ab0000)
 concurrent mark-sweep generation total 393216K, used 25178K [0x00000007a8000000, 0x00000007c0000000, 0x00000007c0000000)
 Metaspace       used 42139K, capacity 43346K, committed 43464K, reserved 1087488K
  class space    used 5206K, capacity 5473K, committed 5576K, reserved 1048576K
2022-04-22T17:46:14.898+0800: 326482.167: [GC (Allocation Failure) 2022-04-22T17:46:14.899+0800: 326482.169: [ParNew
Desired survivor size 20112992 bytes, new threshold 8 (max 8)
- age   1:      29584 bytes,      29584 total
- age   2:        448 bytes,      30032 total
- age   5:        384 bytes,      30416 total
- age   8:         96 bytes,      30512 total
: 87432K->36K(109248K), 0.0368540 secs] 112610K->25215K(502464K), 0.0385549 secs] [Times: user=0.10 sys=0.04, real=0.04 secs] 
Heap after GC invocations=34 (full 1):
 par new generation   total 109248K, used 36K [0x00000007a0000000, 0x00000007a8000000, 0x00000007a8000000)
  eden space 87424K,   0% used [0x00000007a0000000, 0x00000007a0000000, 0x00000007a5560000)
  from space 21824K,   0% used [0x00000007a5560000, 0x00000007a5569230, 0x00000007a6ab0000)
  to   space 21824K,   0% used [0x00000007a6ab0000, 0x00000007a6ab0000, 0x00000007a8000000)
 concurrent mark-sweep generation total 393216K, used 25178K [0x00000007a8000000, 0x00000007c0000000, 0x00000007c0000000)
 Metaspace       used 42139K, capacity 43346K, committed 43464K, reserved 1087488K
  class space    used 5206K, capacity 5473K, committed 5576K, reserved 1048576K
}
2022-04-22T17:46:14.936+0800: 326482.206: Total time for which application threads were stopped: 0.0445103 seconds, Stopping threads took: 0.0006548 seconds
{Heap before GC invocations=34 (full 1):
 par new generation   total 109248K, used 87460K [0x00000007a0000000, 0x00000007a8000000, 0x00000007a8000000)
  eden space 87424K, 100% used [0x00000007a0000000, 0x00000007a5560000, 0x00000007a5560000)
  from space 21824K,   0% used [0x00000007a5560000, 0x00000007a5569230, 0x00000007a6ab0000)
  to   space 21824K,   0% used [0x00000007a6ab0000, 0x00000007a6ab0000, 0x00000007a8000000)
 concurrent mark-sweep generation total 393216K, used 25178K [0x00000007a8000000, 0x00000007c0000000, 0x00000007c0000000)
 Metaspace       used 42139K, capacity 43346K, committed 43464K, reserved 1087488K
  class space    used 5206K, capacity 5473K, committed 5576K, reserved 1048576K
2022-04-22T21:26:18.616+0800: 339686.376: [GC (Allocation Failure) 2022-04-22T21:26:18.618+0800: 339686.377: [ParNew
Desired survivor size 20112992 bytes, new threshold 8 (max 8)
- age   1:      15712 bytes,      15712 total
- age   2:      14104 bytes,      29816 total
- age   3:        448 bytes,      30264 total
- age   6:        384 bytes,      30648 total
: 87460K->45K(109248K), 0.0335350 secs] 112639K->25223K(502464K), 0.0351794 secs] [Times: user=0.09 sys=0.03, real=0.04 secs] 
Heap after GC invocations=35 (full 1):
 par new generation   total 109248K, used 45K [0x00000007a0000000, 0x00000007a8000000, 0x00000007a8000000)
  eden space 87424K,   0% used [0x00000007a0000000, 0x00000007a0000000, 0x00000007a5560000)
  from space 21824K,   0% used [0x00000007a6ab0000, 0x00000007a6abb500, 0x00000007a8000000)
  to   space 21824K,   0% used [0x00000007a5560000, 0x00000007a5560000, 0x00000007a6ab0000)
 concurrent mark-sweep generation total 393216K, used 25178K [0x00000007a8000000, 0x00000007c0000000, 0x00000007c0000000)
 Metaspace       used 42139K, capacity 43346K, committed 43464K, reserved 1087488K
  class space    used 5206K, capacity 5473K, committed 5576K, reserved 1048576K
}
2022-04-22T21:26:18.651+0800: 339686.411: Total time for which application threads were stopped: 0.0390256 seconds, Stopping threads took: 0.0004054 seconds
{Heap before GC invocations=35 (full 1):
 par new generation   total 109248K, used 87469K [0x00000007a0000000, 0x00000007a8000000, 0x00000007a8000000)
  eden space 87424K, 100% used [0x00000007a0000000, 0x00000007a5560000, 0x00000007a5560000)
  from space 21824K,   0% used [0x00000007a6ab0000, 0x00000007a6abb500, 0x00000007a8000000)
  to   space 21824K,   0% used [0x00000007a5560000, 0x00000007a5560000, 0x00000007a6ab0000)
 concurrent mark-sweep generation total 393216K, used 25178K [0x00000007a8000000, 0x00000007c0000000, 0x00000007c0000000)
 Metaspace       used 42139K, capacity 43346K, committed 43464K, reserved 1087488K
  class space    used 5206K, capacity 5473K, committed 5576K, reserved 1048576K
2022-04-23T03:36:37.899+0800: 352890.494: [GC (Allocation Failure) 2022-04-23T03:36:37.900+0800: 352890.495: [ParNew
Desired survivor size 20112992 bytes, new threshold 8 (max 8)
- age   1:      16768 bytes,      16768 total
- age   2:        200 bytes,      16968 total
- age   3:      14104 bytes,      31072 total
- age   4:        448 bytes,      31520 total
- age   7:        384 bytes,      31904 total
: 87469K->42K(109248K), 0.0253205 secs] 112647K->25220K(502464K), 0.0265753 secs] [Times: user=0.05 sys=0.02, real=0.03 secs] 
Heap after GC invocations=36 (full 1):
 par new generation   total 109248K, used 42K [0x00000007a0000000, 0x00000007a8000000, 0x00000007a8000000)
  eden space 87424K,   0% used [0x00000007a0000000, 0x00000007a0000000, 0x00000007a5560000)
  from space 21824K,   0% used [0x00000007a5560000, 0x00000007a556a8c0, 0x00000007a6ab0000)
  to   space 21824K,   0% used [0x00000007a6ab0000, 0x00000007a6ab0000, 0x00000007a8000000)
 concurrent mark-sweep generation total 393216K, used 25178K [0x00000007a8000000, 0x00000007c0000000, 0x00000007c0000000)
 Metaspace       used 42139K, capacity 43346K, committed 43464K, reserved 1087488K
  class space    used 5206K, capacity 5473K, committed 5576K, reserved 1048576K
}
2022-04-23T03:36:37.925+0800: 352890.521: Total time for which application threads were stopped: 0.0293561 seconds, Stopping threads took: 0.0001973 seconds
{Heap before GC invocations=36 (full 1):
 par new generation   total 109248K, used 87466K [0x00000007a0000000, 0x00000007a8000000, 0x00000007a8000000)
  eden space 87424K, 100% used [0x00000007a0000000, 0x00000007a5560000, 0x00000007a5560000)
  from space 21824K,   0% used [0x00000007a5560000, 0x00000007a556a8c0, 0x00000007a6ab0000)
  to   space 21824K,   0% used [0x00000007a6ab0000, 0x00000007a6ab0000, 0x00000007a8000000)
 concurrent mark-sweep generation total 393216K, used 25178K [0x00000007a8000000, 0x00000007c0000000, 0x00000007c0000000)
 Metaspace       used 42139K, capacity 43346K, committed 43464K, reserved 1087488K
  class space    used 5206K, capacity 5473K, committed 5576K, reserved 1048576K
2022-04-23T16:52:34.386+0800: 366094.959: [GC (Allocation Failure) 2022-04-23T16:52:34.387+0800: 366094.960: [ParNew
Desired survivor size 20112992 bytes, new threshold 8 (max 8)
- age   1:      21624 bytes,      21624 total
- age   3:        200 bytes,      21824 total
- age   4:      14104 bytes,      35928 total
- age   5:        448 bytes,      36376 total
- age   8:        384 bytes,      36760 total
: 87466K->47K(109248K), 0.0236020 secs] 112644K->25226K(502464K), 0.0250513 secs] [Times: user=0.05 sys=0.02, real=0.03 secs] 
Heap after GC invocations=37 (full 1):
 par new generation   total 109248K, used 47K [0x00000007a0000000, 0x00000007a8000000, 0x00000007a8000000)
  eden space 87424K,   0% used [0x00000007a0000000, 0x00000007a0000000, 0x00000007a5560000)
  from space 21824K,   0% used [0x00000007a6ab0000, 0x00000007a6abbee0, 0x00000007a8000000)
  to   space 21824K,   0% used [0x00000007a5560000, 0x00000007a5560000, 0x00000007a6ab0000)
 concurrent mark-sweep generation total 393216K, used 25178K [0x00000007a8000000, 0x00000007c0000000, 0x00000007c0000000)
 Metaspace       used 42139K, capacity 43346K, committed 43464K, reserved 1087488K
  class space    used 5206K, capacity 5473K, committed 5576K, reserved 1048576K
}
2022-04-23T16:52:34.411+0800: 366094.984: Total time for which application threads were stopped: 0.0314789 seconds, Stopping threads took: 0.0005143 seconds
{Heap before GC invocations=37 (full 1):
 par new generation   total 109248K, used 87471K [0x00000007a0000000, 0x00000007a8000000, 0x00000007a8000000)
  eden space 87424K, 100% used [0x00000007a0000000, 0x00000007a5560000, 0x00000007a5560000)
  from space 21824K,   0% used [0x00000007a6ab0000, 0x00000007a6abbee0, 0x00000007a8000000)
  to   space 21824K,   0% used [0x00000007a5560000, 0x00000007a5560000, 0x00000007a6ab0000)
 concurrent mark-sweep generation total 393216K, used 25178K [0x00000007a8000000, 0x00000007c0000000, 0x00000007c0000000)
 Metaspace       used 42139K, capacity 43346K, committed 43464K, reserved 1087488K
  class space    used 5206K, capacity 5473K, committed 5576K, reserved 1048576K
2022-04-24T02:58:54.624+0800: 379299.042: [GC (Allocation Failure) 2022-04-24T02:58:54.625+0800: 379299.043: [ParNew
Desired survivor size 20112992 bytes, new threshold 8 (max 8)
- age   1:      26024 bytes,      26024 total
- age   4:        200 bytes,      26224 total
- age   5:      14104 bytes,      40328 total
- age   6:        448 bytes,      40776 total
: 87471K->56K(109248K), 0.0214143 secs] 112650K->25235K(502464K), 0.0228270 secs] [Times: user=0.04 sys=0.02, real=0.02 secs] 
Heap after GC invocations=38 (full 1):
 par new generation   total 109248K, used 56K [0x00000007a0000000, 0x00000007a8000000, 0x00000007a8000000)
  eden space 87424K,   0% used [0x00000007a0000000, 0x00000007a0000000, 0x00000007a5560000)
  from space 21824K,   0% used [0x00000007a5560000, 0x00000007a556e2b0, 0x00000007a6ab0000)
  to   space 21824K,   0% used [0x00000007a6ab0000, 0x00000007a6ab0000, 0x00000007a8000000)
 concurrent mark-sweep generation total 393216K, used 25179K [0x00000007a8000000, 0x00000007c0000000, 0x00000007c0000000)
 Metaspace       used 42139K, capacity 43346K, committed 43464K, reserved 1087488K
  class space    used 5206K, capacity 5473K, committed 5576K, reserved 1048576K
}
2022-04-24T02:58:54.647+0800: 379299.065: Total time for which application threads were stopped: 0.0283097 seconds, Stopping threads took: 0.0005175 seconds
{Heap before GC invocations=38 (full 1):
 par new generation   total 109248K, used 87480K [0x00000007a0000000, 0x00000007a8000000, 0x00000007a8000000)
  eden space 87424K, 100% used [0x00000007a0000000, 0x00000007a5560000, 0x00000007a5560000)
  from space 21824K,   0% used [0x00000007a5560000, 0x00000007a556e2b0, 0x00000007a6ab0000)
  to   space 21824K,   0% used [0x00000007a6ab0000, 0x00000007a6ab0000, 0x00000007a8000000)
 concurrent mark-sweep generation total 393216K, used 25179K [0x00000007a8000000, 0x00000007c0000000, 0x00000007c0000000)
 Metaspace       used 42139K, capacity 43346K, committed 43464K, reserved 1087488K
  class space    used 5206K, capacity 5473K, committed 5576K, reserved 1048576K
2022-04-24T06:38:59.227+0800: 392503.224: [GC (Allocation Failure) 2022-04-24T06:38:59.228+0800: 392503.225: [ParNew
Desired survivor size 20112992 bytes, new threshold 8 (max 8)
- age   1:      35160 bytes,      35160 total
- age   5:        200 bytes,      35360 total
- age   6:      14104 bytes,      49464 total
- age   7:        448 bytes,      49912 total
: 87480K->62K(109248K), 0.0232275 secs] 112659K->25241K(502464K), 0.0245121 secs] [Times: user=0.05 sys=0.02, real=0.03 secs] 
Heap after GC invocations=39 (full 1):
 par new generation   total 109248K, used 62K [0x00000007a0000000, 0x00000007a8000000, 0x00000007a8000000)
  eden space 87424K,   0% used [0x00000007a0000000, 0x00000007a0000000, 0x00000007a5560000)
  from space 21824K,   0% used [0x00000007a6ab0000, 0x00000007a6abfb10, 0x00000007a8000000)
  to   space 21824K,   0% used [0x00000007a5560000, 0x00000007a5560000, 0x00000007a6ab0000)
 concurrent mark-sweep generation total 393216K, used 25179K [0x00000007a8000000, 0x00000007c0000000, 0x00000007c0000000)
 Metaspace       used 42139K, capacity 43346K, committed 43464K, reserved 1087488K
  class space    used 5206K, capacity 5473K, committed 5576K, reserved 1048576K
}
2022-04-24T06:38:59.251+0800: 392503.248: Total time for which application threads were stopped: 0.0296539 seconds, Stopping threads took: 0.0003198 seconds
2022-04-24T18:33:37.766+0800: 401407.776: Total time for which application threads were stopped: 0.0034747 seconds, Stopping threads took: 0.0003768 seconds
{Heap before GC invocations=39 (full 1):
 par new generation   total 109248K, used 87486K [0x00000007a0000000, 0x00000007a8000000, 0x00000007a8000000)
  eden space 87424K, 100% used [0x00000007a0000000, 0x00000007a5560000, 0x00000007a5560000)
  from space 21824K,   0% used [0x00000007a6ab0000, 0x00000007a6abfb10, 0x00000007a8000000)
  to   space 21824K,   0% used [0x00000007a5560000, 0x00000007a5560000, 0x00000007a6ab0000)
 concurrent mark-sweep generation total 393216K, used 25179K [0x00000007a8000000, 0x00000007c0000000, 0x00000007c0000000)
 Metaspace       used 42139K, capacity 43346K, committed 43464K, reserved 1087488K
  class space    used 5206K, capacity 5473K, committed 5576K, reserved 1048576K
2022-04-24T19:45:17.208+0800: 405707.327: [GC (Allocation Failure) 2022-04-24T19:45:17.209+0800: 405707.328: [ParNew
Desired survivor size 20112992 bytes, new threshold 8 (max 8)
- age   1:      29200 bytes,      29200 total
- age   6:        200 bytes,      29400 total
- age   7:      14104 bytes,      43504 total
- age   8:        448 bytes,      43952 total
: 87486K->72K(109248K), 0.0301525 secs] 112665K->25251K(502464K), 0.0314752 secs] [Times: user=0.07 sys=0.03, real=0.03 secs] 
Heap after GC invocations=40 (full 1):
 par new generation   total 109248K, used 72K [0x00000007a0000000, 0x00000007a8000000, 0x00000007a8000000)
  eden space 87424K,   0% used [0x00000007a0000000, 0x00000007a0000000, 0x00000007a5560000)
  from space 21824K,   0% used [0x00000007a5560000, 0x00000007a55721d8, 0x00000007a6ab0000)
  to   space 21824K,   0% used [0x00000007a6ab0000, 0x00000007a6ab0000, 0x00000007a8000000)
 concurrent mark-sweep generation total 393216K, used 25179K [0x00000007a8000000, 0x00000007c0000000, 0x00000007c0000000)
 Metaspace       used 42139K, capacity 43346K, committed 43464K, reserved 1087488K
  class space    used 5206K, capacity 5473K, committed 5576K, reserved 1048576K
}
2022-04-24T19:45:17.240+0800: 405707.358: Total time for which application threads were stopped: 0.0379646 seconds, Stopping threads took: 0.0002655 seconds
{Heap before GC invocations=40 (full 1):
 par new generation   total 109248K, used 87496K [0x00000007a0000000, 0x00000007a8000000, 0x00000007a8000000)
  eden space 87424K, 100% used [0x00000007a0000000, 0x00000007a5560000, 0x00000007a5560000)
  from space 21824K,   0% used [0x00000007a5560000, 0x00000007a55721d8, 0x00000007a6ab0000)
  to   space 21824K,   0% used [0x00000007a6ab0000, 0x00000007a6ab0000, 0x00000007a8000000)
 concurrent mark-sweep generation total 393216K, used 25179K [0x00000007a8000000, 0x00000007c0000000, 0x00000007c0000000)
 Metaspace       used 42139K, capacity 43346K, committed 43464K, reserved 1087488K
  class space    used 5206K, capacity 5473K, committed 5576K, reserved 1048576K
2022-04-24T23:25:21.387+0800: 418911.816: [GC (Allocation Failure) 2022-04-24T23:25:21.387+0800: 418911.817: [ParNew
Desired survivor size 20112992 bytes, new threshold 8 (max 8)
- age   1:      28888 bytes,      28888 total
- age   2:        240 bytes,      29128 total
- age   7:        200 bytes,      29328 total
- age   8:      14104 bytes,      43432 total
: 87496K->57K(109248K), 0.0181510 secs] 112675K->25237K(502464K), 0.0194572 secs] [Times: user=0.04 sys=0.01, real=0.02 secs] 
Heap after GC invocations=41 (full 1):
 par new generation   total 109248K, used 57K [0x00000007a0000000, 0x00000007a8000000, 0x00000007a8000000)
  eden space 87424K,   0% used [0x00000007a0000000, 0x00000007a0000000, 0x00000007a5560000)
  from space 21824K,   0% used [0x00000007a6ab0000, 0x00000007a6abe7b0, 0x00000007a8000000)
  to   space 21824K,   0% used [0x00000007a5560000, 0x00000007a5560000, 0x00000007a6ab0000)
 concurrent mark-sweep generation total 393216K, used 25179K [0x00000007a8000000, 0x00000007c0000000, 0x00000007c0000000)
 Metaspace       used 42139K, capacity 43346K, committed 43464K, reserved 1087488K
  class space    used 5206K, capacity 5473K, committed 5576K, reserved 1048576K
}
2022-04-24T23:25:21.406+0800: 418911.835: Total time for which application threads were stopped: 0.0253250 seconds, Stopping threads took: 0.0004308 seconds
{Heap before GC invocations=41 (full 1):
 par new generation   total 109248K, used 87481K [0x00000007a0000000, 0x00000007a8000000, 0x00000007a8000000)
  eden space 87424K, 100% used [0x00000007a0000000, 0x00000007a5560000, 0x00000007a5560000)
  from space 21824K,   0% used [0x00000007a6ab0000, 0x00000007a6abe7b0, 0x00000007a8000000)
  to   space 21824K,   0% used [0x00000007a5560000, 0x00000007a5560000, 0x00000007a6ab0000)
 concurrent mark-sweep generation total 393216K, used 25179K [0x00000007a8000000, 0x00000007c0000000, 0x00000007c0000000)
 Metaspace       used 42139K, capacity 43346K, committed 43464K, reserved 1087488K
  class space    used 5206K, capacity 5473K, committed 5576K, reserved 1048576K
2022-04-25T03:08:34.013+0800: 432116.382: [GC (Allocation Failure) 2022-04-25T03:08:34.014+0800: 432116.383: [ParNew
Desired survivor size 20112992 bytes, new threshold 8 (max 8)
- age   1:      28968 bytes,      28968 total
- age   3:        240 bytes,      29208 total
- age   8:        200 bytes,      29408 total
: 87481K->47K(109248K), 0.0253454 secs] 112661K->25240K(502464K), 0.0268487 secs] [Times: user=0.04 sys=0.03, real=0.03 secs] 
Heap after GC invocations=42 (full 1):
 par new generation   total 109248K, used 47K [0x00000007a0000000, 0x00000007a8000000, 0x00000007a8000000)
  eden space 87424K,   0% used [0x00000007a0000000, 0x00000007a0000000, 0x00000007a5560000)
  from space 21824K,   0% used [0x00000007a5560000, 0x00000007a556be68, 0x00000007a6ab0000)
  to   space 21824K,   0% used [0x00000007a6ab0000, 0x00000007a6ab0000, 0x00000007a8000000)
 concurrent mark-sweep generation total 393216K, used 25193K [0x00000007a8000000, 0x00000007c0000000, 0x00000007c0000000)
 Metaspace       used 42139K, capacity 43346K, committed 43464K, reserved 1087488K
  class space    used 5206K, capacity 5473K, committed 5576K, reserved 1048576K
}
2022-04-25T03:08:34.040+0800: 432116.409: Total time for which application threads were stopped: 0.0340928 seconds, Stopping threads took: 0.0005967 seconds
{Heap before GC invocations=42 (full 1):
 par new generation   total 109248K, used 87471K [0x00000007a0000000, 0x00000007a8000000, 0x00000007a8000000)
  eden space 87424K, 100% used [0x00000007a0000000, 0x00000007a5560000, 0x00000007a5560000)
  from space 21824K,   0% used [0x00000007a5560000, 0x00000007a556be68, 0x00000007a6ab0000)
  to   space 21824K,   0% used [0x00000007a6ab0000, 0x00000007a6ab0000, 0x00000007a8000000)
 concurrent mark-sweep generation total 393216K, used 25193K [0x00000007a8000000, 0x00000007c0000000, 0x00000007c0000000)
 Metaspace       used 42139K, capacity 43346K, committed 43464K, reserved 1087488K
  class space    used 5206K, capacity 5473K, committed 5576K, reserved 1048576K
2022-04-25T13:37:31.262+0800: 445319.843: [GC (Allocation Failure) 2022-04-25T13:37:31.263+0800: 445319.844: [ParNew
Desired survivor size 20112992 bytes, new threshold 8 (max 8)
- age   1:      15672 bytes,      15672 total
- age   4:        240 bytes,      15912 total
: 87471K->24K(109248K), 0.0234563 secs] 112664K->25218K(502464K), 0.0247966 secs] [Times: user=0.05 sys=0.03, real=0.02 secs] 
Heap after GC invocations=43 (full 1):
 par new generation   total 109248K, used 24K [0x00000007a0000000, 0x00000007a8000000, 0x00000007a8000000)
  eden space 87424K,   0% used [0x00000007a0000000, 0x00000007a0000000, 0x00000007a5560000)
  from space 21824K,   0% used [0x00000007a6ab0000, 0x00000007a6ab6380, 0x00000007a8000000)
  to   space 21824K,   0% used [0x00000007a5560000, 0x00000007a5560000, 0x00000007a6ab0000)
 concurrent mark-sweep generation total 393216K, used 25193K [0x00000007a8000000, 0x00000007c0000000, 0x00000007c0000000)
 Metaspace       used 42139K, capacity 43346K, committed 43464K, reserved 1087488K
  class space    used 5206K, capacity 5473K, committed 5576K, reserved 1048576K
}
2022-04-25T13:37:31.287+0800: 445319.868: Total time for which application threads were stopped: 0.0305403 seconds, Stopping threads took: 0.0005590 seconds
{Heap before GC invocations=43 (full 1):
 par new generation   total 109248K, used 87448K [0x00000007a0000000, 0x00000007a8000000, 0x00000007a8000000)
  eden space 87424K, 100% used [0x00000007a0000000, 0x00000007a5560000, 0x00000007a5560000)
  from space 21824K,   0% used [0x00000007a6ab0000, 0x00000007a6ab6380, 0x00000007a8000000)
  to   space 21824K,   0% used [0x00000007a5560000, 0x00000007a5560000, 0x00000007a6ab0000)
 concurrent mark-sweep generation total 393216K, used 25193K [0x00000007a8000000, 0x00000007c0000000, 0x00000007c0000000)
 Metaspace       used 42139K, capacity 43346K, committed 43464K, reserved 1087488K
  class space    used 5206K, capacity 5473K, committed 5576K, reserved 1048576K
2022-04-25T20:56:09.765+0800: 458524.193: [GC (Allocation Failure) 2022-04-25T20:56:09.766+0800: 458524.193: [ParNew
Desired survivor size 20112992 bytes, new threshold 8 (max 8)
- age   1:      15848 bytes,      15848 total
- age   5:        240 bytes,      16088 total
: 87448K->22K(109248K), 0.0313699 secs] 112642K->25215K(502464K), 0.0328070 secs] [Times: user=0.08 sys=0.03, real=0.03 secs] 
Heap after GC invocations=44 (full 1):
 par new generation   total 109248K, used 22K [0x00000007a0000000, 0x00000007a8000000, 0x00000007a8000000)
  eden space 87424K,   0% used [0x00000007a0000000, 0x00000007a0000000, 0x00000007a5560000)
  from space 21824K,   0% used [0x00000007a5560000, 0x00000007a55658b0, 0x00000007a6ab0000)
  to   space 21824K,   0% used [0x00000007a6ab0000, 0x00000007a6ab0000, 0x00000007a8000000)
 concurrent mark-sweep generation total 393216K, used 25193K [0x00000007a8000000, 0x00000007c0000000, 0x00000007c0000000)
 Metaspace       used 42139K, capacity 43346K, committed 43464K, reserved 1087488K
  class space    used 5206K, capacity 5473K, committed 5576K, reserved 1048576K
}
2022-04-25T20:56:09.799+0800: 458524.226: Total time for which application threads were stopped: 0.0393787 seconds, Stopping threads took: 0.0006462 seconds
{Heap before GC invocations=44 (full 1):
 par new generation   total 109248K, used 87446K [0x00000007a0000000, 0x00000007a8000000, 0x00000007a8000000)
  eden space 87424K, 100% used [0x00000007a0000000, 0x00000007a5560000, 0x00000007a5560000)
  from space 21824K,   0% used [0x00000007a5560000, 0x00000007a55658b0, 0x00000007a6ab0000)
  to   space 21824K,   0% used [0x00000007a6ab0000, 0x00000007a6ab0000, 0x00000007a8000000)
 concurrent mark-sweep generation total 393216K, used 25193K [0x00000007a8000000, 0x00000007c0000000, 0x00000007c0000000)
 Metaspace       used 42139K, capacity 43346K, committed 43464K, reserved 1087488K
  class space    used 5206K, capacity 5473K, committed 5576K, reserved 1048576K
2022-04-26T00:43:07.002+0800: 471788.587: [GC (Allocation Failure) 2022-04-26T00:43:07.003+0800: 471788.588: [ParNew
Desired survivor size 20112992 bytes, new threshold 8 (max 8)
- age   1:       6024 bytes,       6024 total
- age   6:        240 bytes,       6264 total
: 87446K->12K(109248K), 0.0238169 secs] 112639K->25205K(502464K), 0.0250850 secs] [Times: user=0.04 sys=0.02, real=0.02 secs] 
Heap after GC invocations=45 (full 1):
 par new generation   total 109248K, used 12K [0x00000007a0000000, 0x00000007a8000000, 0x00000007a8000000)
  eden space 87424K,   0% used [0x00000007a0000000, 0x00000007a0000000, 0x00000007a5560000)
  from space 21824K,   0% used [0x00000007a6ab0000, 0x00000007a6ab3060, 0x00000007a8000000)
  to   space 21824K,   0% used [0x00000007a5560000, 0x00000007a5560000, 0x00000007a6ab0000)
 concurrent mark-sweep generation total 393216K, used 25193K [0x00000007a8000000, 0x00000007c0000000, 0x00000007c0000000)
 Metaspace       used 42139K, capacity 43346K, committed 43464K, reserved 1087488K
  class space    used 5206K, capacity 5473K, committed 5576K, reserved 1048576K
}
2022-04-26T00:43:07.028+0800: 471788.613: Total time for which application threads were stopped: 0.0317224 seconds, Stopping threads took: 0.0006172 seconds
{Heap before GC invocations=45 (full 1):
 par new generation   total 109248K, used 87436K [0x00000007a0000000, 0x00000007a8000000, 0x00000007a8000000)
  eden space 87424K, 100% used [0x00000007a0000000, 0x00000007a5560000, 0x00000007a5560000)
  from space 21824K,   0% used [0x00000007a6ab0000, 0x00000007a6ab3060, 0x00000007a8000000)
  to   space 21824K,   0% used [0x00000007a5560000, 0x00000007a5560000, 0x00000007a6ab0000)
 concurrent mark-sweep generation total 393216K, used 25193K [0x00000007a8000000, 0x00000007c0000000, 0x00000007c0000000)
 Metaspace       used 42139K, capacity 43346K, committed 43464K, reserved 1087488K
  class space    used 5206K, capacity 5473K, committed 5576K, reserved 1048576K
2022-04-26T05:43:02.828+0800: 484992.480: [GC (Allocation Failure) 2022-04-26T05:43:02.829+0800: 484992.482: [ParNew
Desired survivor size 20112992 bytes, new threshold 8 (max 8)
- age   1:       8168 bytes,       8168 total
- age   7:        240 bytes,       8408 total
: 87436K->14K(109248K), 0.0248373 secs] 112629K->25207K(502464K), 0.0268503 secs] [Times: user=0.05 sys=0.03, real=0.03 secs] 
Heap after GC invocations=46 (full 1):
 par new generation   total 109248K, used 14K [0x00000007a0000000, 0x00000007a8000000, 0x00000007a8000000)
  eden space 87424K,   0% used [0x00000007a0000000, 0x00000007a0000000, 0x00000007a5560000)
  from space 21824K,   0% used [0x00000007a5560000, 0x00000007a5563870, 0x00000007a6ab0000)
  to   space 21824K,   0% used [0x00000007a6ab0000, 0x00000007a6ab0000, 0x00000007a8000000)
 concurrent mark-sweep generation total 393216K, used 25193K [0x00000007a8000000, 0x00000007c0000000, 0x00000007c0000000)
 Metaspace       used 42139K, capacity 43346K, committed 43464K, reserved 1087488K
  class space    used 5206K, capacity 5473K, committed 5576K, reserved 1048576K
}
2022-04-26T05:43:02.855+0800: 484992.508: Total time for which application threads were stopped: 0.0321650 seconds, Stopping threads took: 0.0004325 seconds
{Heap before GC invocations=46 (full 1):
 par new generation   total 109248K, used 87438K [0x00000007a0000000, 0x00000007a8000000, 0x00000007a8000000)
  eden space 87424K, 100% used [0x00000007a0000000, 0x00000007a5560000, 0x00000007a5560000)
  from space 21824K,   0% used [0x00000007a5560000, 0x00000007a5563870, 0x00000007a6ab0000)
  to   space 21824K,   0% used [0x00000007a6ab0000, 0x00000007a6ab0000, 0x00000007a8000000)
 concurrent mark-sweep generation total 393216K, used 25193K [0x00000007a8000000, 0x00000007c0000000, 0x00000007c0000000)
 Metaspace       used 42139K, capacity 43346K, committed 43464K, reserved 1087488K
  class space    used 5206K, capacity 5473K, committed 5576K, reserved 1048576K
2022-04-26T22:38:24.970+0800: 498196.439: [GC (Allocation Failure) 2022-04-26T22:38:24.971+0800: 498196.440: [ParNew
Desired survivor size 20112992 bytes, new threshold 8 (max 8)
- age   1:       8416 bytes,       8416 total
- age   8:        240 bytes,       8656 total
: 87438K->14K(109248K), 0.0337346 secs] 112631K->25207K(502464K), 0.0352016 secs] [Times: user=0.07 sys=0.03, real=0.03 secs] 
Heap after GC invocations=47 (full 1):
 par new generation   total 109248K, used 14K [0x00000007a0000000, 0x00000007a8000000, 0x00000007a8000000)
  eden space 87424K,   0% used [0x00000007a0000000, 0x00000007a0000000, 0x00000007a5560000)
  from space 21824K,   0% used [0x00000007a6ab0000, 0x00000007a6ab3870, 0x00000007a8000000)
  to   space 21824K,   0% used [0x00000007a5560000, 0x00000007a5560000, 0x00000007a6ab0000)
 concurrent mark-sweep generation total 393216K, used 25193K [0x00000007a8000000, 0x00000007c0000000, 0x00000007c0000000)
 Metaspace       used 42139K, capacity 43346K, committed 43464K, reserved 1087488K
  class space    used 5206K, capacity 5473K, committed 5576K, reserved 1048576K
}
2022-04-26T22:38:25.005+0800: 498196.474: Total time for which application threads were stopped: 0.0420419 seconds, Stopping threads took: 0.0007348 seconds
{Heap before GC invocations=47 (full 1):
 par new generation   total 109248K, used 87438K [0x00000007a0000000, 0x00000007a8000000, 0x00000007a8000000)
  eden space 87424K, 100% used [0x00000007a0000000, 0x00000007a5560000, 0x00000007a5560000)
  from space 21824K,   0% used [0x00000007a6ab0000, 0x00000007a6ab3870, 0x00000007a8000000)
  to   space 21824K,   0% used [0x00000007a5560000, 0x00000007a5560000, 0x00000007a6ab0000)
 concurrent mark-sweep generation total 393216K, used 25193K [0x00000007a8000000, 0x00000007c0000000, 0x00000007c0000000)
 Metaspace       used 42139K, capacity 43346K, committed 43464K, reserved 1087488K
  class space    used 5206K, capacity 5473K, committed 5576K, reserved 1048576K
2022-04-27T06:38:40.575+0800: 511400.544: [GC (Allocation Failure) 2022-04-27T06:38:40.576+0800: 511400.545: [ParNew
Desired survivor size 20112992 bytes, new threshold 8 (max 8)
- age   1:      15616 bytes,      15616 total
: 87438K->22K(109248K), 0.0319682 secs] 112631K->25215K(502464K), 0.0332882 secs] [Times: user=0.05 sys=0.03, real=0.03 secs] 
Heap after GC invocations=48 (full 1):
 par new generation   total 109248K, used 22K [0x00000007a0000000, 0x00000007a8000000, 0x00000007a8000000)
  eden space 87424K,   0% used [0x00000007a0000000, 0x00000007a0000000, 0x00000007a5560000)
  from space 21824K,   0% used [0x00000007a5560000, 0x00000007a55658b0, 0x00000007a6ab0000)
  to   space 21824K,   0% used [0x00000007a6ab0000, 0x00000007a6ab0000, 0x00000007a8000000)
 concurrent mark-sweep generation total 393216K, used 25193K [0x00000007a8000000, 0x00000007c0000000, 0x00000007c0000000)
 Metaspace       used 42139K, capacity 43346K, committed 43464K, reserved 1087488K
  class space    used 5206K, capacity 5473K, committed 5576K, reserved 1048576K
}
2022-04-27T06:38:40.608+0800: 511400.577: Total time for which application threads were stopped: 0.0435564 seconds, Stopping threads took: 0.0005303 seconds
{Heap before GC invocations=48 (full 1):
 par new generation   total 109248K, used 87446K [0x00000007a0000000, 0x00000007a8000000, 0x00000007a8000000)
  eden space 87424K, 100% used [0x00000007a0000000, 0x00000007a5560000, 0x00000007a5560000)
  from space 21824K,   0% used [0x00000007a5560000, 0x00000007a55658b0, 0x00000007a6ab0000)
  to   space 21824K,   0% used [0x00000007a6ab0000, 0x00000007a6ab0000, 0x00000007a8000000)
 concurrent mark-sweep generation total 393216K, used 25193K [0x00000007a8000000, 0x00000007c0000000, 0x00000007c0000000)
 Metaspace       used 42139K, capacity 43346K, committed 43464K, reserved 1087488K
  class space    used 5206K, capacity 5473K, committed 5576K, reserved 1048576K
2022-04-27T18:08:19.687+0800: 524604.441: [GC (Allocation Failure) 2022-04-27T18:08:19.688+0800: 524604.443: [ParNew
Desired survivor size 20112992 bytes, new threshold 8 (max 8)
- age   1:      17032 bytes,      17032 total
: 87446K->22K(109248K), 0.0258256 secs] 112639K->25215K(502464K), 0.0280880 secs] [Times: user=0.05 sys=0.02, real=0.03 secs] 
Heap after GC invocations=49 (full 1):
 par new generation   total 109248K, used 22K [0x00000007a0000000, 0x00000007a8000000, 0x00000007a8000000)
  eden space 87424K,   0% used [0x00000007a0000000, 0x00000007a0000000, 0x00000007a5560000)
  from space 21824K,   0% used [0x00000007a6ab0000, 0x00000007a6ab58b0, 0x00000007a8000000)
  to   space 21824K,   0% used [0x00000007a5560000, 0x00000007a5560000, 0x00000007a6ab0000)
 concurrent mark-sweep generation total 393216K, used 25193K [0x00000007a8000000, 0x00000007c0000000, 0x00000007c0000000)
 Metaspace       used 42139K, capacity 43346K, committed 43464K, reserved 1087488K
  class space    used 5206K, capacity 5473K, committed 5576K, reserved 1048576K
}
2022-04-27T18:08:19.715+0800: 524604.469: Total time for which application threads were stopped: 0.0353493 seconds, Stopping threads took: 0.0007758 seconds
{Heap before GC invocations=49 (full 1):
 par new generation   total 109248K, used 87446K [0x00000007a0000000, 0x00000007a8000000, 0x00000007a8000000)
  eden space 87424K, 100% used [0x00000007a0000000, 0x00000007a5560000, 0x00000007a5560000)
  from space 21824K,   0% used [0x00000007a6ab0000, 0x00000007a6ab58b0, 0x00000007a8000000)
  to   space 21824K,   0% used [0x00000007a5560000, 0x00000007a5560000, 0x00000007a6ab0000)
 concurrent mark-sweep generation total 393216K, used 25193K [0x00000007a8000000, 0x00000007c0000000, 0x00000007c0000000)
 Metaspace       used 42139K, capacity 43346K, committed 43464K, reserved 1087488K
  class space    used 5206K, capacity 5473K, committed 5576K, reserved 1048576K
2022-04-27T22:59:31.447+0800: 537809.135: [GC (Allocation Failure) 2022-04-27T22:59:31.448+0800: 537809.136: [ParNew
Desired survivor size 20112992 bytes, new threshold 8 (max 8)
- age   1:      17824 bytes,      17824 total
: 87446K->24K(109248K), 0.0264987 secs] 112639K->25217K(502464K), 0.0279414 secs] [Times: user=0.04 sys=0.02, real=0.03 secs] 
Heap after GC invocations=50 (full 1):
 par new generation   total 109248K, used 24K [0x00000007a0000000, 0x00000007a8000000, 0x00000007a8000000)
  eden space 87424K,   0% used [0x00000007a0000000, 0x00000007a0000000, 0x00000007a5560000)
  from space 21824K,   0% used [0x00000007a5560000, 0x00000007a55660c0, 0x00000007a6ab0000)
  to   space 21824K,   0% used [0x00000007a6ab0000, 0x00000007a6ab0000, 0x00000007a8000000)
 concurrent mark-sweep generation total 393216K, used 25193K [0x00000007a8000000, 0x00000007c0000000, 0x00000007c0000000)
 Metaspace       used 42139K, capacity 43346K, committed 43464K, reserved 1087488K
  class space    used 5206K, capacity 5473K, committed 5576K, reserved 1048576K
}
2022-04-27T22:59:31.475+0800: 537809.163: Total time for which application threads were stopped: 0.0363537 seconds, Stopping threads took: 0.0004265 seconds
{Heap before GC invocations=50 (full 1):
 par new generation   total 109248K, used 87448K [0x00000007a0000000, 0x00000007a8000000, 0x00000007a8000000)
  eden space 87424K, 100% used [0x00000007a0000000, 0x00000007a5560000, 0x00000007a5560000)
  from space 21824K,   0% used [0x00000007a5560000, 0x00000007a55660c0, 0x00000007a6ab0000)
  to   space 21824K,   0% used [0x00000007a6ab0000, 0x00000007a6ab0000, 0x00000007a8000000)
 concurrent mark-sweep generation total 393216K, used 25193K [0x00000007a8000000, 0x00000007c0000000, 0x00000007c0000000)
 Metaspace       used 42139K, capacity 43346K, committed 43464K, reserved 1087488K
  class space    used 5206K, capacity 5473K, committed 5576K, reserved 1048576K
2022-04-28T03:57:48.560+0800: 551013.043: [GC (Allocation Failure) 2022-04-28T03:57:48.561+0800: 551013.043: [ParNew
Desired survivor size 20112992 bytes, new threshold 8 (max 8)
- age   1:      22312 bytes,      22312 total
: 87448K->29K(109248K), 0.0243907 secs] 112641K->25223K(502464K), 0.0256582 secs] [Times: user=0.05 sys=0.02, real=0.03 secs] 
Heap after GC invocations=51 (full 1):
 par new generation   total 109248K, used 29K [0x00000007a0000000, 0x00000007a8000000, 0x00000007a8000000)
  eden space 87424K,   0% used [0x00000007a0000000, 0x00000007a0000000, 0x00000007a5560000)
  from space 21824K,   0% used [0x00000007a6ab0000, 0x00000007a6ab7700, 0x00000007a8000000)
  to   space 21824K,   0% used [0x00000007a5560000, 0x00000007a5560000, 0x00000007a6ab0000)
 concurrent mark-sweep generation total 393216K, used 25193K [0x00000007a8000000, 0x00000007c0000000, 0x00000007c0000000)
 Metaspace       used 42139K, capacity 43346K, committed 43464K, reserved 1087488K
  class space    used 5206K, capacity 5473K, committed 5576K, reserved 1048576K
}
2022-04-28T03:57:48.586+0800: 551013.068: Total time for which application threads were stopped: 0.0329013 seconds, Stopping threads took: 0.0004957 seconds
{Heap before GC invocations=51 (full 1):
 par new generation   total 109248K, used 87453K [0x00000007a0000000, 0x00000007a8000000, 0x00000007a8000000)
  eden space 87424K, 100% used [0x00000007a0000000, 0x00000007a5560000, 0x00000007a5560000)
  from space 21824K,   0% used [0x00000007a6ab0000, 0x00000007a6ab7700, 0x00000007a8000000)
  to   space 21824K,   0% used [0x00000007a5560000, 0x00000007a5560000, 0x00000007a6ab0000)
 concurrent mark-sweep generation total 393216K, used 25193K [0x00000007a8000000, 0x00000007c0000000, 0x00000007c0000000)
 Metaspace       used 42139K, capacity 43346K, committed 43464K, reserved 1087488K
  class space    used 5206K, capacity 5473K, committed 5576K, reserved 1048576K
2022-04-28T14:55:12.663+0800: 564217.520: [GC (Allocation Failure) 2022-04-28T14:55:12.664+0800: 564217.521: [ParNew
Desired survivor size 20112992 bytes, new threshold 8 (max 8)
- age   1:      27080 bytes,      27080 total
: 87453K->33K(109248K), 0.0255618 secs] 112647K->25227K(502464K), 0.0268407 secs] [Times: user=0.05 sys=0.02, real=0.03 secs] 
Heap after GC invocations=52 (full 1):
 par new generation   total 109248K, used 33K [0x00000007a0000000, 0x00000007a8000000, 0x00000007a8000000)
  eden space 87424K,   0% used [0x00000007a0000000, 0x00000007a0000000, 0x00000007a5560000)
  from space 21824K,   0% used [0x00000007a5560000, 0x00000007a55685a8, 0x00000007a6ab0000)
  to   space 21824K,   0% used [0x00000007a6ab0000, 0x00000007a6ab0000, 0x00000007a8000000)
 concurrent mark-sweep generation total 393216K, used 25193K [0x00000007a8000000, 0x00000007c0000000, 0x00000007c0000000)
 Metaspace       used 42139K, capacity 43346K, committed 43464K, reserved 1087488K
  class space    used 5206K, capacity 5473K, committed 5576K, reserved 1048576K
}
2022-04-28T14:55:12.690+0800: 564217.547: Total time for which application threads were stopped: 0.0328505 seconds, Stopping threads took: 0.0004915 seconds
{Heap before GC invocations=52 (full 1):
 par new generation   total 109248K, used 87457K [0x00000007a0000000, 0x00000007a8000000, 0x00000007a8000000)
  eden space 87424K, 100% used [0x00000007a0000000, 0x00000007a5560000, 0x00000007a5560000)
  from space 21824K,   0% used [0x00000007a5560000, 0x00000007a55685a8, 0x00000007a6ab0000)
  to   space 21824K,   0% used [0x00000007a6ab0000, 0x00000007a6ab0000, 0x00000007a8000000)
 concurrent mark-sweep generation total 393216K, used 25193K [0x00000007a8000000, 0x00000007c0000000, 0x00000007c0000000)
 Metaspace       used 42139K, capacity 43346K, committed 43464K, reserved 1087488K
  class space    used 5206K, capacity 5473K, committed 5576K, reserved 1048576K
2022-04-28T18:46:23.170+0800: 577421.323: [GC (Allocation Failure) 2022-04-28T18:46:23.171+0800: 577421.324: [ParNew
Desired survivor size 20112992 bytes, new threshold 8 (max 8)
- age   1:      29024 bytes,      29024 total
: 87457K->44K(109248K), 0.0317740 secs] 112651K->25238K(502464K), 0.0330264 secs] [Times: user=0.07 sys=0.03, real=0.03 secs] 
Heap after GC invocations=53 (full 1):
 par new generation   total 109248K, used 44K [0x00000007a0000000, 0x00000007a8000000, 0x00000007a8000000)
  eden space 87424K,   0% used [0x00000007a0000000, 0x00000007a0000000, 0x00000007a5560000)
  from space 21824K,   0% used [0x00000007a6ab0000, 0x00000007a6abb380, 0x00000007a8000000)
  to   space 21824K,   0% used [0x00000007a5560000, 0x00000007a5560000, 0x00000007a6ab0000)
 concurrent mark-sweep generation total 393216K, used 25193K [0x00000007a8000000, 0x00000007c0000000, 0x00000007c0000000)
 Metaspace       used 42139K, capacity 43346K, committed 43464K, reserved 1087488K
  class space    used 5206K, capacity 5473K, committed 5576K, reserved 1048576K
}
2022-04-28T18:46:23.203+0800: 577421.356: Total time for which application threads were stopped: 0.0422224 seconds, Stopping threads took: 0.0005664 seconds
{Heap before GC invocations=53 (full 1):
 par new generation   total 109248K, used 87468K [0x00000007a0000000, 0x00000007a8000000, 0x00000007a8000000)
  eden space 87424K, 100% used [0x00000007a0000000, 0x00000007a5560000, 0x00000007a5560000)
  from space 21824K,   0% used [0x00000007a6ab0000, 0x00000007a6abb380, 0x00000007a8000000)
  to   space 21824K,   0% used [0x00000007a5560000, 0x00000007a5560000, 0x00000007a6ab0000)
 concurrent mark-sweep generation total 393216K, used 25193K [0x00000007a8000000, 0x00000007c0000000, 0x00000007c0000000)
 Metaspace       used 42139K, capacity 43346K, committed 43464K, reserved 1087488K
  class space    used 5206K, capacity 5473K, committed 5576K, reserved 1048576K
2022-04-29T04:12:59.843+0800: 590625.617: [GC (Allocation Failure) 2022-04-29T04:12:59.844+0800: 590625.618: [ParNew
Desired survivor size 20112992 bytes, new threshold 8 (max 8)
- age   1:      29032 bytes,      29032 total
: 87468K->38K(109248K), 0.0227157 secs] 112662K->25231K(502464K), 0.0239553 secs] [Times: user=0.05 sys=0.02, real=0.02 secs] 
Heap after GC invocations=54 (full 1):
 par new generation   total 109248K, used 38K [0x00000007a0000000, 0x00000007a8000000, 0x00000007a8000000)
  eden space 87424K,   0% used [0x00000007a0000000, 0x00000007a0000000, 0x00000007a5560000)
  from space 21824K,   0% used [0x00000007a5560000, 0x00000007a5569840, 0x00000007a6ab0000)
  to   space 21824K,   0% used [0x00000007a6ab0000, 0x00000007a6ab0000, 0x00000007a8000000)
 concurrent mark-sweep generation total 393216K, used 25193K [0x00000007a8000000, 0x00000007c0000000, 0x00000007c0000000)
 Metaspace       used 42139K, capacity 43346K, committed 43464K, reserved 1087488K
  class space    used 5206K, capacity 5473K, committed 5576K, reserved 1048576K
}
2022-04-29T04:12:59.867+0800: 590625.641: Total time for which application threads were stopped: 0.0309301 seconds, Stopping threads took: 0.0005715 seconds
{Heap before GC invocations=54 (full 1):
 par new generation   total 109248K, used 87462K [0x00000007a0000000, 0x00000007a8000000, 0x00000007a8000000)
  eden space 87424K, 100% used [0x00000007a0000000, 0x00000007a5560000, 0x00000007a5560000)
  from space 21824K,   0% used [0x00000007a5560000, 0x00000007a5569840, 0x00000007a6ab0000)
  to   space 21824K,   0% used [0x00000007a6ab0000, 0x00000007a6ab0000, 0x00000007a8000000)
 concurrent mark-sweep generation total 393216K, used 25193K [0x00000007a8000000, 0x00000007c0000000, 0x00000007c0000000)
 Metaspace       used 42139K, capacity 43346K, committed 43464K, reserved 1087488K
  class space    used 5206K, capacity 5473K, committed 5576K, reserved 1048576K
2022-04-30T04:02:21.536+0800: 603829.583: [GC (Allocation Failure) 2022-04-30T04:02:21.538+0800: 603829.585: [ParNew
Desired survivor size 20112992 bytes, new threshold 8 (max 8)
- age   1:      28936 bytes,      28936 total
: 87462K->37K(109248K), 0.0308770 secs] 112655K->25231K(502464K), 0.0327905 secs] [Times: user=0.07 sys=0.03, real=0.03 secs] 
Heap after GC invocations=55 (full 1):
 par new generation   total 109248K, used 37K [0x00000007a0000000, 0x00000007a8000000, 0x00000007a8000000)
  eden space 87424K,   0% used [0x00000007a0000000, 0x00000007a0000000, 0x00000007a5560000)
  from space 21824K,   0% used [0x00000007a6ab0000, 0x00000007a6ab97f0, 0x00000007a8000000)
  to   space 21824K,   0% used [0x00000007a5560000, 0x00000007a5560000, 0x00000007a6ab0000)
 concurrent mark-sweep generation total 393216K, used 25193K [0x00000007a8000000, 0x00000007c0000000, 0x00000007c0000000)
 Metaspace       used 42139K, capacity 43346K, committed 43464K, reserved 1087488K
  class space    used 5206K, capacity 5473K, committed 5576K, reserved 1048576K
}
2022-04-30T04:02:21.570+0800: 603829.616: Total time for which application threads were stopped: 0.0423982 seconds, Stopping threads took: 0.0006929 seconds
{Heap before GC invocations=55 (full 1):
 par new generation   total 109248K, used 87461K [0x00000007a0000000, 0x00000007a8000000, 0x00000007a8000000)
  eden space 87424K, 100% used [0x00000007a0000000, 0x00000007a5560000, 0x00000007a5560000)
  from space 21824K,   0% used [0x00000007a6ab0000, 0x00000007a6ab97f0, 0x00000007a8000000)
  to   space 21824K,   0% used [0x00000007a5560000, 0x00000007a5560000, 0x00000007a6ab0000)
 concurrent mark-sweep generation total 393216K, used 25193K [0x00000007a8000000, 0x00000007c0000000, 0x00000007c0000000)
 Metaspace       used 42139K, capacity 43346K, committed 43464K, reserved 1087488K
  class space    used 5206K, capacity 5473K, committed 5576K, reserved 1048576K
2022-04-30T08:07:19.484+0800: 617034.498: [GC (Allocation Failure) 2022-04-30T08:07:19.485+0800: 617034.499: [ParNew
Desired survivor size 20112992 bytes, new threshold 8 (max 8)
- age   1:      29016 bytes,      29016 total
: 87461K->38K(109248K), 0.0251812 secs] 112655K->25232K(502464K), 0.0263603 secs] [Times: user=0.05 sys=0.02, real=0.03 secs] 
Heap after GC invocations=56 (full 1):
 par new generation   total 109248K, used 38K [0x00000007a0000000, 0x00000007a8000000, 0x00000007a8000000)
  eden space 87424K,   0% used [0x00000007a0000000, 0x00000007a0000000, 0x00000007a5560000)
  from space 21824K,   0% used [0x00000007a5560000, 0x00000007a5569ab0, 0x00000007a6ab0000)
  to   space 21824K,   0% used [0x00000007a6ab0000, 0x00000007a6ab0000, 0x00000007a8000000)
 concurrent mark-sweep generation total 393216K, used 25193K [0x00000007a8000000, 0x00000007c0000000, 0x00000007c0000000)
 Metaspace       used 42139K, capacity 43346K, committed 43464K, reserved 1087488K
  class space    used 5206K, capacity 5473K, committed 5576K, reserved 1048576K
}
2022-04-30T08:07:19.510+0800: 617034.524: Total time for which application threads were stopped: 0.0318443 seconds, Stopping threads took: 0.0004153 seconds
{Heap before GC invocations=56 (full 1):
 par new generation   total 109248K, used 87462K [0x00000007a0000000, 0x00000007a8000000, 0x00000007a8000000)
  eden space 87424K, 100% used [0x00000007a0000000, 0x00000007a5560000, 0x00000007a5560000)
  from space 21824K,   0% used [0x00000007a5560000, 0x00000007a5569ab0, 0x00000007a6ab0000)
  to   space 21824K,   0% used [0x00000007a6ab0000, 0x00000007a6ab0000, 0x00000007a8000000)
 concurrent mark-sweep generation total 393216K, used 25193K [0x00000007a8000000, 0x00000007c0000000, 0x00000007c0000000)
 Metaspace       used 42139K, capacity 43346K, committed 43464K, reserved 1087488K
  class space    used 5206K, capacity 5473K, committed 5576K, reserved 1048576K
2022-04-30T14:28:33.872+0800: 630238.831: [GC (Allocation Failure) 2022-04-30T14:28:33.873+0800: 630238.832: [ParNew
Desired survivor size 20112992 bytes, new threshold 8 (max 8)
- age   1:      15736 bytes,      15736 total
: 87462K->28K(109248K), 0.0467712 secs] 112656K->25221K(502464K), 0.0475638 secs] [Times: user=0.10 sys=0.04, real=0.05 secs] 
Heap after GC invocations=57 (full 1):
 par new generation   total 109248K, used 28K [0x00000007a0000000, 0x00000007a8000000, 0x00000007a8000000)
  eden space 87424K,   0% used [0x00000007a0000000, 0x00000007a0000000, 0x00000007a5560000)
  from space 21824K,   0% used [0x00000007a6ab0000, 0x00000007a6ab7140, 0x00000007a8000000)
  to   space 21824K,   0% used [0x00000007a5560000, 0x00000007a5560000, 0x00000007a6ab0000)
 concurrent mark-sweep generation total 393216K, used 25193K [0x00000007a8000000, 0x00000007c0000000, 0x00000007c0000000)
 Metaspace       used 42139K, capacity 43346K, committed 43464K, reserved 1087488K
  class space    used 5206K, capacity 5473K, committed 5576K, reserved 1048576K
}
2022-04-30T14:28:33.920+0800: 630238.879: Total time for which application threads were stopped: 0.0517259 seconds, Stopping threads took: 0.0003732 seconds
2022-05-01T03:56:57.834+0800: 641830.366: Total time for which application threads were stopped: 0.0013204 seconds, Stopping threads took: 0.0001554 seconds
2022-05-01T03:56:58.723+0800: 641831.254: Total time for which application threads were stopped: 0.0012084 seconds, Stopping threads took: 0.0004850 seconds
2022-05-01T03:56:58.724+0800: 641831.255: Total time for which application threads were stopped: 0.0005867 seconds, Stopping threads took: 0.0004638 seconds
2022-05-01T03:56:58.748+0800: 641831.279: Total time for which application threads were stopped: 0.0002138 seconds, Stopping threads took: 0.0000263 seconds
2022-05-01T03:56:58.748+0800: 641831.279: Total time for which application threads were stopped: 0.0000560 seconds, Stopping threads took: 0.0000124 seconds
2022-05-01T03:56:59.754+0800: 641832.285: Total time for which application threads were stopped: 0.0009498 seconds, Stopping threads took: 0.0000431 seconds
2022-05-01T03:57:20.819+0800: 641853.351: Total time for which application threads were stopped: 0.0007818 seconds, Stopping threads took: 0.0000484 seconds
2022-05-01T03:57:21.825+0800: 641854.357: Total time for which application threads were stopped: 0.0010717 seconds, Stopping threads took: 0.0000417 seconds
2022-05-01T03:57:50.948+0800: 641883.481: Total time for which application threads were stopped: 0.0019813 seconds, Stopping threads took: 0.0003842 seconds
2022-05-01T03:57:58.755+0800: 641891.288: Total time for which application threads were stopped: 0.0007164 seconds, Stopping threads took: 0.0000413 seconds
2022-05-01T03:58:50.938+0800: 641943.473: Total time for which application threads were stopped: 0.0015187 seconds, Stopping threads took: 0.0002866 seconds
2022-05-01T03:58:58.973+0800: 641951.508: Total time for which application threads were stopped: 0.0013980 seconds, Stopping threads took: 0.0000715 seconds
2022-05-01T03:59:24.053+0800: 641976.589: Total time for which application threads were stopped: 0.0007934 seconds, Stopping threads took: 0.0000493 seconds
{Heap before GC invocations=57 (full 1):
 par new generation   total 109248K, used 87452K [0x00000007a0000000, 0x00000007a8000000, 0x00000007a8000000)
  eden space 87424K, 100% used [0x00000007a0000000, 0x00000007a5560000, 0x00000007a5560000)
  from space 21824K,   0% used [0x00000007a6ab0000, 0x00000007a6ab7140, 0x00000007a8000000)
  to   space 21824K,   0% used [0x00000007a5560000, 0x00000007a5560000, 0x00000007a6ab0000)
 concurrent mark-sweep generation total 393216K, used 25193K [0x00000007a8000000, 0x00000007c0000000, 0x00000007c0000000)
 Metaspace       used 42242K, capacity 43474K, committed 43720K, reserved 1087488K
  class space    used 5208K, capacity 5473K, committed 5576K, reserved 1048576K
2022-05-01T04:00:40.403+0800: 642052.941: [GC (Allocation Failure) 2022-05-01T04:00:40.407+0800: 642052.945: [ParNew
Desired survivor size 20112992 bytes, new threshold 8 (max 8)
- age   1:     608128 bytes,     608128 total
: 87452K->607K(109248K), 0.0421625 secs] 112645K->25800K(502464K), 0.0462162 secs] [Times: user=0.07 sys=0.04, real=0.04 secs] 
Heap after GC invocations=58 (full 1):
 par new generation   total 109248K, used 607K [0x00000007a0000000, 0x00000007a8000000, 0x00000007a8000000)
  eden space 87424K,   0% used [0x00000007a0000000, 0x00000007a0000000, 0x00000007a5560000)
  from space 21824K,   2% used [0x00000007a5560000, 0x00000007a55f7cd0, 0x00000007a6ab0000)
  to   space 21824K,   0% used [0x00000007a6ab0000, 0x00000007a6ab0000, 0x00000007a8000000)
 concurrent mark-sweep generation total 393216K, used 25193K [0x00000007a8000000, 0x00000007c0000000, 0x00000007c0000000)
 Metaspace       used 42242K, capacity 43474K, committed 43720K, reserved 1087488K
  class space    used 5208K, capacity 5473K, committed 5576K, reserved 1048576K
}
2022-05-01T04:00:40.449+0800: 642052.988: Total time for which application threads were stopped: 0.0475060 seconds, Stopping threads took: 0.0001078 seconds
2022-05-01T04:00:41.455+0800: 642053.994: Total time for which application threads were stopped: 0.0009264 seconds, Stopping threads took: 0.0000659 seconds
2022-05-01T04:20:51.558+0800: 643264.133: Total time for which application threads were stopped: 0.0027475 seconds, Stopping threads took: 0.0005841 seconds
2022-05-01T04:26:50.858+0800: 643623.444: Total time for which application threads were stopped: 0.0023744 seconds, Stopping threads took: 0.0005230 seconds
2022-05-01T04:32:24.008+0800: 643956.604: Total time for which application threads were stopped: 0.0016312 seconds, Stopping threads took: 0.0003970 seconds
2022-05-01T18:40:55.637+0800: 645004.190: Total time for which application threads were stopped: 0.0030195 seconds, Stopping threads took: 0.0005353 seconds
2022-05-01T18:41:01.666+0800: 645010.220: Total time for which application threads were stopped: 0.0006714 seconds, Stopping threads took: 0.0000809 seconds
2022-05-01T18:41:04.679+0800: 645013.233: Total time for which application threads were stopped: 0.0006669 seconds, Stopping threads took: 0.0000850 seconds
2022-05-01T18:42:04.889+0800: 645073.445: Total time for which application threads were stopped: 0.0007253 seconds, Stopping threads took: 0.0000603 seconds
2022-05-01T18:42:56.149+0800: 645124.707: Total time for which application threads were stopped: 0.0006555 seconds, Stopping threads took: 0.0000647 seconds
2022-05-01T18:51:04.587+0800: 645613.166: Total time for which application threads were stopped: 0.0026924 seconds, Stopping threads took: 0.0005647 seconds
2022-05-03T06:36:27.986+0800: 649386.586: Total time for which application threads were stopped: 0.0059983 seconds, Stopping threads took: 0.0002249 seconds
2022-05-03T06:37:28.160+0800: 649446.761: Total time for which application threads were stopped: 0.0032067 seconds, Stopping threads took: 0.0005227 seconds
{Heap before GC invocations=58 (full 1):
 par new generation   total 109248K, used 88031K [0x00000007a0000000, 0x00000007a8000000, 0x00000007a8000000)
  eden space 87424K, 100% used [0x00000007a0000000, 0x00000007a5560000, 0x00000007a5560000)
  from space 21824K,   2% used [0x00000007a5560000, 0x00000007a55f7cd0, 0x00000007a6ab0000)
  to   space 21824K,   0% used [0x00000007a6ab0000, 0x00000007a6ab0000, 0x00000007a8000000)
 concurrent mark-sweep generation total 393216K, used 25193K [0x00000007a8000000, 0x00000007c0000000, 0x00000007c0000000)
 Metaspace       used 42243K, capacity 43474K, committed 43720K, reserved 1087488K
  class space    used 5208K, capacity 5473K, committed 5576K, reserved 1048576K
2022-05-03T12:48:26.557+0800: 655028.010: [GC (Allocation Failure) 2022-05-03T12:48:26.558+0800: 655028.011: [ParNew
Desired survivor size 20112992 bytes, new threshold 8 (max 8)
- age   1:      29504 bytes,      29504 total
- age   2:     407360 bytes,     436864 total
: 88031K->630K(109248K), 0.0489783 secs] 113224K->25824K(502464K), 0.0503259 secs] [Times: user=0.07 sys=0.04, real=0.05 secs] 
Heap after GC invocations=59 (full 1):
 par new generation   total 109248K, used 630K [0x00000007a0000000, 0x00000007a8000000, 0x00000007a8000000)
  eden space 87424K,   0% used [0x00000007a0000000, 0x00000007a0000000, 0x00000007a5560000)
  from space 21824K,   2% used [0x00000007a6ab0000, 0x00000007a6b4db48, 0x00000007a8000000)
  to   space 21824K,   0% used [0x00000007a5560000, 0x00000007a5560000, 0x00000007a6ab0000)
 concurrent mark-sweep generation total 393216K, used 25193K [0x00000007a8000000, 0x00000007c0000000, 0x00000007c0000000)
 Metaspace       used 42243K, capacity 43474K, committed 43720K, reserved 1087488K
  class space    used 5208K, capacity 5473K, committed 5576K, reserved 1048576K
}
2022-05-03T12:48:26.608+0800: 655028.061: Total time for which application threads were stopped: 0.0599858 seconds, Stopping threads took: 0.0003875 seconds
2022-05-03T20:47:12.506+0800: 656135.672: Total time for which application threads were stopped: 0.0033278 seconds, Stopping threads took: 0.0003867 seconds
2022-05-03T20:47:59.676+0800: 656182.843: Total time for which application threads were stopped: 0.0014422 seconds, Stopping threads took: 0.0001390 seconds
2022-05-03T20:48:03.690+0800: 656186.857: Total time for which application threads were stopped: 0.0013908 seconds, Stopping threads took: 0.0001159 seconds
2022-05-03T20:49:10.908+0800: 656254.079: Total time for which application threads were stopped: 0.0016617 seconds, Stopping threads took: 0.0001105 seconds
2022-05-03T20:49:20.700+0800: 656263.871: Total time for which application threads were stopped: 0.0014513 seconds, Stopping threads took: 0.0000287 seconds
2022-05-03T20:49:25.721+0800: 656268.893: Total time for which application threads were stopped: 0.0011869 seconds, Stopping threads took: 0.0000431 seconds
2022-05-03T20:51:59.343+0800: 656422.521: Total time for which application threads were stopped: 0.0063874 seconds, Stopping threads took: 0.0000196 seconds
2022-05-03T20:52:00.348+0800: 656423.527: Total time for which application threads were stopped: 0.0007860 seconds, Stopping threads took: 0.0000295 seconds
2022-05-03T20:52:02.355+0800: 656425.533: Total time for which application threads were stopped: 0.0007377 seconds, Stopping threads took: 0.0000353 seconds
2022-05-03T20:55:40.082+0800: 656643.271: Total time for which application threads were stopped: 0.0008142 seconds, Stopping threads took: 0.0000390 seconds
2022-05-03T20:55:53.133+0800: 656656.323: Total time for which application threads were stopped: 0.0017891 seconds, Stopping threads took: 0.0001387 seconds
2022-05-03T20:56:28.254+0800: 656691.445: Total time for which application threads were stopped: 0.0007853 seconds, Stopping threads took: 0.0001062 seconds
2022-05-03T20:56:35.274+0800: 656698.466: Total time for which application threads were stopped: 0.0011193 seconds, Stopping threads took: 0.0000533 seconds
2022-05-03T20:58:32.719+0800: 656815.916: Total time for which application threads were stopped: 0.0007816 seconds, Stopping threads took: 0.0000398 seconds
2022-05-03T20:58:37.740+0800: 656820.938: Total time for which application threads were stopped: 0.0005311 seconds, Stopping threads took: 0.0000347 seconds
2022-05-03T20:58:38.746+0800: 656821.944: Total time for which application threads were stopped: 0.0011060 seconds, Stopping threads took: 0.0000930 seconds
2022-05-03T21:01:40.450+0800: 657003.587: Total time for which application threads were stopped: 0.0010823 seconds, Stopping threads took: 0.0000551 seconds
2022-05-03T21:02:03.539+0800: 657026.677: Total time for which application threads were stopped: 0.0016792 seconds, Stopping threads took: 0.0001028 seconds
2022-05-03T21:02:04.542+0800: 657027.680: Total time for which application threads were stopped: 0.0006618 seconds, Stopping threads took: 0.0000290 seconds
2022-05-03T21:02:05.548+0800: 657028.686: Total time for which application threads were stopped: 0.0011339 seconds, Stopping threads took: 0.0000423 seconds
2022-05-03T21:02:06.554+0800: 657029.692: Total time for which application threads were stopped: 0.0007187 seconds, Stopping threads took: 0.0000333 seconds
2022-05-03T21:02:08.564+0800: 657031.702: Total time for which application threads were stopped: 0.0008438 seconds, Stopping threads took: 0.0000518 seconds
2022-05-03T21:02:11.092+0800: 657034.231: Total time for which application threads were stopped: 0.0006575 seconds, Stopping threads took: 0.0000220 seconds
2022-05-03T21:02:13.104+0800: 657036.242: Total time for which application threads were stopped: 0.0012417 seconds, Stopping threads took: 0.0000477 seconds
2022-05-03T21:04:45.645+0800: 657188.787: Total time for which application threads were stopped: 0.0038825 seconds, Stopping threads took: 0.0024022 seconds
2022-05-03T21:10:05.731+0800: 657508.882: Total time for which application threads were stopped: 0.0015975 seconds, Stopping threads took: 0.0002644 seconds
2022-05-03T21:10:10.748+0800: 657513.899: Total time for which application threads were stopped: 0.0008264 seconds, Stopping threads took: 0.0000454 seconds
2022-05-03T21:10:19.781+0800: 657522.933: Total time for which application threads were stopped: 0.0014958 seconds, Stopping threads took: 0.0000811 seconds
2022-05-03T21:12:51.287+0800: 657674.443: Total time for which application threads were stopped: 0.0007650 seconds, Stopping threads took: 0.0000405 seconds
2022-05-03T21:12:52.288+0800: 657675.444: Total time for which application threads were stopped: 0.0010374 seconds, Stopping threads took: 0.0000449 seconds
2022-05-03T21:13:01.652+0800: 657684.808: Total time for which application threads were stopped: 0.0005621 seconds, Stopping threads took: 0.0000229 seconds
2022-05-03T21:13:01.652+0800: 657684.808: Total time for which application threads were stopped: 0.0001218 seconds, Stopping threads took: 0.0000179 seconds
2022-05-03T21:13:10.680+0800: 657693.836: Total time for which application threads were stopped: 0.0014565 seconds, Stopping threads took: 0.0000776 seconds
2022-05-03T21:13:11.683+0800: 657694.839: Total time for which application threads were stopped: 0.0019321 seconds, Stopping threads took: 0.0000785 seconds
2022-05-03T21:13:15.702+0800: 657698.859: Total time for which application threads were stopped: 0.0009961 seconds, Stopping threads took: 0.0000422 seconds
2022-05-03T21:13:19.719+0800: 657702.875: Total time for which application threads were stopped: 0.0010468 seconds, Stopping threads took: 0.0000422 seconds
2022-05-03T21:19:32.012+0800: 658075.179: Total time for which application threads were stopped: 0.0009595 seconds, Stopping threads took: 0.0000399 seconds
2022-05-03T21:19:39.861+0800: 658083.028: Total time for which application threads were stopped: 0.0008713 seconds, Stopping threads took: 0.0000278 seconds
2022-05-03T21:21:52.320+0800: 658215.491: Total time for which application threads were stopped: 0.0015520 seconds, Stopping threads took: 0.0002553 seconds
2022-05-03T21:23:58.761+0800: 658341.935: Total time for which application threads were stopped: 0.0010075 seconds, Stopping threads took: 0.0000322 seconds
2022-05-03T21:24:06.792+0800: 658349.966: Total time for which application threads were stopped: 0.0007437 seconds, Stopping threads took: 0.0000581 seconds
2022-05-03T21:29:26.900+0800: 658670.083: Total time for which application threads were stopped: 0.0030066 seconds, Stopping threads took: 0.0002627 seconds
2022-05-03T21:31:20.380+0800: 658783.566: Total time for which application threads were stopped: 0.0027294 seconds, Stopping threads took: 0.0001834 seconds
2022-05-03T21:31:30.418+0800: 658793.604: Total time for which application threads were stopped: 0.0016844 seconds, Stopping threads took: 0.0000768 seconds
2022-05-03T21:31:41.467+0800: 658804.654: Total time for which application threads were stopped: 0.0016353 seconds, Stopping threads took: 0.0000796 seconds
2022-05-03T21:31:46.487+0800: 658809.673: Total time for which application threads were stopped: 0.0009315 seconds, Stopping threads took: 0.0000333 seconds
2022-05-03T21:32:16.778+0800: 658839.965: Total time for which application threads were stopped: 0.0044970 seconds, Stopping threads took: 0.0017413 seconds
2022-05-03T21:32:17.389+0800: 658840.576: Total time for which application threads were stopped: 0.0013024 seconds, Stopping threads took: 0.0001739 seconds
2022-05-03T21:32:17.389+0800: 658840.577: Total time for which application threads were stopped: 0.0004600 seconds, Stopping threads took: 0.0003094 seconds
2022-05-03T21:32:17.415+0800: 658840.603: Total time for which application threads were stopped: 0.0010222 seconds, Stopping threads took: 0.0006694 seconds
2022-05-03T21:32:17.416+0800: 658840.604: Total time for which application threads were stopped: 0.0003405 seconds, Stopping threads took: 0.0000213 seconds
2022-05-03T21:33:02.558+0800: 658885.747: Total time for which application threads were stopped: 0.0016154 seconds, Stopping threads took: 0.0001590 seconds
2022-05-03T21:33:16.613+0800: 658899.803: Total time for which application threads were stopped: 0.0009460 seconds, Stopping threads took: 0.0000426 seconds
2022-05-03T21:33:17.421+0800: 658900.610: Total time for which application threads were stopped: 0.0005721 seconds, Stopping threads took: 0.0000322 seconds
2022-05-03T21:33:29.466+0800: 658912.655: Total time for which application threads were stopped: 0.0014988 seconds, Stopping threads took: 0.0000445 seconds
2022-05-03T21:34:17.640+0800: 658960.831: Total time for which application threads were stopped: 0.0017820 seconds, Stopping threads took: 0.0000852 seconds
2022-05-03T21:34:22.663+0800: 658965.854: Total time for which application threads were stopped: 0.0017143 seconds, Stopping threads took: 0.0000888 seconds
2022-05-03T22:24:51.900+0800: 660045.671: Total time for which application threads were stopped: 0.0033779 seconds, Stopping threads took: 0.0004351 seconds
2022-05-03T22:24:59.935+0800: 660053.705: Total time for which application threads were stopped: 0.0020109 seconds, Stopping threads took: 0.0000819 seconds
2022-05-03T22:25:09.642+0800: 660063.412: Total time for which application threads were stopped: 0.0023288 seconds, Stopping threads took: 0.0009683 seconds
2022-05-03T22:25:09.669+0800: 660063.440: Total time for which application threads were stopped: 0.0014221 seconds, Stopping threads took: 0.0001071 seconds
2022-05-03T22:25:09.671+0800: 660063.441: Total time for which application threads were stopped: 0.0003960 seconds, Stopping threads took: 0.0002581 seconds
2022-05-03T22:25:09.672+0800: 660063.442: Total time for which application threads were stopped: 0.0004394 seconds, Stopping threads took: 0.0003241 seconds
2022-05-03T22:25:09.673+0800: 660063.443: Total time for which application threads were stopped: 0.0003793 seconds, Stopping threads took: 0.0002487 seconds
2022-05-03T22:25:09.675+0800: 660063.446: Total time for which application threads were stopped: 0.0004663 seconds, Stopping threads took: 0.0001590 seconds
2022-05-03T22:25:09.679+0800: 660063.450: Total time for which application threads were stopped: 0.0006341 seconds, Stopping threads took: 0.0001455 seconds
2022-05-03T22:25:09.680+0800: 660063.451: Total time for which application threads were stopped: 0.0004502 seconds, Stopping threads took: 0.0002607 seconds
2022-05-03T22:25:09.681+0800: 660063.452: Total time for which application threads were stopped: 0.0005886 seconds, Stopping threads took: 0.0004386 seconds
2022-05-03T22:25:09.683+0800: 660063.454: Total time for which application threads were stopped: 0.0006711 seconds, Stopping threads took: 0.0005139 seconds
2022-05-03T22:25:09.686+0800: 660063.457: Total time for which application threads were stopped: 0.0011790 seconds, Stopping threads took: 0.0009811 seconds
2022-05-03T22:25:09.688+0800: 660063.458: Total time for which application threads were stopped: 0.0003007 seconds, Stopping threads took: 0.0001634 seconds
2022-05-03T22:25:09.688+0800: 660063.459: Total time for which application threads were stopped: 0.0001711 seconds, Stopping threads took: 0.0000627 seconds
2022-05-03T22:25:09.690+0800: 660063.460: Total time for which application threads were stopped: 0.0004309 seconds, Stopping threads took: 0.0002527 seconds
2022-05-03T22:25:09.692+0800: 660063.463: Total time for which application threads were stopped: 0.0004537 seconds, Stopping threads took: 0.0000186 seconds
2022-05-03T22:25:09.693+0800: 660063.464: Total time for which application threads were stopped: 0.0001782 seconds, Stopping threads took: 0.0000127 seconds
2022-05-03T22:25:09.707+0800: 660063.477: Total time for which application threads were stopped: 0.0001919 seconds, Stopping threads took: 0.0000242 seconds
2022-05-03T22:25:09.707+0800: 660063.477: Total time for which application threads were stopped: 0.0000358 seconds, Stopping threads took: 0.0000038 seconds
2022-05-03T22:25:09.721+0800: 660063.491: Total time for which application threads were stopped: 0.0004114 seconds, Stopping threads took: 0.0001076 seconds
2022-05-03T22:25:09.721+0800: 660063.492: Total time for which application threads were stopped: 0.0001465 seconds, Stopping threads took: 0.0000843 seconds
2022-05-03T22:25:09.750+0800: 660063.520: Total time for which application threads were stopped: 0.0008547 seconds, Stopping threads took: 0.0002286 seconds
2022-05-03T22:25:09.750+0800: 660063.520: Total time for which application threads were stopped: 0.0002024 seconds, Stopping threads took: 0.0000970 seconds
2022-05-03T22:25:09.750+0800: 660063.521: Total time for which application threads were stopped: 0.0005681 seconds, Stopping threads took: 0.0005213 seconds
2022-05-03T22:25:09.751+0800: 660063.521: Total time for which application threads were stopped: 0.0001195 seconds, Stopping threads took: 0.0000351 seconds
2022-05-03T22:25:09.752+0800: 660063.523: Total time for which application threads were stopped: 0.0000878 seconds, Stopping threads took: 0.0000104 seconds
2022-05-03T22:25:09.760+0800: 660063.530: Total time for which application threads were stopped: 0.0002510 seconds, Stopping threads took: 0.0000575 seconds
2022-05-03T22:25:09.760+0800: 660063.531: Total time for which application threads were stopped: 0.0002401 seconds, Stopping threads took: 0.0001463 seconds
2022-05-03T22:25:12.919+0800: 660066.689: Total time for which application threads were stopped: 0.0007725 seconds, Stopping threads took: 0.0001436 seconds
2022-05-03T22:25:12.919+0800: 660066.690: Total time for which application threads were stopped: 0.0002284 seconds, Stopping threads took: 0.0001553 seconds
2022-05-03T22:25:12.929+0800: 660066.700: Total time for which application threads were stopped: 0.0005470 seconds, Stopping threads took: 0.0001483 seconds
2022-05-03T22:25:12.930+0800: 660066.700: Total time for which application threads were stopped: 0.0002910 seconds, Stopping threads took: 0.0001340 seconds
2022-05-03T22:26:12.936+0800: 660126.708: Total time for which application threads were stopped: 0.0013472 seconds, Stopping threads took: 0.0001890 seconds
2022-05-03T22:26:25.970+0800: 660139.743: Total time for which application threads were stopped: 0.0014260 seconds, Stopping threads took: 0.0000707 seconds
2022-05-03T22:26:38.373+0800: 660152.146: Total time for which application threads were stopped: 0.0012509 seconds, Stopping threads took: 0.0000293 seconds
2022-05-03T22:26:38.374+0800: 660152.147: Total time for which application threads were stopped: 0.0002767 seconds, Stopping threads took: 0.0000095 seconds
2022-05-03T22:26:43.391+0800: 660157.164: Total time for which application threads were stopped: 0.0004918 seconds, Stopping threads took: 0.0000289 seconds
2022-05-03T23:06:30.985+0800: 662544.781: Total time for which application threads were stopped: 0.0008419 seconds, Stopping threads took: 0.0000909 seconds
2022-05-03T23:06:36.005+0800: 662549.801: Total time for which application threads were stopped: 0.0015850 seconds, Stopping threads took: 0.0000979 seconds
2022-05-03T23:12:15.815+0800: 662889.617: Total time for which application threads were stopped: 0.0032234 seconds, Stopping threads took: 0.0001657 seconds
2022-05-03T23:12:15.815+0800: 662889.617: Total time for which application threads were stopped: 0.0003905 seconds, Stopping threads took: 0.0000076 seconds
2022-05-03T23:12:17.513+0800: 662891.314: Total time for which application threads were stopped: 0.0009121 seconds, Stopping threads took: 0.0001680 seconds
2022-05-03T23:12:17.513+0800: 662891.315: Total time for which application threads were stopped: 0.0000476 seconds, Stopping threads took: 0.0000113 seconds
2022-05-03T23:12:17.525+0800: 662891.327: Total time for which application threads were stopped: 0.0008470 seconds, Stopping threads took: 0.0005389 seconds
2022-05-03T23:12:17.525+0800: 662891.327: Total time for which application threads were stopped: 0.0003405 seconds, Stopping threads took: 0.0003038 seconds
2022-05-03T23:12:31.166+0800: 662904.968: Total time for which application threads were stopped: 0.0012274 seconds, Stopping threads took: 0.0000238 seconds
2022-05-03T23:12:31.166+0800: 662904.969: Total time for which application threads were stopped: 0.0002369 seconds, Stopping threads took: 0.0000084 seconds
2022-05-03T23:13:06.972+0800: 662940.775: Total time for which application threads were stopped: 0.0007349 seconds, Stopping threads took: 0.0001643 seconds
2022-05-03T23:13:06.973+0800: 662940.775: Total time for which application threads were stopped: 0.0002497 seconds, Stopping threads took: 0.0001836 seconds
2022-05-03T23:13:06.983+0800: 662940.786: Total time for which application threads were stopped: 0.0002974 seconds, Stopping threads took: 0.0001228 seconds
2022-05-03T23:13:06.983+0800: 662940.786: Total time for which application threads were stopped: 0.0001558 seconds, Stopping threads took: 0.0000825 seconds
2022-05-03T23:13:15.013+0800: 662948.816: Total time for which application threads were stopped: 0.0013745 seconds, Stopping threads took: 0.0000478 seconds
2022-05-03T23:14:06.992+0800: 663000.795: Total time for which application threads were stopped: 0.0026829 seconds, Stopping threads took: 0.0002791 seconds
2022-05-03T23:16:01.737+0800: 663115.542: Total time for which application threads were stopped: 0.0004089 seconds, Stopping threads took: 0.0000720 seconds
2022-05-03T23:16:01.737+0800: 663115.543: Total time for which application threads were stopped: 0.0000510 seconds, Stopping threads took: 0.0000121 seconds
2022-05-03T23:16:01.737+0800: 663115.543: Total time for which application threads were stopped: 0.0000607 seconds, Stopping threads took: 0.0000403 seconds
2022-05-03T23:16:01.779+0800: 663115.585: Total time for which application threads were stopped: 0.0003998 seconds, Stopping threads took: 0.0000107 seconds
2022-05-03T23:16:01.796+0800: 663115.601: Total time for which application threads were stopped: 0.0001482 seconds, Stopping threads took: 0.0000112 seconds
2022-05-03T23:16:01.798+0800: 663115.604: Total time for which application threads were stopped: 0.0000249 seconds, Stopping threads took: 0.0000042 seconds
2022-05-03T23:16:01.798+0800: 663115.604: Total time for which application threads were stopped: 0.0000170 seconds, Stopping threads took: 0.0000023 seconds
2022-05-03T23:16:01.799+0800: 663115.604: Total time for which application threads were stopped: 0.0000821 seconds, Stopping threads took: 0.0000020 seconds
2022-05-03T23:16:01.799+0800: 663115.605: Total time for which application threads were stopped: 0.0000333 seconds, Stopping threads took: 0.0000023 seconds
2022-05-03T23:16:01.804+0800: 663115.609: Total time for which application threads were stopped: 0.0000255 seconds, Stopping threads took: 0.0000050 seconds
2022-05-03T23:16:01.805+0800: 663115.610: Total time for which application threads were stopped: 0.0000220 seconds, Stopping threads took: 0.0000035 seconds
2022-05-03T23:16:01.806+0800: 663115.611: Total time for which application threads were stopped: 0.0000204 seconds, Stopping threads took: 0.0000038 seconds
2022-05-03T23:16:01.806+0800: 663115.612: Total time for which application threads were stopped: 0.0000166 seconds, Stopping threads took: 0.0000023 seconds
2022-05-03T23:16:01.806+0800: 663115.612: Total time for which application threads were stopped: 0.0000168 seconds, Stopping threads took: 0.0000023 seconds
2022-05-03T23:16:01.807+0800: 663115.612: Total time for which application threads were stopped: 0.0000171 seconds, Stopping threads took: 0.0000025 seconds
2022-05-03T23:16:01.807+0800: 663115.612: Total time for which application threads were stopped: 0.0000163 seconds, Stopping threads took: 0.0000022 seconds
2022-05-03T23:16:01.807+0800: 663115.613: Total time for which application threads were stopped: 0.0000165 seconds, Stopping threads took: 0.0000024 seconds
2022-05-03T23:16:01.808+0800: 663115.613: Total time for which application threads were stopped: 0.0000201 seconds, Stopping threads took: 0.0000038 seconds
2022-05-03T23:16:01.808+0800: 663115.613: Total time for which application threads were stopped: 0.0000162 seconds, Stopping threads took: 0.0000023 seconds
2022-05-03T23:16:01.808+0800: 663115.613: Total time for which application threads were stopped: 0.0000161 seconds, Stopping threads took: 0.0000022 seconds
2022-05-03T23:16:01.808+0800: 663115.613: Total time for which application threads were stopped: 0.0000162 seconds, Stopping threads took: 0.0000022 seconds
2022-05-03T23:16:01.808+0800: 663115.613: Total time for which application threads were stopped: 0.0000161 seconds, Stopping threads took: 0.0000022 seconds
2022-05-03T23:16:01.808+0800: 663115.613: Total time for which application threads were stopped: 0.0000160 seconds, Stopping threads took: 0.0000022 seconds
2022-05-03T23:16:01.808+0800: 663115.613: Total time for which application threads were stopped: 0.0000160 seconds, Stopping threads took: 0.0000022 seconds
2022-05-03T23:16:01.808+0800: 663115.613: Total time for which application threads were stopped: 0.0000160 seconds, Stopping threads took: 0.0000021 seconds
2022-05-03T23:16:01.808+0800: 663115.613: Total time for which application threads were stopped: 0.0000160 seconds, Stopping threads took: 0.0000022 seconds
2022-05-03T23:16:01.808+0800: 663115.614: Total time for which application threads were stopped: 0.0000160 seconds, Stopping threads took: 0.0000022 seconds
2022-05-03T23:16:01.808+0800: 663115.614: Total time for which application threads were stopped: 0.0000159 seconds, Stopping threads took: 0.0000021 seconds
2022-05-03T23:16:01.808+0800: 663115.614: Total time for which application threads were stopped: 0.0000161 seconds, Stopping threads took: 0.0000022 seconds
2022-05-03T23:16:01.808+0800: 663115.614: Total time for which application threads were stopped: 0.0000160 seconds, Stopping threads took: 0.0000022 seconds
2022-05-03T23:16:01.808+0800: 663115.614: Total time for which application threads were stopped: 0.0000160 seconds, Stopping threads took: 0.0000021 seconds
2022-05-03T23:16:01.817+0800: 663115.623: Total time for which application threads were stopped: 0.0001571 seconds, Stopping threads took: 0.0000447 seconds
2022-05-03T23:16:01.817+0800: 663115.623: Total time for which application threads were stopped: 0.0000447 seconds, Stopping threads took: 0.0000040 seconds
2022-05-03T23:16:01.818+0800: 663115.624: Total time for which application threads were stopped: 0.0000766 seconds, Stopping threads took: 0.0000082 seconds
2022-05-03T23:16:02.180+0800: 663115.986: Total time for which application threads were stopped: 0.0002276 seconds, Stopping threads took: 0.0000108 seconds
2022-05-03T23:16:02.182+0800: 663115.987: Total time for which application threads were stopped: 0.0000796 seconds, Stopping threads took: 0.0000038 seconds
2022-05-03T23:16:02.185+0800: 663115.991: Total time for which application threads were stopped: 0.0000853 seconds, Stopping threads took: 0.0000116 seconds
2022-05-03T23:16:02.185+0800: 663115.991: Total time for which application threads were stopped: 0.0000298 seconds, Stopping threads took: 0.0000102 seconds
2022-05-03T23:16:02.185+0800: 663115.991: Total time for which application threads were stopped: 0.0000374 seconds, Stopping threads took: 0.0000200 seconds
2022-05-03T23:16:02.185+0800: 663115.991: Total time for which application threads were stopped: 0.0000393 seconds, Stopping threads took: 0.0000224 seconds
2022-05-03T23:16:02.186+0800: 663115.992: Total time for which application threads were stopped: 0.0000549 seconds, Stopping threads took: 0.0000106 seconds
2022-05-03T23:16:02.187+0800: 663115.992: Total time for which application threads were stopped: 0.0000253 seconds, Stopping threads took: 0.0000094 seconds
2022-05-03T23:16:02.187+0800: 663115.992: Total time for which application threads were stopped: 0.0000305 seconds, Stopping threads took: 0.0000073 seconds
2022-05-03T23:16:02.187+0800: 663115.992: Total time for which application threads were stopped: 0.0000231 seconds, Stopping threads took: 0.0000067 seconds
2022-05-03T23:16:02.187+0800: 663115.992: Total time for which application threads were stopped: 0.0000353 seconds, Stopping threads took: 0.0000195 seconds
2022-05-03T23:16:02.187+0800: 663115.992: Total time for which application threads were stopped: 0.0000359 seconds, Stopping threads took: 0.0000215 seconds
2022-05-03T23:16:02.187+0800: 663115.993: Total time for which application threads were stopped: 0.0000292 seconds, Stopping threads took: 0.0000129 seconds
2022-05-03T23:16:02.187+0800: 663115.993: Total time for which application threads were stopped: 0.0000242 seconds, Stopping threads took: 0.0000102 seconds
2022-05-03T23:16:02.187+0800: 663115.993: Total time for which application threads were stopped: 0.0000214 seconds, Stopping threads took: 0.0000067 seconds
2022-05-03T23:16:02.187+0800: 663115.993: Total time for which application threads were stopped: 0.0000273 seconds, Stopping threads took: 0.0000108 seconds
2022-05-03T23:16:02.187+0800: 663115.993: Total time for which application threads were stopped: 0.0000377 seconds, Stopping threads took: 0.0000225 seconds
2022-05-03T23:16:02.187+0800: 663115.993: Total time for which application threads were stopped: 0.0000251 seconds, Stopping threads took: 0.0000111 seconds
2022-05-03T23:16:02.188+0800: 663115.993: Total time for which application threads were stopped: 0.0001086 seconds, Stopping threads took: 0.0000931 seconds
2022-05-03T23:16:02.188+0800: 663115.993: Total time for which application threads were stopped: 0.0000442 seconds, Stopping threads took: 0.0000295 seconds
2022-05-03T23:16:02.188+0800: 663115.993: Total time for which application threads were stopped: 0.0000406 seconds, Stopping threads took: 0.0000238 seconds
2022-05-03T23:16:02.188+0800: 663115.993: Total time for which application threads were stopped: 0.0000342 seconds, Stopping threads took: 0.0000200 seconds
2022-05-03T23:16:02.188+0800: 663115.994: Total time for which application threads were stopped: 0.0000370 seconds, Stopping threads took: 0.0000213 seconds
2022-05-03T23:16:02.188+0800: 663115.994: Total time for which application threads were stopped: 0.0000223 seconds, Stopping threads took: 0.0000073 seconds
2022-05-03T23:16:02.188+0800: 663115.994: Total time for which application threads were stopped: 0.0000370 seconds, Stopping threads took: 0.0000215 seconds
2022-05-03T23:16:02.188+0800: 663115.994: Total time for which application threads were stopped: 0.0000851 seconds, Stopping threads took: 0.0000148 seconds
2022-05-03T23:16:02.188+0800: 663115.994: Total time for which application threads were stopped: 0.0000312 seconds, Stopping threads took: 0.0000170 seconds
2022-05-03T23:16:02.188+0800: 663115.994: Total time for which application threads were stopped: 0.0000172 seconds, Stopping threads took: 0.0000024 seconds
2022-05-03T23:16:02.189+0800: 663115.994: Total time for which application threads were stopped: 0.0000191 seconds, Stopping threads took: 0.0000032 seconds
2022-05-03T23:16:02.189+0800: 663115.994: Total time for which application threads were stopped: 0.0000160 seconds, Stopping threads took: 0.0000020 seconds
2022-05-03T23:16:02.189+0800: 663115.995: Total time for which application threads were stopped: 0.0000185 seconds, Stopping threads took: 0.0000046 seconds
2022-05-03T23:16:02.189+0800: 663115.995: Total time for which application threads were stopped: 0.0000161 seconds, Stopping threads took: 0.0000021 seconds
2022-05-03T23:16:02.189+0800: 663115.995: Total time for which application threads were stopped: 0.0000479 seconds, Stopping threads took: 0.0000160 seconds
2022-05-03T23:16:02.190+0800: 663115.995: Total time for which application threads were stopped: 0.0000431 seconds, Stopping threads took: 0.0000245 seconds
2022-05-03T23:16:02.190+0800: 663115.996: Total time for which application threads were stopped: 0.0000345 seconds, Stopping threads took: 0.0000174 seconds
2022-05-03T23:16:02.205+0800: 663116.010: Total time for which application threads were stopped: 0.0003504 seconds, Stopping threads took: 0.0001005 seconds
2022-05-03T23:16:02.207+0800: 663116.013: Total time for which application threads were stopped: 0.0000718 seconds, Stopping threads took: 0.0000175 seconds
2022-05-03T23:16:02.210+0800: 663116.016: Total time for which application threads were stopped: 0.0000385 seconds, Stopping threads took: 0.0000105 seconds
2022-05-03T23:16:02.215+0800: 663116.020: Total time for which application threads were stopped: 0.0002720 seconds, Stopping threads took: 0.0001768 seconds
2022-05-03T23:16:02.243+0800: 663116.048: Total time for which application threads were stopped: 0.0002527 seconds, Stopping threads took: 0.0000178 seconds
2022-05-03T23:16:02.258+0800: 663116.064: Total time for which application threads were stopped: 0.0003997 seconds, Stopping threads took: 0.0001859 seconds
2022-05-03T23:16:02.263+0800: 663116.069: Total time for which application threads were stopped: 0.0001502 seconds, Stopping threads took: 0.0000399 seconds
2022-05-03T23:16:02.275+0800: 663116.081: Total time for which application threads were stopped: 0.0001066 seconds, Stopping threads took: 0.0000067 seconds
2022-05-03T23:16:02.276+0800: 663116.082: Total time for which application threads were stopped: 0.0000190 seconds, Stopping threads took: 0.0000056 seconds
2022-05-03T23:16:02.276+0800: 663116.082: Total time for which application threads were stopped: 0.0000127 seconds, Stopping threads took: 0.0000022 seconds
2022-05-03T23:16:02.276+0800: 663116.082: Total time for which application threads were stopped: 0.0000132 seconds, Stopping threads took: 0.0000024 seconds
2022-05-03T23:16:02.276+0800: 663116.082: Total time for which application threads were stopped: 0.0000122 seconds, Stopping threads took: 0.0000020 seconds
2022-05-03T23:16:02.277+0800: 663116.083: Total time for which application threads were stopped: 0.0000123 seconds, Stopping threads took: 0.0000022 seconds
2022-05-03T23:16:02.277+0800: 663116.083: Total time for which application threads were stopped: 0.0000198 seconds, Stopping threads took: 0.0000040 seconds
2022-05-03T23:16:02.278+0800: 663116.083: Total time for which application threads were stopped: 0.0000133 seconds, Stopping threads took: 0.0000024 seconds
2022-05-03T23:16:02.278+0800: 663116.083: Total time for which application threads were stopped: 0.0000122 seconds, Stopping threads took: 0.0000021 seconds
2022-05-03T23:16:02.278+0800: 663116.084: Total time for which application threads were stopped: 0.0000437 seconds, Stopping threads took: 0.0000021 seconds
Heap
 par new generation   total 109248K, used 81406K [0x00000007a0000000, 0x00000007a8000000, 0x00000007a8000000)
  eden space 87424K,  92% used [0x00000007a0000000, 0x00000007a4ee1d78, 0x00000007a5560000)
  from space 21824K,   2% used [0x00000007a6ab0000, 0x00000007a6b4db48, 0x00000007a8000000)
  to   space 21824K,   0% used [0x00000007a5560000, 0x00000007a5560000, 0x00000007a6ab0000)
 concurrent mark-sweep generation total 393216K, used 25193K [0x00000007a8000000, 0x00000007c0000000, 0x00000007c0000000)
 Metaspace       used 43239K, capacity 44552K, committed 44872K, reserved 1089536K
  class space    used 5263K, capacity 5583K, committed 5704K, reserved 1048576K
