Java HotSpot(TM) 64-Bit Server VM (25.321-b07) for bsd-amd64 JRE (1.8.0_321-b07), built on Dec 15 2021 19:12:29 by "java_re" with gcc 4.2.1 Compatible Apple LLVM 11.0.0 (clang-1100.0.33.17)
Memory: 4k page, physical 8388608k(40448k free)

/proc/meminfo:

CommandLine flags: -XX:CMSInitiatingOccupancyFraction=50 -XX:CMSMaxAbortablePrecleanTime=6000 -XX:+CMSParallelRemarkEnabled -XX:+CMSScavengeBeforeRemark -XX:ConcGCThreads=4 -XX:GCLogFileSize=20971520 -XX:InitialHeapSize=536870912 -XX:MaxHeapSize=536870912 -XX:MaxTenuringThreshold=8 -XX:NewRatio=3 -XX:NumberOfGCLogFiles=9 -XX:OldPLABSize=16 -XX:-OmitStackTraceInFastThrow -XX:OnOutOfMemoryError=/Users/esha/Documents/CSCI 572/hw5/solr-7.7.3/bin/oom_solr.sh 8983 /Users/esha/Documents/CSCI 572/hw5/solr-7.7.3/server/logs -XX:ParallelGCThreads=4 -XX:+ParallelRefProcEnabled -XX:PretenureSizeThreshold=67108864 -XX:+PrintGC -XX:+PrintGCApplicationStoppedTime -XX:+PrintGCDateStamps -XX:+PrintGCDetails -XX:+PrintGCTimeStamps -XX:+PrintHeapAtGC -XX:+PrintTenuringDistribution -XX:SurvivorRatio=4 -XX:TargetSurvivorRatio=90 -XX:ThreadStackSize=256 -XX:+UseCMSInitiatingOccupancyOnly -XX:+UseCompressedClassPointers -XX:+UseCompressedOops -XX:+UseConcMarkSweepGC -XX:+UseGCLogFileRotation -XX:+UseParNewGC 
2022-05-03T23:17:16.405+0800: 0.418: Total time for which application threads were stopped: 0.0009884 seconds, Stopping threads took: 0.0000100 seconds
2022-05-03T23:17:16.583+0800: 0.596: Total time for which application threads were stopped: 0.0013503 seconds, Stopping threads took: 0.0000076 seconds
2022-05-03T23:17:16.775+0800: 0.788: Total time for which application threads were stopped: 0.0010756 seconds, Stopping threads took: 0.0001622 seconds
2022-05-03T23:17:17.072+0800: 1.085: Total time for which application threads were stopped: 0.0012588 seconds, Stopping threads took: 0.0000071 seconds
2022-05-03T23:17:17.117+0800: 1.130: Total time for which application threads were stopped: 0.0005329 seconds, Stopping threads took: 0.0000066 seconds
2022-05-03T23:17:17.314+0800: 1.328: Total time for which application threads were stopped: 0.0011660 seconds, Stopping threads took: 0.0000133 seconds
2022-05-03T23:17:17.322+0800: 1.335: Total time for which application threads were stopped: 0.0002205 seconds, Stopping threads took: 0.0000097 seconds
2022-05-03T23:17:17.371+0800: 1.384: Total time for which application threads were stopped: 0.0005786 seconds, Stopping threads took: 0.0000096 seconds
2022-05-03T23:17:17.384+0800: 1.397: Total time for which application threads were stopped: 0.0005157 seconds, Stopping threads took: 0.0000097 seconds
2022-05-03T23:17:17.706+0800: 1.719: Total time for which application threads were stopped: 0.0009438 seconds, Stopping threads took: 0.0000112 seconds
{Heap before GC invocations=0 (full 0):
 par new generation   total 109248K, used 87424K [0x00000007a0000000, 0x00000007a8000000, 0x00000007a8000000)
  eden space 87424K, 100% used [0x00000007a0000000, 0x00000007a5560000, 0x00000007a5560000)
  from space 21824K,   0% used [0x00000007a5560000, 0x00000007a5560000, 0x00000007a6ab0000)
  to   space 21824K,   0% used [0x00000007a6ab0000, 0x00000007a6ab0000, 0x00000007a8000000)
 concurrent mark-sweep generation total 393216K, used 0K [0x00000007a8000000, 0x00000007c0000000, 0x00000007c0000000)
 Metaspace       used 18762K, capacity 19134K, committed 19328K, reserved 1067008K
  class space    used 2270K, capacity 2388K, committed 2432K, reserved 1048576K
2022-05-03T23:17:17.818+0800: 1.831: [GC (Allocation Failure) 2022-05-03T23:17:17.819+0800: 1.832: [ParNew
Desired survivor size 20112992 bytes, new threshold 8 (max 8)
- age   1:   11970264 bytes,   11970264 total
: 87424K->11814K(109248K), 0.0207080 secs] 87424K->11814K(502464K), 0.0213135 secs] [Times: user=0.05 sys=0.02, real=0.03 secs] 
Heap after GC invocations=1 (full 0):
 par new generation   total 109248K, used 11814K [0x00000007a0000000, 0x00000007a8000000, 0x00000007a8000000)
  eden space 87424K,   0% used [0x00000007a0000000, 0x00000007a0000000, 0x00000007a5560000)
  from space 21824K,  54% used [0x00000007a6ab0000, 0x00000007a7639818, 0x00000007a8000000)
  to   space 21824K,   0% used [0x00000007a5560000, 0x00000007a5560000, 0x00000007a6ab0000)
 concurrent mark-sweep generation total 393216K, used 0K [0x00000007a8000000, 0x00000007c0000000, 0x00000007c0000000)
 Metaspace       used 18762K, capacity 19134K, committed 19328K, reserved 1067008K
  class space    used 2270K, capacity 2388K, committed 2432K, reserved 1048576K
}
2022-05-03T23:17:17.840+0800: 1.853: Total time for which application threads were stopped: 0.0224572 seconds, Stopping threads took: 0.0000156 seconds
2022-05-03T23:17:18.028+0800: 2.041: Total time for which application threads were stopped: 0.0007764 seconds, Stopping threads took: 0.0000145 seconds
2022-05-03T23:17:18.050+0800: 2.064: Total time for which application threads were stopped: 0.0003666 seconds, Stopping threads took: 0.0000203 seconds
2022-05-03T23:17:18.092+0800: 2.106: Total time for which application threads were stopped: 0.0004075 seconds, Stopping threads took: 0.0000150 seconds
2022-05-03T23:17:19.095+0800: 3.108: Total time for which application threads were stopped: 0.0002701 seconds, Stopping threads took: 0.0000830 seconds
2022-05-03T23:17:19.461+0800: 3.474: Total time for which application threads were stopped: 0.0003881 seconds, Stopping threads took: 0.0000175 seconds
2022-05-03T23:17:19.470+0800: 3.484: Total time for which application threads were stopped: 0.0002805 seconds, Stopping threads took: 0.0000101 seconds
2022-05-03T23:17:19.471+0800: 3.484: Total time for which application threads were stopped: 0.0000780 seconds, Stopping threads took: 0.0000038 seconds
2022-05-03T23:17:19.472+0800: 3.485: Total time for which application threads were stopped: 0.0000259 seconds, Stopping threads took: 0.0000062 seconds
2022-05-03T23:17:19.487+0800: 3.500: Total time for which application threads were stopped: 0.0004145 seconds, Stopping threads took: 0.0000062 seconds
2022-05-03T23:17:19.537+0800: 3.550: Total time for which application threads were stopped: 0.0003686 seconds, Stopping threads took: 0.0000127 seconds
2022-05-03T23:17:19.557+0800: 3.570: Total time for which application threads were stopped: 0.0007428 seconds, Stopping threads took: 0.0000101 seconds
2022-05-03T23:17:19.560+0800: 3.574: Total time for which application threads were stopped: 0.0003107 seconds, Stopping threads took: 0.0002752 seconds
2022-05-03T23:17:19.587+0800: 3.600: Total time for which application threads were stopped: 0.0002410 seconds, Stopping threads took: 0.0000111 seconds
2022-05-03T23:17:19.631+0800: 3.644: Total time for which application threads were stopped: 0.0002409 seconds, Stopping threads took: 0.0000094 seconds
2022-05-03T23:17:19.651+0800: 3.664: Total time for which application threads were stopped: 0.0008818 seconds, Stopping threads took: 0.0000092 seconds
2022-05-03T23:17:19.694+0800: 3.707: Total time for which application threads were stopped: 0.0003128 seconds, Stopping threads took: 0.0000170 seconds
2022-05-03T23:17:19.733+0800: 3.747: Total time for which application threads were stopped: 0.0007810 seconds, Stopping threads took: 0.0000114 seconds
2022-05-03T23:17:19.846+0800: 3.859: [GC (CMS Initial Mark) [1 CMS-initial-mark: 0K(393216K)] 67036K(502464K), 0.0080647 secs] [Times: user=0.03 sys=0.00, real=0.01 secs] 
2022-05-03T23:17:19.854+0800: 3.867: Total time for which application threads were stopped: 0.0087503 seconds, Stopping threads took: 0.0000901 seconds
2022-05-03T23:17:19.854+0800: 3.867: [CMS-concurrent-mark-start]
2022-05-03T23:17:19.855+0800: 3.868: [CMS-concurrent-mark: 0.001/0.001 secs] [Times: user=0.00 sys=0.00, real=0.00 secs] 
2022-05-03T23:17:19.855+0800: 3.868: [CMS-concurrent-preclean-start]
2022-05-03T23:17:19.855+0800: 3.868: [CMS-concurrent-preclean: 0.001/0.001 secs] [Times: user=0.00 sys=0.00, real=0.00 secs] 
2022-05-03T23:17:19.857+0800: 3.870: [CMS-concurrent-abortable-preclean-start]
2022-05-03T23:17:19.864+0800: 3.877: Total time for which application threads were stopped: 0.0002363 seconds, Stopping threads took: 0.0001546 seconds
2022-05-03T23:17:19.979+0800: 3.992: Total time for which application threads were stopped: 0.0003147 seconds, Stopping threads took: 0.0000091 seconds
2022-05-03T23:17:20.026+0800: 4.039: Total time for which application threads were stopped: 0.0004172 seconds, Stopping threads took: 0.0000124 seconds
2022-05-03T23:17:20.063+0800: 4.076: Total time for which application threads were stopped: 0.0005858 seconds, Stopping threads took: 0.0000929 seconds
2022-05-03T23:17:20.069+0800: 4.082: Total time for which application threads were stopped: 0.0002971 seconds, Stopping threads took: 0.0000104 seconds
2022-05-03T23:17:20.090+0800: 4.104: Total time for which application threads were stopped: 0.0002128 seconds, Stopping threads took: 0.0000133 seconds
2022-05-03T23:17:20.097+0800: 4.110: Total time for which application threads were stopped: 0.0001266 seconds, Stopping threads took: 0.0000107 seconds
2022-05-03T23:17:20.099+0800: 4.112: Total time for which application threads were stopped: 0.0001188 seconds, Stopping threads took: 0.0000071 seconds
2022-05-03T23:17:20.103+0800: 4.116: Total time for which application threads were stopped: 0.0003006 seconds, Stopping threads took: 0.0000086 seconds
2022-05-03T23:17:20.143+0800: 4.156: Total time for which application threads were stopped: 0.0002198 seconds, Stopping threads took: 0.0000929 seconds
2022-05-03T23:17:20.155+0800: 4.169: Total time for which application threads were stopped: 0.0009602 seconds, Stopping threads took: 0.0000103 seconds
2022-05-03T23:17:20.252+0800: 4.265: Total time for which application threads were stopped: 0.0005038 seconds, Stopping threads took: 0.0000107 seconds
{Heap before GC invocations=1 (full 1):
 par new generation   total 109248K, used 99238K [0x00000007a0000000, 0x00000007a8000000, 0x00000007a8000000)
  eden space 87424K, 100% used [0x00000007a0000000, 0x00000007a5560000, 0x00000007a5560000)
  from space 21824K,  54% used [0x00000007a6ab0000, 0x00000007a7639818, 0x00000007a8000000)
  to   space 21824K,   0% used [0x00000007a5560000, 0x00000007a5560000, 0x00000007a6ab0000)
 concurrent mark-sweep generation total 393216K, used 0K [0x00000007a8000000, 0x00000007c0000000, 0x00000007c0000000)
 Metaspace       used 25720K, capacity 26336K, committed 26608K, reserved 1073152K
  class space    used 3106K, capacity 3338K, committed 3400K, reserved 1048576K
2022-05-03T23:17:20.279+0800: 4.293: [GC (Allocation Failure) 2022-05-03T23:17:20.280+0800: 4.293: [ParNew
Desired survivor size 20112992 bytes, new threshold 8 (max 8)
- age   1:    7457656 bytes,    7457656 total
- age   2:    5257648 bytes,   12715304 total
: 99238K->17948K(109248K), 0.0350926 secs] 99238K->17948K(502464K), 0.0353324 secs] [Times: user=0.10 sys=0.03, real=0.04 secs] 
Heap after GC invocations=2 (full 1):
 par new generation   total 109248K, used 17948K [0x00000007a0000000, 0x00000007a8000000, 0x00000007a8000000)
  eden space 87424K,   0% used [0x00000007a0000000, 0x00000007a0000000, 0x00000007a5560000)
  from space 21824K,  82% used [0x00000007a5560000, 0x00000007a66e73f0, 0x00000007a6ab0000)
  to   space 21824K,   0% used [0x00000007a6ab0000, 0x00000007a6ab0000, 0x00000007a8000000)
 concurrent mark-sweep generation total 393216K, used 0K [0x00000007a8000000, 0x00000007c0000000, 0x00000007c0000000)
 Metaspace       used 25720K, capacity 26336K, committed 26608K, reserved 1073152K
  class space    used 3106K, capacity 3338K, committed 3400K, reserved 1048576K
}
2022-05-03T23:17:20.315+0800: 4.328: Total time for which application threads were stopped: 0.0358640 seconds, Stopping threads took: 0.0000189 seconds
2022-05-03T23:17:20.387+0800: 4.400: Total time for which application threads were stopped: 0.0007241 seconds, Stopping threads took: 0.0000105 seconds
2022-05-03T23:17:20.445+0800: 4.458: Total time for which application threads were stopped: 0.0005269 seconds, Stopping threads took: 0.0000119 seconds
2022-05-03T23:17:20.535+0800: 4.549: Total time for which application threads were stopped: 0.0004467 seconds, Stopping threads took: 0.0001964 seconds
2022-05-03T23:17:20.537+0800: 4.550: Total time for which application threads were stopped: 0.0000466 seconds, Stopping threads took: 0.0000044 seconds
2022-05-03T23:17:20.537+0800: 4.550: Total time for which application threads were stopped: 0.0000467 seconds, Stopping threads took: 0.0000037 seconds
2022-05-03T23:17:20.537+0800: 4.551: Total time for which application threads were stopped: 0.0000422 seconds, Stopping threads took: 0.0000032 seconds
2022-05-03T23:17:20.547+0800: 4.560: Total time for which application threads were stopped: 0.0001962 seconds, Stopping threads took: 0.0001294 seconds
2022-05-03T23:17:20.629+0800: 4.642: Total time for which application threads were stopped: 0.0004598 seconds, Stopping threads took: 0.0000142 seconds
2022-05-03T23:17:20.661+0800: 4.674: Total time for which application threads were stopped: 0.0004259 seconds, Stopping threads took: 0.0001340 seconds
2022-05-03T23:17:20.678+0800: 4.691: Total time for which application threads were stopped: 0.0005329 seconds, Stopping threads took: 0.0001532 seconds
2022-05-03T23:17:20.729+0800: 4.742: Total time for which application threads were stopped: 0.0007133 seconds, Stopping threads took: 0.0002095 seconds
2022-05-03T23:17:20.791+0800: 4.804: Total time for which application threads were stopped: 0.0008560 seconds, Stopping threads took: 0.0001065 seconds
2022-05-03T23:17:20.808+0800: 4.822: Total time for which application threads were stopped: 0.0002823 seconds, Stopping threads took: 0.0000229 seconds
2022-05-03T23:17:20.821+0800: 4.835: Total time for which application threads were stopped: 0.0004580 seconds, Stopping threads took: 0.0000275 seconds
2022-05-03T23:17:20.825+0800: 4.838: Total time for which application threads were stopped: 0.0001712 seconds, Stopping threads took: 0.0000859 seconds
2022-05-03T23:17:20.826+0800: 4.840: Total time for which application threads were stopped: 0.0001307 seconds, Stopping threads took: 0.0000208 seconds
2022-05-03T23:17:20.828+0800: 4.841: Total time for which application threads were stopped: 0.0002862 seconds, Stopping threads took: 0.0001840 seconds
2022-05-03T23:17:20.828+0800: 4.842: Total time for which application threads were stopped: 0.0001200 seconds, Stopping threads took: 0.0000711 seconds
2022-05-03T23:17:20.832+0800: 4.846: Total time for which application threads were stopped: 0.0004104 seconds, Stopping threads took: 0.0002805 seconds
2022-05-03T23:17:20.833+0800: 4.846: Total time for which application threads were stopped: 0.0001321 seconds, Stopping threads took: 0.0001010 seconds
2022-05-03T23:17:20.857+0800: 4.870: Total time for which application threads were stopped: 0.0007973 seconds, Stopping threads took: 0.0000387 seconds
2022-05-03T23:17:20.859+0800: 4.873: Total time for which application threads were stopped: 0.0005072 seconds, Stopping threads took: 0.0000485 seconds
2022-05-03T23:17:20.976+0800: 4.989: Total time for which application threads were stopped: 0.0005562 seconds, Stopping threads took: 0.0000187 seconds
2022-05-03T23:17:20.976+0800: 4.989: [CMS-concurrent-abortable-preclean: 0.523/1.119 secs] [Times: user=2.09 sys=0.26, real=1.12 secs] 
2022-05-03T23:17:20.976+0800: 4.989: [GC (CMS Final Remark) [YG occupancy: 67760 K (109248 K)]{Heap before GC invocations=2 (full 1):
 par new generation   total 109248K, used 67760K [0x00000007a0000000, 0x00000007a8000000, 0x00000007a8000000)
  eden space 87424K,  56% used [0x00000007a0000000, 0x00000007a30a4dc0, 0x00000007a5560000)
  from space 21824K,  82% used [0x00000007a5560000, 0x00000007a66e73f0, 0x00000007a6ab0000)
  to   space 21824K,   0% used [0x00000007a6ab0000, 0x00000007a6ab0000, 0x00000007a8000000)
 concurrent mark-sweep generation total 393216K, used 0K [0x00000007a8000000, 0x00000007c0000000, 0x00000007c0000000)
 Metaspace       used 28158K, capacity 28874K, committed 29060K, reserved 1075200K
  class space    used 3410K, capacity 3641K, committed 3756K, reserved 1048576K
2022-05-03T23:17:20.976+0800: 4.989: [GC (CMS Final Remark) 2022-05-03T23:17:20.976+0800: 4.989: [ParNew
Desired survivor size 20112992 bytes, new threshold 8 (max 8)
- age   1:    3475656 bytes,    3475656 total
- age   2:    3293032 bytes,    6768688 total
- age   3:    5079912 bytes,   11848600 total
: 67760K->16128K(109248K), 0.0240717 secs] 67760K->16128K(502464K), 0.0241297 secs] [Times: user=0.05 sys=0.02, real=0.03 secs] 
Heap after GC invocations=3 (full 1):
 par new generation   total 109248K, used 16128K [0x00000007a0000000, 0x00000007a8000000, 0x00000007a8000000)
  eden space 87424K,   0% used [0x00000007a0000000, 0x00000007a0000000, 0x00000007a5560000)
  from space 21824K,  73% used [0x00000007a6ab0000, 0x00000007a7a700d0, 0x00000007a8000000)
  to   space 21824K,   0% used [0x00000007a5560000, 0x00000007a5560000, 0x00000007a6ab0000)
 concurrent mark-sweep generation total 393216K, used 0K [0x00000007a8000000, 0x00000007c0000000, 0x00000007c0000000)
 Metaspace       used 28158K, capacity 28874K, committed 29060K, reserved 1075200K
  class space    used 3410K, capacity 3641K, committed 3756K, reserved 1048576K
}
2022-05-03T23:17:21.000+0800: 5.014: [Rescan (parallel) , 0.0022741 secs]2022-05-03T23:17:21.003+0800: 5.016: [weak refs processing, 0.0009049 secs]2022-05-03T23:17:21.003+0800: 5.017: [class unloading, 0.0075652 secs]2022-05-03T23:17:21.011+0800: 5.024: [scrub symbol table, 0.0016782 secs]2022-05-03T23:17:21.013+0800: 5.026: [scrub string table, 0.0002216 secs][1 CMS-remark: 0K(393216K)] 16128K(502464K), 0.0381959 secs] [Times: user=0.07 sys=0.02, real=0.04 secs] 
2022-05-03T23:17:21.014+0800: 5.028: Total time for which application threads were stopped: 0.0383939 seconds, Stopping threads took: 0.0000329 seconds
2022-05-03T23:17:21.014+0800: 5.028: [CMS-concurrent-sweep-start]
2022-05-03T23:17:21.014+0800: 5.028: [CMS-concurrent-sweep: 0.000/0.000 secs] [Times: user=0.00 sys=0.00, real=0.00 secs] 
2022-05-03T23:17:21.014+0800: 5.028: [CMS-concurrent-reset-start]
2022-05-03T23:17:21.016+0800: 5.029: [CMS-concurrent-reset: 0.002/0.002 secs] [Times: user=0.00 sys=0.00, real=0.00 secs] 
2022-05-03T23:17:21.022+0800: 5.035: Total time for which application threads were stopped: 0.0004324 seconds, Stopping threads took: 0.0001849 seconds
2022-05-03T23:17:21.049+0800: 5.062: Total time for which application threads were stopped: 0.0002520 seconds, Stopping threads took: 0.0000128 seconds
2022-05-03T23:17:21.065+0800: 5.078: Total time for which application threads were stopped: 0.0002131 seconds, Stopping threads took: 0.0000311 seconds
2022-05-03T23:17:21.083+0800: 5.096: Total time for which application threads were stopped: 0.0002363 seconds, Stopping threads took: 0.0000150 seconds
2022-05-03T23:17:21.098+0800: 5.111: Total time for which application threads were stopped: 0.0002345 seconds, Stopping threads took: 0.0000200 seconds
2022-05-03T23:17:21.101+0800: 5.114: Total time for which application threads were stopped: 0.0003802 seconds, Stopping threads took: 0.0000196 seconds
2022-05-03T23:17:21.119+0800: 5.132: Total time for which application threads were stopped: 0.0002141 seconds, Stopping threads took: 0.0000218 seconds
2022-05-03T23:17:21.121+0800: 5.135: Total time for which application threads were stopped: 0.0002187 seconds, Stopping threads took: 0.0000220 seconds
2022-05-03T23:17:21.124+0800: 5.137: Total time for which application threads were stopped: 0.0002072 seconds, Stopping threads took: 0.0000222 seconds
2022-05-03T23:17:21.131+0800: 5.145: Total time for which application threads were stopped: 0.0003418 seconds, Stopping threads took: 0.0000265 seconds
2022-05-03T23:17:21.136+0800: 5.150: Total time for which application threads were stopped: 0.0001077 seconds, Stopping threads took: 0.0000047 seconds
2022-05-03T23:17:21.137+0800: 5.151: Total time for which application threads were stopped: 0.0001056 seconds, Stopping threads took: 0.0000037 seconds
2022-05-03T23:17:21.140+0800: 5.154: Total time for which application threads were stopped: 0.0001826 seconds, Stopping threads took: 0.0000050 seconds
2022-05-03T23:17:21.140+0800: 5.154: Total time for which application threads were stopped: 0.0000188 seconds, Stopping threads took: 0.0000035 seconds
2022-05-03T23:17:21.243+0800: 5.257: Total time for which application threads were stopped: 0.0005311 seconds, Stopping threads took: 0.0000141 seconds
2022-05-03T23:17:21.277+0800: 5.290: Total time for which application threads were stopped: 0.0003889 seconds, Stopping threads took: 0.0000120 seconds
2022-05-03T23:17:21.321+0800: 5.334: Total time for which application threads were stopped: 0.0005979 seconds, Stopping threads took: 0.0000133 seconds
{Heap before GC invocations=3 (full 1):
 par new generation   total 109248K, used 103552K [0x00000007a0000000, 0x00000007a8000000, 0x00000007a8000000)
  eden space 87424K, 100% used [0x00000007a0000000, 0x00000007a5560000, 0x00000007a5560000)
  from space 21824K,  73% used [0x00000007a6ab0000, 0x00000007a7a700d0, 0x00000007a8000000)
  to   space 21824K,   0% used [0x00000007a5560000, 0x00000007a5560000, 0x00000007a6ab0000)
 concurrent mark-sweep generation total 393216K, used 0K [0x00000007a8000000, 0x00000007c0000000, 0x00000007c0000000)
 Metaspace       used 30508K, capacity 31264K, committed 31364K, reserved 1077248K
  class space    used 3724K, capacity 3972K, committed 4012K, reserved 1048576K
2022-05-03T23:17:21.609+0800: 5.623: [GC (Allocation Failure) 2022-05-03T23:17:21.609+0800: 5.623: [ParNew
Desired survivor size 20112992 bytes, new threshold 8 (max 8)
- age   1:    3637120 bytes,    3637120 total
- age   2:    1403512 bytes,    5040632 total
- age   3:    3254152 bytes,    8294784 total
- age   4:    5077704 bytes,   13372488 total
: 103552K->16367K(109248K), 0.0266509 secs] 103552K->16367K(502464K), 0.0267384 secs] [Times: user=0.08 sys=0.02, real=0.03 secs] 
Heap after GC invocations=4 (full 1):
 par new generation   total 109248K, used 16367K [0x00000007a0000000, 0x00000007a8000000, 0x00000007a8000000)
  eden space 87424K,   0% used [0x00000007a0000000, 0x00000007a0000000, 0x00000007a5560000)
  from space 21824K,  74% used [0x00000007a5560000, 0x00000007a655bc38, 0x00000007a6ab0000)
  to   space 21824K,   0% used [0x00000007a6ab0000, 0x00000007a6ab0000, 0x00000007a8000000)
 concurrent mark-sweep generation total 393216K, used 0K [0x00000007a8000000, 0x00000007c0000000, 0x00000007c0000000)
 Metaspace       used 30508K, capacity 31264K, committed 31364K, reserved 1077248K
  class space    used 3724K, capacity 3972K, committed 4012K, reserved 1048576K
}
2022-05-03T23:17:21.636+0800: 5.650: Total time for which application threads were stopped: 0.0281959 seconds, Stopping threads took: 0.0000190 seconds
2022-05-03T23:17:21.646+0800: 5.659: Total time for which application threads were stopped: 0.0003325 seconds, Stopping threads took: 0.0001877 seconds
2022-05-03T23:17:21.763+0800: 5.776: Total time for which application threads were stopped: 0.0002583 seconds, Stopping threads took: 0.0000205 seconds
{Heap before GC invocations=4 (full 1):
 par new generation   total 109248K, used 103791K [0x00000007a0000000, 0x00000007a8000000, 0x00000007a8000000)
  eden space 87424K, 100% used [0x00000007a0000000, 0x00000007a5560000, 0x00000007a5560000)
  from space 21824K,  74% used [0x00000007a5560000, 0x00000007a655bc38, 0x00000007a6ab0000)
  to   space 21824K,   0% used [0x00000007a6ab0000, 0x00000007a6ab0000, 0x00000007a8000000)
 concurrent mark-sweep generation total 393216K, used 0K [0x00000007a8000000, 0x00000007c0000000, 0x00000007c0000000)
 Metaspace       used 30948K, capacity 31710K, committed 31876K, reserved 1077248K
  class space    used 3784K, capacity 4009K, committed 4012K, reserved 1048576K
2022-05-03T23:17:21.806+0800: 5.820: [GC (Allocation Failure) 2022-05-03T23:17:21.806+0800: 5.820: [ParNew
Desired survivor size 20112992 bytes, new threshold 8 (max 8)
- age   1:     486560 bytes,     486560 total
- age   2:    1310728 bytes,    1797288 total
- age   3:    1384056 bytes,    3181344 total
- age   4:    3254464 bytes,    6435808 total
- age   5:    5077544 bytes,   11513352 total
: 103791K->19743K(109248K), 0.0172295 secs] 103791K->19743K(502464K), 0.0173075 secs] [Times: user=0.05 sys=0.01, real=0.02 secs] 
Heap after GC invocations=5 (full 1):
 par new generation   total 109248K, used 19743K [0x00000007a0000000, 0x00000007a8000000, 0x00000007a8000000)
  eden space 87424K,   0% used [0x00000007a0000000, 0x00000007a0000000, 0x00000007a5560000)
  from space 21824K,  90% used [0x00000007a6ab0000, 0x00000007a7df7fc0, 0x00000007a8000000)
  to   space 21824K,   0% used [0x00000007a5560000, 0x00000007a5560000, 0x00000007a6ab0000)
 concurrent mark-sweep generation total 393216K, used 0K [0x00000007a8000000, 0x00000007c0000000, 0x00000007c0000000)
 Metaspace       used 30948K, capacity 31710K, committed 31876K, reserved 1077248K
  class space    used 3784K, capacity 4009K, committed 4012K, reserved 1048576K
}
2022-05-03T23:17:21.824+0800: 5.837: Total time for which application threads were stopped: 0.0177015 seconds, Stopping threads took: 0.0000150 seconds
2022-05-03T23:17:21.968+0800: 5.982: Total time for which application threads were stopped: 0.0004280 seconds, Stopping threads took: 0.0000220 seconds
2022-05-03T23:17:22.020+0800: 6.033: Total time for which application threads were stopped: 0.0003094 seconds, Stopping threads took: 0.0000175 seconds
2022-05-03T23:17:22.028+0800: 6.041: Total time for which application threads were stopped: 0.0001729 seconds, Stopping threads took: 0.0000251 seconds
2022-05-03T23:17:22.045+0800: 6.059: Total time for which application threads were stopped: 0.0011337 seconds, Stopping threads took: 0.0000146 seconds
2022-05-03T23:17:22.065+0800: 6.078: Total time for which application threads were stopped: 0.0002490 seconds, Stopping threads took: 0.0000136 seconds
2022-05-03T23:17:22.100+0800: 6.113: Total time for which application threads were stopped: 0.0008688 seconds, Stopping threads took: 0.0000466 seconds
2022-05-03T23:17:22.147+0800: 6.161: Total time for which application threads were stopped: 0.0010084 seconds, Stopping threads took: 0.0000136 seconds
2022-05-03T23:17:22.434+0800: 6.448: Total time for which application threads were stopped: 0.0010448 seconds, Stopping threads took: 0.0000128 seconds
2022-05-03T23:17:22.470+0800: 6.483: Total time for which application threads were stopped: 0.0001747 seconds, Stopping threads took: 0.0000182 seconds
2022-05-03T23:17:22.470+0800: 6.483: Total time for which application threads were stopped: 0.0000206 seconds, Stopping threads took: 0.0000062 seconds
2022-05-03T23:17:22.470+0800: 6.483: Total time for which application threads were stopped: 0.0000148 seconds, Stopping threads took: 0.0000026 seconds
2022-05-03T23:17:22.470+0800: 6.483: Total time for which application threads were stopped: 0.0000206 seconds, Stopping threads took: 0.0000044 seconds
2022-05-03T23:17:22.470+0800: 6.483: Total time for which application threads were stopped: 0.0000170 seconds, Stopping threads took: 0.0000037 seconds
2022-05-03T23:17:22.470+0800: 6.483: Total time for which application threads were stopped: 0.0000177 seconds, Stopping threads took: 0.0000042 seconds
2022-05-03T23:17:22.487+0800: 6.501: Total time for which application threads were stopped: 0.0008948 seconds, Stopping threads took: 0.0000115 seconds
2022-05-03T23:17:22.520+0800: 6.533: Total time for which application threads were stopped: 0.0004226 seconds, Stopping threads took: 0.0000101 seconds
2022-05-03T23:17:22.525+0800: 6.539: Total time for which application threads were stopped: 0.0003479 seconds, Stopping threads took: 0.0000308 seconds
{Heap before GC invocations=5 (full 1):
 par new generation   total 109248K, used 107167K [0x00000007a0000000, 0x00000007a8000000, 0x00000007a8000000)
  eden space 87424K, 100% used [0x00000007a0000000, 0x00000007a5560000, 0x00000007a5560000)
  from space 21824K,  90% used [0x00000007a6ab0000, 0x00000007a7df7fc0, 0x00000007a8000000)
  to   space 21824K,   0% used [0x00000007a5560000, 0x00000007a5560000, 0x00000007a6ab0000)
 concurrent mark-sweep generation total 393216K, used 0K [0x00000007a8000000, 0x00000007c0000000, 0x00000007c0000000)
 Metaspace       used 33723K, capacity 34594K, committed 34820K, reserved 1079296K
  class space    used 4133K, capacity 4365K, committed 4396K, reserved 1048576K
2022-05-03T23:17:22.556+0800: 6.570: [GC (Allocation Failure) 2022-05-03T23:17:22.556+0800: 6.570: [ParNew
Desired survivor size 20112992 bytes, new threshold 8 (max 8)
- age   1:    3325832 bytes,    3325832 total
- age   2:     159208 bytes,    3485040 total
- age   3:     676112 bytes,    4161152 total
- age   4:    1377664 bytes,    5538816 total
- age   5:    3248296 bytes,    8787112 total
- age   6:    5072008 bytes,   13859120 total
: 107167K->16893K(109248K), 0.0283002 secs] 107167K->16893K(502464K), 0.0283723 secs] [Times: user=0.08 sys=0.02, real=0.03 secs] 
Heap after GC invocations=6 (full 1):
 par new generation   total 109248K, used 16893K [0x00000007a0000000, 0x00000007a8000000, 0x00000007a8000000)
  eden space 87424K,   0% used [0x00000007a0000000, 0x00000007a0000000, 0x00000007a5560000)
  from space 21824K,  77% used [0x00000007a5560000, 0x00000007a65df5e0, 0x00000007a6ab0000)
  to   space 21824K,   0% used [0x00000007a6ab0000, 0x00000007a6ab0000, 0x00000007a8000000)
 concurrent mark-sweep generation total 393216K, used 0K [0x00000007a8000000, 0x00000007c0000000, 0x00000007c0000000)
 Metaspace       used 33723K, capacity 34594K, committed 34820K, reserved 1079296K
  class space    used 4133K, capacity 4365K, committed 4396K, reserved 1048576K
}
2022-05-03T23:17:22.585+0800: 6.598: Total time for which application threads were stopped: 0.0291006 seconds, Stopping threads took: 0.0000145 seconds
2022-05-03T23:17:22.693+0800: 6.706: Total time for which application threads were stopped: 0.0003960 seconds, Stopping threads took: 0.0000145 seconds
2022-05-03T23:17:22.783+0800: 6.797: Total time for which application threads were stopped: 0.0002687 seconds, Stopping threads took: 0.0000125 seconds
2022-05-03T23:17:22.786+0800: 6.799: Total time for which application threads were stopped: 0.0001063 seconds, Stopping threads took: 0.0000047 seconds
2022-05-03T23:17:22.799+0800: 6.813: Total time for which application threads were stopped: 0.0001367 seconds, Stopping threads took: 0.0000238 seconds
2022-05-03T23:17:22.808+0800: 6.821: Total time for which application threads were stopped: 0.0001425 seconds, Stopping threads took: 0.0000196 seconds
2022-05-03T23:17:22.939+0800: 6.952: Total time for which application threads were stopped: 0.0005710 seconds, Stopping threads took: 0.0000150 seconds
2022-05-03T23:17:22.954+0800: 6.968: Total time for which application threads were stopped: 0.0002038 seconds, Stopping threads took: 0.0000129 seconds
2022-05-03T23:17:22.959+0800: 6.972: Total time for which application threads were stopped: 0.0001875 seconds, Stopping threads took: 0.0000042 seconds
2022-05-03T23:17:22.962+0800: 6.976: Total time for which application threads were stopped: 0.0001403 seconds, Stopping threads took: 0.0000039 seconds
{Heap before GC invocations=6 (full 1):
 par new generation   total 109248K, used 104317K [0x00000007a0000000, 0x00000007a8000000, 0x00000007a8000000)
  eden space 87424K, 100% used [0x00000007a0000000, 0x00000007a5560000, 0x00000007a5560000)
  from space 21824K,  77% used [0x00000007a5560000, 0x00000007a65df5e0, 0x00000007a6ab0000)
  to   space 21824K,   0% used [0x00000007a6ab0000, 0x00000007a6ab0000, 0x00000007a8000000)
 concurrent mark-sweep generation total 393216K, used 0K [0x00000007a8000000, 0x00000007c0000000, 0x00000007c0000000)
 Metaspace       used 36095K, capacity 37016K, committed 37252K, reserved 1081344K
  class space    used 4422K, capacity 4668K, committed 4780K, reserved 1048576K
2022-05-03T23:17:22.995+0800: 7.008: [GC (Allocation Failure) 2022-05-03T23:17:22.995+0800: 7.008: [ParNew
Desired survivor size 20112992 bytes, new threshold 8 (max 8)
- age   1:    3537632 bytes,    3537632 total
- age   2:    1252888 bytes,    4790520 total
- age   3:     157080 bytes,    4947600 total
- age   4:     641792 bytes,    5589392 total
- age   5:    1370896 bytes,    6960288 total
- age   6:    3243304 bytes,   10203592 total
- age   7:    5071840 bytes,   15275432 total
: 104317K->21824K(109248K), 0.0202416 secs] 104317K->21824K(502464K), 0.0203368 secs] [Times: user=0.06 sys=0.02, real=0.02 secs] 
Heap after GC invocations=7 (full 1):
 par new generation   total 109248K, used 21824K [0x00000007a0000000, 0x00000007a8000000, 0x00000007a8000000)
  eden space 87424K,   0% used [0x00000007a0000000, 0x00000007a0000000, 0x00000007a5560000)
  from space 21824K, 100% used [0x00000007a6ab0000, 0x00000007a8000000, 0x00000007a8000000)
  to   space 21824K,   0% used [0x00000007a5560000, 0x00000007a5560000, 0x00000007a6ab0000)
 concurrent mark-sweep generation total 393216K, used 0K [0x00000007a8000000, 0x00000007c0000000, 0x00000007c0000000)
 Metaspace       used 36095K, capacity 37016K, committed 37252K, reserved 1081344K
  class space    used 4422K, capacity 4668K, committed 4780K, reserved 1048576K
}
2022-05-03T23:17:23.015+0800: 7.029: Total time for which application threads were stopped: 0.0208420 seconds, Stopping threads took: 0.0000118 seconds
2022-05-03T23:17:23.118+0800: 7.132: Total time for which application threads were stopped: 0.0004239 seconds, Stopping threads took: 0.0000121 seconds
2022-05-03T23:17:23.229+0800: 7.243: Total time for which application threads were stopped: 0.0008902 seconds, Stopping threads took: 0.0000122 seconds
2022-05-03T23:17:23.332+0800: 7.346: Total time for which application threads were stopped: 0.0010551 seconds, Stopping threads took: 0.0000112 seconds
2022-05-03T23:17:23.548+0800: 7.561: Total time for which application threads were stopped: 0.0016817 seconds, Stopping threads took: 0.0000119 seconds
2022-05-03T23:17:23.604+0800: 7.617: Total time for which application threads were stopped: 0.0011228 seconds, Stopping threads took: 0.0000133 seconds
2022-05-03T23:17:23.612+0800: 7.625: Total time for which application threads were stopped: 0.0001360 seconds, Stopping threads took: 0.0000113 seconds
2022-05-03T23:17:23.612+0800: 7.626: Total time for which application threads were stopped: 0.0000758 seconds, Stopping threads took: 0.0000039 seconds
2022-05-03T23:17:23.646+0800: 7.659: Total time for which application threads were stopped: 0.0006200 seconds, Stopping threads took: 0.0000266 seconds
2022-05-03T23:17:23.649+0800: 7.662: Total time for which application threads were stopped: 0.0004613 seconds, Stopping threads took: 0.0001752 seconds
2022-05-03T23:17:23.655+0800: 7.668: Total time for which application threads were stopped: 0.0002255 seconds, Stopping threads took: 0.0001245 seconds
2022-05-03T23:17:23.656+0800: 7.669: Total time for which application threads were stopped: 0.0003069 seconds, Stopping threads took: 0.0000823 seconds
2022-05-03T23:17:23.657+0800: 7.671: Total time for which application threads were stopped: 0.0002680 seconds, Stopping threads took: 0.0000262 seconds
2022-05-03T23:17:23.661+0800: 7.674: Total time for which application threads were stopped: 0.0002889 seconds, Stopping threads took: 0.0000216 seconds
2022-05-03T23:17:23.664+0800: 7.677: Total time for which application threads were stopped: 0.0001175 seconds, Stopping threads took: 0.0000222 seconds
2022-05-03T23:17:23.679+0800: 7.692: Total time for which application threads were stopped: 0.0001024 seconds, Stopping threads took: 0.0000225 seconds
2022-05-03T23:17:23.682+0800: 7.695: Total time for which application threads were stopped: 0.0000737 seconds, Stopping threads took: 0.0000147 seconds
2022-05-03T23:17:23.683+0800: 7.696: Total time for which application threads were stopped: 0.0002087 seconds, Stopping threads took: 0.0000120 seconds
{Heap before GC invocations=7 (full 1):
 par new generation   total 109248K, used 109248K [0x00000007a0000000, 0x00000007a8000000, 0x00000007a8000000)
  eden space 87424K, 100% used [0x00000007a0000000, 0x00000007a5560000, 0x00000007a5560000)
  from space 21824K, 100% used [0x00000007a6ab0000, 0x00000007a8000000, 0x00000007a8000000)
  to   space 21824K,   0% used [0x00000007a5560000, 0x00000007a5560000, 0x00000007a6ab0000)
 concurrent mark-sweep generation total 393216K, used 0K [0x00000007a8000000, 0x00000007c0000000, 0x00000007c0000000)
 Metaspace       used 39372K, capacity 40410K, committed 40708K, reserved 1085440K
  class space    used 4884K, capacity 5157K, committed 5164K, reserved 1048576K
2022-05-03T23:17:23.908+0800: 7.921: [GC (Allocation Failure) 2022-05-03T23:17:23.908+0800: 7.921: [ParNew
Desired survivor size 20112992 bytes, new threshold 8 (max 8)
- age   1:    8283008 bytes,    8283008 total
- age   2:     889128 bytes,    9172136 total
- age   3:    1250608 bytes,   10422744 total
- age   4:     156808 bytes,   10579552 total
- age   5:     629560 bytes,   11209112 total
- age   6:    1321328 bytes,   12530440 total
- age   7:    3243112 bytes,   15773552 total
- age   8:    5070912 bytes,   20844464 total
: 109248K->21824K(109248K), 0.0185499 secs] 109248K->22102K(502464K), 0.0186277 secs] [Times: user=0.06 sys=0.02, real=0.02 secs] 
Heap after GC invocations=8 (full 1):
 par new generation   total 109248K, used 21824K [0x00000007a0000000, 0x00000007a8000000, 0x00000007a8000000)
  eden space 87424K,   0% used [0x00000007a0000000, 0x00000007a0000000, 0x00000007a5560000)
  from space 21824K, 100% used [0x00000007a5560000, 0x00000007a6ab0000, 0x00000007a6ab0000)
  to   space 21824K,   0% used [0x00000007a6ab0000, 0x00000007a6ab0000, 0x00000007a8000000)
 concurrent mark-sweep generation total 393216K, used 278K [0x00000007a8000000, 0x00000007c0000000, 0x00000007c0000000)
 Metaspace       used 39372K, capacity 40410K, committed 40708K, reserved 1085440K
  class space    used 4884K, capacity 5157K, committed 5164K, reserved 1048576K
}
2022-05-03T23:17:23.926+0800: 7.940: Total time for which application threads were stopped: 0.0190691 seconds, Stopping threads took: 0.0000133 seconds
2022-05-03T23:17:23.930+0800: 7.944: Total time for which application threads were stopped: 0.0002839 seconds, Stopping threads took: 0.0001731 seconds
2022-05-03T23:17:24.153+0800: 8.167: Total time for which application threads were stopped: 0.0001755 seconds, Stopping threads took: 0.0000116 seconds
2022-05-03T23:17:24.162+0800: 8.175: Total time for which application threads were stopped: 0.0002003 seconds, Stopping threads took: 0.0000056 seconds
2022-05-03T23:17:24.164+0800: 8.177: Total time for which application threads were stopped: 0.0001399 seconds, Stopping threads took: 0.0000063 seconds
2022-05-03T23:17:24.166+0800: 8.179: Total time for which application threads were stopped: 0.0002400 seconds, Stopping threads took: 0.0000059 seconds
2022-05-03T23:17:24.174+0800: 8.188: Total time for which application threads were stopped: 0.0002749 seconds, Stopping threads took: 0.0000146 seconds
2022-05-03T23:17:24.177+0800: 8.191: Total time for which application threads were stopped: 0.0001087 seconds, Stopping threads took: 0.0000130 seconds
2022-05-03T23:17:24.178+0800: 8.192: Total time for which application threads were stopped: 0.0002751 seconds, Stopping threads took: 0.0000091 seconds
2022-05-03T23:17:24.181+0800: 8.194: Total time for which application threads were stopped: 0.0000967 seconds, Stopping threads took: 0.0000074 seconds
2022-05-03T23:17:24.182+0800: 8.196: Total time for which application threads were stopped: 0.0002168 seconds, Stopping threads took: 0.0000038 seconds
2022-05-03T23:17:24.183+0800: 8.196: Total time for which application threads were stopped: 0.0001694 seconds, Stopping threads took: 0.0000035 seconds
2022-05-03T23:17:24.183+0800: 8.196: Total time for which application threads were stopped: 0.0000350 seconds, Stopping threads took: 0.0000027 seconds
2022-05-03T23:17:24.187+0800: 8.200: Total time for which application threads were stopped: 0.0002158 seconds, Stopping threads took: 0.0000041 seconds
2022-05-03T23:17:24.189+0800: 8.203: Total time for which application threads were stopped: 0.0002512 seconds, Stopping threads took: 0.0000047 seconds
2022-05-03T23:17:24.377+0800: 8.391: Total time for which application threads were stopped: 0.0004763 seconds, Stopping threads took: 0.0000178 seconds
{Heap before GC invocations=8 (full 1):
 par new generation   total 109248K, used 109248K [0x00000007a0000000, 0x00000007a8000000, 0x00000007a8000000)
  eden space 87424K, 100% used [0x00000007a0000000, 0x00000007a5560000, 0x00000007a5560000)
  from space 21824K, 100% used [0x00000007a5560000, 0x00000007a6ab0000, 0x00000007a6ab0000)
  to   space 21824K,   0% used [0x00000007a6ab0000, 0x00000007a6ab0000, 0x00000007a8000000)
 concurrent mark-sweep generation total 393216K, used 278K [0x00000007a8000000, 0x00000007c0000000, 0x00000007c0000000)
 Metaspace       used 39608K, capacity 40634K, committed 40836K, reserved 1085440K
  class space    used 4902K, capacity 5189K, committed 5292K, reserved 1048576K
2022-05-03T23:17:24.428+0800: 8.442: [GC (Allocation Failure) 2022-05-03T23:17:24.428+0800: 8.442: [ParNew
Desired survivor size 20112992 bytes, new threshold 8 (max 8)
- age   1:     255088 bytes,     255088 total
- age   2:    5510024 bytes,    5765112 total
- age   3:     887744 bytes,    6652856 total
- age   4:    1250544 bytes,    7903400 total
- age   5:     156808 bytes,    8060208 total
- age   6:     629776 bytes,    8689984 total
- age   7:    1320592 bytes,   10010576 total
- age   8:    3243112 bytes,   13253688 total
: 109248K->21734K(109248K), 0.0208633 secs] 109526K->27506K(502464K), 0.0209415 secs] [Times: user=0.06 sys=0.01, real=0.02 secs] 
Heap after GC invocations=9 (full 1):
 par new generation   total 109248K, used 21734K [0x00000007a0000000, 0x00000007a8000000, 0x00000007a8000000)
  eden space 87424K,   0% used [0x00000007a0000000, 0x00000007a0000000, 0x00000007a5560000)
  from space 21824K,  99% used [0x00000007a6ab0000, 0x00000007a7fe9ae8, 0x00000007a8000000)
  to   space 21824K,   0% used [0x00000007a5560000, 0x00000007a5560000, 0x00000007a6ab0000)
 concurrent mark-sweep generation total 393216K, used 5771K [0x00000007a8000000, 0x00000007c0000000, 0x00000007c0000000)
 Metaspace       used 39608K, capacity 40634K, committed 40836K, reserved 1085440K
  class space    used 4902K, capacity 5189K, committed 5292K, reserved 1048576K
}
2022-05-03T23:17:24.449+0800: 8.463: Total time for which application threads were stopped: 0.0212477 seconds, Stopping threads took: 0.0000187 seconds
2022-05-03T23:17:24.454+0800: 8.468: Total time for which application threads were stopped: 0.0002919 seconds, Stopping threads took: 0.0001431 seconds
{Heap before GC invocations=9 (full 1):
 par new generation   total 109248K, used 109158K [0x00000007a0000000, 0x00000007a8000000, 0x00000007a8000000)
  eden space 87424K, 100% used [0x00000007a0000000, 0x00000007a5560000, 0x00000007a5560000)
  from space 21824K,  99% used [0x00000007a6ab0000, 0x00000007a7fe9ae8, 0x00000007a8000000)
  to   space 21824K,   0% used [0x00000007a5560000, 0x00000007a5560000, 0x00000007a6ab0000)
 concurrent mark-sweep generation total 393216K, used 5771K [0x00000007a8000000, 0x00000007c0000000, 0x00000007c0000000)
 Metaspace       used 39634K, capacity 40698K, committed 41092K, reserved 1085440K
  class space    used 4902K, capacity 5189K, committed 5292K, reserved 1048576K
2022-05-03T23:17:24.552+0800: 8.565: [GC (Allocation Failure) 2022-05-03T23:17:24.552+0800: 8.565: [ParNew
Desired survivor size 20112992 bytes, new threshold 8 (max 8)
- age   1:      30184 bytes,      30184 total
- age   2:     122760 bytes,     152944 total
- age   3:    5509616 bytes,    5662560 total
- age   4:     887672 bytes,    6550232 total
- age   5:    1250544 bytes,    7800776 total
- age   6:     156808 bytes,    7957584 total
- age   7:     629512 bytes,    8587096 total
- age   8:    1320592 bytes,    9907688 total
: 109158K->15165K(109248K), 0.0098258 secs] 114930K->24167K(502464K), 0.0098852 secs] [Times: user=0.02 sys=0.01, real=0.01 secs] 
Heap after GC invocations=10 (full 1):
 par new generation   total 109248K, used 15165K [0x00000007a0000000, 0x00000007a8000000, 0x00000007a8000000)
  eden space 87424K,   0% used [0x00000007a0000000, 0x00000007a0000000, 0x00000007a5560000)
  from space 21824K,  69% used [0x00000007a5560000, 0x00000007a642f4c0, 0x00000007a6ab0000)
  to   space 21824K,   0% used [0x00000007a6ab0000, 0x00000007a6ab0000, 0x00000007a8000000)
 concurrent mark-sweep generation total 393216K, used 9002K [0x00000007a8000000, 0x00000007c0000000, 0x00000007c0000000)
 Metaspace       used 39634K, capacity 40698K, committed 41092K, reserved 1085440K
  class space    used 4902K, capacity 5189K, committed 5292K, reserved 1048576K
}
2022-05-03T23:17:24.562+0800: 8.575: Total time for which application threads were stopped: 0.0102212 seconds, Stopping threads took: 0.0000173 seconds
{Heap before GC invocations=10 (full 1):
 par new generation   total 109248K, used 102589K [0x00000007a0000000, 0x00000007a8000000, 0x00000007a8000000)
  eden space 87424K, 100% used [0x00000007a0000000, 0x00000007a5560000, 0x00000007a5560000)
  from space 21824K,  69% used [0x00000007a5560000, 0x00000007a642f4c0, 0x00000007a6ab0000)
  to   space 21824K,   0% used [0x00000007a6ab0000, 0x00000007a6ab0000, 0x00000007a8000000)
 concurrent mark-sweep generation total 393216K, used 9002K [0x00000007a8000000, 0x00000007c0000000, 0x00000007c0000000)
 Metaspace       used 39634K, capacity 40698K, committed 41092K, reserved 1085440K
  class space    used 4902K, capacity 5189K, committed 5292K, reserved 1048576K
2022-05-03T23:17:24.639+0800: 8.652: [GC (Allocation Failure) 2022-05-03T23:17:24.639+0800: 8.652: [ParNew
Desired survivor size 20112992 bytes, new threshold 8 (max 8)
- age   1:       8128 bytes,       8128 total
- age   2:      26184 bytes,      34312 total
- age   3:     121072 bytes,     155384 total
- age   4:    5509616 bytes,    5665000 total
- age   5:     887672 bytes,    6552672 total
- age   6:    1250544 bytes,    7803216 total
- age   7:     156808 bytes,    7960024 total
- age   8:     629512 bytes,    8589536 total
: 102589K->11042K(109248K), 0.0080908 secs] 111591K->21346K(502464K), 0.0081877 secs] [Times: user=0.04 sys=0.00, real=0.01 secs] 
Heap after GC invocations=11 (full 1):
 par new generation   total 109248K, used 11042K [0x00000007a0000000, 0x00000007a8000000, 0x00000007a8000000)
  eden space 87424K,   0% used [0x00000007a0000000, 0x00000007a0000000, 0x00000007a5560000)
  from space 21824K,  50% used [0x00000007a6ab0000, 0x00000007a7578910, 0x00000007a8000000)
  to   space 21824K,   0% used [0x00000007a5560000, 0x00000007a5560000, 0x00000007a6ab0000)
 concurrent mark-sweep generation total 393216K, used 10304K [0x00000007a8000000, 0x00000007c0000000, 0x00000007c0000000)
 Metaspace       used 39634K, capacity 40698K, committed 41092K, reserved 1085440K
  class space    used 4902K, capacity 5189K, committed 5292K, reserved 1048576K
}
2022-05-03T23:17:24.647+0800: 8.660: Total time for which application threads were stopped: 0.0085510 seconds, Stopping threads took: 0.0000230 seconds
{Heap before GC invocations=11 (full 1):
 par new generation   total 109248K, used 98466K [0x00000007a0000000, 0x00000007a8000000, 0x00000007a8000000)
  eden space 87424K, 100% used [0x00000007a0000000, 0x00000007a5560000, 0x00000007a5560000)
  from space 21824K,  50% used [0x00000007a6ab0000, 0x00000007a7578910, 0x00000007a8000000)
  to   space 21824K,   0% used [0x00000007a5560000, 0x00000007a5560000, 0x00000007a6ab0000)
 concurrent mark-sweep generation total 393216K, used 10304K [0x00000007a8000000, 0x00000007c0000000, 0x00000007c0000000)
 Metaspace       used 39636K, capacity 40698K, committed 41092K, reserved 1085440K
  class space    used 4902K, capacity 5189K, committed 5292K, reserved 1048576K
2022-05-03T23:17:24.718+0800: 8.731: [GC (Allocation Failure) 2022-05-03T23:17:24.718+0800: 8.731: [ParNew
Desired survivor size 20112992 bytes, new threshold 8 (max 8)
- age   1:      24688 bytes,      24688 total
- age   2:       6480 bytes,      31168 total
- age   3:      23752 bytes,      54920 total
- age   4:     119872 bytes,     174792 total
- age   5:    5509616 bytes,    5684408 total
- age   6:     887672 bytes,    6572080 total
- age   7:    1250544 bytes,    7822624 total
- age   8:     156808 bytes,    7979432 total
: 98466K->10576K(109248K), 0.0064050 secs] 108770K->21509K(502464K), 0.0064763 secs] [Times: user=0.02 sys=0.00, real=0.01 secs] 
Heap after GC invocations=12 (full 1):
 par new generation   total 109248K, used 10576K [0x00000007a0000000, 0x00000007a8000000, 0x00000007a8000000)
  eden space 87424K,   0% used [0x00000007a0000000, 0x00000007a0000000, 0x00000007a5560000)
  from space 21824K,  48% used [0x00000007a5560000, 0x00000007a5fb4240, 0x00000007a6ab0000)
  to   space 21824K,   0% used [0x00000007a6ab0000, 0x00000007a6ab0000, 0x00000007a8000000)
 concurrent mark-sweep generation total 393216K, used 10933K [0x00000007a8000000, 0x00000007c0000000, 0x00000007c0000000)
 Metaspace       used 39636K, capacity 40698K, committed 41092K, reserved 1085440K
  class space    used 4902K, capacity 5189K, committed 5292K, reserved 1048576K
}
2022-05-03T23:17:24.724+0800: 8.738: Total time for which application threads were stopped: 0.0067348 seconds, Stopping threads took: 0.0000218 seconds
{Heap before GC invocations=12 (full 1):
 par new generation   total 109248K, used 98000K [0x00000007a0000000, 0x00000007a8000000, 0x00000007a8000000)
  eden space 87424K, 100% used [0x00000007a0000000, 0x00000007a5560000, 0x00000007a5560000)
  from space 21824K,  48% used [0x00000007a5560000, 0x00000007a5fb4240, 0x00000007a6ab0000)
  to   space 21824K,   0% used [0x00000007a6ab0000, 0x00000007a6ab0000, 0x00000007a8000000)
 concurrent mark-sweep generation total 393216K, used 10933K [0x00000007a8000000, 0x00000007c0000000, 0x00000007c0000000)
 Metaspace       used 39642K, capacity 40698K, committed 41092K, reserved 1085440K
  class space    used 4902K, capacity 5189K, committed 5292K, reserved 1048576K
2022-05-03T23:17:24.786+0800: 8.800: [GC (Allocation Failure) 2022-05-03T23:17:24.786+0800: 8.800: [ParNew
Desired survivor size 20112992 bytes, new threshold 8 (max 8)
- age   1:      18712 bytes,      18712 total
- age   2:      23528 bytes,      42240 total
- age   3:       5928 bytes,      48168 total
- age   4:      22200 bytes,      70368 total
- age   5:     117448 bytes,     187816 total
- age   6:    5509640 bytes,    5697456 total
- age   7:     887672 bytes,    6585128 total
- age   8:    1250544 bytes,    7835672 total
: 98000K->9901K(109248K), 0.0055276 secs] 108933K->20993K(502464K), 0.0055984 secs] [Times: user=0.02 sys=0.01, real=0.01 secs] 
Heap after GC invocations=13 (full 1):
 par new generation   total 109248K, used 9901K [0x00000007a0000000, 0x00000007a8000000, 0x00000007a8000000)
  eden space 87424K,   0% used [0x00000007a0000000, 0x00000007a0000000, 0x00000007a5560000)
  from space 21824K,  45% used [0x00000007a6ab0000, 0x00000007a745b640, 0x00000007a8000000)
  to   space 21824K,   0% used [0x00000007a5560000, 0x00000007a5560000, 0x00000007a6ab0000)
 concurrent mark-sweep generation total 393216K, used 11091K [0x00000007a8000000, 0x00000007c0000000, 0x00000007c0000000)
 Metaspace       used 39642K, capacity 40698K, committed 41092K, reserved 1085440K
  class space    used 4902K, capacity 5189K, committed 5292K, reserved 1048576K
}
2022-05-03T23:17:24.792+0800: 8.805: Total time for which application threads were stopped: 0.0059061 seconds, Stopping threads took: 0.0000202 seconds
{Heap before GC invocations=13 (full 1):
 par new generation   total 109248K, used 97325K [0x00000007a0000000, 0x00000007a8000000, 0x00000007a8000000)
  eden space 87424K, 100% used [0x00000007a0000000, 0x00000007a5560000, 0x00000007a5560000)
  from space 21824K,  45% used [0x00000007a6ab0000, 0x00000007a745b640, 0x00000007a8000000)
  to   space 21824K,   0% used [0x00000007a5560000, 0x00000007a5560000, 0x00000007a6ab0000)
 concurrent mark-sweep generation total 393216K, used 11091K [0x00000007a8000000, 0x00000007c0000000, 0x00000007c0000000)
 Metaspace       used 39642K, capacity 40698K, committed 41092K, reserved 1085440K
  class space    used 4902K, capacity 5189K, committed 5292K, reserved 1048576K
2022-05-03T23:17:24.863+0800: 8.876: [GC (Allocation Failure) 2022-05-03T23:17:24.863+0800: 8.876: [ParNew
Desired survivor size 20112992 bytes, new threshold 8 (max 8)
- age   1:       7992 bytes,       7992 total
- age   2:      17304 bytes,      25296 total
- age   3:      22208 bytes,      47504 total
- age   4:       5248 bytes,      52752 total
- age   5:      21000 bytes,      73752 total
- age   6:     116392 bytes,     190144 total
- age   7:    5509616 bytes,    5699760 total
- age   8:     887672 bytes,    6587432 total
: 97325K->9345K(109248K), 0.0065852 secs] 108417K->21670K(502464K), 0.0066622 secs] [Times: user=0.02 sys=0.00, real=0.00 secs] 
Heap after GC invocations=14 (full 1):
 par new generation   total 109248K, used 9345K [0x00000007a0000000, 0x00000007a8000000, 0x00000007a8000000)
  eden space 87424K,   0% used [0x00000007a0000000, 0x00000007a0000000, 0x00000007a5560000)
  from space 21824K,  42% used [0x00000007a5560000, 0x00000007a5e80450, 0x00000007a6ab0000)
  to   space 21824K,   0% used [0x00000007a6ab0000, 0x00000007a6ab0000, 0x00000007a8000000)
 concurrent mark-sweep generation total 393216K, used 12325K [0x00000007a8000000, 0x00000007c0000000, 0x00000007c0000000)
 Metaspace       used 39642K, capacity 40698K, committed 41092K, reserved 1085440K
  class space    used 4902K, capacity 5189K, committed 5292K, reserved 1048576K
}
2022-05-03T23:17:24.869+0800: 8.883: Total time for which application threads were stopped: 0.0068722 seconds, Stopping threads took: 0.0000173 seconds
{Heap before GC invocations=14 (full 1):
 par new generation   total 109248K, used 96769K [0x00000007a0000000, 0x00000007a8000000, 0x00000007a8000000)
  eden space 87424K, 100% used [0x00000007a0000000, 0x00000007a5560000, 0x00000007a5560000)
  from space 21824K,  42% used [0x00000007a5560000, 0x00000007a5e80450, 0x00000007a6ab0000)
  to   space 21824K,   0% used [0x00000007a6ab0000, 0x00000007a6ab0000, 0x00000007a8000000)
 concurrent mark-sweep generation total 393216K, used 12325K [0x00000007a8000000, 0x00000007c0000000, 0x00000007c0000000)
 Metaspace       used 39645K, capacity 40698K, committed 41092K, reserved 1085440K
  class space    used 4902K, capacity 5189K, committed 5292K, reserved 1048576K
2022-05-03T23:17:24.933+0800: 8.946: [GC (Allocation Failure) 2022-05-03T23:17:24.933+0800: 8.946: [ParNew
Desired survivor size 20112992 bytes, new threshold 8 (max 8)
- age   1:       1968 bytes,       1968 total
- age   2:       7328 bytes,       9296 total
- age   3:      17304 bytes,      26600 total
- age   4:      21624 bytes,      48224 total
- age   5:       5136 bytes,      53360 total
- age   6:      21000 bytes,      74360 total
- age   7:     116072 bytes,     190432 total
- age   8:    5509640 bytes,    5700072 total
: 96769K->7530K(109248K), 0.0045633 secs] 109094K->20754K(502464K), 0.0046188 secs] [Times: user=0.01 sys=0.01, real=0.00 secs] 
Heap after GC invocations=15 (full 1):
 par new generation   total 109248K, used 7530K [0x00000007a0000000, 0x00000007a8000000, 0x00000007a8000000)
  eden space 87424K,   0% used [0x00000007a0000000, 0x00000007a0000000, 0x00000007a5560000)
  from space 21824K,  34% used [0x00000007a6ab0000, 0x00000007a720aa28, 0x00000007a8000000)
  to   space 21824K,   0% used [0x00000007a5560000, 0x00000007a5560000, 0x00000007a6ab0000)
 concurrent mark-sweep generation total 393216K, used 13223K [0x00000007a8000000, 0x00000007c0000000, 0x00000007c0000000)
 Metaspace       used 39645K, capacity 40698K, committed 41092K, reserved 1085440K
  class space    used 4902K, capacity 5189K, committed 5292K, reserved 1048576K
}
2022-05-03T23:17:24.938+0800: 8.951: Total time for which application threads were stopped: 0.0049172 seconds, Stopping threads took: 0.0000222 seconds
{Heap before GC invocations=15 (full 1):
 par new generation   total 109248K, used 94954K [0x00000007a0000000, 0x00000007a8000000, 0x00000007a8000000)
  eden space 87424K, 100% used [0x00000007a0000000, 0x00000007a5560000, 0x00000007a5560000)
  from space 21824K,  34% used [0x00000007a6ab0000, 0x00000007a720aa28, 0x00000007a8000000)
  to   space 21824K,   0% used [0x00000007a5560000, 0x00000007a5560000, 0x00000007a6ab0000)
 concurrent mark-sweep generation total 393216K, used 13223K [0x00000007a8000000, 0x00000007c0000000, 0x00000007c0000000)
 Metaspace       used 39645K, capacity 40698K, committed 41092K, reserved 1085440K
  class space    used 4902K, capacity 5189K, committed 5292K, reserved 1048576K
2022-05-03T23:17:24.994+0800: 9.008: [GC (Allocation Failure) 2022-05-03T23:17:24.994+0800: 9.008: [ParNew
Desired survivor size 20112992 bytes, new threshold 8 (max 8)
- age   1:      21896 bytes,      21896 total
- age   2:        784 bytes,      22680 total
- age   3:       6056 bytes,      28736 total
- age   4:      16312 bytes,      45048 total
- age   5:      17544 bytes,      62592 total
- age   6:       4568 bytes,      67160 total
- age   7:      19120 bytes,      86280 total
- age   8:     114832 bytes,     201112 total
: 94954K->2924K(109248K), 0.0083908 secs] 108178K->22070K(502464K), 0.0084648 secs] [Times: user=0.02 sys=0.00, real=0.01 secs] 
Heap after GC invocations=16 (full 1):
 par new generation   total 109248K, used 2924K [0x00000007a0000000, 0x00000007a8000000, 0x00000007a8000000)
  eden space 87424K,   0% used [0x00000007a0000000, 0x00000007a0000000, 0x00000007a5560000)
  from space 21824K,  13% used [0x00000007a5560000, 0x00000007a583b0a0, 0x00000007a6ab0000)
  to   space 21824K,   0% used [0x00000007a6ab0000, 0x00000007a6ab0000, 0x00000007a8000000)
 concurrent mark-sweep generation total 393216K, used 19146K [0x00000007a8000000, 0x00000007c0000000, 0x00000007c0000000)
 Metaspace       used 39645K, capacity 40698K, committed 41092K, reserved 1085440K
  class space    used 4902K, capacity 5189K, committed 5292K, reserved 1048576K
}
2022-05-03T23:17:25.003+0800: 9.016: Total time for which application threads were stopped: 0.0086545 seconds, Stopping threads took: 0.0000208 seconds
{Heap before GC invocations=16 (full 1):
 par new generation   total 109248K, used 90348K [0x00000007a0000000, 0x00000007a8000000, 0x00000007a8000000)
  eden space 87424K, 100% used [0x00000007a0000000, 0x00000007a5560000, 0x00000007a5560000)
  from space 21824K,  13% used [0x00000007a5560000, 0x00000007a583b0a0, 0x00000007a6ab0000)
  to   space 21824K,   0% used [0x00000007a6ab0000, 0x00000007a6ab0000, 0x00000007a8000000)
 concurrent mark-sweep generation total 393216K, used 19146K [0x00000007a8000000, 0x00000007c0000000, 0x00000007c0000000)
 Metaspace       used 39645K, capacity 40698K, committed 41092K, reserved 1085440K
  class space    used 4902K, capacity 5189K, committed 5292K, reserved 1048576K
2022-05-03T23:17:25.062+0800: 9.075: [GC (Allocation Failure) 2022-05-03T23:17:25.062+0800: 9.075: [ParNew
Desired survivor size 20112992 bytes, new threshold 8 (max 8)
- age   1:      16760 bytes,      16760 total
- age   2:       9856 bytes,      26616 total
- age   3:        784 bytes,      27400 total
- age   4:       5960 bytes,      33360 total
- age   5:      16040 bytes,      49400 total
- age   6:      17208 bytes,      66608 total
- age   7:       3024 bytes,      69632 total
- age   8:      19120 bytes,      88752 total
: 90348K->749K(109248K), 0.0048941 secs] 109494K->20008K(502464K), 0.0049477 secs] [Times: user=0.02 sys=0.01, real=0.00 secs] 
Heap after GC invocations=17 (full 1):
 par new generation   total 109248K, used 749K [0x00000007a0000000, 0x00000007a8000000, 0x00000007a8000000)
  eden space 87424K,   0% used [0x00000007a0000000, 0x00000007a0000000, 0x00000007a5560000)
  from space 21824K,   3% used [0x00000007a6ab0000, 0x00000007a6b6b5c0, 0x00000007a8000000)
  to   space 21824K,   0% used [0x00000007a5560000, 0x00000007a5560000, 0x00000007a6ab0000)
 concurrent mark-sweep generation total 393216K, used 19259K [0x00000007a8000000, 0x00000007c0000000, 0x00000007c0000000)
 Metaspace       used 39645K, capacity 40698K, committed 41092K, reserved 1085440K
  class space    used 4902K, capacity 5189K, committed 5292K, reserved 1048576K
}
2022-05-03T23:17:25.067+0800: 9.080: Total time for which application threads were stopped: 0.0051510 seconds, Stopping threads took: 0.0000178 seconds
{Heap before GC invocations=17 (full 1):
 par new generation   total 109248K, used 88173K [0x00000007a0000000, 0x00000007a8000000, 0x00000007a8000000)
  eden space 87424K, 100% used [0x00000007a0000000, 0x00000007a5560000, 0x00000007a5560000)
  from space 21824K,   3% used [0x00000007a6ab0000, 0x00000007a6b6b5c0, 0x00000007a8000000)
  to   space 21824K,   0% used [0x00000007a5560000, 0x00000007a5560000, 0x00000007a6ab0000)
 concurrent mark-sweep generation total 393216K, used 19259K [0x00000007a8000000, 0x00000007c0000000, 0x00000007c0000000)
 Metaspace       used 39645K, capacity 40698K, committed 41092K, reserved 1085440K
  class space    used 4902K, capacity 5189K, committed 5292K, reserved 1048576K
2022-05-03T23:17:25.126+0800: 9.140: [GC (Allocation Failure) 2022-05-03T23:17:25.127+0800: 9.140: [ParNew
Desired survivor size 20112992 bytes, new threshold 8 (max 8)
- age   1:       3768 bytes,       3768 total
- age   2:      15328 bytes,      19096 total
- age   3:       9264 bytes,      28360 total
- age   4:        784 bytes,      29144 total
- age   5:       5960 bytes,      35104 total
- age   6:      16040 bytes,      51144 total
- age   7:      17208 bytes,      68352 total
- age   8:       3024 bytes,      71376 total
: 88173K->196K(109248K), 0.0048785 secs] 107432K->19474K(502464K), 0.0049630 secs] [Times: user=0.02 sys=0.00, real=0.01 secs] 
Heap after GC invocations=18 (full 1):
 par new generation   total 109248K, used 196K [0x00000007a0000000, 0x00000007a8000000, 0x00000007a8000000)
  eden space 87424K,   0% used [0x00000007a0000000, 0x00000007a0000000, 0x00000007a5560000)
  from space 21824K,   0% used [0x00000007a5560000, 0x00000007a5591280, 0x00000007a6ab0000)
  to   space 21824K,   0% used [0x00000007a6ab0000, 0x00000007a6ab0000, 0x00000007a8000000)
 concurrent mark-sweep generation total 393216K, used 19277K [0x00000007a8000000, 0x00000007c0000000, 0x00000007c0000000)
 Metaspace       used 39645K, capacity 40698K, committed 41092K, reserved 1085440K
  class space    used 4902K, capacity 5189K, committed 5292K, reserved 1048576K
}
2022-05-03T23:17:25.131+0800: 9.145: Total time for which application threads were stopped: 0.0051859 seconds, Stopping threads took: 0.0000237 seconds
{Heap before GC invocations=18 (full 1):
 par new generation   total 109248K, used 87620K [0x00000007a0000000, 0x00000007a8000000, 0x00000007a8000000)
  eden space 87424K, 100% used [0x00000007a0000000, 0x00000007a5560000, 0x00000007a5560000)
  from space 21824K,   0% used [0x00000007a5560000, 0x00000007a5591280, 0x00000007a6ab0000)
  to   space 21824K,   0% used [0x00000007a6ab0000, 0x00000007a6ab0000, 0x00000007a8000000)
 concurrent mark-sweep generation total 393216K, used 19277K [0x00000007a8000000, 0x00000007c0000000, 0x00000007c0000000)
 Metaspace       used 39646K, capacity 40698K, committed 41092K, reserved 1085440K
  class space    used 4903K, capacity 5189K, committed 5292K, reserved 1048576K
2022-05-03T23:17:25.194+0800: 9.208: [GC (Allocation Failure) 2022-05-03T23:17:25.194+0800: 9.208: [ParNew
Desired survivor size 20112992 bytes, new threshold 8 (max 8)
- age   1:       4152 bytes,       4152 total
- age   2:        800 bytes,       4952 total
- age   3:      15328 bytes,      20280 total
- age   4:       9264 bytes,      29544 total
- age   5:        784 bytes,      30328 total
- age   6:       5960 bytes,      36288 total
- age   7:      15520 bytes,      51808 total
- age   8:      16848 bytes,      68656 total
: 87620K->104K(109248K), 0.0047469 secs] 106898K->19385K(502464K), 0.0047973 secs] [Times: user=0.02 sys=0.01, real=0.00 secs] 
Heap after GC invocations=19 (full 1):
 par new generation   total 109248K, used 104K [0x00000007a0000000, 0x00000007a8000000, 0x00000007a8000000)
  eden space 87424K,   0% used [0x00000007a0000000, 0x00000007a0000000, 0x00000007a5560000)
  from space 21824K,   0% used [0x00000007a6ab0000, 0x00000007a6aca128, 0x00000007a8000000)
  to   space 21824K,   0% used [0x00000007a5560000, 0x00000007a5560000, 0x00000007a6ab0000)
 concurrent mark-sweep generation total 393216K, used 19280K [0x00000007a8000000, 0x00000007c0000000, 0x00000007c0000000)
 Metaspace       used 39646K, capacity 40698K, committed 41092K, reserved 1085440K
  class space    used 4903K, capacity 5189K, committed 5292K, reserved 1048576K
}
2022-05-03T23:17:25.199+0800: 9.212: Total time for which application threads were stopped: 0.0050406 seconds, Stopping threads took: 0.0000190 seconds
{Heap before GC invocations=19 (full 1):
 par new generation   total 109248K, used 87528K [0x00000007a0000000, 0x00000007a8000000, 0x00000007a8000000)
  eden space 87424K, 100% used [0x00000007a0000000, 0x00000007a5560000, 0x00000007a5560000)
  from space 21824K,   0% used [0x00000007a6ab0000, 0x00000007a6aca128, 0x00000007a8000000)
  to   space 21824K,   0% used [0x00000007a5560000, 0x00000007a5560000, 0x00000007a6ab0000)
 concurrent mark-sweep generation total 393216K, used 19280K [0x00000007a8000000, 0x00000007c0000000, 0x00000007c0000000)
 Metaspace       used 39646K, capacity 40698K, committed 41092K, reserved 1085440K
  class space    used 4903K, capacity 5189K, committed 5292K, reserved 1048576K
2022-05-03T23:17:25.259+0800: 9.273: [GC (Allocation Failure) 2022-05-03T23:17:25.259+0800: 9.273: [ParNew
Desired survivor size 20112992 bytes, new threshold 8 (max 8)
- age   1:       3360 bytes,       3360 total
- age   2:       1280 bytes,       4640 total
- age   3:        800 bytes,       5440 total
- age   4:      15328 bytes,      20768 total
- age   5:       9264 bytes,      30032 total
- age   6:        784 bytes,      30816 total
- age   7:       5960 bytes,      36776 total
- age   8:      15472 bytes,      52248 total
: 87528K->64K(109248K), 0.0050507 secs] 106809K->19361K(502464K), 0.0051174 secs] [Times: user=0.01 sys=0.00, real=0.01 secs] 
Heap after GC invocations=20 (full 1):
 par new generation   total 109248K, used 64K [0x00000007a0000000, 0x00000007a8000000, 0x00000007a8000000)
  eden space 87424K,   0% used [0x00000007a0000000, 0x00000007a0000000, 0x00000007a5560000)
  from space 21824K,   0% used [0x00000007a5560000, 0x00000007a5570088, 0x00000007a6ab0000)
  to   space 21824K,   0% used [0x00000007a6ab0000, 0x00000007a6ab0000, 0x00000007a8000000)
 concurrent mark-sweep generation total 393216K, used 19297K [0x00000007a8000000, 0x00000007c0000000, 0x00000007c0000000)
 Metaspace       used 39646K, capacity 40698K, committed 41092K, reserved 1085440K
  class space    used 4903K, capacity 5189K, committed 5292K, reserved 1048576K
}
2022-05-03T23:17:25.265+0800: 9.278: Total time for which application threads were stopped: 0.0053361 seconds, Stopping threads took: 0.0000195 seconds
{Heap before GC invocations=20 (full 1):
 par new generation   total 109248K, used 87488K [0x00000007a0000000, 0x00000007a8000000, 0x00000007a8000000)
  eden space 87424K, 100% used [0x00000007a0000000, 0x00000007a5560000, 0x00000007a5560000)
  from space 21824K,   0% used [0x00000007a5560000, 0x00000007a5570088, 0x00000007a6ab0000)
  to   space 21824K,   0% used [0x00000007a6ab0000, 0x00000007a6ab0000, 0x00000007a8000000)
 concurrent mark-sweep generation total 393216K, used 19297K [0x00000007a8000000, 0x00000007c0000000, 0x00000007c0000000)
 Metaspace       used 39646K, capacity 40698K, committed 41092K, reserved 1085440K
  class space    used 4903K, capacity 5189K, committed 5292K, reserved 1048576K
2022-05-03T23:17:25.321+0800: 9.334: [GC (Allocation Failure) 2022-05-03T23:17:25.321+0800: 9.335: [ParNew
Desired survivor size 20112992 bytes, new threshold 8 (max 8)
- age   1:       1240 bytes,       1240 total
- age   2:       2792 bytes,       4032 total
- age   3:       1280 bytes,       5312 total
- age   4:        800 bytes,       6112 total
- age   5:      15328 bytes,      21440 total
- age   6:       9264 bytes,      30704 total
- age   7:        784 bytes,      31488 total
- age   8:       5960 bytes,      37448 total
: 87488K->68K(109248K), 0.0046067 secs] 106785K->19380K(502464K), 0.0046643 secs] [Times: user=0.02 sys=0.00, real=0.00 secs] 
Heap after GC invocations=21 (full 1):
 par new generation   total 109248K, used 68K [0x00000007a0000000, 0x00000007a8000000, 0x00000007a8000000)
  eden space 87424K,   0% used [0x00000007a0000000, 0x00000007a0000000, 0x00000007a5560000)
  from space 21824K,   0% used [0x00000007a6ab0000, 0x00000007a6ac1190, 0x00000007a8000000)
  to   space 21824K,   0% used [0x00000007a5560000, 0x00000007a5560000, 0x00000007a6ab0000)
 concurrent mark-sweep generation total 393216K, used 19312K [0x00000007a8000000, 0x00000007c0000000, 0x00000007c0000000)
 Metaspace       used 39646K, capacity 40698K, committed 41092K, reserved 1085440K
  class space    used 4903K, capacity 5189K, committed 5292K, reserved 1048576K
}
2022-05-03T23:17:25.326+0800: 9.339: Total time for which application threads were stopped: 0.0048231 seconds, Stopping threads took: 0.0000179 seconds
{Heap before GC invocations=21 (full 1):
 par new generation   total 109248K, used 87492K [0x00000007a0000000, 0x00000007a8000000, 0x00000007a8000000)
  eden space 87424K, 100% used [0x00000007a0000000, 0x00000007a5560000, 0x00000007a5560000)
  from space 21824K,   0% used [0x00000007a6ab0000, 0x00000007a6ac1190, 0x00000007a8000000)
  to   space 21824K,   0% used [0x00000007a5560000, 0x00000007a5560000, 0x00000007a6ab0000)
 concurrent mark-sweep generation total 393216K, used 19312K [0x00000007a8000000, 0x00000007c0000000, 0x00000007c0000000)
 Metaspace       used 39646K, capacity 40698K, committed 41092K, reserved 1085440K
  class space    used 4903K, capacity 5189K, committed 5292K, reserved 1048576K
2022-05-03T23:17:25.383+0800: 9.397: [GC (Allocation Failure) 2022-05-03T23:17:25.383+0800: 9.397: [ParNew
Desired survivor size 20112992 bytes, new threshold 8 (max 8)
- age   1:       1792 bytes,       1792 total
- age   2:        720 bytes,       2512 total
- age   3:       2792 bytes,       5304 total
- age   4:       1280 bytes,       6584 total
- age   5:        800 bytes,       7384 total
- age   6:      15328 bytes,      22712 total
- age   7:       9264 bytes,      31976 total
- age   8:        784 bytes,      32760 total
: 87492K->39K(109248K), 0.0042277 secs] 106804K->19357K(502464K), 0.0042800 secs] [Times: user=0.02 sys=0.00, real=0.00 secs] 
Heap after GC invocations=22 (full 1):
 par new generation   total 109248K, used 39K [0x00000007a0000000, 0x00000007a8000000, 0x00000007a8000000)
  eden space 87424K,   0% used [0x00000007a0000000, 0x00000007a0000000, 0x00000007a5560000)
  from space 21824K,   0% used [0x00000007a5560000, 0x00000007a5569c00, 0x00000007a6ab0000)
  to   space 21824K,   0% used [0x00000007a6ab0000, 0x00000007a6ab0000, 0x00000007a8000000)
 concurrent mark-sweep generation total 393216K, used 19318K [0x00000007a8000000, 0x00000007c0000000, 0x00000007c0000000)
 Metaspace       used 39646K, capacity 40698K, committed 41092K, reserved 1085440K
  class space    used 4903K, capacity 5189K, committed 5292K, reserved 1048576K
}
2022-05-03T23:17:25.388+0800: 9.401: Total time for which application threads were stopped: 0.0044494 seconds, Stopping threads took: 0.0000164 seconds
{Heap before GC invocations=22 (full 1):
 par new generation   total 109248K, used 87463K [0x00000007a0000000, 0x00000007a8000000, 0x00000007a8000000)
  eden space 87424K, 100% used [0x00000007a0000000, 0x00000007a5560000, 0x00000007a5560000)
  from space 21824K,   0% used [0x00000007a5560000, 0x00000007a5569c00, 0x00000007a6ab0000)
  to   space 21824K,   0% used [0x00000007a6ab0000, 0x00000007a6ab0000, 0x00000007a8000000)
 concurrent mark-sweep generation total 393216K, used 19318K [0x00000007a8000000, 0x00000007c0000000, 0x00000007c0000000)
 Metaspace       used 39646K, capacity 40698K, committed 41092K, reserved 1085440K
  class space    used 4903K, capacity 5189K, committed 5292K, reserved 1048576K
2022-05-03T23:17:25.444+0800: 9.457: [GC (Allocation Failure) 2022-05-03T23:17:25.444+0800: 9.457: [ParNew
Desired survivor size 20112992 bytes, new threshold 8 (max 8)
- age   1:        872 bytes,        872 total
- age   2:       1688 bytes,       2560 total
- age   3:        720 bytes,       3280 total
- age   4:       2792 bytes,       6072 total
- age   5:       1280 bytes,       7352 total
- age   6:        800 bytes,       8152 total
- age   7:      15328 bytes,      23480 total
- age   8:       9264 bytes,      32744 total
: 87463K->36K(109248K), 0.0042159 secs] 106781K->19355K(502464K), 0.0042637 secs] [Times: user=0.02 sys=0.00, real=0.00 secs] 
Heap after GC invocations=23 (full 1):
 par new generation   total 109248K, used 36K [0x00000007a0000000, 0x00000007a8000000, 0x00000007a8000000)
  eden space 87424K,   0% used [0x00000007a0000000, 0x00000007a0000000, 0x00000007a5560000)
  from space 21824K,   0% used [0x00000007a6ab0000, 0x00000007a6ab90e0, 0x00000007a8000000)
  to   space 21824K,   0% used [0x00000007a5560000, 0x00000007a5560000, 0x00000007a6ab0000)
 concurrent mark-sweep generation total 393216K, used 19318K [0x00000007a8000000, 0x00000007c0000000, 0x00000007c0000000)
 Metaspace       used 39646K, capacity 40698K, committed 41092K, reserved 1085440K
  class space    used 4903K, capacity 5189K, committed 5292K, reserved 1048576K
}
2022-05-03T23:17:25.448+0800: 9.461: Total time for which application threads were stopped: 0.0044431 seconds, Stopping threads took: 0.0000205 seconds
{Heap before GC invocations=23 (full 1):
 par new generation   total 109248K, used 87460K [0x00000007a0000000, 0x00000007a8000000, 0x00000007a8000000)
  eden space 87424K, 100% used [0x00000007a0000000, 0x00000007a5560000, 0x00000007a5560000)
  from space 21824K,   0% used [0x00000007a6ab0000, 0x00000007a6ab90e0, 0x00000007a8000000)
  to   space 21824K,   0% used [0x00000007a5560000, 0x00000007a5560000, 0x00000007a6ab0000)
 concurrent mark-sweep generation total 393216K, used 19318K [0x00000007a8000000, 0x00000007c0000000, 0x00000007c0000000)
 Metaspace       used 39646K, capacity 40698K, committed 41092K, reserved 1085440K
  class space    used 4903K, capacity 5189K, committed 5292K, reserved 1048576K
2022-05-03T23:17:25.503+0800: 9.517: [GC (Allocation Failure) 2022-05-03T23:17:25.503+0800: 9.517: [ParNew
Desired survivor size 20112992 bytes, new threshold 8 (max 8)
- age   1:        576 bytes,        576 total
- age   2:        760 bytes,       1336 total
- age   3:       1688 bytes,       3024 total
- age   4:        720 bytes,       3744 total
- age   5:       2792 bytes,       6536 total
- age   6:       1280 bytes,       7816 total
- age   7:        800 bytes,       8616 total
- age   8:      15328 bytes,      23944 total
: 87460K->27K(109248K), 0.0041534 secs] 106779K->19355K(502464K), 0.0042054 secs] [Times: user=0.01 sys=0.00, real=0.00 secs] 
Heap after GC invocations=24 (full 1):
 par new generation   total 109248K, used 27K [0x00000007a0000000, 0x00000007a8000000, 0x00000007a8000000)
  eden space 87424K,   0% used [0x00000007a0000000, 0x00000007a0000000, 0x00000007a5560000)
  from space 21824K,   0% used [0x00000007a5560000, 0x00000007a5566e98, 0x00000007a6ab0000)
  to   space 21824K,   0% used [0x00000007a6ab0000, 0x00000007a6ab0000, 0x00000007a8000000)
 concurrent mark-sweep generation total 393216K, used 19327K [0x00000007a8000000, 0x00000007c0000000, 0x00000007c0000000)
 Metaspace       used 39646K, capacity 40698K, committed 41092K, reserved 1085440K
  class space    used 4903K, capacity 5189K, committed 5292K, reserved 1048576K
}
2022-05-03T23:17:25.508+0800: 9.521: Total time for which application threads were stopped: 0.0044286 seconds, Stopping threads took: 0.0000187 seconds
{Heap before GC invocations=24 (full 1):
 par new generation   total 109248K, used 87451K [0x00000007a0000000, 0x00000007a8000000, 0x00000007a8000000)
  eden space 87424K, 100% used [0x00000007a0000000, 0x00000007a5560000, 0x00000007a5560000)
  from space 21824K,   0% used [0x00000007a5560000, 0x00000007a5566e98, 0x00000007a6ab0000)
  to   space 21824K,   0% used [0x00000007a6ab0000, 0x00000007a6ab0000, 0x00000007a8000000)
 concurrent mark-sweep generation total 393216K, used 19327K [0x00000007a8000000, 0x00000007c0000000, 0x00000007c0000000)
 Metaspace       used 39646K, capacity 40698K, committed 41092K, reserved 1085440K
  class space    used 4903K, capacity 5189K, committed 5292K, reserved 1048576K
2022-05-03T23:17:25.563+0800: 9.576: [GC (Allocation Failure) 2022-05-03T23:17:25.563+0800: 9.576: [ParNew
Desired survivor size 20112992 bytes, new threshold 8 (max 8)
- age   1:       3112 bytes,       3112 total
- age   3:        760 bytes,       3872 total
- age   4:       1688 bytes,       5560 total
- age   5:        720 bytes,       6280 total
- age   6:       2360 bytes,       8640 total
- age   7:       1280 bytes,       9920 total
- age   8:        800 bytes,      10720 total
: 87451K->16K(109248K), 0.0042215 secs] 106779K->19358K(502464K), 0.0042687 secs] [Times: user=0.01 sys=0.00, real=0.00 secs] 
Heap after GC invocations=25 (full 1):
 par new generation   total 109248K, used 16K [0x00000007a0000000, 0x00000007a8000000, 0x00000007a8000000)
  eden space 87424K,   0% used [0x00000007a0000000, 0x00000007a0000000, 0x00000007a5560000)
  from space 21824K,   0% used [0x00000007a6ab0000, 0x00000007a6ab4068, 0x00000007a8000000)
  to   space 21824K,   0% used [0x00000007a5560000, 0x00000007a5560000, 0x00000007a6ab0000)
 concurrent mark-sweep generation total 393216K, used 19342K [0x00000007a8000000, 0x00000007c0000000, 0x00000007c0000000)
 Metaspace       used 39646K, capacity 40698K, committed 41092K, reserved 1085440K
  class space    used 4903K, capacity 5189K, committed 5292K, reserved 1048576K
}
2022-05-03T23:17:25.567+0800: 9.581: Total time for which application threads were stopped: 0.0044481 seconds, Stopping threads took: 0.0000230 seconds
{Heap before GC invocations=25 (full 1):
 par new generation   total 109248K, used 87440K [0x00000007a0000000, 0x00000007a8000000, 0x00000007a8000000)
  eden space 87424K, 100% used [0x00000007a0000000, 0x00000007a5560000, 0x00000007a5560000)
  from space 21824K,   0% used [0x00000007a6ab0000, 0x00000007a6ab4068, 0x00000007a8000000)
  to   space 21824K,   0% used [0x00000007a5560000, 0x00000007a5560000, 0x00000007a6ab0000)
 concurrent mark-sweep generation total 393216K, used 19342K [0x00000007a8000000, 0x00000007c0000000, 0x00000007c0000000)
 Metaspace       used 39646K, capacity 40698K, committed 41092K, reserved 1085440K
  class space    used 4903K, capacity 5189K, committed 5292K, reserved 1048576K
2022-05-03T23:17:25.624+0800: 9.638: [GC (Allocation Failure) 2022-05-03T23:17:25.624+0800: 9.638: [ParNew
Desired survivor size 20112992 bytes, new threshold 8 (max 8)
- age   1:       4720 bytes,       4720 total
- age   2:       2048 bytes,       6768 total
- age   4:        760 bytes,       7528 total
- age   5:       1688 bytes,       9216 total
- age   6:        720 bytes,       9936 total
- age   7:       2360 bytes,      12296 total
- age   8:       1280 bytes,      13576 total
: 87440K->19K(109248K), 0.0044353 secs] 106782K->19363K(502464K), 0.0044709 secs] [Times: user=0.02 sys=0.01, real=0.00 secs] 
Heap after GC invocations=26 (full 1):
 par new generation   total 109248K, used 19K [0x00000007a0000000, 0x00000007a8000000, 0x00000007a8000000)
  eden space 87424K,   0% used [0x00000007a0000000, 0x00000007a0000000, 0x00000007a5560000)
  from space 21824K,   0% used [0x00000007a5560000, 0x00000007a5564e68, 0x00000007a6ab0000)
  to   space 21824K,   0% used [0x00000007a6ab0000, 0x00000007a6ab0000, 0x00000007a8000000)
 concurrent mark-sweep generation total 393216K, used 19343K [0x00000007a8000000, 0x00000007c0000000, 0x00000007c0000000)
 Metaspace       used 39646K, capacity 40698K, committed 41092K, reserved 1085440K
  class space    used 4903K, capacity 5189K, committed 5292K, reserved 1048576K
}
2022-05-03T23:17:25.629+0800: 9.642: Total time for which application threads were stopped: 0.0046943 seconds, Stopping threads took: 0.0000179 seconds
{Heap before GC invocations=26 (full 1):
 par new generation   total 109248K, used 87443K [0x00000007a0000000, 0x00000007a8000000, 0x00000007a8000000)
  eden space 87424K, 100% used [0x00000007a0000000, 0x00000007a5560000, 0x00000007a5560000)
  from space 21824K,   0% used [0x00000007a5560000, 0x00000007a5564e68, 0x00000007a6ab0000)
  to   space 21824K,   0% used [0x00000007a6ab0000, 0x00000007a6ab0000, 0x00000007a8000000)
 concurrent mark-sweep generation total 393216K, used 19343K [0x00000007a8000000, 0x00000007c0000000, 0x00000007c0000000)
 Metaspace       used 39646K, capacity 40698K, committed 41092K, reserved 1085440K
  class space    used 4903K, capacity 5189K, committed 5292K, reserved 1048576K
2022-05-03T23:17:25.684+0800: 9.698: [GC (Allocation Failure) 2022-05-03T23:17:25.684+0800: 9.698: [ParNew
Desired survivor size 20112992 bytes, new threshold 8 (max 8)
- age   1:       4888 bytes,       4888 total
- age   2:       4312 bytes,       9200 total
- age   3:       2048 bytes,      11248 total
- age   5:        760 bytes,      12008 total
- age   6:       1688 bytes,      13696 total
- age   7:        720 bytes,      14416 total
- age   8:       2360 bytes,      16776 total
: 87443K->23K(109248K), 0.0044492 secs] 106787K->19368K(502464K), 0.0044914 secs] [Times: user=0.01 sys=0.00, real=0.00 secs] 
Heap after GC invocations=27 (full 1):
 par new generation   total 109248K, used 23K [0x00000007a0000000, 0x00000007a8000000, 0x00000007a8000000)
  eden space 87424K,   0% used [0x00000007a0000000, 0x00000007a0000000, 0x00000007a5560000)
  from space 21824K,   0% used [0x00000007a6ab0000, 0x00000007a6ab5fe8, 0x00000007a8000000)
  to   space 21824K,   0% used [0x00000007a5560000, 0x00000007a5560000, 0x00000007a6ab0000)
 concurrent mark-sweep generation total 393216K, used 19344K [0x00000007a8000000, 0x00000007c0000000, 0x00000007c0000000)
 Metaspace       used 39646K, capacity 40698K, committed 41092K, reserved 1085440K
  class space    used 4903K, capacity 5189K, committed 5292K, reserved 1048576K
}
2022-05-03T23:17:25.689+0800: 9.702: Total time for which application threads were stopped: 0.0046747 seconds, Stopping threads took: 0.0000262 seconds
{Heap before GC invocations=27 (full 1):
 par new generation   total 109248K, used 87447K [0x00000007a0000000, 0x00000007a8000000, 0x00000007a8000000)
  eden space 87424K, 100% used [0x00000007a0000000, 0x00000007a5560000, 0x00000007a5560000)
  from space 21824K,   0% used [0x00000007a6ab0000, 0x00000007a6ab5fe8, 0x00000007a8000000)
  to   space 21824K,   0% used [0x00000007a5560000, 0x00000007a5560000, 0x00000007a6ab0000)
 concurrent mark-sweep generation total 393216K, used 19344K [0x00000007a8000000, 0x00000007c0000000, 0x00000007c0000000)
 Metaspace       used 39646K, capacity 40698K, committed 41092K, reserved 1085440K
  class space    used 4903K, capacity 5189K, committed 5292K, reserved 1048576K
2022-05-03T23:17:25.747+0800: 9.761: [GC (Allocation Failure) 2022-05-03T23:17:25.747+0800: 9.761: [ParNew
Desired survivor size 20112992 bytes, new threshold 8 (max 8)
- age   1:       8936 bytes,       8936 total
- age   3:       4312 bytes,      13248 total
- age   4:       2048 bytes,      15296 total
- age   6:        760 bytes,      16056 total
- age   7:       1688 bytes,      17744 total
- age   8:        720 bytes,      18464 total
: 87447K->23K(109248K), 0.0041236 secs] 106792K->19371K(502464K), 0.0041635 secs] [Times: user=0.01 sys=0.00, real=0.01 secs] 
Heap after GC invocations=28 (full 1):
 par new generation   total 109248K, used 23K [0x00000007a0000000, 0x00000007a8000000, 0x00000007a8000000)
  eden space 87424K,   0% used [0x00000007a0000000, 0x00000007a0000000, 0x00000007a5560000)
  from space 21824K,   0% used [0x00000007a5560000, 0x00000007a5565fb8, 0x00000007a6ab0000)
  to   space 21824K,   0% used [0x00000007a6ab0000, 0x00000007a6ab0000, 0x00000007a8000000)
 concurrent mark-sweep generation total 393216K, used 19347K [0x00000007a8000000, 0x00000007c0000000, 0x00000007c0000000)
 Metaspace       used 39646K, capacity 40698K, committed 41092K, reserved 1085440K
  class space    used 4903K, capacity 5189K, committed 5292K, reserved 1048576K
}
2022-05-03T23:17:25.752+0800: 9.765: Total time for which application threads were stopped: 0.0043480 seconds, Stopping threads took: 0.0000165 seconds
{Heap before GC invocations=28 (full 1):
 par new generation   total 109248K, used 87447K [0x00000007a0000000, 0x00000007a8000000, 0x00000007a8000000)
  eden space 87424K, 100% used [0x00000007a0000000, 0x00000007a5560000, 0x00000007a5560000)
  from space 21824K,   0% used [0x00000007a5560000, 0x00000007a5565fb8, 0x00000007a6ab0000)
  to   space 21824K,   0% used [0x00000007a6ab0000, 0x00000007a6ab0000, 0x00000007a8000000)
 concurrent mark-sweep generation total 393216K, used 19347K [0x00000007a8000000, 0x00000007c0000000, 0x00000007c0000000)
 Metaspace       used 39646K, capacity 40698K, committed 41092K, reserved 1085440K
  class space    used 4903K, capacity 5189K, committed 5292K, reserved 1048576K
2022-05-03T23:17:25.812+0800: 9.826: [GC (Allocation Failure) 2022-05-03T23:17:25.812+0800: 9.826: [ParNew
Desired survivor size 20112992 bytes, new threshold 8 (max 8)
- age   1:       7040 bytes,       7040 total
- age   2:       8376 bytes,      15416 total
- age   4:       4312 bytes,      19728 total
- age   5:       2048 bytes,      21776 total
- age   7:        760 bytes,      22536 total
- age   8:       1688 bytes,      24224 total
: 87447K->26K(109248K), 0.0043981 secs] 106795K->19374K(502464K), 0.0044453 secs] [Times: user=0.02 sys=0.00, real=0.00 secs] 
Heap after GC invocations=29 (full 1):
 par new generation   total 109248K, used 26K [0x00000007a0000000, 0x00000007a8000000, 0x00000007a8000000)
  eden space 87424K,   0% used [0x00000007a0000000, 0x00000007a0000000, 0x00000007a5560000)
  from space 21824K,   0% used [0x00000007a6ab0000, 0x00000007a6ab6b98, 0x00000007a8000000)
  to   space 21824K,   0% used [0x00000007a5560000, 0x00000007a5560000, 0x00000007a6ab0000)
 concurrent mark-sweep generation total 393216K, used 19347K [0x00000007a8000000, 0x00000007c0000000, 0x00000007c0000000)
 Metaspace       used 39646K, capacity 40698K, committed 41092K, reserved 1085440K
  class space    used 4903K, capacity 5189K, committed 5292K, reserved 1048576K
}
2022-05-03T23:17:25.817+0800: 9.830: Total time for which application threads were stopped: 0.0046186 seconds, Stopping threads took: 0.0000224 seconds
{Heap before GC invocations=29 (full 1):
 par new generation   total 109248K, used 87450K [0x00000007a0000000, 0x00000007a8000000, 0x00000007a8000000)
  eden space 87424K, 100% used [0x00000007a0000000, 0x00000007a5560000, 0x00000007a5560000)
  from space 21824K,   0% used [0x00000007a6ab0000, 0x00000007a6ab6b98, 0x00000007a8000000)
  to   space 21824K,   0% used [0x00000007a5560000, 0x00000007a5560000, 0x00000007a6ab0000)
 concurrent mark-sweep generation total 393216K, used 19347K [0x00000007a8000000, 0x00000007c0000000, 0x00000007c0000000)
 Metaspace       used 39646K, capacity 40698K, committed 41092K, reserved 1085440K
  class space    used 4903K, capacity 5189K, committed 5292K, reserved 1048576K
2022-05-03T23:17:25.887+0800: 9.900: [GC (Allocation Failure) 2022-05-03T23:17:25.887+0800: 9.900: [ParNew
Desired survivor size 20112992 bytes, new threshold 8 (max 8)
- age   1:       5696 bytes,       5696 total
- age   2:       3720 bytes,       9416 total
- age   3:       8376 bytes,      17792 total
- age   5:       4312 bytes,      22104 total
- age   6:       2048 bytes,      24152 total
- age   8:        760 bytes,      24912 total
: 87450K->24K(109248K), 0.0044890 secs] 106798K->19374K(502464K), 0.0045354 secs] [Times: user=0.02 sys=0.00, real=0.01 secs] 
Heap after GC invocations=30 (full 1):
 par new generation   total 109248K, used 24K [0x00000007a0000000, 0x00000007a8000000, 0x00000007a8000000)
  eden space 87424K,   0% used [0x00000007a0000000, 0x00000007a0000000, 0x00000007a5560000)
  from space 21824K,   0% used [0x00000007a5560000, 0x00000007a55662f8, 0x00000007a6ab0000)
  to   space 21824K,   0% used [0x00000007a6ab0000, 0x00000007a6ab0000, 0x00000007a8000000)
 concurrent mark-sweep generation total 393216K, used 19349K [0x00000007a8000000, 0x00000007c0000000, 0x00000007c0000000)
 Metaspace       used 39646K, capacity 40698K, committed 41092K, reserved 1085440K
  class space    used 4903K, capacity 5189K, committed 5292K, reserved 1048576K
}
2022-05-03T23:17:25.891+0800: 9.904: Total time for which application threads were stopped: 0.0047407 seconds, Stopping threads took: 0.0000188 seconds
{Heap before GC invocations=30 (full 1):
 par new generation   total 109248K, used 87448K [0x00000007a0000000, 0x00000007a8000000, 0x00000007a8000000)
  eden space 87424K, 100% used [0x00000007a0000000, 0x00000007a5560000, 0x00000007a5560000)
  from space 21824K,   0% used [0x00000007a5560000, 0x00000007a55662f8, 0x00000007a6ab0000)
  to   space 21824K,   0% used [0x00000007a6ab0000, 0x00000007a6ab0000, 0x00000007a8000000)
 concurrent mark-sweep generation total 393216K, used 19349K [0x00000007a8000000, 0x00000007c0000000, 0x00000007c0000000)
 Metaspace       used 39646K, capacity 40698K, committed 41092K, reserved 1085440K
  class space    used 4903K, capacity 5189K, committed 5292K, reserved 1048576K
2022-05-03T23:17:25.954+0800: 9.967: [GC (Allocation Failure) 2022-05-03T23:17:25.954+0800: 9.967: [ParNew
Desired survivor size 20112992 bytes, new threshold 8 (max 8)
- age   1:        960 bytes,        960 total
- age   2:       4840 bytes,       5800 total
- age   3:       3720 bytes,       9520 total
- age   4:       8376 bytes,      17896 total
- age   6:       4312 bytes,      22208 total
- age   7:       2048 bytes,      24256 total
: 87448K->25K(109248K), 0.0045330 secs] 106798K->19375K(502464K), 0.0045833 secs] [Times: user=0.01 sys=0.00, real=0.00 secs] 
Heap after GC invocations=31 (full 1):
 par new generation   total 109248K, used 25K [0x00000007a0000000, 0x00000007a8000000, 0x00000007a8000000)
  eden space 87424K,   0% used [0x00000007a0000000, 0x00000007a0000000, 0x00000007a5560000)
  from space 21824K,   0% used [0x00000007a6ab0000, 0x00000007a6ab65e8, 0x00000007a8000000)
  to   space 21824K,   0% used [0x00000007a5560000, 0x00000007a5560000, 0x00000007a6ab0000)
 concurrent mark-sweep generation total 393216K, used 19350K [0x00000007a8000000, 0x00000007c0000000, 0x00000007c0000000)
 Metaspace       used 39646K, capacity 40698K, committed 41092K, reserved 1085440K
  class space    used 4903K, capacity 5189K, committed 5292K, reserved 1048576K
}
2022-05-03T23:17:25.958+0800: 9.972: Total time for which application threads were stopped: 0.0047475 seconds, Stopping threads took: 0.0000168 seconds
{Heap before GC invocations=31 (full 1):
 par new generation   total 109248K, used 87449K [0x00000007a0000000, 0x00000007a8000000, 0x00000007a8000000)
  eden space 87424K, 100% used [0x00000007a0000000, 0x00000007a5560000, 0x00000007a5560000)
  from space 21824K,   0% used [0x00000007a6ab0000, 0x00000007a6ab65e8, 0x00000007a8000000)
  to   space 21824K,   0% used [0x00000007a5560000, 0x00000007a5560000, 0x00000007a6ab0000)
 concurrent mark-sweep generation total 393216K, used 19350K [0x00000007a8000000, 0x00000007c0000000, 0x00000007c0000000)
 Metaspace       used 39646K, capacity 40698K, committed 41092K, reserved 1085440K
  class space    used 4903K, capacity 5189K, committed 5292K, reserved 1048576K
2022-05-03T23:17:26.026+0800: 10.039: [GC (Allocation Failure) 2022-05-03T23:17:26.026+0800: 10.039: [ParNew
Desired survivor size 20112992 bytes, new threshold 8 (max 8)
- age   1:      13448 bytes,      13448 total
- age   2:         88 bytes,      13536 total
- age   3:       4840 bytes,      18376 total
- age   4:       3720 bytes,      22096 total
- age   5:       8376 bytes,      30472 total
- age   7:       4312 bytes,      34784 total
- age   8:       2048 bytes,      36832 total
: 87449K->39K(109248K), 0.0046194 secs] 106799K->19390K(502464K), 0.0046818 secs] [Times: user=0.01 sys=0.01, real=0.01 secs] 
Heap after GC invocations=32 (full 1):
 par new generation   total 109248K, used 39K [0x00000007a0000000, 0x00000007a8000000, 0x00000007a8000000)
  eden space 87424K,   0% used [0x00000007a0000000, 0x00000007a0000000, 0x00000007a5560000)
  from space 21824K,   0% used [0x00000007a5560000, 0x00000007a5569f38, 0x00000007a6ab0000)
  to   space 21824K,   0% used [0x00000007a6ab0000, 0x00000007a6ab0000, 0x00000007a8000000)
 concurrent mark-sweep generation total 393216K, used 19350K [0x00000007a8000000, 0x00000007c0000000, 0x00000007c0000000)
 Metaspace       used 39646K, capacity 40698K, committed 41092K, reserved 1085440K
  class space    used 4903K, capacity 5189K, committed 5292K, reserved 1048576K
}
2022-05-03T23:17:26.031+0800: 10.044: Total time for which application threads were stopped: 0.0048782 seconds, Stopping threads took: 0.0000193 seconds
{Heap before GC invocations=32 (full 1):
 par new generation   total 109248K, used 87463K [0x00000007a0000000, 0x00000007a8000000, 0x00000007a8000000)
  eden space 87424K, 100% used [0x00000007a0000000, 0x00000007a5560000, 0x00000007a5560000)
  from space 21824K,   0% used [0x00000007a5560000, 0x00000007a5569f38, 0x00000007a6ab0000)
  to   space 21824K,   0% used [0x00000007a6ab0000, 0x00000007a6ab0000, 0x00000007a8000000)
 concurrent mark-sweep generation total 393216K, used 19350K [0x00000007a8000000, 0x00000007c0000000, 0x00000007c0000000)
 Metaspace       used 39646K, capacity 40698K, committed 41092K, reserved 1085440K
  class space    used 4903K, capacity 5189K, committed 5292K, reserved 1048576K
2022-05-03T23:17:26.092+0800: 10.105: [GC (Allocation Failure) 2022-05-03T23:17:26.092+0800: 10.105: [ParNew
Desired survivor size 20112992 bytes, new threshold 8 (max 8)
- age   1:        752 bytes,        752 total
- age   2:      12256 bytes,      13008 total
- age   3:         88 bytes,      13096 total
- age   4:       4840 bytes,      17936 total
- age   5:       3720 bytes,      21656 total
- age   6:       8376 bytes,      30032 total
- age   8:       4312 bytes,      34344 total
: 87463K->46K(109248K), 0.0041574 secs] 106814K->19398K(502464K), 0.0042011 secs] [Times: user=0.01 sys=0.00, real=0.00 secs] 
Heap after GC invocations=33 (full 1):
 par new generation   total 109248K, used 46K [0x00000007a0000000, 0x00000007a8000000, 0x00000007a8000000)
  eden space 87424K,   0% used [0x00000007a0000000, 0x00000007a0000000, 0x00000007a5560000)
  from space 21824K,   0% used [0x00000007a6ab0000, 0x00000007a6abb8c8, 0x00000007a8000000)
  to   space 21824K,   0% used [0x00000007a5560000, 0x00000007a5560000, 0x00000007a6ab0000)
 concurrent mark-sweep generation total 393216K, used 19352K [0x00000007a8000000, 0x00000007c0000000, 0x00000007c0000000)
 Metaspace       used 39646K, capacity 40698K, committed 41092K, reserved 1085440K
  class space    used 4903K, capacity 5189K, committed 5292K, reserved 1048576K
}
2022-05-03T23:17:26.096+0800: 10.109: Total time for which application threads were stopped: 0.0043898 seconds, Stopping threads took: 0.0000231 seconds
{Heap before GC invocations=33 (full 1):
 par new generation   total 109248K, used 87470K [0x00000007a0000000, 0x00000007a8000000, 0x00000007a8000000)
  eden space 87424K, 100% used [0x00000007a0000000, 0x00000007a5560000, 0x00000007a5560000)
  from space 21824K,   0% used [0x00000007a6ab0000, 0x00000007a6abb8c8, 0x00000007a8000000)
  to   space 21824K,   0% used [0x00000007a5560000, 0x00000007a5560000, 0x00000007a6ab0000)
 concurrent mark-sweep generation total 393216K, used 19352K [0x00000007a8000000, 0x00000007c0000000, 0x00000007c0000000)
 Metaspace       used 39646K, capacity 40698K, committed 41092K, reserved 1085440K
  class space    used 4903K, capacity 5189K, committed 5292K, reserved 1048576K
2022-05-03T23:17:26.153+0800: 10.166: [GC (Allocation Failure) 2022-05-03T23:17:26.153+0800: 10.166: [ParNew
Desired survivor size 20112992 bytes, new threshold 8 (max 8)
- age   1:       1680 bytes,       1680 total
- age   2:        256 bytes,       1936 total
- age   3:      12256 bytes,      14192 total
- age   4:         88 bytes,      14280 total
- age   5:       4840 bytes,      19120 total
- age   6:       3720 bytes,      22840 total
- age   7:       8376 bytes,      31216 total
: 87470K->33K(109248K), 0.0041313 secs] 106822K->19390K(502464K), 0.0041724 secs] [Times: user=0.01 sys=0.00, real=0.00 secs] 
Heap after GC invocations=34 (full 1):
 par new generation   total 109248K, used 33K [0x00000007a0000000, 0x00000007a8000000, 0x00000007a8000000)
  eden space 87424K,   0% used [0x00000007a0000000, 0x00000007a0000000, 0x00000007a5560000)
  from space 21824K,   0% used [0x00000007a5560000, 0x00000007a55687d8, 0x00000007a6ab0000)
  to   space 21824K,   0% used [0x00000007a6ab0000, 0x00000007a6ab0000, 0x00000007a8000000)
 concurrent mark-sweep generation total 393216K, used 19356K [0x00000007a8000000, 0x00000007c0000000, 0x00000007c0000000)
 Metaspace       used 39646K, capacity 40698K, committed 41092K, reserved 1085440K
  class space    used 4903K, capacity 5189K, committed 5292K, reserved 1048576K
}
2022-05-03T23:17:26.157+0800: 10.170: Total time for which application threads were stopped: 0.0043469 seconds, Stopping threads took: 0.0000185 seconds
{Heap before GC invocations=34 (full 1):
 par new generation   total 109248K, used 87457K [0x00000007a0000000, 0x00000007a8000000, 0x00000007a8000000)
  eden space 87424K, 100% used [0x00000007a0000000, 0x00000007a5560000, 0x00000007a5560000)
  from space 21824K,   0% used [0x00000007a5560000, 0x00000007a55687d8, 0x00000007a6ab0000)
  to   space 21824K,   0% used [0x00000007a6ab0000, 0x00000007a6ab0000, 0x00000007a8000000)
 concurrent mark-sweep generation total 393216K, used 19356K [0x00000007a8000000, 0x00000007c0000000, 0x00000007c0000000)
 Metaspace       used 39646K, capacity 40698K, committed 41092K, reserved 1085440K
  class space    used 4903K, capacity 5189K, committed 5292K, reserved 1048576K
2022-05-03T23:17:26.219+0800: 10.232: [GC (Allocation Failure) 2022-05-03T23:17:26.219+0800: 10.232: [ParNew
Desired survivor size 20112992 bytes, new threshold 8 (max 8)
- age   1:       2072 bytes,       2072 total
- age   2:        856 bytes,       2928 total
- age   3:        256 bytes,       3184 total
- age   4:      12256 bytes,      15440 total
- age   5:         88 bytes,      15528 total
- age   6:       4840 bytes,      20368 total
- age   7:       3720 bytes,      24088 total
- age   8:       8376 bytes,      32464 total
: 87457K->39K(109248K), 0.0045507 secs] 106814K->19395K(502464K), 0.0046074 secs] [Times: user=0.01 sys=0.00, real=0.01 secs] 
Heap after GC invocations=35 (full 1):
 par new generation   total 109248K, used 39K [0x00000007a0000000, 0x00000007a8000000, 0x00000007a8000000)
  eden space 87424K,   0% used [0x00000007a0000000, 0x00000007a0000000, 0x00000007a5560000)
  from space 21824K,   0% used [0x00000007a6ab0000, 0x00000007a6ab9cc8, 0x00000007a8000000)
  to   space 21824K,   0% used [0x00000007a5560000, 0x00000007a5560000, 0x00000007a6ab0000)
 concurrent mark-sweep generation total 393216K, used 19356K [0x00000007a8000000, 0x00000007c0000000, 0x00000007c0000000)
 Metaspace       used 39646K, capacity 40698K, committed 41092K, reserved 1085440K
  class space    used 4903K, capacity 5189K, committed 5292K, reserved 1048576K
}
2022-05-03T23:17:26.223+0800: 10.237: Total time for which application threads were stopped: 0.0047991 seconds, Stopping threads took: 0.0000221 seconds
{Heap before GC invocations=35 (full 1):
 par new generation   total 109248K, used 87463K [0x00000007a0000000, 0x00000007a8000000, 0x00000007a8000000)
  eden space 87424K, 100% used [0x00000007a0000000, 0x00000007a5560000, 0x00000007a5560000)
  from space 21824K,   0% used [0x00000007a6ab0000, 0x00000007a6ab9cc8, 0x00000007a8000000)
  to   space 21824K,   0% used [0x00000007a5560000, 0x00000007a5560000, 0x00000007a6ab0000)
 concurrent mark-sweep generation total 393216K, used 19356K [0x00000007a8000000, 0x00000007c0000000, 0x00000007c0000000)
 Metaspace       used 39646K, capacity 40698K, committed 41092K, reserved 1085440K
  class space    used 4903K, capacity 5189K, committed 5292K, reserved 1048576K
2022-05-03T23:17:26.287+0800: 10.300: [GC (Allocation Failure) 2022-05-03T23:17:26.287+0800: 10.300: [ParNew
Desired survivor size 20112992 bytes, new threshold 8 (max 8)
- age   1:       5024 bytes,       5024 total
- age   2:       1584 bytes,       6608 total
- age   3:        856 bytes,       7464 total
- age   4:        256 bytes,       7720 total
- age   5:      12256 bytes,      19976 total
- age   6:         88 bytes,      20064 total
- age   7:       4840 bytes,      24904 total
- age   8:       3720 bytes,      28624 total
: 87463K->37K(109248K), 0.0048317 secs] 106819K->19402K(502464K), 0.0048848 secs] [Times: user=0.02 sys=0.00, real=0.01 secs] 
Heap after GC invocations=36 (full 1):
 par new generation   total 109248K, used 37K [0x00000007a0000000, 0x00000007a8000000, 0x00000007a8000000)
  eden space 87424K,   0% used [0x00000007a0000000, 0x00000007a0000000, 0x00000007a5560000)
  from space 21824K,   0% used [0x00000007a5560000, 0x00000007a5569780, 0x00000007a6ab0000)
  to   space 21824K,   0% used [0x00000007a6ab0000, 0x00000007a6ab0000, 0x00000007a8000000)
 concurrent mark-sweep generation total 393216K, used 19364K [0x00000007a8000000, 0x00000007c0000000, 0x00000007c0000000)
 Metaspace       used 39646K, capacity 40698K, committed 41092K, reserved 1085440K
  class space    used 4903K, capacity 5189K, committed 5292K, reserved 1048576K
}
2022-05-03T23:17:26.292+0800: 10.305: Total time for which application threads were stopped: 0.0050758 seconds, Stopping threads took: 0.0000210 seconds
{Heap before GC invocations=36 (full 1):
 par new generation   total 109248K, used 87461K [0x00000007a0000000, 0x00000007a8000000, 0x00000007a8000000)
  eden space 87424K, 100% used [0x00000007a0000000, 0x00000007a5560000, 0x00000007a5560000)
  from space 21824K,   0% used [0x00000007a5560000, 0x00000007a5569780, 0x00000007a6ab0000)
  to   space 21824K,   0% used [0x00000007a6ab0000, 0x00000007a6ab0000, 0x00000007a8000000)
 concurrent mark-sweep generation total 393216K, used 19364K [0x00000007a8000000, 0x00000007c0000000, 0x00000007c0000000)
 Metaspace       used 39646K, capacity 40698K, committed 41092K, reserved 1085440K
  class space    used 4903K, capacity 5189K, committed 5292K, reserved 1048576K
2022-05-03T23:17:26.356+0800: 10.369: [GC (Allocation Failure) 2022-05-03T23:17:26.356+0800: 10.369: [ParNew
Desired survivor size 20112992 bytes, new threshold 8 (max 8)
- age   1:       1224 bytes,       1224 total
- age   2:       3928 bytes,       5152 total
- age   3:       1584 bytes,       6736 total
- age   4:        856 bytes,       7592 total
- age   5:        256 bytes,       7848 total
- age   6:      12256 bytes,      20104 total
- age   7:         88 bytes,      20192 total
- age   8:       4840 bytes,      25032 total
: 87461K->30K(109248K), 0.0045283 secs] 106826K->19398K(502464K), 0.0045776 secs] [Times: user=0.01 sys=0.00, real=0.01 secs] 
Heap after GC invocations=37 (full 1):
 par new generation   total 109248K, used 30K [0x00000007a0000000, 0x00000007a8000000, 0x00000007a8000000)
  eden space 87424K,   0% used [0x00000007a0000000, 0x00000007a0000000, 0x00000007a5560000)
  from space 21824K,   0% used [0x00000007a6ab0000, 0x00000007a6ab78b8, 0x00000007a8000000)
  to   space 21824K,   0% used [0x00000007a5560000, 0x00000007a5560000, 0x00000007a6ab0000)
 concurrent mark-sweep generation total 393216K, used 19368K [0x00000007a8000000, 0x00000007c0000000, 0x00000007c0000000)
 Metaspace       used 39646K, capacity 40698K, committed 41092K, reserved 1085440K
  class space    used 4903K, capacity 5189K, committed 5292K, reserved 1048576K
}
2022-05-03T23:17:26.360+0800: 10.373: Total time for which application threads were stopped: 0.0047825 seconds, Stopping threads took: 0.0000250 seconds
{Heap before GC invocations=37 (full 1):
 par new generation   total 109248K, used 87454K [0x00000007a0000000, 0x00000007a8000000, 0x00000007a8000000)
  eden space 87424K, 100% used [0x00000007a0000000, 0x00000007a5560000, 0x00000007a5560000)
  from space 21824K,   0% used [0x00000007a6ab0000, 0x00000007a6ab78b8, 0x00000007a8000000)
  to   space 21824K,   0% used [0x00000007a5560000, 0x00000007a5560000, 0x00000007a6ab0000)
 concurrent mark-sweep generation total 393216K, used 19368K [0x00000007a8000000, 0x00000007c0000000, 0x00000007c0000000)
 Metaspace       used 39646K, capacity 40698K, committed 41092K, reserved 1085440K
  class space    used 4903K, capacity 5189K, committed 5292K, reserved 1048576K
2022-05-03T23:17:26.423+0800: 10.437: [GC (Allocation Failure) 2022-05-03T23:17:26.423+0800: 10.437: [ParNew
Desired survivor size 20112992 bytes, new threshold 8 (max 8)
- age   1:        864 bytes,        864 total
- age   2:        568 bytes,       1432 total
- age   3:       3928 bytes,       5360 total
- age   4:       1584 bytes,       6944 total
- age   5:        856 bytes,       7800 total
- age   6:        256 bytes,       8056 total
- age   7:      12256 bytes,      20312 total
- age   8:         88 bytes,      20400 total
: 87454K->26K(109248K), 0.0046517 secs] 106822K->19399K(502464K), 0.0047100 secs] [Times: user=0.02 sys=0.00, real=0.00 secs] 
Heap after GC invocations=38 (full 1):
 par new generation   total 109248K, used 26K [0x00000007a0000000, 0x00000007a8000000, 0x00000007a8000000)
  eden space 87424K,   0% used [0x00000007a0000000, 0x00000007a0000000, 0x00000007a5560000)
  from space 21824K,   0% used [0x00000007a5560000, 0x00000007a5566ab0, 0x00000007a6ab0000)
  to   space 21824K,   0% used [0x00000007a6ab0000, 0x00000007a6ab0000, 0x00000007a8000000)
 concurrent mark-sweep generation total 393216K, used 19373K [0x00000007a8000000, 0x00000007c0000000, 0x00000007c0000000)
 Metaspace       used 39646K, capacity 40698K, committed 41092K, reserved 1085440K
  class space    used 4903K, capacity 5189K, committed 5292K, reserved 1048576K
}
2022-05-03T23:17:26.428+0800: 10.441: Total time for which application threads were stopped: 0.0049063 seconds, Stopping threads took: 0.0000217 seconds
{Heap before GC invocations=38 (full 1):
 par new generation   total 109248K, used 87450K [0x00000007a0000000, 0x00000007a8000000, 0x00000007a8000000)
  eden space 87424K, 100% used [0x00000007a0000000, 0x00000007a5560000, 0x00000007a5560000)
  from space 21824K,   0% used [0x00000007a5560000, 0x00000007a5566ab0, 0x00000007a6ab0000)
  to   space 21824K,   0% used [0x00000007a6ab0000, 0x00000007a6ab0000, 0x00000007a8000000)
 concurrent mark-sweep generation total 393216K, used 19373K [0x00000007a8000000, 0x00000007c0000000, 0x00000007c0000000)
 Metaspace       used 39646K, capacity 40698K, committed 41092K, reserved 1085440K
  class space    used 4903K, capacity 5189K, committed 5292K, reserved 1048576K
2022-05-03T23:17:26.493+0800: 10.506: [GC (Allocation Failure) 2022-05-03T23:17:26.493+0800: 10.506: [ParNew
Desired survivor size 20112992 bytes, new threshold 8 (max 8)
- age   1:       1336 bytes,       1336 total
- age   2:        664 bytes,       2000 total
- age   3:        568 bytes,       2568 total
- age   4:       3928 bytes,       6496 total
- age   5:       1584 bytes,       8080 total
- age   6:        856 bytes,       8936 total
- age   7:        256 bytes,       9192 total
- age   8:      12256 bytes,      21448 total
: 87450K->28K(109248K), 0.0040270 secs] 106823K->19401K(502464K), 0.0040833 secs] [Times: user=0.02 sys=0.01, real=0.00 secs] 
Heap after GC invocations=39 (full 1):
 par new generation   total 109248K, used 28K [0x00000007a0000000, 0x00000007a8000000, 0x00000007a8000000)
  eden space 87424K,   0% used [0x00000007a0000000, 0x00000007a0000000, 0x00000007a5560000)
  from space 21824K,   0% used [0x00000007a6ab0000, 0x00000007a6ab72b8, 0x00000007a8000000)
  to   space 21824K,   0% used [0x00000007a5560000, 0x00000007a5560000, 0x00000007a6ab0000)
 concurrent mark-sweep generation total 393216K, used 19373K [0x00000007a8000000, 0x00000007c0000000, 0x00000007c0000000)
 Metaspace       used 39646K, capacity 40698K, committed 41092K, reserved 1085440K
  class space    used 4903K, capacity 5189K, committed 5292K, reserved 1048576K
}
2022-05-03T23:17:26.497+0800: 10.510: Total time for which application threads were stopped: 0.0042517 seconds, Stopping threads took: 0.0000145 seconds
{Heap before GC invocations=39 (full 1):
 par new generation   total 109248K, used 87452K [0x00000007a0000000, 0x00000007a8000000, 0x00000007a8000000)
  eden space 87424K, 100% used [0x00000007a0000000, 0x00000007a5560000, 0x00000007a5560000)
  from space 21824K,   0% used [0x00000007a6ab0000, 0x00000007a6ab72b8, 0x00000007a8000000)
  to   space 21824K,   0% used [0x00000007a5560000, 0x00000007a5560000, 0x00000007a6ab0000)
 concurrent mark-sweep generation total 393216K, used 19373K [0x00000007a8000000, 0x00000007c0000000, 0x00000007c0000000)
 Metaspace       used 39646K, capacity 40698K, committed 41092K, reserved 1085440K
  class space    used 4903K, capacity 5189K, committed 5292K, reserved 1048576K
2022-05-03T23:17:26.562+0800: 10.575: [GC (Allocation Failure) 2022-05-03T23:17:26.562+0800: 10.575: [ParNew
Desired survivor size 20112992 bytes, new threshold 8 (max 8)
- age   1:        720 bytes,        720 total
- age   3:        664 bytes,       1384 total
- age   4:        568 bytes,       1952 total
- age   5:       3928 bytes,       5880 total
- age   6:       1584 bytes,       7464 total
- age   7:        856 bytes,       8320 total
- age   8:        256 bytes,       8576 total
: 87452K->11K(109248K), 0.0044841 secs] 106825K->19396K(502464K), 0.0045384 secs] [Times: user=0.01 sys=0.00, real=0.00 secs] 
Heap after GC invocations=40 (full 1):
 par new generation   total 109248K, used 11K [0x00000007a0000000, 0x00000007a8000000, 0x00000007a8000000)
  eden space 87424K,   0% used [0x00000007a0000000, 0x00000007a0000000, 0x00000007a5560000)
  from space 21824K,   0% used [0x00000007a5560000, 0x00000007a5562ef0, 0x00000007a6ab0000)
  to   space 21824K,   0% used [0x00000007a6ab0000, 0x00000007a6ab0000, 0x00000007a8000000)
 concurrent mark-sweep generation total 393216K, used 19385K [0x00000007a8000000, 0x00000007c0000000, 0x00000007c0000000)
 Metaspace       used 39646K, capacity 40698K, committed 41092K, reserved 1085440K
  class space    used 4903K, capacity 5189K, committed 5292K, reserved 1048576K
}
2022-05-03T23:17:26.567+0800: 10.580: Total time for which application threads were stopped: 0.0047885 seconds, Stopping threads took: 0.0000200 seconds
{Heap before GC invocations=40 (full 1):
 par new generation   total 109248K, used 87435K [0x00000007a0000000, 0x00000007a8000000, 0x00000007a8000000)
  eden space 87424K, 100% used [0x00000007a0000000, 0x00000007a5560000, 0x00000007a5560000)
  from space 21824K,   0% used [0x00000007a5560000, 0x00000007a5562ef0, 0x00000007a6ab0000)
  to   space 21824K,   0% used [0x00000007a6ab0000, 0x00000007a6ab0000, 0x00000007a8000000)
 concurrent mark-sweep generation total 393216K, used 19385K [0x00000007a8000000, 0x00000007c0000000, 0x00000007c0000000)
 Metaspace       used 39646K, capacity 40698K, committed 41092K, reserved 1085440K
  class space    used 4903K, capacity 5189K, committed 5292K, reserved 1048576K
2022-05-03T23:17:26.629+0800: 10.643: [GC (Allocation Failure) 2022-05-03T23:17:26.629+0800: 10.643: [ParNew
Desired survivor size 20112992 bytes, new threshold 8 (max 8)
- age   1:       1112 bytes,       1112 total
- age   4:        664 bytes,       1776 total
- age   5:        568 bytes,       2344 total
- age   6:       3928 bytes,       6272 total
- age   7:       1584 bytes,       7856 total
- age   8:        856 bytes,       8712 total
: 87435K->10K(109248K), 0.0045906 secs] 106820K->19395K(502464K), 0.0046410 secs] [Times: user=0.02 sys=0.00, real=0.01 secs] 
Heap after GC invocations=41 (full 1):
 par new generation   total 109248K, used 10K [0x00000007a0000000, 0x00000007a8000000, 0x00000007a8000000)
  eden space 87424K,   0% used [0x00000007a0000000, 0x00000007a0000000, 0x00000007a5560000)
  from space 21824K,   0% used [0x00000007a6ab0000, 0x00000007a6ab29f0, 0x00000007a8000000)
  to   space 21824K,   0% used [0x00000007a5560000, 0x00000007a5560000, 0x00000007a6ab0000)
 concurrent mark-sweep generation total 393216K, used 19385K [0x00000007a8000000, 0x00000007c0000000, 0x00000007c0000000)
 Metaspace       used 39646K, capacity 40698K, committed 41092K, reserved 1085440K
  class space    used 4903K, capacity 5189K, committed 5292K, reserved 1048576K
}
2022-05-03T23:17:26.634+0800: 10.647: Total time for which application threads were stopped: 0.0048132 seconds, Stopping threads took: 0.0000184 seconds
{Heap before GC invocations=41 (full 1):
 par new generation   total 109248K, used 87434K [0x00000007a0000000, 0x00000007a8000000, 0x00000007a8000000)
  eden space 87424K, 100% used [0x00000007a0000000, 0x00000007a5560000, 0x00000007a5560000)
  from space 21824K,   0% used [0x00000007a6ab0000, 0x00000007a6ab29f0, 0x00000007a8000000)
  to   space 21824K,   0% used [0x00000007a5560000, 0x00000007a5560000, 0x00000007a6ab0000)
 concurrent mark-sweep generation total 393216K, used 19385K [0x00000007a8000000, 0x00000007c0000000, 0x00000007c0000000)
 Metaspace       used 39646K, capacity 40698K, committed 41092K, reserved 1085440K
  class space    used 4903K, capacity 5189K, committed 5292K, reserved 1048576K
2022-05-03T23:17:26.700+0800: 10.713: [GC (Allocation Failure) 2022-05-03T23:17:26.700+0800: 10.713: [ParNew
Desired survivor size 20112992 bytes, new threshold 8 (max 8)
- age   1:       9536 bytes,       9536 total
- age   2:        224 bytes,       9760 total
- age   5:        664 bytes,      10424 total
- age   6:        568 bytes,      10992 total
- age   7:       2584 bytes,      13576 total
- age   8:        976 bytes,      14552 total
: 87434K->16K(109248K), 0.0044159 secs] 106819K->19402K(502464K), 0.0044646 secs] [Times: user=0.02 sys=0.00, real=0.00 secs] 
Heap after GC invocations=42 (full 1):
 par new generation   total 109248K, used 16K [0x00000007a0000000, 0x00000007a8000000, 0x00000007a8000000)
  eden space 87424K,   0% used [0x00000007a0000000, 0x00000007a0000000, 0x00000007a5560000)
  from space 21824K,   0% used [0x00000007a5560000, 0x00000007a5564150, 0x00000007a6ab0000)
  to   space 21824K,   0% used [0x00000007a6ab0000, 0x00000007a6ab0000, 0x00000007a8000000)
 concurrent mark-sweep generation total 393216K, used 19386K [0x00000007a8000000, 0x00000007c0000000, 0x00000007c0000000)
 Metaspace       used 39646K, capacity 40698K, committed 41092K, reserved 1085440K
  class space    used 4903K, capacity 5189K, committed 5292K, reserved 1048576K
}
2022-05-03T23:17:26.704+0800: 10.718: Total time for which application threads were stopped: 0.0046413 seconds, Stopping threads took: 0.0000180 seconds
{Heap before GC invocations=42 (full 1):
 par new generation   total 109248K, used 87440K [0x00000007a0000000, 0x00000007a8000000, 0x00000007a8000000)
  eden space 87424K, 100% used [0x00000007a0000000, 0x00000007a5560000, 0x00000007a5560000)
  from space 21824K,   0% used [0x00000007a5560000, 0x00000007a5564150, 0x00000007a6ab0000)
  to   space 21824K,   0% used [0x00000007a6ab0000, 0x00000007a6ab0000, 0x00000007a8000000)
 concurrent mark-sweep generation total 393216K, used 19386K [0x00000007a8000000, 0x00000007c0000000, 0x00000007c0000000)
 Metaspace       used 39646K, capacity 40698K, committed 41092K, reserved 1085440K
  class space    used 4903K, capacity 5189K, committed 5292K, reserved 1048576K
2022-05-03T23:17:26.771+0800: 10.785: [GC (Allocation Failure) 2022-05-03T23:17:26.771+0800: 10.785: [ParNew
Desired survivor size 20112992 bytes, new threshold 8 (max 8)
- age   1:      16552 bytes,      16552 total
- age   2:       6968 bytes,      23520 total
- age   3:        224 bytes,      23744 total
- age   6:        664 bytes,      24408 total
- age   7:        568 bytes,      24976 total
- age   8:       2192 bytes,      27168 total
: 87440K->29K(109248K), 0.0045079 secs] 106826K->19416K(502464K), 0.0045556 secs] [Times: user=0.01 sys=0.00, real=0.00 secs] 
Heap after GC invocations=43 (full 1):
 par new generation   total 109248K, used 29K [0x00000007a0000000, 0x00000007a8000000, 0x00000007a8000000)
  eden space 87424K,   0% used [0x00000007a0000000, 0x00000007a0000000, 0x00000007a5560000)
  from space 21824K,   0% used [0x00000007a6ab0000, 0x00000007a6ab7688, 0x00000007a8000000)
  to   space 21824K,   0% used [0x00000007a5560000, 0x00000007a5560000, 0x00000007a6ab0000)
 concurrent mark-sweep generation total 393216K, used 19387K [0x00000007a8000000, 0x00000007c0000000, 0x00000007c0000000)
 Metaspace       used 39646K, capacity 40698K, committed 41092K, reserved 1085440K
  class space    used 4903K, capacity 5189K, committed 5292K, reserved 1048576K
}
2022-05-03T23:17:26.776+0800: 10.789: Total time for which application threads were stopped: 0.0047355 seconds, Stopping threads took: 0.0000173 seconds
{Heap before GC invocations=43 (full 1):
 par new generation   total 109248K, used 87453K [0x00000007a0000000, 0x00000007a8000000, 0x00000007a8000000)
  eden space 87424K, 100% used [0x00000007a0000000, 0x00000007a5560000, 0x00000007a5560000)
  from space 21824K,   0% used [0x00000007a6ab0000, 0x00000007a6ab7688, 0x00000007a8000000)
  to   space 21824K,   0% used [0x00000007a5560000, 0x00000007a5560000, 0x00000007a6ab0000)
 concurrent mark-sweep generation total 393216K, used 19387K [0x00000007a8000000, 0x00000007c0000000, 0x00000007c0000000)
 Metaspace       used 39646K, capacity 40698K, committed 41092K, reserved 1085440K
  class space    used 4903K, capacity 5189K, committed 5292K, reserved 1048576K
2022-05-03T23:17:26.843+0800: 10.857: [GC (Allocation Failure) 2022-05-03T23:17:26.843+0800: 10.857: [ParNew
Desired survivor size 20112992 bytes, new threshold 8 (max 8)
- age   1:       4952 bytes,       4952 total
- age   2:      15784 bytes,      20736 total
- age   3:       6968 bytes,      27704 total
- age   4:        224 bytes,      27928 total
- age   7:        664 bytes,      28592 total
- age   8:        568 bytes,      29160 total
: 87453K->32K(109248K), 0.0048205 secs] 106840K->19422K(502464K), 0.0048642 secs] [Times: user=0.02 sys=0.00, real=0.00 secs] 
Heap after GC invocations=44 (full 1):
 par new generation   total 109248K, used 32K [0x00000007a0000000, 0x00000007a8000000, 0x00000007a8000000)
  eden space 87424K,   0% used [0x00000007a0000000, 0x00000007a0000000, 0x00000007a5560000)
  from space 21824K,   0% used [0x00000007a5560000, 0x00000007a5568360, 0x00000007a6ab0000)
  to   space 21824K,   0% used [0x00000007a6ab0000, 0x00000007a6ab0000, 0x00000007a8000000)
 concurrent mark-sweep generation total 393216K, used 19389K [0x00000007a8000000, 0x00000007c0000000, 0x00000007c0000000)
 Metaspace       used 39646K, capacity 40698K, committed 41092K, reserved 1085440K
  class space    used 4903K, capacity 5189K, committed 5292K, reserved 1048576K
}
2022-05-03T23:17:26.848+0800: 10.862: Total time for which application threads were stopped: 0.0050887 seconds, Stopping threads took: 0.0000250 seconds
{Heap before GC invocations=44 (full 1):
 par new generation   total 109248K, used 87456K [0x00000007a0000000, 0x00000007a8000000, 0x00000007a8000000)
  eden space 87424K, 100% used [0x00000007a0000000, 0x00000007a5560000, 0x00000007a5560000)
  from space 21824K,   0% used [0x00000007a5560000, 0x00000007a5568360, 0x00000007a6ab0000)
  to   space 21824K,   0% used [0x00000007a6ab0000, 0x00000007a6ab0000, 0x00000007a8000000)
 concurrent mark-sweep generation total 393216K, used 19389K [0x00000007a8000000, 0x00000007c0000000, 0x00000007c0000000)
 Metaspace       used 39646K, capacity 40698K, committed 41092K, reserved 1085440K
  class space    used 4903K, capacity 5189K, committed 5292K, reserved 1048576K
2022-05-03T23:17:26.916+0800: 10.929: [GC (Allocation Failure) 2022-05-03T23:17:26.916+0800: 10.930: [ParNew
Desired survivor size 20112992 bytes, new threshold 8 (max 8)
- age   1:       8912 bytes,       8912 total
- age   2:       4472 bytes,      13384 total
- age   3:      15784 bytes,      29168 total
- age   4:       6968 bytes,      36136 total
- age   5:        224 bytes,      36360 total
- age   8:        664 bytes,      37024 total
: 87456K->43K(109248K), 0.0042787 secs] 106846K->19433K(502464K), 0.0043263 secs] [Times: user=0.02 sys=0.00, real=0.01 secs] 
Heap after GC invocations=45 (full 1):
 par new generation   total 109248K, used 43K [0x00000007a0000000, 0x00000007a8000000, 0x00000007a8000000)
  eden space 87424K,   0% used [0x00000007a0000000, 0x00000007a0000000, 0x00000007a5560000)
  from space 21824K,   0% used [0x00000007a6ab0000, 0x00000007a6abadf8, 0x00000007a8000000)
  to   space 21824K,   0% used [0x00000007a5560000, 0x00000007a5560000, 0x00000007a6ab0000)
 concurrent mark-sweep generation total 393216K, used 19389K [0x00000007a8000000, 0x00000007c0000000, 0x00000007c0000000)
 Metaspace       used 39646K, capacity 40698K, committed 41092K, reserved 1085440K
  class space    used 4903K, capacity 5189K, committed 5292K, reserved 1048576K
}
2022-05-03T23:17:26.920+0800: 10.934: Total time for which application threads were stopped: 0.0044953 seconds, Stopping threads took: 0.0000191 seconds
{Heap before GC invocations=45 (full 1):
 par new generation   total 109248K, used 87467K [0x00000007a0000000, 0x00000007a8000000, 0x00000007a8000000)
  eden space 87424K, 100% used [0x00000007a0000000, 0x00000007a5560000, 0x00000007a5560000)
  from space 21824K,   0% used [0x00000007a6ab0000, 0x00000007a6abadf8, 0x00000007a8000000)
  to   space 21824K,   0% used [0x00000007a5560000, 0x00000007a5560000, 0x00000007a6ab0000)
 concurrent mark-sweep generation total 393216K, used 19389K [0x00000007a8000000, 0x00000007c0000000, 0x00000007c0000000)
 Metaspace       used 39646K, capacity 40698K, committed 41092K, reserved 1085440K
  class space    used 4903K, capacity 5189K, committed 5292K, reserved 1048576K
2022-05-03T23:17:26.990+0800: 11.004: [GC (Allocation Failure) 2022-05-03T23:17:26.990+0800: 11.004: [ParNew
Desired survivor size 20112992 bytes, new threshold 8 (max 8)
- age   1:        808 bytes,        808 total
- age   2:       3904 bytes,       4712 total
- age   3:       4472 bytes,       9184 total
- age   4:      15784 bytes,      24968 total
- age   5:       6968 bytes,      31936 total
- age   6:        224 bytes,      32160 total
: 87467K->33K(109248K), 0.0043526 secs] 106857K->19423K(502464K), 0.0044027 secs] [Times: user=0.02 sys=0.00, real=0.00 secs] 
Heap after GC invocations=46 (full 1):
 par new generation   total 109248K, used 33K [0x00000007a0000000, 0x00000007a8000000, 0x00000007a8000000)
  eden space 87424K,   0% used [0x00000007a0000000, 0x00000007a0000000, 0x00000007a5560000)
  from space 21824K,   0% used [0x00000007a5560000, 0x00000007a5568508, 0x00000007a6ab0000)
  to   space 21824K,   0% used [0x00000007a6ab0000, 0x00000007a6ab0000, 0x00000007a8000000)
 concurrent mark-sweep generation total 393216K, used 19390K [0x00000007a8000000, 0x00000007c0000000, 0x00000007c0000000)
 Metaspace       used 39646K, capacity 40698K, committed 41092K, reserved 1085440K
  class space    used 4903K, capacity 5189K, committed 5292K, reserved 1048576K
}
2022-05-03T23:17:26.995+0800: 11.008: Total time for which application threads were stopped: 0.0045953 seconds, Stopping threads took: 0.0000222 seconds
{Heap before GC invocations=46 (full 1):
 par new generation   total 109248K, used 87457K [0x00000007a0000000, 0x00000007a8000000, 0x00000007a8000000)
  eden space 87424K, 100% used [0x00000007a0000000, 0x00000007a5560000, 0x00000007a5560000)
  from space 21824K,   0% used [0x00000007a5560000, 0x00000007a5568508, 0x00000007a6ab0000)
  to   space 21824K,   0% used [0x00000007a6ab0000, 0x00000007a6ab0000, 0x00000007a8000000)
 concurrent mark-sweep generation total 393216K, used 19390K [0x00000007a8000000, 0x00000007c0000000, 0x00000007c0000000)
 Metaspace       used 39646K, capacity 40698K, committed 41092K, reserved 1085440K
  class space    used 4903K, capacity 5189K, committed 5292K, reserved 1048576K
2022-05-03T23:17:27.059+0800: 11.072: [GC (Allocation Failure) 2022-05-03T23:17:27.059+0800: 11.072: [ParNew
Desired survivor size 20112992 bytes, new threshold 8 (max 8)
- age   1:       3952 bytes,       3952 total
- age   3:       3904 bytes,       7856 total
- age   4:       4040 bytes,      11896 total
- age   5:      15720 bytes,      27616 total
- age   6:       6968 bytes,      34584 total
- age   7:        224 bytes,      34808 total
: 87457K->38K(109248K), 0.0044722 secs] 106847K->19428K(502464K), 0.0045232 secs] [Times: user=0.01 sys=0.00, real=0.01 secs] 
Heap after GC invocations=47 (full 1):
 par new generation   total 109248K, used 38K [0x00000007a0000000, 0x00000007a8000000, 0x00000007a8000000)
  eden space 87424K,   0% used [0x00000007a0000000, 0x00000007a0000000, 0x00000007a5560000)
  from space 21824K,   0% used [0x00000007a6ab0000, 0x00000007a6ab9970, 0x00000007a8000000)
  to   space 21824K,   0% used [0x00000007a5560000, 0x00000007a5560000, 0x00000007a6ab0000)
 concurrent mark-sweep generation total 393216K, used 19390K [0x00000007a8000000, 0x00000007c0000000, 0x00000007c0000000)
 Metaspace       used 39646K, capacity 40698K, committed 41092K, reserved 1085440K
  class space    used 4903K, capacity 5189K, committed 5292K, reserved 1048576K
}
2022-05-03T23:17:27.063+0800: 11.077: Total time for which application threads were stopped: 0.0047654 seconds, Stopping threads took: 0.0000201 seconds
2022-05-03T23:17:27.134+0800: 11.148: Total time for which application threads were stopped: 0.0001227 seconds, Stopping threads took: 0.0000136 seconds
{Heap before GC invocations=47 (full 1):
 par new generation   total 109248K, used 87462K [0x00000007a0000000, 0x00000007a8000000, 0x00000007a8000000)
  eden space 87424K, 100% used [0x00000007a0000000, 0x00000007a5560000, 0x00000007a5560000)
  from space 21824K,   0% used [0x00000007a6ab0000, 0x00000007a6ab9970, 0x00000007a8000000)
  to   space 21824K,   0% used [0x00000007a5560000, 0x00000007a5560000, 0x00000007a6ab0000)
 concurrent mark-sweep generation total 393216K, used 19390K [0x00000007a8000000, 0x00000007c0000000, 0x00000007c0000000)
 Metaspace       used 39670K, capacity 40698K, committed 41092K, reserved 1085440K
  class space    used 4905K, capacity 5189K, committed 5292K, reserved 1048576K
2022-05-03T23:17:27.180+0800: 11.193: [GC (Allocation Failure) 2022-05-03T23:17:27.180+0800: 11.193: [ParNew
Desired survivor size 20112992 bytes, new threshold 8 (max 8)
- age   1:   13040888 bytes,   13040888 total
- age   2:       3088 bytes,   13043976 total
- age   4:       3416 bytes,   13047392 total
- age   5:       3736 bytes,   13051128 total
- age   6:      15720 bytes,   13066848 total
- age   7:       5200 bytes,   13072048 total
- age   8:        224 bytes,   13072272 total
: 87462K->12770K(109248K), 0.0085278 secs] 106852K->32160K(502464K), 0.0085916 secs] [Times: user=0.02 sys=0.01, real=0.00 secs] 
Heap after GC invocations=48 (full 1):
 par new generation   total 109248K, used 12770K [0x00000007a0000000, 0x00000007a8000000, 0x00000007a8000000)
  eden space 87424K,   0% used [0x00000007a0000000, 0x00000007a0000000, 0x00000007a5560000)
  from space 21824K,  58% used [0x00000007a5560000, 0x00000007a61d8a38, 0x00000007a6ab0000)
  to   space 21824K,   0% used [0x00000007a6ab0000, 0x00000007a6ab0000, 0x00000007a8000000)
 concurrent mark-sweep generation total 393216K, used 19390K [0x00000007a8000000, 0x00000007c0000000, 0x00000007c0000000)
 Metaspace       used 39670K, capacity 40698K, committed 41092K, reserved 1085440K
  class space    used 4905K, capacity 5189K, committed 5292K, reserved 1048576K
}
2022-05-03T23:17:27.188+0800: 11.202: Total time for which application threads were stopped: 0.0088831 seconds, Stopping threads took: 0.0000195 seconds
{Heap before GC invocations=48 (full 1):
 par new generation   total 109248K, used 100194K [0x00000007a0000000, 0x00000007a8000000, 0x00000007a8000000)
  eden space 87424K, 100% used [0x00000007a0000000, 0x00000007a5560000, 0x00000007a5560000)
  from space 21824K,  58% used [0x00000007a5560000, 0x00000007a61d8a38, 0x00000007a6ab0000)
  to   space 21824K,   0% used [0x00000007a6ab0000, 0x00000007a6ab0000, 0x00000007a8000000)
 concurrent mark-sweep generation total 393216K, used 19390K [0x00000007a8000000, 0x00000007c0000000, 0x00000007c0000000)
 Metaspace       used 39737K, capacity 40762K, committed 41092K, reserved 1085440K
  class space    used 4907K, capacity 5189K, committed 5292K, reserved 1048576K
2022-05-03T23:17:27.946+0800: 11.959: [GC (Allocation Failure) 2022-05-03T23:17:27.946+0800: 11.959: [ParNew
Desired survivor size 20112992 bytes, new threshold 8 (max 8)
- age   1:    1043264 bytes,    1043264 total
- age   2:       9440 bytes,    1052704 total
- age   3:       3088 bytes,    1055792 total
- age   5:       3416 bytes,    1059208 total
- age   6:       3736 bytes,    1062944 total
- age   7:      15720 bytes,    1078664 total
- age   8:       5200 bytes,    1083864 total
: 100194K->1073K(109248K), 0.0120426 secs] 119584K->20463K(502464K), 0.0121136 secs] [Times: user=0.04 sys=0.01, real=0.01 secs] 
Heap after GC invocations=49 (full 1):
 par new generation   total 109248K, used 1073K [0x00000007a0000000, 0x00000007a8000000, 0x00000007a8000000)
  eden space 87424K,   0% used [0x00000007a0000000, 0x00000007a0000000, 0x00000007a5560000)
  from space 21824K,   4% used [0x00000007a6ab0000, 0x00000007a6bbc418, 0x00000007a8000000)
  to   space 21824K,   0% used [0x00000007a5560000, 0x00000007a5560000, 0x00000007a6ab0000)
 concurrent mark-sweep generation total 393216K, used 19390K [0x00000007a8000000, 0x00000007c0000000, 0x00000007c0000000)
 Metaspace       used 39737K, capacity 40762K, committed 41092K, reserved 1085440K
  class space    used 4907K, capacity 5189K, committed 5292K, reserved 1048576K
}
2022-05-03T23:17:27.958+0800: 11.971: Total time for which application threads were stopped: 0.0130748 seconds, Stopping threads took: 0.0000145 seconds
{Heap before GC invocations=49 (full 1):
 par new generation   total 109248K, used 88497K [0x00000007a0000000, 0x00000007a8000000, 0x00000007a8000000)
  eden space 87424K, 100% used [0x00000007a0000000, 0x00000007a5560000, 0x00000007a5560000)
  from space 21824K,   4% used [0x00000007a6ab0000, 0x00000007a6bbc418, 0x00000007a8000000)
  to   space 21824K,   0% used [0x00000007a5560000, 0x00000007a5560000, 0x00000007a6ab0000)
 concurrent mark-sweep generation total 393216K, used 19390K [0x00000007a8000000, 0x00000007c0000000, 0x00000007c0000000)
 Metaspace       used 39737K, capacity 40762K, committed 41092K, reserved 1085440K
  class space    used 4907K, capacity 5189K, committed 5292K, reserved 1048576K
2022-05-03T23:17:28.249+0800: 12.262: [GC (Allocation Failure) 2022-05-03T23:17:28.249+0800: 12.262: [ParNew
Desired survivor size 20112992 bytes, new threshold 8 (max 8)
- age   1:    1564872 bytes,    1564872 total
- age   2:     679776 bytes,    2244648 total
- age   3:       9440 bytes,    2254088 total
- age   4:       3088 bytes,    2257176 total
- age   6:       3416 bytes,    2260592 total
- age   7:       3736 bytes,    2264328 total
- age   8:      15720 bytes,    2280048 total
: 88497K->2298K(109248K), 0.0075056 secs] 107887K->21694K(502464K), 0.0076102 secs] [Times: user=0.05 sys=0.00, real=0.01 secs] 
Heap after GC invocations=50 (full 1):
 par new generation   total 109248K, used 2298K [0x00000007a0000000, 0x00000007a8000000, 0x00000007a8000000)
  eden space 87424K,   0% used [0x00000007a0000000, 0x00000007a0000000, 0x00000007a5560000)
  from space 21824K,  10% used [0x00000007a5560000, 0x00000007a579eba0, 0x00000007a6ab0000)
  to   space 21824K,   0% used [0x00000007a6ab0000, 0x00000007a6ab0000, 0x00000007a8000000)
 concurrent mark-sweep generation total 393216K, used 19395K [0x00000007a8000000, 0x00000007c0000000, 0x00000007c0000000)
 Metaspace       used 39737K, capacity 40762K, committed 41092K, reserved 1085440K
  class space    used 4907K, capacity 5189K, committed 5292K, reserved 1048576K
}
2022-05-03T23:17:28.256+0800: 12.270: Total time for which application threads were stopped: 0.0082772 seconds, Stopping threads took: 0.0000197 seconds
{Heap before GC invocations=50 (full 1):
 par new generation   total 109248K, used 89722K [0x00000007a0000000, 0x00000007a8000000, 0x00000007a8000000)
  eden space 87424K, 100% used [0x00000007a0000000, 0x00000007a5560000, 0x00000007a5560000)
  from space 21824K,  10% used [0x00000007a5560000, 0x00000007a579eba0, 0x00000007a6ab0000)
  to   space 21824K,   0% used [0x00000007a6ab0000, 0x00000007a6ab0000, 0x00000007a8000000)
 concurrent mark-sweep generation total 393216K, used 19395K [0x00000007a8000000, 0x00000007c0000000, 0x00000007c0000000)
 Metaspace       used 39738K, capacity 40762K, committed 41092K, reserved 1085440K
  class space    used 4907K, capacity 5189K, committed 5292K, reserved 1048576K
2022-05-03T23:17:28.469+0800: 12.482: [GC (Allocation Failure) 2022-05-03T23:17:28.469+0800: 12.482: [ParNew
Desired survivor size 20112992 bytes, new threshold 8 (max 8)
- age   1:    2151816 bytes,    2151816 total
- age   2:     857496 bytes,    3009312 total
- age   3:     678432 bytes,    3687744 total
- age   4:       9440 bytes,    3697184 total
- age   5:       3088 bytes,    3700272 total
- age   7:       3416 bytes,    3703688 total
- age   8:       3736 bytes,    3707424 total
: 89722K->3650K(109248K), 0.0059331 secs] 109118K->23061K(502464K), 0.0060300 secs] [Times: user=0.02 sys=0.00, real=0.01 secs] 
Heap after GC invocations=51 (full 1):
 par new generation   total 109248K, used 3650K [0x00000007a0000000, 0x00000007a8000000, 0x00000007a8000000)
  eden space 87424K,   0% used [0x00000007a0000000, 0x00000007a0000000, 0x00000007a5560000)
  from space 21824K,  16% used [0x00000007a6ab0000, 0x00000007a6e409b0, 0x00000007a8000000)
  to   space 21824K,   0% used [0x00000007a5560000, 0x00000007a5560000, 0x00000007a6ab0000)
 concurrent mark-sweep generation total 393216K, used 19411K [0x00000007a8000000, 0x00000007c0000000, 0x00000007c0000000)
 Metaspace       used 39738K, capacity 40762K, committed 41092K, reserved 1085440K
  class space    used 4907K, capacity 5189K, committed 5292K, reserved 1048576K
}
2022-05-03T23:17:28.475+0800: 12.488: Total time for which application threads were stopped: 0.0064149 seconds, Stopping threads took: 0.0000265 seconds
{Heap before GC invocations=51 (full 1):
 par new generation   total 109248K, used 91074K [0x00000007a0000000, 0x00000007a8000000, 0x00000007a8000000)
  eden space 87424K, 100% used [0x00000007a0000000, 0x00000007a5560000, 0x00000007a5560000)
  from space 21824K,  16% used [0x00000007a6ab0000, 0x00000007a6e409b0, 0x00000007a8000000)
  to   space 21824K,   0% used [0x00000007a5560000, 0x00000007a5560000, 0x00000007a6ab0000)
 concurrent mark-sweep generation total 393216K, used 19411K [0x00000007a8000000, 0x00000007c0000000, 0x00000007c0000000)
 Metaspace       used 39738K, capacity 40762K, committed 41092K, reserved 1085440K
  class space    used 4907K, capacity 5189K, committed 5292K, reserved 1048576K
2022-05-03T23:17:28.651+0800: 12.665: [GC (Allocation Failure) 2022-05-03T23:17:28.651+0800: 12.665: [ParNew
Desired survivor size 20112992 bytes, new threshold 8 (max 8)
- age   1:     593640 bytes,     593640 total
- age   2:    2131504 bytes,    2725144 total
- age   3:     854336 bytes,    3579480 total
- age   4:     674200 bytes,    4253680 total
- age   5:       9440 bytes,    4263120 total
- age   6:       3088 bytes,    4266208 total
- age   8:       3416 bytes,    4269624 total
: 91074K->4203K(109248K), 0.0049359 secs] 110485K->23618K(502464K), 0.0050104 secs] [Times: user=0.01 sys=0.00, real=0.00 secs] 
Heap after GC invocations=52 (full 1):
 par new generation   total 109248K, used 4203K [0x00000007a0000000, 0x00000007a8000000, 0x00000007a8000000)
  eden space 87424K,   0% used [0x00000007a0000000, 0x00000007a0000000, 0x00000007a5560000)
  from space 21824K,  19% used [0x00000007a5560000, 0x00000007a597ae00, 0x00000007a6ab0000)
  to   space 21824K,   0% used [0x00000007a6ab0000, 0x00000007a6ab0000, 0x00000007a8000000)
 concurrent mark-sweep generation total 393216K, used 19414K [0x00000007a8000000, 0x00000007c0000000, 0x00000007c0000000)
 Metaspace       used 39738K, capacity 40762K, committed 41092K, reserved 1085440K
  class space    used 4907K, capacity 5189K, committed 5292K, reserved 1048576K
}
2022-05-03T23:17:28.656+0800: 12.670: Total time for which application threads were stopped: 0.0052753 seconds, Stopping threads took: 0.0000182 seconds
{Heap before GC invocations=52 (full 1):
 par new generation   total 109248K, used 91627K [0x00000007a0000000, 0x00000007a8000000, 0x00000007a8000000)
  eden space 87424K, 100% used [0x00000007a0000000, 0x00000007a5560000, 0x00000007a5560000)
  from space 21824K,  19% used [0x00000007a5560000, 0x00000007a597ae00, 0x00000007a6ab0000)
  to   space 21824K,   0% used [0x00000007a6ab0000, 0x00000007a6ab0000, 0x00000007a8000000)
 concurrent mark-sweep generation total 393216K, used 19414K [0x00000007a8000000, 0x00000007c0000000, 0x00000007c0000000)
 Metaspace       used 39738K, capacity 40762K, committed 41092K, reserved 1085440K
  class space    used 4907K, capacity 5189K, committed 5292K, reserved 1048576K
2022-05-03T23:17:28.883+0800: 12.896: [GC (Allocation Failure) 2022-05-03T23:17:28.883+0800: 12.896: [ParNew
Desired survivor size 20112992 bytes, new threshold 8 (max 8)
- age   1:    4025376 bytes,    4025376 total
- age   2:     570304 bytes,    4595680 total
- age   3:     688648 bytes,    5284328 total
- age   4:     854000 bytes,    6138328 total
- age   5:     674016 bytes,    6812344 total
- age   6:       9440 bytes,    6821784 total
- age   7:       3088 bytes,    6824872 total
: 91627K->6690K(109248K), 0.0047390 secs] 111042K->26109K(502464K), 0.0048107 secs] [Times: user=0.02 sys=0.00, real=0.00 secs] 
Heap after GC invocations=53 (full 1):
 par new generation   total 109248K, used 6690K [0x00000007a0000000, 0x00000007a8000000, 0x00000007a8000000)
  eden space 87424K,   0% used [0x00000007a0000000, 0x00000007a0000000, 0x00000007a5560000)
  from space 21824K,  30% used [0x00000007a6ab0000, 0x00000007a7138bf0, 0x00000007a8000000)
  to   space 21824K,   0% used [0x00000007a5560000, 0x00000007a5560000, 0x00000007a6ab0000)
 concurrent mark-sweep generation total 393216K, used 19418K [0x00000007a8000000, 0x00000007c0000000, 0x00000007c0000000)
 Metaspace       used 39738K, capacity 40762K, committed 41092K, reserved 1085440K
  class space    used 4907K, capacity 5189K, committed 5292K, reserved 1048576K
}
2022-05-03T23:17:28.888+0800: 12.901: Total time for which application threads were stopped: 0.0050462 seconds, Stopping threads took: 0.0000190 seconds
{Heap before GC invocations=53 (full 1):
 par new generation   total 109248K, used 94114K [0x00000007a0000000, 0x00000007a8000000, 0x00000007a8000000)
  eden space 87424K, 100% used [0x00000007a0000000, 0x00000007a5560000, 0x00000007a5560000)
  from space 21824K,  30% used [0x00000007a6ab0000, 0x00000007a7138bf0, 0x00000007a8000000)
  to   space 21824K,   0% used [0x00000007a5560000, 0x00000007a5560000, 0x00000007a6ab0000)
 concurrent mark-sweep generation total 393216K, used 19418K [0x00000007a8000000, 0x00000007c0000000, 0x00000007c0000000)
 Metaspace       used 39738K, capacity 40762K, committed 41092K, reserved 1085440K
  class space    used 4907K, capacity 5189K, committed 5292K, reserved 1048576K
2022-05-03T23:17:29.141+0800: 13.155: [GC (Allocation Failure) 2022-05-03T23:17:29.141+0800: 13.155: [ParNew
Desired survivor size 20112992 bytes, new threshold 8 (max 8)
- age   1:    7388328 bytes,    7388328 total
- age   2:    1128416 bytes,    8516744 total
- age   3:     570304 bytes,    9087048 total
- age   4:     688648 bytes,    9775696 total
- age   5:     854000 bytes,   10629696 total
- age   6:     673864 bytes,   11303560 total
- age   7:       9440 bytes,   11313000 total
- age   8:       3088 bytes,   11316088 total
: 94114K->11104K(109248K), 0.0043704 secs] 113533K->30522K(502464K), 0.0044438 secs] [Times: user=0.01 sys=0.00, real=0.00 secs] 
Heap after GC invocations=54 (full 1):
 par new generation   total 109248K, used 11104K [0x00000007a0000000, 0x00000007a8000000, 0x00000007a8000000)
  eden space 87424K,   0% used [0x00000007a0000000, 0x00000007a0000000, 0x00000007a5560000)
  from space 21824K,  50% used [0x00000007a5560000, 0x00000007a60381b0, 0x00000007a6ab0000)
  to   space 21824K,   0% used [0x00000007a6ab0000, 0x00000007a6ab0000, 0x00000007a8000000)
 concurrent mark-sweep generation total 393216K, used 19418K [0x00000007a8000000, 0x00000007c0000000, 0x00000007c0000000)
 Metaspace       used 39738K, capacity 40762K, committed 41092K, reserved 1085440K
  class space    used 4907K, capacity 5189K, committed 5292K, reserved 1048576K
}
2022-05-03T23:17:29.146+0800: 13.159: Total time for which application threads were stopped: 0.0047005 seconds, Stopping threads took: 0.0000181 seconds
{Heap before GC invocations=54 (full 1):
 par new generation   total 109248K, used 98528K [0x00000007a0000000, 0x00000007a8000000, 0x00000007a8000000)
  eden space 87424K, 100% used [0x00000007a0000000, 0x00000007a5560000, 0x00000007a5560000)
  from space 21824K,  50% used [0x00000007a5560000, 0x00000007a60381b0, 0x00000007a6ab0000)
  to   space 21824K,   0% used [0x00000007a6ab0000, 0x00000007a6ab0000, 0x00000007a8000000)
 concurrent mark-sweep generation total 393216K, used 19418K [0x00000007a8000000, 0x00000007c0000000, 0x00000007c0000000)
 Metaspace       used 39738K, capacity 40762K, committed 41092K, reserved 1085440K
  class space    used 4907K, capacity 5189K, committed 5292K, reserved 1048576K
2022-05-03T23:17:29.303+0800: 13.317: [GC (Allocation Failure) 2022-05-03T23:17:29.303+0800: 13.317: [ParNew
Desired survivor size 20112992 bytes, new threshold 8 (max 8)
- age   1:    1775032 bytes,    1775032 total
- age   2:    7373944 bytes,    9148976 total
- age   3:    1118000 bytes,   10266976 total
- age   4:     563032 bytes,   10830008 total
- age   5:     688648 bytes,   11518656 total
- age   6:     853752 bytes,   12372408 total
- age   7:     673672 bytes,   13046080 total
- age   8:       9440 bytes,   13055520 total
: 98528K->12789K(109248K), 0.0042887 secs] 117946K->32210K(502464K), 0.0043653 secs] [Times: user=0.01 sys=0.00, real=0.00 secs] 
Heap after GC invocations=55 (full 1):
 par new generation   total 109248K, used 12789K [0x00000007a0000000, 0x00000007a8000000, 0x00000007a8000000)
  eden space 87424K,   0% used [0x00000007a0000000, 0x00000007a0000000, 0x00000007a5560000)
  from space 21824K,  58% used [0x00000007a6ab0000, 0x00000007a772d520, 0x00000007a8000000)
  to   space 21824K,   0% used [0x00000007a5560000, 0x00000007a5560000, 0x00000007a6ab0000)
 concurrent mark-sweep generation total 393216K, used 19421K [0x00000007a8000000, 0x00000007c0000000, 0x00000007c0000000)
 Metaspace       used 39738K, capacity 40762K, committed 41092K, reserved 1085440K
  class space    used 4907K, capacity 5189K, committed 5292K, reserved 1048576K
}
2022-05-03T23:17:29.308+0800: 13.321: Total time for which application threads were stopped: 0.0045734 seconds, Stopping threads took: 0.0000216 seconds
{Heap before GC invocations=55 (full 1):
 par new generation   total 109248K, used 100213K [0x00000007a0000000, 0x00000007a8000000, 0x00000007a8000000)
  eden space 87424K, 100% used [0x00000007a0000000, 0x00000007a5560000, 0x00000007a5560000)
  from space 21824K,  58% used [0x00000007a6ab0000, 0x00000007a772d520, 0x00000007a8000000)
  to   space 21824K,   0% used [0x00000007a5560000, 0x00000007a5560000, 0x00000007a6ab0000)
 concurrent mark-sweep generation total 393216K, used 19421K [0x00000007a8000000, 0x00000007c0000000, 0x00000007c0000000)
 Metaspace       used 39738K, capacity 40762K, committed 41092K, reserved 1085440K
  class space    used 4907K, capacity 5189K, committed 5292K, reserved 1048576K
2022-05-03T23:17:29.428+0800: 13.442: [GC (Allocation Failure) 2022-05-03T23:17:29.428+0800: 13.442: [ParNew
Desired survivor size 20112992 bytes, new threshold 8 (max 8)
- age   1:    1119360 bytes,    1119360 total
- age   2:    1749552 bytes,    2868912 total
- age   3:    7373808 bytes,   10242720 total
- age   4:    1116736 bytes,   11359456 total
- age   5:     562688 bytes,   11922144 total
- age   6:     688648 bytes,   12610792 total
- age   7:     853752 bytes,   13464544 total
- age   8:     673384 bytes,   14137928 total
: 100213K->13842K(109248K), 0.0046265 secs] 119634K->33273K(502464K), 0.0047127 secs] [Times: user=0.02 sys=0.00, real=0.01 secs] 
Heap after GC invocations=56 (full 1):
 par new generation   total 109248K, used 13842K [0x00000007a0000000, 0x00000007a8000000, 0x00000007a8000000)
  eden space 87424K,   0% used [0x00000007a0000000, 0x00000007a0000000, 0x00000007a5560000)
  from space 21824K,  63% used [0x00000007a5560000, 0x00000007a62e4b50, 0x00000007a6ab0000)
  to   space 21824K,   0% used [0x00000007a6ab0000, 0x00000007a6ab0000, 0x00000007a8000000)
 concurrent mark-sweep generation total 393216K, used 19430K [0x00000007a8000000, 0x00000007c0000000, 0x00000007c0000000)
 Metaspace       used 39738K, capacity 40762K, committed 41092K, reserved 1085440K
  class space    used 4907K, capacity 5189K, committed 5292K, reserved 1048576K
}
2022-05-03T23:17:29.433+0800: 13.446: Total time for which application threads were stopped: 0.0048582 seconds, Stopping threads took: 0.0000195 seconds
{Heap before GC invocations=56 (full 1):
 par new generation   total 109248K, used 101266K [0x00000007a0000000, 0x00000007a8000000, 0x00000007a8000000)
  eden space 87424K, 100% used [0x00000007a0000000, 0x00000007a5560000, 0x00000007a5560000)
  from space 21824K,  63% used [0x00000007a5560000, 0x00000007a62e4b50, 0x00000007a6ab0000)
  to   space 21824K,   0% used [0x00000007a6ab0000, 0x00000007a6ab0000, 0x00000007a8000000)
 concurrent mark-sweep generation total 393216K, used 19430K [0x00000007a8000000, 0x00000007c0000000, 0x00000007c0000000)
 Metaspace       used 39741K, capacity 40762K, committed 41092K, reserved 1085440K
  class space    used 4907K, capacity 5189K, committed 5292K, reserved 1048576K
2022-05-03T23:17:29.543+0800: 13.557: [GC (Allocation Failure) 2022-05-03T23:17:29.543+0800: 13.557: [ParNew
Desired survivor size 20112992 bytes, new threshold 8 (max 8)
- age   1:    7073112 bytes,    7073112 total
- age   2:    1096384 bytes,    8169496 total
- age   3:    1746944 bytes,    9916440 total
- age   4:    1344440 bytes,   11260880 total
- age   5:    1116736 bytes,   12377616 total
- age   6:     561944 bytes,   12939560 total
- age   7:     688648 bytes,   13628208 total
- age   8:     853752 bytes,   14481960 total
: 101266K->14189K(109248K), 0.0044231 secs] 120697K->34277K(502464K), 0.0045200 secs] [Times: user=0.01 sys=0.00, real=0.00 secs] 
Heap after GC invocations=57 (full 1):
 par new generation   total 109248K, used 14189K [0x00000007a0000000, 0x00000007a8000000, 0x00000007a8000000)
  eden space 87424K,   0% used [0x00000007a0000000, 0x00000007a0000000, 0x00000007a5560000)
  from space 21824K,  65% used [0x00000007a6ab0000, 0x00000007a788b7d0, 0x00000007a8000000)
  to   space 21824K,   0% used [0x00000007a5560000, 0x00000007a5560000, 0x00000007a6ab0000)
 concurrent mark-sweep generation total 393216K, used 20087K [0x00000007a8000000, 0x00000007c0000000, 0x00000007c0000000)
 Metaspace       used 39741K, capacity 40762K, committed 41092K, reserved 1085440K
  class space    used 4907K, capacity 5189K, committed 5292K, reserved 1048576K
}
2022-05-03T23:17:29.548+0800: 13.561: Total time for which application threads were stopped: 0.0048541 seconds, Stopping threads took: 0.0000230 seconds
{Heap before GC invocations=57 (full 1):
 par new generation   total 109248K, used 92966K [0x00000007a0000000, 0x00000007a8000000, 0x00000007a8000000)
  eden space 87424K,  90% used [0x00000007a0000000, 0x00000007a4cee038, 0x00000007a5560000)
  from space 21824K,  65% used [0x00000007a6ab0000, 0x00000007a788b7d0, 0x00000007a8000000)
  to   space 21824K,   0% used [0x00000007a5560000, 0x00000007a5560000, 0x00000007a6ab0000)
 concurrent mark-sweep generation total 393216K, used 20087K [0x00000007a8000000, 0x00000007c0000000, 0x00000007c0000000)
 Metaspace       used 39741K, capacity 40762K, committed 41092K, reserved 1085440K
  class space    used 4907K, capacity 5189K, committed 5292K, reserved 1048576K
2022-05-03T23:17:29.664+0800: 13.678: [GC (Allocation Failure) 2022-05-03T23:17:29.664+0800: 13.678: [ParNew
Desired survivor size 20112992 bytes, new threshold 8 (max 8)
- age   1:    1010488 bytes,    1010488 total
- age   2:    7050000 bytes,    8060488 total
- age   3:    1095112 bytes,    9155600 total
- age   4:    1745704 bytes,   10901304 total
- age   5:    1344440 bytes,   12245744 total
- age   6:    1116736 bytes,   13362480 total
- age   7:     561832 bytes,   13924312 total
- age   8:     688648 bytes,   14612960 total
: 92966K->14284K(109248K), 0.0047752 secs] 113053K->35206K(502464K), 0.0060310 secs] [Times: user=0.01 sys=0.00, real=0.01 secs] 
Heap after GC invocations=58 (full 1):
 par new generation   total 109248K, used 14284K [0x00000007a0000000, 0x00000007a8000000, 0x00000007a8000000)
  eden space 87424K,   0% used [0x00000007a0000000, 0x00000007a0000000, 0x00000007a5560000)
  from space 21824K,  65% used [0x00000007a5560000, 0x00000007a63532d0, 0x00000007a6ab0000)
  to   space 21824K,   0% used [0x00000007a6ab0000, 0x00000007a6ab0000, 0x00000007a8000000)
 concurrent mark-sweep generation total 393216K, used 20921K [0x00000007a8000000, 0x00000007c0000000, 0x00000007c0000000)
 Metaspace       used 39741K, capacity 40762K, committed 41092K, reserved 1085440K
  class space    used 4907K, capacity 5189K, committed 5292K, reserved 1048576K
}
2022-05-03T23:17:29.670+0800: 13.684: Total time for which application threads were stopped: 0.0062296 seconds, Stopping threads took: 0.0000162 seconds
{Heap before GC invocations=58 (full 1):
 par new generation   total 109248K, used 101708K [0x00000007a0000000, 0x00000007a8000000, 0x00000007a8000000)
  eden space 87424K, 100% used [0x00000007a0000000, 0x00000007a5560000, 0x00000007a5560000)
  from space 21824K,  65% used [0x00000007a5560000, 0x00000007a63532d0, 0x00000007a6ab0000)
  to   space 21824K,   0% used [0x00000007a6ab0000, 0x00000007a6ab0000, 0x00000007a8000000)
 concurrent mark-sweep generation total 393216K, used 20921K [0x00000007a8000000, 0x00000007c0000000, 0x00000007c0000000)
 Metaspace       used 39742K, capacity 40762K, committed 41092K, reserved 1085440K
  class space    used 4907K, capacity 5189K, committed 5292K, reserved 1048576K
2022-05-03T23:17:29.906+0800: 13.919: [GC (Allocation Failure) 2022-05-03T23:17:29.906+0800: 13.919: [ParNew
Desired survivor size 20112992 bytes, new threshold 8 (max 8)
- age   1:   12834392 bytes,   12834392 total
- age   2:     989656 bytes,   13824048 total
- age   3:     758000 bytes,   14582048 total
- age   4:    1095112 bytes,   15677160 total
- age   5:    1745704 bytes,   17422864 total
- age   6:    1344344 bytes,   18767208 total
- age   7:    1116736 bytes,   19883944 total
- age   8:     561832 bytes,   20445776 total
: 101708K->19995K(109248K), 0.0048258 secs] 122630K->41589K(502464K), 0.0049175 secs] [Times: user=0.02 sys=0.01, real=0.01 secs] 
Heap after GC invocations=59 (full 1):
 par new generation   total 109248K, used 19995K [0x00000007a0000000, 0x00000007a8000000, 0x00000007a8000000)
  eden space 87424K,   0% used [0x00000007a0000000, 0x00000007a0000000, 0x00000007a5560000)
  from space 21824K,  91% used [0x00000007a6ab0000, 0x00000007a7e36cb8, 0x00000007a8000000)
  to   space 21824K,   0% used [0x00000007a5560000, 0x00000007a5560000, 0x00000007a6ab0000)
 concurrent mark-sweep generation total 393216K, used 21594K [0x00000007a8000000, 0x00000007c0000000, 0x00000007c0000000)
 Metaspace       used 39742K, capacity 40762K, committed 41092K, reserved 1085440K
  class space    used 4907K, capacity 5189K, committed 5292K, reserved 1048576K
}
2022-05-03T23:17:29.911+0800: 13.924: Total time for which application threads were stopped: 0.0052317 seconds, Stopping threads took: 0.0000182 seconds
{Heap before GC invocations=59 (full 1):
 par new generation   total 109248K, used 107419K [0x00000007a0000000, 0x00000007a8000000, 0x00000007a8000000)
  eden space 87424K, 100% used [0x00000007a0000000, 0x00000007a5560000, 0x00000007a5560000)
  from space 21824K,  91% used [0x00000007a6ab0000, 0x00000007a7e36cb8, 0x00000007a8000000)
  to   space 21824K,   0% used [0x00000007a5560000, 0x00000007a5560000, 0x00000007a6ab0000)
 concurrent mark-sweep generation total 393216K, used 21594K [0x00000007a8000000, 0x00000007c0000000, 0x00000007c0000000)
 Metaspace       used 39742K, capacity 40762K, committed 41092K, reserved 1085440K
  class space    used 4907K, capacity 5189K, committed 5292K, reserved 1048576K
2022-05-03T23:17:30.027+0800: 14.041: [GC (Allocation Failure) 2022-05-03T23:17:30.027+0800: 14.041: [ParNew
Desired survivor size 20112992 bytes, new threshold 8 (max 8)
- age   1:    1248136 bytes,    1248136 total
- age   2:   12813080 bytes,   14061216 total
- age   3:     985272 bytes,   15046488 total
- age   4:     757000 bytes,   15803488 total
- age   5:    1092392 bytes,   16895880 total
- age   6:    1743816 bytes,   18639696 total
- age   7:    1344344 bytes,   19984040 total
- age   8:    1116400 bytes,   21100440 total
: 107419K->20625K(109248K), 0.0044066 secs] 129013K->42768K(502464K), 0.0045365 secs] [Times: user=0.02 sys=0.00, real=0.01 secs] 
Heap after GC invocations=60 (full 1):
 par new generation   total 109248K, used 20625K [0x00000007a0000000, 0x00000007a8000000, 0x00000007a8000000)
  eden space 87424K,   0% used [0x00000007a0000000, 0x00000007a0000000, 0x00000007a5560000)
  from space 21824K,  94% used [0x00000007a5560000, 0x00000007a6984740, 0x00000007a6ab0000)
  to   space 21824K,   0% used [0x00000007a6ab0000, 0x00000007a6ab0000, 0x00000007a8000000)
 concurrent mark-sweep generation total 393216K, used 22142K [0x00000007a8000000, 0x00000007c0000000, 0x00000007c0000000)
 Metaspace       used 39742K, capacity 40762K, committed 41092K, reserved 1085440K
  class space    used 4907K, capacity 5189K, committed 5292K, reserved 1048576K
}
2022-05-03T23:17:30.032+0800: 14.045: Total time for which application threads were stopped: 0.0047717 seconds, Stopping threads took: 0.0000215 seconds
{Heap before GC invocations=60 (full 1):
 par new generation   total 109248K, used 108049K [0x00000007a0000000, 0x00000007a8000000, 0x00000007a8000000)
  eden space 87424K, 100% used [0x00000007a0000000, 0x00000007a5560000, 0x00000007a5560000)
  from space 21824K,  94% used [0x00000007a5560000, 0x00000007a6984740, 0x00000007a6ab0000)
  to   space 21824K,   0% used [0x00000007a6ab0000, 0x00000007a6ab0000, 0x00000007a8000000)
 concurrent mark-sweep generation total 393216K, used 22142K [0x00000007a8000000, 0x00000007c0000000, 0x00000007c0000000)
 Metaspace       used 39742K, capacity 40762K, committed 41092K, reserved 1085440K
  class space    used 4907K, capacity 5189K, committed 5292K, reserved 1048576K
2022-05-03T23:17:30.132+0800: 14.146: [GC (Allocation Failure) 2022-05-03T23:17:30.133+0800: 14.146: [ParNew
Desired survivor size 20112992 bytes, new threshold 8 (max 8)
- age   1:    1002000 bytes,    1002000 total
- age   2:    1216384 bytes,    2218384 total
- age   3:   12812560 bytes,   15030944 total
- age   4:     984936 bytes,   16015880 total
- age   5:     755136 bytes,   16771016 total
- age   6:    1091752 bytes,   17862768 total
- age   7:    1741840 bytes,   19604608 total
- age   8:    1344344 bytes,   20948952 total
: 108049K->20471K(109248K), 0.0044290 secs] 130192K->43704K(502464K), 0.0045154 secs] [Times: user=0.01 sys=0.00, real=0.00 secs] 
Heap after GC invocations=61 (full 1):
 par new generation   total 109248K, used 20471K [0x00000007a0000000, 0x00000007a8000000, 0x00000007a8000000)
  eden space 87424K,   0% used [0x00000007a0000000, 0x00000007a0000000, 0x00000007a5560000)
  from space 21824K,  93% used [0x00000007a6ab0000, 0x00000007a7eadda8, 0x00000007a8000000)
  to   space 21824K,   0% used [0x00000007a5560000, 0x00000007a5560000, 0x00000007a6ab0000)
 concurrent mark-sweep generation total 393216K, used 23232K [0x00000007a8000000, 0x00000007c0000000, 0x00000007c0000000)
 Metaspace       used 39742K, capacity 40762K, committed 41092K, reserved 1085440K
  class space    used 4907K, capacity 5189K, committed 5292K, reserved 1048576K
}
2022-05-03T23:17:30.137+0800: 14.150: Total time for which application threads were stopped: 0.0046611 seconds, Stopping threads took: 0.0000195 seconds
{Heap before GC invocations=61 (full 1):
 par new generation   total 109248K, used 107895K [0x00000007a0000000, 0x00000007a8000000, 0x00000007a8000000)
  eden space 87424K, 100% used [0x00000007a0000000, 0x00000007a5560000, 0x00000007a5560000)
  from space 21824K,  93% used [0x00000007a6ab0000, 0x00000007a7eadda8, 0x00000007a8000000)
  to   space 21824K,   0% used [0x00000007a5560000, 0x00000007a5560000, 0x00000007a6ab0000)
 concurrent mark-sweep generation total 393216K, used 23232K [0x00000007a8000000, 0x00000007c0000000, 0x00000007c0000000)
 Metaspace       used 39742K, capacity 40762K, committed 41092K, reserved 1085440K
  class space    used 4907K, capacity 5189K, committed 5292K, reserved 1048576K
2022-05-03T23:17:30.232+0800: 14.246: [GC (Allocation Failure) 2022-05-03T23:17:30.233+0800: 14.246: [ParNew
Desired survivor size 20112992 bytes, new threshold 8 (max 8)
- age   1:     831720 bytes,     831720 total
- age   2:     963336 bytes,    1795056 total
- age   3:    1215048 bytes,    3010104 total
- age   4:   12812560 bytes,   15822664 total
- age   5:     984824 bytes,   16807488 total
- age   6:     755136 bytes,   17562624 total
- age   7:    1091752 bytes,   18654376 total
- age   8:    1741592 bytes,   20395968 total
: 107895K->19948K(109248K), 0.0042954 secs] 131128K->44494K(502464K), 0.0043868 secs] [Times: user=0.02 sys=0.00, real=0.00 secs] 
Heap after GC invocations=62 (full 1):
 par new generation   total 109248K, used 19948K [0x00000007a0000000, 0x00000007a8000000, 0x00000007a8000000)
  eden space 87424K,   0% used [0x00000007a0000000, 0x00000007a0000000, 0x00000007a5560000)
  from space 21824K,  91% used [0x00000007a5560000, 0x00000007a68db378, 0x00000007a6ab0000)
  to   space 21824K,   0% used [0x00000007a6ab0000, 0x00000007a6ab0000, 0x00000007a8000000)
 concurrent mark-sweep generation total 393216K, used 24545K [0x00000007a8000000, 0x00000007c0000000, 0x00000007c0000000)
 Metaspace       used 39742K, capacity 40762K, committed 41092K, reserved 1085440K
  class space    used 4907K, capacity 5189K, committed 5292K, reserved 1048576K
}
2022-05-03T23:17:30.237+0800: 14.250: Total time for which application threads were stopped: 0.0046069 seconds, Stopping threads took: 0.0000223 seconds
{Heap before GC invocations=62 (full 1):
 par new generation   total 109248K, used 107372K [0x00000007a0000000, 0x00000007a8000000, 0x00000007a8000000)
  eden space 87424K, 100% used [0x00000007a0000000, 0x00000007a5560000, 0x00000007a5560000)
  from space 21824K,  91% used [0x00000007a5560000, 0x00000007a68db378, 0x00000007a6ab0000)
  to   space 21824K,   0% used [0x00000007a6ab0000, 0x00000007a6ab0000, 0x00000007a8000000)
 concurrent mark-sweep generation total 393216K, used 24545K [0x00000007a8000000, 0x00000007c0000000, 0x00000007c0000000)
 Metaspace       used 39742K, capacity 40762K, committed 41092K, reserved 1085440K
  class space    used 4907K, capacity 5189K, committed 5292K, reserved 1048576K
2022-05-03T23:17:30.342+0800: 14.355: [GC (Allocation Failure) 2022-05-03T23:17:30.342+0800: 14.355: [ParNew
Desired survivor size 20112992 bytes, new threshold 8 (max 8)
- age   1:     965504 bytes,     965504 total
- age   2:     792520 bytes,    1758024 total
- age   3:     960472 bytes,    2718496 total
- age   4:    1214848 bytes,    3933344 total
- age   5:   12812560 bytes,   16745904 total
- age   6:     984208 bytes,   17730112 total
- age   7:     755136 bytes,   18485248 total
- age   8:    1091376 bytes,   19576624 total
: 107372K->19141K(109248K), 0.0043916 secs] 131918K->45387K(502464K), 0.0044620 secs] [Times: user=0.01 sys=0.01, real=0.00 secs] 
Heap after GC invocations=63 (full 1):
 par new generation   total 109248K, used 19141K [0x00000007a0000000, 0x00000007a8000000, 0x00000007a8000000)
  eden space 87424K,   0% used [0x00000007a0000000, 0x00000007a0000000, 0x00000007a5560000)
  from space 21824K,  87% used [0x00000007a6ab0000, 0x00000007a7d61780, 0x00000007a8000000)
  to   space 21824K,   0% used [0x00000007a5560000, 0x00000007a5560000, 0x00000007a6ab0000)
 concurrent mark-sweep generation total 393216K, used 26245K [0x00000007a8000000, 0x00000007c0000000, 0x00000007c0000000)
 Metaspace       used 39742K, capacity 40762K, committed 41092K, reserved 1085440K
  class space    used 4907K, capacity 5189K, committed 5292K, reserved 1048576K
}
2022-05-03T23:17:30.346+0800: 14.360: Total time for which application threads were stopped: 0.0046687 seconds, Stopping threads took: 0.0000180 seconds
{Heap before GC invocations=63 (full 1):
 par new generation   total 109248K, used 106565K [0x00000007a0000000, 0x00000007a8000000, 0x00000007a8000000)
  eden space 87424K, 100% used [0x00000007a0000000, 0x00000007a5560000, 0x00000007a5560000)
  from space 21824K,  87% used [0x00000007a6ab0000, 0x00000007a7d61780, 0x00000007a8000000)
  to   space 21824K,   0% used [0x00000007a5560000, 0x00000007a5560000, 0x00000007a6ab0000)
 concurrent mark-sweep generation total 393216K, used 26245K [0x00000007a8000000, 0x00000007c0000000, 0x00000007c0000000)
 Metaspace       used 39742K, capacity 40762K, committed 41092K, reserved 1085440K
  class space    used 4907K, capacity 5189K, committed 5292K, reserved 1048576K
2022-05-03T23:17:30.459+0800: 14.473: [GC (Allocation Failure) 2022-05-03T23:17:30.459+0800: 14.473: [ParNew
Desired survivor size 20112992 bytes, new threshold 8 (max 8)
- age   1:    1093192 bytes,    1093192 total
- age   2:     927312 bytes,    2020504 total
- age   3:     791160 bytes,    2811664 total
- age   4:     959784 bytes,    3771448 total
- age   5:    1214728 bytes,    4986176 total
- age   6:   12812560 bytes,   17798736 total
- age   7:     984208 bytes,   18782944 total
- age   8:     755136 bytes,   19538080 total
: 106565K->19105K(109248K), 0.0042685 secs] 132811K->46417K(502464K), 0.0043675 secs] [Times: user=0.01 sys=0.00, real=0.01 secs] 
Heap after GC invocations=64 (full 1):
 par new generation   total 109248K, used 19105K [0x00000007a0000000, 0x00000007a8000000, 0x00000007a8000000)
  eden space 87424K,   0% used [0x00000007a0000000, 0x00000007a0000000, 0x00000007a5560000)
  from space 21824K,  87% used [0x00000007a5560000, 0x00000007a68087a0, 0x00000007a6ab0000)
  to   space 21824K,   0% used [0x00000007a6ab0000, 0x00000007a6ab0000, 0x00000007a8000000)
 concurrent mark-sweep generation total 393216K, used 27311K [0x00000007a8000000, 0x00000007c0000000, 0x00000007c0000000)
 Metaspace       used 39742K, capacity 40762K, committed 41092K, reserved 1085440K
  class space    used 4907K, capacity 5189K, committed 5292K, reserved 1048576K
}
2022-05-03T23:17:30.463+0800: 14.477: Total time for which application threads were stopped: 0.0045921 seconds, Stopping threads took: 0.0000198 seconds
{Heap before GC invocations=64 (full 1):
 par new generation   total 109248K, used 106529K [0x00000007a0000000, 0x00000007a8000000, 0x00000007a8000000)
  eden space 87424K, 100% used [0x00000007a0000000, 0x00000007a5560000, 0x00000007a5560000)
  from space 21824K,  87% used [0x00000007a5560000, 0x00000007a68087a0, 0x00000007a6ab0000)
  to   space 21824K,   0% used [0x00000007a6ab0000, 0x00000007a6ab0000, 0x00000007a8000000)
 concurrent mark-sweep generation total 393216K, used 27311K [0x00000007a8000000, 0x00000007c0000000, 0x00000007c0000000)
 Metaspace       used 39742K, capacity 40762K, committed 41092K, reserved 1085440K
  class space    used 4907K, capacity 5189K, committed 5292K, reserved 1048576K
2022-05-03T23:17:30.540+0800: 14.554: [GC (Allocation Failure) 2022-05-03T23:17:30.540+0800: 14.554: [ParNew
Desired survivor size 20112992 bytes, new threshold 8 (max 8)
- age   1:     565648 bytes,     565648 total
- age   2:    1057432 bytes,    1623080 total
- age   3:     925288 bytes,    2548368 total
- age   4:     790216 bytes,    3338584 total
- age   5:     959352 bytes,    4297936 total
- age   6:    1214728 bytes,    5512664 total
- age   7:   12812560 bytes,   18325224 total
- age   8:     984208 bytes,   19309432 total
: 106529K->18866K(109248K), 0.0042779 secs] 133841K->46915K(502464K), 0.0043640 secs] [Times: user=0.01 sys=0.00, real=0.00 secs] 
Heap after GC invocations=65 (full 1):
 par new generation   total 109248K, used 18866K [0x00000007a0000000, 0x00000007a8000000, 0x00000007a8000000)
  eden space 87424K,   0% used [0x00000007a0000000, 0x00000007a0000000, 0x00000007a5560000)
  from space 21824K,  86% used [0x00000007a6ab0000, 0x00000007a7d1ca48, 0x00000007a8000000)
  to   space 21824K,   0% used [0x00000007a5560000, 0x00000007a5560000, 0x00000007a6ab0000)
 concurrent mark-sweep generation total 393216K, used 28048K [0x00000007a8000000, 0x00000007c0000000, 0x00000007c0000000)
 Metaspace       used 39742K, capacity 40762K, committed 41092K, reserved 1085440K
  class space    used 4907K, capacity 5189K, committed 5292K, reserved 1048576K
}
2022-05-03T23:17:30.545+0800: 14.558: Total time for which application threads were stopped: 0.0046052 seconds, Stopping threads took: 0.0000233 seconds
{Heap before GC invocations=65 (full 1):
 par new generation   total 109248K, used 106290K [0x00000007a0000000, 0x00000007a8000000, 0x00000007a8000000)
  eden space 87424K, 100% used [0x00000007a0000000, 0x00000007a5560000, 0x00000007a5560000)
  from space 21824K,  86% used [0x00000007a6ab0000, 0x00000007a7d1ca48, 0x00000007a8000000)
  to   space 21824K,   0% used [0x00000007a5560000, 0x00000007a5560000, 0x00000007a6ab0000)
 concurrent mark-sweep generation total 393216K, used 28048K [0x00000007a8000000, 0x00000007c0000000, 0x00000007c0000000)
 Metaspace       used 39742K, capacity 40762K, committed 41092K, reserved 1085440K
  class space    used 4907K, capacity 5189K, committed 5292K, reserved 1048576K
2022-05-03T23:17:30.613+0800: 14.627: [GC (Allocation Failure) 2022-05-03T23:17:30.613+0800: 14.627: [ParNew
Desired survivor size 20112992 bytes, new threshold 8 (max 8)
- age   1:     369176 bytes,     369176 total
- age   2:     557048 bytes,     926224 total
- age   3:    1057328 bytes,    1983552 total
- age   4:     925288 bytes,    2908840 total
- age   5:     790216 bytes,    3699056 total
- age   6:     959352 bytes,    4658408 total
- age   7:    1214728 bytes,    5873136 total
- age   8:   12812560 bytes,   18685696 total
: 106290K->18270K(109248K), 0.0041075 secs] 134339K->47280K(502464K), 0.0041886 secs] [Times: user=0.01 sys=0.00, real=0.00 secs] 
Heap after GC invocations=66 (full 1):
 par new generation   total 109248K, used 18270K [0x00000007a0000000, 0x00000007a8000000, 0x00000007a8000000)
  eden space 87424K,   0% used [0x00000007a0000000, 0x00000007a0000000, 0x00000007a5560000)
  from space 21824K,  83% used [0x00000007a5560000, 0x00000007a6737a20, 0x00000007a6ab0000)
  to   space 21824K,   0% used [0x00000007a6ab0000, 0x00000007a6ab0000, 0x00000007a8000000)
 concurrent mark-sweep generation total 393216K, used 29009K [0x00000007a8000000, 0x00000007c0000000, 0x00000007c0000000)
 Metaspace       used 39742K, capacity 40762K, committed 41092K, reserved 1085440K
  class space    used 4907K, capacity 5189K, committed 5292K, reserved 1048576K
}
2022-05-03T23:17:30.617+0800: 14.631: Total time for which application threads were stopped: 0.0043674 seconds, Stopping threads took: 0.0000174 seconds
{Heap before GC invocations=66 (full 1):
 par new generation   total 109248K, used 105694K [0x00000007a0000000, 0x00000007a8000000, 0x00000007a8000000)
  eden space 87424K, 100% used [0x00000007a0000000, 0x00000007a5560000, 0x00000007a5560000)
  from space 21824K,  83% used [0x00000007a5560000, 0x00000007a6737a20, 0x00000007a6ab0000)
  to   space 21824K,   0% used [0x00000007a6ab0000, 0x00000007a6ab0000, 0x00000007a8000000)
 concurrent mark-sweep generation total 393216K, used 29009K [0x00000007a8000000, 0x00000007c0000000, 0x00000007c0000000)
 Metaspace       used 39742K, capacity 40762K, committed 41092K, reserved 1085440K
  class space    used 4907K, capacity 5189K, committed 5292K, reserved 1048576K
2022-05-03T23:17:30.689+0800: 14.702: [GC (Allocation Failure) 2022-05-03T23:17:30.689+0800: 14.702: [ParNew
Desired survivor size 20112992 bytes, new threshold 8 (max 8)
- age   1:     401888 bytes,     401888 total
- age   2:     361088 bytes,     762976 total
- age   3:     556712 bytes,    1319688 total
- age   4:    1057328 bytes,    2377016 total
- age   5:     925288 bytes,    3302304 total
- age   6:     790216 bytes,    4092520 total
- age   7:     959352 bytes,    5051872 total
- age   8:    1214728 bytes,    6266600 total
: 105694K->6153K(109248K), 0.0046678 secs] 134704K->47675K(502464K), 0.0047647 secs] [Times: user=0.01 sys=0.01, real=0.01 secs] 
Heap after GC invocations=67 (full 1):
 par new generation   total 109248K, used 6153K [0x00000007a0000000, 0x00000007a8000000, 0x00000007a8000000)
  eden space 87424K,   0% used [0x00000007a0000000, 0x00000007a0000000, 0x00000007a5560000)
  from space 21824K,  28% used [0x00000007a6ab0000, 0x00000007a70b26c0, 0x00000007a8000000)
  to   space 21824K,   0% used [0x00000007a5560000, 0x00000007a5560000, 0x00000007a6ab0000)
 concurrent mark-sweep generation total 393216K, used 41521K [0x00000007a8000000, 0x00000007c0000000, 0x00000007c0000000)
 Metaspace       used 39742K, capacity 40762K, committed 41092K, reserved 1085440K
  class space    used 4907K, capacity 5189K, committed 5292K, reserved 1048576K
}
2022-05-03T23:17:30.694+0800: 14.707: Total time for which application threads were stopped: 0.0050059 seconds, Stopping threads took: 0.0000205 seconds
{Heap before GC invocations=67 (full 1):
 par new generation   total 109248K, used 93577K [0x00000007a0000000, 0x00000007a8000000, 0x00000007a8000000)
  eden space 87424K, 100% used [0x00000007a0000000, 0x00000007a5560000, 0x00000007a5560000)
  from space 21824K,  28% used [0x00000007a6ab0000, 0x00000007a70b26c0, 0x00000007a8000000)
  to   space 21824K,   0% used [0x00000007a5560000, 0x00000007a5560000, 0x00000007a6ab0000)
 concurrent mark-sweep generation total 393216K, used 41521K [0x00000007a8000000, 0x00000007c0000000, 0x00000007c0000000)
 Metaspace       used 39742K, capacity 40762K, committed 41092K, reserved 1085440K
  class space    used 4907K, capacity 5189K, committed 5292K, reserved 1048576K
2022-05-03T23:17:30.762+0800: 14.775: [GC (Allocation Failure) 2022-05-03T23:17:30.762+0800: 14.775: [ParNew
Desired survivor size 20112992 bytes, new threshold 8 (max 8)
- age   1:     369000 bytes,     369000 total
- age   2:     393880 bytes,     762880 total
- age   3:     361088 bytes,    1123968 total
- age   4:     556376 bytes,    1680344 total
- age   5:    1057328 bytes,    2737672 total
- age   6:     925288 bytes,    3662960 total
- age   7:     790216 bytes,    4453176 total
- age   8:     959352 bytes,    5412528 total
: 93577K->5290K(109248K), 0.0045891 secs] 135099K->47998K(502464K), 0.0046621 secs] [Times: user=0.02 sys=0.00, real=0.00 secs] 
Heap after GC invocations=68 (full 1):
 par new generation   total 109248K, used 5290K [0x00000007a0000000, 0x00000007a8000000, 0x00000007a8000000)
  eden space 87424K,   0% used [0x00000007a0000000, 0x00000007a0000000, 0x00000007a5560000)
  from space 21824K,  24% used [0x00000007a5560000, 0x00000007a5a8aab0, 0x00000007a6ab0000)
  to   space 21824K,   0% used [0x00000007a6ab0000, 0x00000007a6ab0000, 0x00000007a8000000)
 concurrent mark-sweep generation total 393216K, used 42708K [0x00000007a8000000, 0x00000007c0000000, 0x00000007c0000000)
 Metaspace       used 39742K, capacity 40762K, committed 41092K, reserved 1085440K
  class space    used 4907K, capacity 5189K, committed 5292K, reserved 1048576K
}
2022-05-03T23:17:30.766+0800: 14.780: Total time for which application threads were stopped: 0.0048349 seconds, Stopping threads took: 0.0000215 seconds
{Heap before GC invocations=68 (full 1):
 par new generation   total 109248K, used 92714K [0x00000007a0000000, 0x00000007a8000000, 0x00000007a8000000)
  eden space 87424K, 100% used [0x00000007a0000000, 0x00000007a5560000, 0x00000007a5560000)
  from space 21824K,  24% used [0x00000007a5560000, 0x00000007a5a8aab0, 0x00000007a6ab0000)
  to   space 21824K,   0% used [0x00000007a6ab0000, 0x00000007a6ab0000, 0x00000007a8000000)
 concurrent mark-sweep generation total 393216K, used 42708K [0x00000007a8000000, 0x00000007c0000000, 0x00000007c0000000)
 Metaspace       used 39743K, capacity 40762K, committed 41092K, reserved 1085440K
  class space    used 4907K, capacity 5189K, committed 5292K, reserved 1048576K
2022-05-03T23:17:30.856+0800: 14.870: [GC (Allocation Failure) 2022-05-03T23:17:30.856+0800: 14.870: [ParNew
Desired survivor size 20112992 bytes, new threshold 8 (max 8)
- age   1:   13443488 bytes,   13443488 total
- age   2:     360936 bytes,   13804424 total
- age   3:     393776 bytes,   14198200 total
- age   4:     361088 bytes,   14559288 total
- age   5:     556120 bytes,   15115408 total
- age   6:    1057200 bytes,   16172608 total
- age   7:     925288 bytes,   17097896 total
- age   8:     790216 bytes,   17888112 total
: 92714K->17499K(109248K), 0.0044246 secs] 135422K->61144K(502464K), 0.0045060 secs] [Times: user=0.01 sys=0.01, real=0.01 secs] 
Heap after GC invocations=69 (full 1):
 par new generation   total 109248K, used 17499K [0x00000007a0000000, 0x00000007a8000000, 0x00000007a8000000)
  eden space 87424K,   0% used [0x00000007a0000000, 0x00000007a0000000, 0x00000007a5560000)
  from space 21824K,  80% used [0x00000007a6ab0000, 0x00000007a7bc6d50, 0x00000007a8000000)
  to   space 21824K,   0% used [0x00000007a5560000, 0x00000007a5560000, 0x00000007a6ab0000)
 concurrent mark-sweep generation total 393216K, used 43645K [0x00000007a8000000, 0x00000007c0000000, 0x00000007c0000000)
 Metaspace       used 39743K, capacity 40762K, committed 41092K, reserved 1085440K
  class space    used 4907K, capacity 5189K, committed 5292K, reserved 1048576K
}
2022-05-03T23:17:30.861+0800: 14.874: Total time for which application threads were stopped: 0.0047619 seconds, Stopping threads took: 0.0000202 seconds
{Heap before GC invocations=69 (full 1):
 par new generation   total 109248K, used 104923K [0x00000007a0000000, 0x00000007a8000000, 0x00000007a8000000)
  eden space 87424K, 100% used [0x00000007a0000000, 0x00000007a5560000, 0x00000007a5560000)
  from space 21824K,  80% used [0x00000007a6ab0000, 0x00000007a7bc6d50, 0x00000007a8000000)
  to   space 21824K,   0% used [0x00000007a5560000, 0x00000007a5560000, 0x00000007a6ab0000)
 concurrent mark-sweep generation total 393216K, used 43645K [0x00000007a8000000, 0x00000007c0000000, 0x00000007c0000000)
 Metaspace       used 39743K, capacity 40762K, committed 41092K, reserved 1085440K
  class space    used 4907K, capacity 5189K, committed 5292K, reserved 1048576K
2022-05-03T23:17:30.958+0800: 14.972: [GC (Allocation Failure) 2022-05-03T23:17:30.959+0800: 14.972: [ParNew
Desired survivor size 20112992 bytes, new threshold 8 (max 8)
- age   1:     930536 bytes,     930536 total
- age   2:   13435200 bytes,   14365736 total
- age   3:     360624 bytes,   14726360 total
- age   4:     393408 bytes,   15119768 total
- age   5:     360728 bytes,   15480496 total
- age   6:     527544 bytes,   16008040 total
- age   7:    1054040 bytes,   17062080 total
- age   8:     924328 bytes,   17986408 total
: 104923K->17572K(109248K), 0.0041919 secs] 148568K->61988K(502464K), 0.0042778 secs] [Times: user=0.02 sys=0.00, real=0.01 secs] 
Heap after GC invocations=70 (full 1):
 par new generation   total 109248K, used 17572K [0x00000007a0000000, 0x00000007a8000000, 0x00000007a8000000)
  eden space 87424K,   0% used [0x00000007a0000000, 0x00000007a0000000, 0x00000007a5560000)
  from space 21824K,  80% used [0x00000007a5560000, 0x00000007a6689278, 0x00000007a6ab0000)
  to   space 21824K,   0% used [0x00000007a6ab0000, 0x00000007a6ab0000, 0x00000007a8000000)
 concurrent mark-sweep generation total 393216K, used 44416K [0x00000007a8000000, 0x00000007c0000000, 0x00000007c0000000)
 Metaspace       used 39743K, capacity 40762K, committed 41092K, reserved 1085440K
  class space    used 4907K, capacity 5189K, committed 5292K, reserved 1048576K
}
2022-05-03T23:17:30.963+0800: 14.976: Total time for which application threads were stopped: 0.0044823 seconds, Stopping threads took: 0.0000208 seconds
{Heap before GC invocations=70 (full 1):
 par new generation   total 109248K, used 104996K [0x00000007a0000000, 0x00000007a8000000, 0x00000007a8000000)
  eden space 87424K, 100% used [0x00000007a0000000, 0x00000007a5560000, 0x00000007a5560000)
  from space 21824K,  80% used [0x00000007a5560000, 0x00000007a6689278, 0x00000007a6ab0000)
  to   space 21824K,   0% used [0x00000007a6ab0000, 0x00000007a6ab0000, 0x00000007a8000000)
 concurrent mark-sweep generation total 393216K, used 44416K [0x00000007a8000000, 0x00000007c0000000, 0x00000007c0000000)
 Metaspace       used 39743K, capacity 40762K, committed 41092K, reserved 1085440K
  class space    used 4907K, capacity 5189K, committed 5292K, reserved 1048576K
2022-05-03T23:17:31.062+0800: 15.075: [GC (Allocation Failure) 2022-05-03T23:17:31.062+0800: 15.075: [ParNew
Desired survivor size 20112992 bytes, new threshold 8 (max 8)
- age   1:    1281400 bytes,    1281400 total
- age   2:    1774344 bytes,    3055744 total
- age   3:   13762936 bytes,   16818680 total
- age   4:     721248 bytes,   17539928 total
- age   5:     786816 bytes,   18326744 total
- age   6:     721248 bytes,   19047992 total
- age   7:    1050256 bytes,   20098248 total
- age   8:    2034312 bytes,   22132560 total
: 104996K->21620K(109248K), 0.0044238 secs] 149412K->66935K(502464K), 0.0045060 secs] [Times: user=0.02 sys=0.00, real=0.00 secs] 
Heap after GC invocations=71 (full 1):
 par new generation   total 109248K, used 21620K [0x00000007a0000000, 0x00000007a8000000, 0x00000007a8000000)
  eden space 87424K,   0% used [0x00000007a0000000, 0x00000007a0000000, 0x00000007a5560000)
  from space 21824K,  99% used [0x00000007a6ab0000, 0x00000007a7fcd1c0, 0x00000007a8000000)
  to   space 21824K,   0% used [0x00000007a5560000, 0x00000007a5560000, 0x00000007a6ab0000)
 concurrent mark-sweep generation total 393216K, used 45314K [0x00000007a8000000, 0x00000007c0000000, 0x00000007c0000000)
 Metaspace       used 39743K, capacity 40762K, committed 41092K, reserved 1085440K
  class space    used 4907K, capacity 5189K, committed 5292K, reserved 1048576K
}
2022-05-03T23:17:31.066+0800: 15.080: Total time for which application threads were stopped: 0.0047141 seconds, Stopping threads took: 0.0000198 seconds
{Heap before GC invocations=71 (full 1):
 par new generation   total 109248K, used 109044K [0x00000007a0000000, 0x00000007a8000000, 0x00000007a8000000)
  eden space 87424K, 100% used [0x00000007a0000000, 0x00000007a5560000, 0x00000007a5560000)
  from space 21824K,  99% used [0x00000007a6ab0000, 0x00000007a7fcd1c0, 0x00000007a8000000)
  to   space 21824K,   0% used [0x00000007a5560000, 0x00000007a5560000, 0x00000007a6ab0000)
 concurrent mark-sweep generation total 393216K, used 45314K [0x00000007a8000000, 0x00000007c0000000, 0x00000007c0000000)
 Metaspace       used 39743K, capacity 40762K, committed 41092K, reserved 1085440K
  class space    used 4907K, capacity 5189K, committed 5292K, reserved 1048576K
2022-05-03T23:17:31.161+0800: 15.174: [GC (Allocation Failure) 2022-05-03T23:17:31.161+0800: 15.174: [ParNew
Desired survivor size 20112992 bytes, new threshold 8 (max 8)
- age   1:     861416 bytes,     861416 total
- age   2:    1241160 bytes,    2102576 total
- age   3:    1773728 bytes,    3876304 total
- age   4:   13762936 bytes,   17639240 total
- age   5:     721248 bytes,   18360488 total
- age   6:     786816 bytes,   19147304 total
- age   7:     721248 bytes,   19868552 total
- age   8:    1050256 bytes,   20918808 total
: 109044K->20454K(109248K), 0.0044041 secs] 154359K->66795K(502464K), 0.0045101 secs] [Times: user=0.02 sys=0.00, real=0.00 secs] 
Heap after GC invocations=72 (full 1):
 par new generation   total 109248K, used 20454K [0x00000007a0000000, 0x00000007a8000000, 0x00000007a8000000)
  eden space 87424K,   0% used [0x00000007a0000000, 0x00000007a0000000, 0x00000007a5560000)
  from space 21824K,  93% used [0x00000007a5560000, 0x00000007a6959830, 0x00000007a6ab0000)
  to   space 21824K,   0% used [0x00000007a6ab0000, 0x00000007a6ab0000, 0x00000007a8000000)
 concurrent mark-sweep generation total 393216K, used 46341K [0x00000007a8000000, 0x00000007c0000000, 0x00000007c0000000)
 Metaspace       used 39743K, capacity 40762K, committed 41092K, reserved 1085440K
  class space    used 4907K, capacity 5189K, committed 5292K, reserved 1048576K
}
2022-05-03T23:17:31.165+0800: 15.179: Total time for which application threads were stopped: 0.0047830 seconds, Stopping threads took: 0.0000270 seconds
{Heap before GC invocations=72 (full 1):
 par new generation   total 109248K, used 107878K [0x00000007a0000000, 0x00000007a8000000, 0x00000007a8000000)
  eden space 87424K, 100% used [0x00000007a0000000, 0x00000007a5560000, 0x00000007a5560000)
  from space 21824K,  93% used [0x00000007a5560000, 0x00000007a6959830, 0x00000007a6ab0000)
  to   space 21824K,   0% used [0x00000007a6ab0000, 0x00000007a6ab0000, 0x00000007a8000000)
 concurrent mark-sweep generation total 393216K, used 46341K [0x00000007a8000000, 0x00000007c0000000, 0x00000007c0000000)
 Metaspace       used 39743K, capacity 40762K, committed 41092K, reserved 1085440K
  class space    used 4907K, capacity 5189K, committed 5292K, reserved 1048576K
2022-05-03T23:17:31.261+0800: 15.274: [GC (Allocation Failure) 2022-05-03T23:17:31.261+0800: 15.274: [ParNew
Desired survivor size 20112992 bytes, new threshold 8 (max 8)
- age   1:     869776 bytes,     869776 total
- age   2:     822392 bytes,    1692168 total
- age   3:    1232544 bytes,    2924712 total
- age   4:    1773304 bytes,    4698016 total
- age   5:   13762936 bytes,   18460952 total
- age   6:     721248 bytes,   19182200 total
- age   7:     786816 bytes,   19969016 total
- age   8:     721248 bytes,   20690264 total
: 107878K->20218K(109248K), 0.0042908 secs] 154219K->67073K(502464K), 0.0043772 secs] [Times: user=0.01 sys=0.00, real=0.00 secs] 
Heap after GC invocations=73 (full 1):
 par new generation   total 109248K, used 20218K [0x00000007a0000000, 0x00000007a8000000, 0x00000007a8000000)
  eden space 87424K,   0% used [0x00000007a0000000, 0x00000007a0000000, 0x00000007a5560000)
  from space 21824K,  92% used [0x00000007a6ab0000, 0x00000007a7e6ebe0, 0x00000007a8000000)
  to   space 21824K,   0% used [0x00000007a5560000, 0x00000007a5560000, 0x00000007a6ab0000)
 concurrent mark-sweep generation total 393216K, used 46854K [0x00000007a8000000, 0x00000007c0000000, 0x00000007c0000000)
 Metaspace       used 39743K, capacity 40762K, committed 41092K, reserved 1085440K
  class space    used 4907K, capacity 5189K, committed 5292K, reserved 1048576K
}
2022-05-03T23:17:31.265+0800: 15.278: Total time for which application threads were stopped: 0.0046099 seconds, Stopping threads took: 0.0000204 seconds
2022-05-03T23:17:31.322+0800: 15.336: Total time for which application threads were stopped: 0.0001128 seconds, Stopping threads took: 0.0000125 seconds
2022-05-03T23:17:31.335+0800: 15.348: Total time for which application threads were stopped: 0.0000448 seconds, Stopping threads took: 0.0000140 seconds
2022-05-03T23:17:32.340+0800: 16.354: Total time for which application threads were stopped: 0.0002226 seconds, Stopping threads took: 0.0000539 seconds
2022-05-03T23:17:54.263+0800: 38.277: Total time for which application threads were stopped: 0.0003358 seconds, Stopping threads took: 0.0001332 seconds
2022-05-03T23:17:54.263+0800: 38.277: Total time for which application threads were stopped: 0.0000269 seconds, Stopping threads took: 0.0000076 seconds
2022-05-03T23:17:54.281+0800: 38.294: Total time for which application threads were stopped: 0.0001933 seconds, Stopping threads took: 0.0000314 seconds
2022-05-03T23:17:54.313+0800: 38.327: Total time for which application threads were stopped: 0.0021243 seconds, Stopping threads took: 0.0000115 seconds
2022-05-03T23:17:54.329+0800: 38.343: Total time for which application threads were stopped: 0.0000593 seconds, Stopping threads took: 0.0000237 seconds
2022-05-03T23:17:54.354+0800: 38.368: Total time for which application threads were stopped: 0.0002663 seconds, Stopping threads took: 0.0000247 seconds
2022-05-03T23:17:54.354+0800: 38.368: Total time for which application threads were stopped: 0.0001215 seconds, Stopping threads took: 0.0001033 seconds
2022-05-03T23:17:54.355+0800: 38.369: Total time for which application threads were stopped: 0.0000644 seconds, Stopping threads took: 0.0000216 seconds
2022-05-03T23:17:54.356+0800: 38.370: Total time for which application threads were stopped: 0.0002973 seconds, Stopping threads took: 0.0002443 seconds
2022-05-03T23:17:54.357+0800: 38.370: Total time for which application threads were stopped: 0.0003154 seconds, Stopping threads took: 0.0001443 seconds
2022-05-03T23:17:54.357+0800: 38.371: Total time for which application threads were stopped: 0.0001147 seconds, Stopping threads took: 0.0000945 seconds
2022-05-03T23:17:54.357+0800: 38.371: Total time for which application threads were stopped: 0.0001285 seconds, Stopping threads took: 0.0000940 seconds
2022-05-03T23:17:54.357+0800: 38.371: Total time for which application threads were stopped: 0.0003968 seconds, Stopping threads took: 0.0003181 seconds
2022-05-03T23:17:54.357+0800: 38.371: Total time for which application threads were stopped: 0.0000923 seconds, Stopping threads took: 0.0000549 seconds
2022-05-03T23:17:54.365+0800: 38.379: Total time for which application threads were stopped: 0.0002119 seconds, Stopping threads took: 0.0000108 seconds
2022-05-03T23:17:54.742+0800: 38.756: Total time for which application threads were stopped: 0.0006255 seconds, Stopping threads took: 0.0000515 seconds
2022-05-03T23:17:54.743+0800: 38.757: Total time for which application threads were stopped: 0.0005602 seconds, Stopping threads took: 0.0003003 seconds
2022-05-03T23:17:54.744+0800: 38.757: Total time for which application threads were stopped: 0.0005809 seconds, Stopping threads took: 0.0001560 seconds
2022-05-03T23:17:54.744+0800: 38.758: Total time for which application threads were stopped: 0.0007984 seconds, Stopping threads took: 0.0004164 seconds
2022-05-03T23:17:54.745+0800: 38.759: Total time for which application threads were stopped: 0.0006424 seconds, Stopping threads took: 0.0004622 seconds
2022-05-03T23:17:54.746+0800: 38.760: Total time for which application threads were stopped: 0.0006826 seconds, Stopping threads took: 0.0004845 seconds
2022-05-03T23:17:54.757+0800: 38.771: Total time for which application threads were stopped: 0.0005159 seconds, Stopping threads took: 0.0000381 seconds
2022-05-03T23:17:54.768+0800: 38.782: Total time for which application threads were stopped: 0.0003537 seconds, Stopping threads took: 0.0001794 seconds
2022-05-03T23:17:54.771+0800: 38.785: Total time for which application threads were stopped: 0.0003184 seconds, Stopping threads took: 0.0001544 seconds
2022-05-03T23:17:54.781+0800: 38.795: Total time for which application threads were stopped: 0.0000878 seconds, Stopping threads took: 0.0000190 seconds
2022-05-03T23:17:54.783+0800: 38.797: Total time for which application threads were stopped: 0.0002865 seconds, Stopping threads took: 0.0001147 seconds
2022-05-03T23:17:54.791+0800: 38.805: Total time for which application threads were stopped: 0.0003559 seconds, Stopping threads took: 0.0001725 seconds
2022-05-03T23:17:54.800+0800: 38.814: Total time for which application threads were stopped: 0.0006942 seconds, Stopping threads took: 0.0000136 seconds
2022-05-03T23:17:54.800+0800: 38.814: Total time for which application threads were stopped: 0.0002757 seconds, Stopping threads took: 0.0000061 seconds
2022-05-03T23:17:54.803+0800: 38.817: Total time for which application threads were stopped: 0.0000621 seconds, Stopping threads took: 0.0000227 seconds
2022-05-03T23:17:54.803+0800: 38.817: Total time for which application threads were stopped: 0.0000360 seconds, Stopping threads took: 0.0000095 seconds
2022-05-03T23:17:54.803+0800: 38.817: Total time for which application threads were stopped: 0.0000288 seconds, Stopping threads took: 0.0000090 seconds
2022-05-03T23:17:54.803+0800: 38.817: Total time for which application threads were stopped: 0.0000254 seconds, Stopping threads took: 0.0000035 seconds
2022-05-03T23:17:54.803+0800: 38.817: Total time for which application threads were stopped: 0.0000275 seconds, Stopping threads took: 0.0000031 seconds
2022-05-03T23:17:54.813+0800: 38.826: Total time for which application threads were stopped: 0.0001570 seconds, Stopping threads took: 0.0001030 seconds
2022-05-03T23:17:54.813+0800: 38.827: Total time for which application threads were stopped: 0.0001091 seconds, Stopping threads took: 0.0000763 seconds
2022-05-03T23:17:54.813+0800: 38.827: Total time for which application threads were stopped: 0.0000287 seconds, Stopping threads took: 0.0000049 seconds
2022-05-03T23:17:54.813+0800: 38.827: Total time for which application threads were stopped: 0.0000720 seconds, Stopping threads took: 0.0000088 seconds
2022-05-03T23:17:54.813+0800: 38.827: Total time for which application threads were stopped: 0.0000862 seconds, Stopping threads took: 0.0000518 seconds
2022-05-03T23:17:54.819+0800: 38.832: Total time for which application threads were stopped: 0.0001083 seconds, Stopping threads took: 0.0000216 seconds
2022-05-03T23:17:54.823+0800: 38.837: Total time for which application threads were stopped: 0.0001689 seconds, Stopping threads took: 0.0000203 seconds
2022-05-03T23:17:54.823+0800: 38.837: Total time for which application threads were stopped: 0.0001460 seconds, Stopping threads took: 0.0000182 seconds
2022-05-03T23:17:54.826+0800: 38.839: Total time for which application threads were stopped: 0.0001138 seconds, Stopping threads took: 0.0000161 seconds
2022-05-03T23:17:54.826+0800: 38.840: Total time for which application threads were stopped: 0.0000717 seconds, Stopping threads took: 0.0000108 seconds
2022-05-03T23:17:54.826+0800: 38.840: Total time for which application threads were stopped: 0.0000654 seconds, Stopping threads took: 0.0000101 seconds
2022-05-03T23:17:54.827+0800: 38.840: Total time for which application threads were stopped: 0.0000675 seconds, Stopping threads took: 0.0000090 seconds
2022-05-03T23:17:54.827+0800: 38.841: Total time for which application threads were stopped: 0.0000632 seconds, Stopping threads took: 0.0000095 seconds
2022-05-03T23:17:54.830+0800: 38.844: Total time for which application threads were stopped: 0.0000820 seconds, Stopping threads took: 0.0000143 seconds
2022-05-03T23:17:54.831+0800: 38.844: Total time for which application threads were stopped: 0.0000600 seconds, Stopping threads took: 0.0000094 seconds
2022-05-03T23:17:54.831+0800: 38.845: Total time for which application threads were stopped: 0.0000809 seconds, Stopping threads took: 0.0000341 seconds
2022-05-03T23:17:54.831+0800: 38.845: Total time for which application threads were stopped: 0.0000646 seconds, Stopping threads took: 0.0000100 seconds
2022-05-03T23:17:54.832+0800: 38.845: Total time for which application threads were stopped: 0.0000587 seconds, Stopping threads took: 0.0000088 seconds
2022-05-03T23:17:54.832+0800: 38.846: Total time for which application threads were stopped: 0.0000788 seconds, Stopping threads took: 0.0000171 seconds
2022-05-03T23:17:54.832+0800: 38.846: Total time for which application threads were stopped: 0.0000639 seconds, Stopping threads took: 0.0000092 seconds
2022-05-03T23:17:54.833+0800: 38.846: Total time for which application threads were stopped: 0.0000851 seconds, Stopping threads took: 0.0000105 seconds
2022-05-03T23:17:54.834+0800: 38.848: Total time for which application threads were stopped: 0.0001138 seconds, Stopping threads took: 0.0000203 seconds
2022-05-03T23:17:54.834+0800: 38.848: Total time for which application threads were stopped: 0.0000665 seconds, Stopping threads took: 0.0000090 seconds
2022-05-03T23:17:54.847+0800: 38.861: Total time for which application threads were stopped: 0.0002112 seconds, Stopping threads took: 0.0001295 seconds
2022-05-03T23:17:54.847+0800: 38.861: Total time for which application threads were stopped: 0.0001947 seconds, Stopping threads took: 0.0001357 seconds
2022-05-03T23:17:54.857+0800: 38.871: Total time for which application threads were stopped: 0.0001647 seconds, Stopping threads took: 0.0000563 seconds
2022-05-03T23:17:54.857+0800: 38.871: Total time for which application threads were stopped: 0.0001967 seconds, Stopping threads took: 0.0001732 seconds
2022-05-03T23:17:55.863+0800: 39.877: Total time for which application threads were stopped: 0.0002954 seconds, Stopping threads took: 0.0000533 seconds
2022-05-03T23:17:57.313+0800: 41.327: Total time for which application threads were stopped: 0.0006006 seconds, Stopping threads took: 0.0003308 seconds
2022-05-03T23:17:57.314+0800: 41.328: Total time for which application threads were stopped: 0.0005836 seconds, Stopping threads took: 0.0004986 seconds
2022-05-03T23:17:57.314+0800: 41.328: Total time for which application threads were stopped: 0.0004473 seconds, Stopping threads took: 0.0003152 seconds
2022-05-03T23:17:57.315+0800: 41.328: Total time for which application threads were stopped: 0.0003507 seconds, Stopping threads took: 0.0001975 seconds
2022-05-03T23:17:57.315+0800: 41.329: Total time for which application threads were stopped: 0.0002760 seconds, Stopping threads took: 0.0002158 seconds
2022-05-03T23:17:57.315+0800: 41.329: Total time for which application threads were stopped: 0.0004381 seconds, Stopping threads took: 0.0002979 seconds
2022-05-03T23:17:57.330+0800: 41.344: Total time for which application threads were stopped: 0.0006839 seconds, Stopping threads took: 0.0004213 seconds
2022-05-03T23:17:57.360+0800: 41.374: Total time for which application threads were stopped: 0.0001615 seconds, Stopping threads took: 0.0001043 seconds
2022-05-03T23:17:57.361+0800: 41.375: Total time for which application threads were stopped: 0.0003012 seconds, Stopping threads took: 0.0002227 seconds
2022-05-03T23:17:57.361+0800: 41.375: Total time for which application threads were stopped: 0.0004229 seconds, Stopping threads took: 0.0002918 seconds
2022-05-03T23:17:57.362+0800: 41.376: Total time for which application threads were stopped: 0.0005040 seconds, Stopping threads took: 0.0004501 seconds
2022-05-03T23:17:57.362+0800: 41.376: Total time for which application threads were stopped: 0.0002952 seconds, Stopping threads took: 0.0002428 seconds
2022-05-03T23:17:57.362+0800: 41.376: Total time for which application threads were stopped: 0.0000629 seconds, Stopping threads took: 0.0000367 seconds
2022-05-03T23:17:57.363+0800: 41.377: Total time for which application threads were stopped: 0.0002661 seconds, Stopping threads took: 0.0002199 seconds
2022-05-03T23:17:57.363+0800: 41.377: Total time for which application threads were stopped: 0.0005030 seconds, Stopping threads took: 0.0004560 seconds
2022-05-03T23:17:57.363+0800: 41.377: Total time for which application threads were stopped: 0.0001547 seconds, Stopping threads took: 0.0001088 seconds
2022-05-03T23:17:57.364+0800: 41.378: Total time for which application threads were stopped: 0.0002173 seconds, Stopping threads took: 0.0001780 seconds
2022-05-03T23:17:57.364+0800: 41.378: Total time for which application threads were stopped: 0.0000271 seconds, Stopping threads took: 0.0000050 seconds
2022-05-03T23:17:57.364+0800: 41.378: Total time for which application threads were stopped: 0.0002800 seconds, Stopping threads took: 0.0002073 seconds
2022-05-03T23:17:57.364+0800: 41.378: Total time for which application threads were stopped: 0.0002010 seconds, Stopping threads took: 0.0001517 seconds
2022-05-03T23:17:57.365+0800: 41.378: Total time for which application threads were stopped: 0.0001667 seconds, Stopping threads took: 0.0001190 seconds
2022-05-03T23:17:57.365+0800: 41.379: Total time for which application threads were stopped: 0.0001943 seconds, Stopping threads took: 0.0001500 seconds
2022-05-03T23:17:57.365+0800: 41.379: Total time for which application threads were stopped: 0.0003796 seconds, Stopping threads took: 0.0002660 seconds
2022-05-03T23:17:57.366+0800: 41.380: Total time for which application threads were stopped: 0.0003291 seconds, Stopping threads took: 0.0001972 seconds
2022-05-03T23:17:57.366+0800: 41.380: Total time for which application threads were stopped: 0.0002599 seconds, Stopping threads took: 0.0002142 seconds
2022-05-03T23:17:57.367+0800: 41.381: Total time for which application threads were stopped: 0.0008771 seconds, Stopping threads took: 0.0006185 seconds
2022-05-03T23:17:57.368+0800: 41.382: Total time for which application threads were stopped: 0.0008370 seconds, Stopping threads took: 0.0006481 seconds
2022-05-03T23:17:57.369+0800: 41.383: Total time for which application threads were stopped: 0.0003708 seconds, Stopping threads took: 0.0002635 seconds
2022-05-03T23:17:57.370+0800: 41.384: Total time for which application threads were stopped: 0.0003456 seconds, Stopping threads took: 0.0002145 seconds
2022-05-03T23:17:57.371+0800: 41.385: Total time for which application threads were stopped: 0.0003911 seconds, Stopping threads took: 0.0002254 seconds
2022-05-03T23:17:57.372+0800: 41.386: Total time for which application threads were stopped: 0.0002864 seconds, Stopping threads took: 0.0001383 seconds
2022-05-03T23:17:57.379+0800: 41.393: Total time for which application threads were stopped: 0.0004423 seconds, Stopping threads took: 0.0000587 seconds
2022-05-03T23:17:57.380+0800: 41.394: Total time for which application threads were stopped: 0.0004016 seconds, Stopping threads took: 0.0003382 seconds
2022-05-03T23:17:57.381+0800: 41.395: Total time for which application threads were stopped: 0.0002636 seconds, Stopping threads took: 0.0001367 seconds
2022-05-03T23:17:57.382+0800: 41.396: Total time for which application threads were stopped: 0.0003003 seconds, Stopping threads took: 0.0002242 seconds
2022-05-03T23:17:57.382+0800: 41.396: Total time for which application threads were stopped: 0.0004277 seconds, Stopping threads took: 0.0002873 seconds
2022-05-03T23:17:57.382+0800: 41.396: Total time for which application threads were stopped: 0.0003029 seconds, Stopping threads took: 0.0002604 seconds
2022-05-03T23:17:57.384+0800: 41.398: Total time for which application threads were stopped: 0.0005632 seconds, Stopping threads took: 0.0003670 seconds
2022-05-03T23:17:58.389+0800: 42.403: Total time for which application threads were stopped: 0.0001362 seconds, Stopping threads took: 0.0000381 seconds
2022-05-03T23:18:01.144+0800: 45.158: Total time for which application threads were stopped: 0.0002851 seconds, Stopping threads took: 0.0000959 seconds
2022-05-03T23:18:01.144+0800: 45.158: Total time for which application threads were stopped: 0.0000669 seconds, Stopping threads took: 0.0000085 seconds
2022-05-03T23:18:01.153+0800: 45.167: Total time for which application threads were stopped: 0.0002122 seconds, Stopping threads took: 0.0001343 seconds
2022-05-03T23:18:01.153+0800: 45.167: Total time for which application threads were stopped: 0.0000335 seconds, Stopping threads took: 0.0000108 seconds
2022-05-03T23:18:02.158+0800: 46.172: Total time for which application threads were stopped: 0.0006357 seconds, Stopping threads took: 0.0000605 seconds
2022-05-03T23:18:09.835+0800: 53.849: Total time for which application threads were stopped: 0.0000582 seconds, Stopping threads took: 0.0000197 seconds
2022-05-03T23:18:10.840+0800: 54.854: Total time for which application threads were stopped: 0.0006803 seconds, Stopping threads took: 0.0000512 seconds
2022-05-03T23:18:20.482+0800: 64.496: Total time for which application threads were stopped: 0.0003491 seconds, Stopping threads took: 0.0000192 seconds
2022-05-03T23:18:20.483+0800: 64.497: Total time for which application threads were stopped: 0.0001286 seconds, Stopping threads took: 0.0000053 seconds
2022-05-03T23:18:20.485+0800: 64.500: Total time for which application threads were stopped: 0.0002647 seconds, Stopping threads took: 0.0000056 seconds
2022-05-03T23:18:20.512+0800: 64.526: Total time for which application threads were stopped: 0.0006818 seconds, Stopping threads took: 0.0000122 seconds
2022-05-03T23:18:21.517+0800: 65.532: Total time for which application threads were stopped: 0.0008413 seconds, Stopping threads took: 0.0000335 seconds
2022-05-03T23:18:41.580+0800: 85.594: Total time for which application threads were stopped: 0.0016440 seconds, Stopping threads took: 0.0004050 seconds
2022-05-03T23:18:42.585+0800: 86.600: Total time for which application threads were stopped: 0.0006815 seconds, Stopping threads took: 0.0000397 seconds
2022-05-03T23:18:44.344+0800: 88.359: Total time for which application threads were stopped: 0.0003250 seconds, Stopping threads took: 0.0001137 seconds
2022-05-03T23:18:44.344+0800: 88.359: Total time for which application threads were stopped: 0.0000389 seconds, Stopping threads took: 0.0000130 seconds
2022-05-03T23:18:44.355+0800: 88.369: Total time for which application threads were stopped: 0.0000741 seconds, Stopping threads took: 0.0000242 seconds
2022-05-03T23:18:44.355+0800: 88.369: Total time for which application threads were stopped: 0.0000400 seconds, Stopping threads took: 0.0000152 seconds
2022-05-03T23:18:57.384+0800: 101.399: Total time for which application threads were stopped: 0.0001944 seconds, Stopping threads took: 0.0000414 seconds
2022-05-03T23:19:13.437+0800: 117.452: Total time for which application threads were stopped: 0.0004007 seconds, Stopping threads took: 0.0000520 seconds
2022-05-03T23:19:17.449+0800: 121.464: Total time for which application threads were stopped: 0.0005029 seconds, Stopping threads took: 0.0000476 seconds
2022-05-03T23:19:20.459+0800: 124.474: Total time for which application threads were stopped: 0.0001955 seconds, Stopping threads took: 0.0000476 seconds
2022-05-03T23:19:21.460+0800: 125.475: Total time for which application threads were stopped: 0.0003573 seconds, Stopping threads took: 0.0000301 seconds
2022-05-03T23:19:36.518+0800: 140.534: Total time for which application threads were stopped: 0.0017817 seconds, Stopping threads took: 0.0005562 seconds
2022-05-03T23:19:44.360+0800: 148.377: Total time for which application threads were stopped: 0.0022194 seconds, Stopping threads took: 0.0000833 seconds
2022-05-03T23:19:46.101+0800: 150.116: Total time for which application threads were stopped: 0.0011159 seconds, Stopping threads took: 0.0001568 seconds
2022-05-03T23:19:46.103+0800: 150.119: Total time for which application threads were stopped: 0.0012156 seconds, Stopping threads took: 0.0009009 seconds
2022-05-03T23:19:46.105+0800: 150.120: Total time for which application threads were stopped: 0.0013788 seconds, Stopping threads took: 0.0011285 seconds
2022-05-03T23:19:46.106+0800: 150.121: Total time for which application threads were stopped: 0.0009744 seconds, Stopping threads took: 0.0006416 seconds
2022-05-03T23:19:46.107+0800: 150.123: Total time for which application threads were stopped: 0.0010823 seconds, Stopping threads took: 0.0007111 seconds
2022-05-03T23:19:46.108+0800: 150.124: Total time for which application threads were stopped: 0.0007633 seconds, Stopping threads took: 0.0005731 seconds
2022-05-03T23:19:47.114+0800: 151.129: Total time for which application threads were stopped: 0.0007256 seconds, Stopping threads took: 0.0000621 seconds
2022-05-03T23:20:05.178+0800: 169.194: Total time for which application threads were stopped: 0.0015386 seconds, Stopping threads took: 0.0005946 seconds
2022-05-03T23:20:21.233+0800: 185.249: Total time for which application threads were stopped: 0.0004844 seconds, Stopping threads took: 0.0000420 seconds
2022-05-03T23:20:43.312+0800: 207.329: Total time for which application threads were stopped: 0.0005143 seconds, Stopping threads took: 0.0000607 seconds
2022-05-03T23:20:45.320+0800: 209.337: Total time for which application threads were stopped: 0.0006137 seconds, Stopping threads took: 0.0000649 seconds
2022-05-03T23:20:47.065+0800: 211.081: Total time for which application threads were stopped: 0.0001870 seconds, Stopping threads took: 0.0000172 seconds
2022-05-03T23:20:47.065+0800: 211.082: Total time for which application threads were stopped: 0.0000306 seconds, Stopping threads took: 0.0000041 seconds
2022-05-03T23:20:47.074+0800: 211.091: Total time for which application threads were stopped: 0.0003066 seconds, Stopping threads took: 0.0001540 seconds
2022-05-03T23:20:47.074+0800: 211.091: Total time for which application threads were stopped: 0.0001441 seconds, Stopping threads took: 0.0000952 seconds
2022-05-03T23:21:15.178+0800: 239.195: Total time for which application threads were stopped: 0.0009659 seconds, Stopping threads took: 0.0000789 seconds
2022-05-03T23:21:21.191+0800: 245.208: Total time for which application threads were stopped: 0.0005596 seconds, Stopping threads took: 0.0001130 seconds
2022-05-03T23:21:47.071+0800: 271.097: Total time for which application threads were stopped: 0.0002969 seconds, Stopping threads took: 0.0001091 seconds
2022-05-03T23:23:21.372+0800: 365.406: Total time for which application threads were stopped: 0.0002471 seconds, Stopping threads took: 0.0000342 seconds
2022-05-03T23:24:01.511+0800: 405.545: Total time for which application threads were stopped: 0.0006347 seconds, Stopping threads took: 0.0002463 seconds
2022-05-03T23:24:21.570+0800: 425.605: Total time for which application threads were stopped: 0.0003028 seconds, Stopping threads took: 0.0000435 seconds
2022-05-03T23:25:21.782+0800: 485.817: Total time for which application threads were stopped: 0.0007200 seconds, Stopping threads took: 0.0000763 seconds
2022-05-03T23:26:20.994+0800: 545.031: Total time for which application threads were stopped: 0.0012903 seconds, Stopping threads took: 0.0002313 seconds
2022-05-03T23:27:21.227+0800: 605.266: Total time for which application threads were stopped: 0.0005138 seconds, Stopping threads took: 0.0000595 seconds
{Heap before GC invocations=73 (full 1):
 par new generation   total 109248K, used 107642K [0x00000007a0000000, 0x00000007a8000000, 0x00000007a8000000)
  eden space 87424K, 100% used [0x00000007a0000000, 0x00000007a5560000, 0x00000007a5560000)
  from space 21824K,  92% used [0x00000007a6ab0000, 0x00000007a7e6ebe0, 0x00000007a8000000)
  to   space 21824K,   0% used [0x00000007a5560000, 0x00000007a5560000, 0x00000007a6ab0000)
 concurrent mark-sweep generation total 393216K, used 46854K [0x00000007a8000000, 0x00000007c0000000, 0x00000007c0000000)
 Metaspace       used 41594K, capacity 42774K, committed 42884K, reserved 1087488K
  class space    used 5155K, capacity 5441K, committed 5548K, reserved 1048576K
2022-05-03T23:28:17.697+0800: 661.737: [GC (Allocation Failure) 2022-05-03T23:28:17.697+0800: 661.737: [ParNew
Desired survivor size 20112992 bytes, new threshold 6 (max 8)
- age   1:    2435712 bytes,    2435712 total
- age   2:     829032 bytes,    3264744 total
- age   3:     821912 bytes,    4086656 total
- age   4:    1199120 bytes,    5285776 total
- age   5:    1773176 bytes,    7058952 total
- age   6:   13762936 bytes,   20821888 total
- age   7:     721248 bytes,   21543136 total
- age   8:     786816 bytes,   22329952 total
: 107642K->21824K(109248K), 0.0394668 secs] 154497K->69185K(502464K), 0.0398105 secs] [Times: user=0.05 sys=0.08, real=0.04 secs] 
Heap after GC invocations=74 (full 1):
 par new generation   total 109248K, used 21824K [0x00000007a0000000, 0x00000007a8000000, 0x00000007a8000000)
  eden space 87424K,   0% used [0x00000007a0000000, 0x00000007a0000000, 0x00000007a5560000)
  from space 21824K, 100% used [0x00000007a5560000, 0x00000007a6ab0000, 0x00000007a6ab0000)
  to   space 21824K,   0% used [0x00000007a6ab0000, 0x00000007a6ab0000, 0x00000007a8000000)
 concurrent mark-sweep generation total 393216K, used 47361K [0x00000007a8000000, 0x00000007c0000000, 0x00000007c0000000)
 Metaspace       used 41594K, capacity 42774K, committed 42884K, reserved 1087488K
  class space    used 5155K, capacity 5441K, committed 5548K, reserved 1048576K
}
2022-05-03T23:28:17.737+0800: 661.776: Total time for which application threads were stopped: 0.0405483 seconds, Stopping threads took: 0.0000650 seconds
2022-05-03T23:28:21.757+0800: 665.797: Total time for which application threads were stopped: 0.0006175 seconds, Stopping threads took: 0.0000681 seconds
2022-05-03T23:30:21.215+0800: 785.257: Total time for which application threads were stopped: 0.0004407 seconds, Stopping threads took: 0.0000481 seconds
2022-05-03T23:35:21.582+0800: 1085.630: Total time for which application threads were stopped: 0.0009367 seconds, Stopping threads took: 0.0000765 seconds
2022-05-03T23:36:21.797+0800: 1145.846: Total time for which application threads were stopped: 0.0006814 seconds, Stopping threads took: 0.0000539 seconds
2022-05-03T23:37:22.023+0800: 1206.073: Total time for which application threads were stopped: 0.0004877 seconds, Stopping threads took: 0.0000566 seconds
2022-05-03T23:38:21.271+0800: 1265.323: Total time for which application threads were stopped: 0.0003131 seconds, Stopping threads took: 0.0000456 seconds
2022-05-03T23:39:01.562+0800: 1305.615: Total time for which application threads were stopped: 0.0002932 seconds, Stopping threads took: 0.0000482 seconds
2022-05-03T23:39:20.711+0800: 1324.764: Total time for which application threads were stopped: 0.0004198 seconds, Stopping threads took: 0.0000840 seconds
2022-05-03T23:39:21.214+0800: 1325.267: Total time for which application threads were stopped: 0.0008166 seconds, Stopping threads took: 0.0000482 seconds
2022-05-03T23:39:22.217+0800: 1326.271: Total time for which application threads were stopped: 0.0004624 seconds, Stopping threads took: 0.0000680 seconds
2022-05-03T23:40:21.591+0800: 1385.646: Total time for which application threads were stopped: 0.0007696 seconds, Stopping threads took: 0.0000817 seconds
2022-05-03T23:41:22.015+0800: 1446.071: Total time for which application threads were stopped: 0.0006478 seconds, Stopping threads took: 0.0000983 seconds
2022-05-03T23:43:21.551+0800: 1565.609: Total time for which application threads were stopped: 0.0005036 seconds, Stopping threads took: 0.0000882 seconds
2022-05-03T23:46:22.258+0800: 1746.320: Total time for which application threads were stopped: 0.0003013 seconds, Stopping threads took: 0.0000350 seconds
2022-05-03T23:49:22.308+0800: 1926.374: Total time for which application threads were stopped: 0.0008893 seconds, Stopping threads took: 0.0003064 seconds
2022-05-03T23:50:21.701+0800: 1985.778: Total time for which application threads were stopped: 0.0006531 seconds, Stopping threads took: 0.0000712 seconds
2022-05-03T23:51:22.146+0800: 2046.226: Total time for which application threads were stopped: 0.0013508 seconds, Stopping threads took: 0.0001057 seconds
2022-05-04T00:06:49.306+0800: 2973.409: Total time for which application threads were stopped: 0.0007045 seconds, Stopping threads took: 0.0001175 seconds
2022-05-04T00:07:10.382+0800: 2994.486: Total time for which application threads were stopped: 0.0004030 seconds, Stopping threads took: 0.0000336 seconds
2022-05-04T00:07:11.388+0800: 2995.491: Total time for which application threads were stopped: 0.0008599 seconds, Stopping threads took: 0.0000388 seconds
2022-05-04T00:07:12.393+0800: 2996.497: Total time for which application threads were stopped: 0.0005238 seconds, Stopping threads took: 0.0000371 seconds
2022-05-04T00:07:30.449+0800: 3014.553: Total time for which application threads were stopped: 0.0008870 seconds, Stopping threads took: 0.0000825 seconds
2022-05-04T00:07:41.490+0800: 3025.595: Total time for which application threads were stopped: 0.0007098 seconds, Stopping threads took: 0.0000661 seconds
2022-05-04T00:07:43.498+0800: 3027.602: Total time for which application threads were stopped: 0.0003875 seconds, Stopping threads took: 0.0000292 seconds
2022-05-04T00:07:46.506+0800: 3030.611: Total time for which application threads were stopped: 0.0007072 seconds, Stopping threads took: 0.0000460 seconds
2022-05-04T00:07:48.512+0800: 3032.616: Total time for which application threads were stopped: 0.0005141 seconds, Stopping threads took: 0.0000429 seconds
2022-05-04T00:07:52.529+0800: 3036.634: Total time for which application threads were stopped: 0.0007013 seconds, Stopping threads took: 0.0000873 seconds
2022-05-04T00:07:54.532+0800: 3038.637: Total time for which application threads were stopped: 0.0003661 seconds, Stopping threads took: 0.0000283 seconds
2022-05-04T00:07:55.538+0800: 3039.642: Total time for which application threads were stopped: 0.0005464 seconds, Stopping threads took: 0.0000371 seconds
2022-05-04T00:07:56.543+0800: 3040.648: Total time for which application threads were stopped: 0.0007303 seconds, Stopping threads took: 0.0000476 seconds
2022-05-04T00:08:00.561+0800: 3044.666: Total time for which application threads were stopped: 0.0004229 seconds, Stopping threads took: 0.0000460 seconds
2022-05-04T00:08:01.563+0800: 3045.668: Total time for which application threads were stopped: 0.0006414 seconds, Stopping threads took: 0.0000726 seconds
2022-05-04T00:08:10.596+0800: 3054.701: Total time for which application threads were stopped: 0.0006793 seconds, Stopping threads took: 0.0000430 seconds
2022-05-04T00:08:22.634+0800: 3066.739: Total time for which application threads were stopped: 0.0007739 seconds, Stopping threads took: 0.0000634 seconds
2022-05-04T00:09:06.798+0800: 3110.904: Total time for which application threads were stopped: 0.0004618 seconds, Stopping threads took: 0.0000353 seconds
2022-05-04T00:09:07.802+0800: 3111.909: Total time for which application threads were stopped: 0.0006301 seconds, Stopping threads took: 0.0000413 seconds
2022-05-04T00:09:10.814+0800: 3114.920: Total time for which application threads were stopped: 0.0008862 seconds, Stopping threads took: 0.0000504 seconds
2022-05-04T00:09:13.071+0800: 3117.178: Total time for which application threads were stopped: 0.0011441 seconds, Stopping threads took: 0.0000125 seconds
2022-05-04T00:09:13.079+0800: 3117.186: Total time for which application threads were stopped: 0.0001425 seconds, Stopping threads took: 0.0000142 seconds
2022-05-04T00:09:13.092+0800: 3117.199: Total time for which application threads were stopped: 0.0001715 seconds, Stopping threads took: 0.0000132 seconds
2022-05-04T00:09:13.093+0800: 3117.199: Total time for which application threads were stopped: 0.0000194 seconds, Stopping threads took: 0.0000031 seconds
2022-05-04T00:09:13.123+0800: 3117.229: Total time for which application threads were stopped: 0.0013068 seconds, Stopping threads took: 0.0000195 seconds
2022-05-04T00:09:13.126+0800: 3117.233: Total time for which application threads were stopped: 0.0010820 seconds, Stopping threads took: 0.0000212 seconds
2022-05-04T00:09:15.588+0800: 3119.695: Total time for which application threads were stopped: 0.0002433 seconds, Stopping threads took: 0.0000330 seconds
2022-05-04T00:09:15.636+0800: 3119.743: Total time for which application threads were stopped: 0.0002767 seconds, Stopping threads took: 0.0000133 seconds
2022-05-04T00:09:16.643+0800: 3120.749: Total time for which application threads were stopped: 0.0015890 seconds, Stopping threads took: 0.0000618 seconds
2022-05-04T00:09:22.667+0800: 3126.774: Total time for which application threads were stopped: 0.0007434 seconds, Stopping threads took: 0.0000465 seconds
2022-05-04T00:10:22.909+0800: 3187.018: Total time for which application threads were stopped: 0.0007348 seconds, Stopping threads took: 0.0000538 seconds
2022-05-04T00:11:31.171+0800: 3255.281: Total time for which application threads were stopped: 0.0005941 seconds, Stopping threads took: 0.0000513 seconds
2022-05-04T00:13:22.581+0800: 3366.694: Total time for which application threads were stopped: 0.0007552 seconds, Stopping threads took: 0.0000908 seconds
2022-05-04T00:24:23.033+0800: 4027.164: Total time for which application threads were stopped: 0.0016680 seconds, Stopping threads took: 0.0006334 seconds
2022-05-04T00:50:11.663+0800: 4682.097: Total time for which application threads were stopped: 0.0006265 seconds, Stopping threads took: 0.0001454 seconds
2022-05-04T00:51:17.115+0800: 4747.549: Total time for which application threads were stopped: 0.0004501 seconds, Stopping threads took: 0.0000829 seconds
2022-05-04T00:53:04.889+0800: 4855.324: Total time for which application threads were stopped: 0.0007145 seconds, Stopping threads took: 0.0000511 seconds
2022-05-04T00:55:16.788+0800: 4987.225: Total time for which application threads were stopped: 0.0009255 seconds, Stopping threads took: 0.0001033 seconds
2022-05-04T01:12:17.016+0800: 6007.462: Total time for which application threads were stopped: 0.0017522 seconds, Stopping threads took: 0.0002901 seconds
2022-05-04T01:14:17.811+0800: 6128.296: Total time for which application threads were stopped: 0.0009932 seconds, Stopping threads took: 0.0001180 seconds
2022-05-04T01:15:17.197+0800: 6187.694: Total time for which application threads were stopped: 0.0008586 seconds, Stopping threads took: 0.0000888 seconds
2022-05-04T01:19:17.941+0800: 6428.444: Total time for which application threads were stopped: 0.0009400 seconds, Stopping threads took: 0.0001070 seconds
2022-05-04T01:20:17.327+0800: 6487.832: Total time for which application threads were stopped: 0.0007073 seconds, Stopping threads took: 0.0000984 seconds
2022-05-04T01:21:14.740+0800: 6545.246: Total time for which application threads were stopped: 0.0008410 seconds, Stopping threads took: 0.0001133 seconds
2022-05-04T01:21:17.767+0800: 6548.273: Total time for which application threads were stopped: 0.0012041 seconds, Stopping threads took: 0.0000362 seconds
2022-05-04T01:22:15.202+0800: 6605.710: Total time for which application threads were stopped: 0.0008247 seconds, Stopping threads took: 0.0001218 seconds
2022-05-04T01:30:15.554+0800: 7086.075: Total time for which application threads were stopped: 0.0010307 seconds, Stopping threads took: 0.0001090 seconds
2022-05-04T01:32:15.406+0800: 7205.930: Total time for which application threads were stopped: 0.0009245 seconds, Stopping threads took: 0.0000603 seconds
2022-05-04T01:32:17.419+0800: 7207.943: Total time for which application threads were stopped: 0.0004719 seconds, Stopping threads took: 0.0000256 seconds
2022-05-04T01:36:18.096+0800: 7448.627: Total time for which application threads were stopped: 0.0009223 seconds, Stopping threads took: 0.0000998 seconds
2022-05-04T01:42:09.524+0800: 7800.064: Total time for which application threads were stopped: 0.0005031 seconds, Stopping threads took: 0.0000400 seconds
2022-05-04T02:35:54.327+0800: 9455.965: Total time for which application threads were stopped: 0.0031818 seconds, Stopping threads took: 0.0002597 seconds
{Heap before GC invocations=74 (full 1):
 par new generation   total 109248K, used 109248K [0x00000007a0000000, 0x00000007a8000000, 0x00000007a8000000)
  eden space 87424K, 100% used [0x00000007a0000000, 0x00000007a5560000, 0x00000007a5560000)
  from space 21824K, 100% used [0x00000007a5560000, 0x00000007a6ab0000, 0x00000007a6ab0000)
  to   space 21824K,   0% used [0x00000007a6ab0000, 0x00000007a6ab0000, 0x00000007a8000000)
 concurrent mark-sweep generation total 393216K, used 47361K [0x00000007a8000000, 0x00000007c0000000, 0x00000007c0000000)
 Metaspace       used 42510K, capacity 43706K, committed 43908K, reserved 1087488K
  class space    used 5231K, capacity 5509K, committed 5548K, reserved 1048576K
2022-05-04T02:39:27.251+0800: 9668.898: [GC (Allocation Failure) 2022-05-04T02:39:27.252+0800: 9668.898: [ParNew
Desired survivor size 20112992 bytes, new threshold 8 (max 8)
- age   1:    3058560 bytes,    3058560 total
- age   2:    1539824 bytes,    4598384 total
- age   3:     829032 bytes,    5427416 total
- age   4:     821912 bytes,    6249328 total
- age   5:    1231904 bytes,    7481232 total
- age   6:    1773176 bytes,    9254408 total
: 109248K->9385K(109248K), 0.0532348 secs] 156609K->70603K(502464K), 0.0543882 secs] [Times: user=0.10 sys=0.08, real=0.05 secs] 
Heap after GC invocations=75 (full 1):
 par new generation   total 109248K, used 9385K [0x00000007a0000000, 0x00000007a8000000, 0x00000007a8000000)
  eden space 87424K,   0% used [0x00000007a0000000, 0x00000007a0000000, 0x00000007a5560000)
  from space 21824K,  43% used [0x00000007a6ab0000, 0x00000007a73da538, 0x00000007a8000000)
  to   space 21824K,   0% used [0x00000007a5560000, 0x00000007a5560000, 0x00000007a6ab0000)
 concurrent mark-sweep generation total 393216K, used 61217K [0x00000007a8000000, 0x00000007c0000000, 0x00000007c0000000)
 Metaspace       used 42510K, capacity 43706K, committed 43908K, reserved 1087488K
  class space    used 5231K, capacity 5509K, committed 5548K, reserved 1048576K
}
2022-05-04T02:39:27.305+0800: 9668.951: Total time for which application threads were stopped: 0.0592337 seconds, Stopping threads took: 0.0000498 seconds
2022-05-04T02:39:28.317+0800: 9669.963: Total time for which application threads were stopped: 0.0016935 seconds, Stopping threads took: 0.0000835 seconds
2022-05-04T02:50:03.783+0800: 10305.473: Total time for which application threads were stopped: 0.0013307 seconds, Stopping threads took: 0.0000858 seconds
2022-05-04T03:09:28.093+0800: 11469.833: Total time for which application threads were stopped: 0.0013916 seconds, Stopping threads took: 0.0001083 seconds
2022-05-04T03:32:41.126+0800: 11589.704: Total time for which application threads were stopped: 0.0005562 seconds, Stopping threads took: 0.0000378 seconds
2022-05-04T03:38:40.135+0800: 11650.126: Total time for which application threads were stopped: 0.0010096 seconds, Stopping threads took: 0.0000506 seconds
2022-05-04T03:53:32.431+0800: 12542.459: Total time for which application threads were stopped: 0.0038224 seconds, Stopping threads took: 0.0011330 seconds
2022-05-04T04:04:41.201+0800: 13211.258: Total time for which application threads were stopped: 0.0024821 seconds, Stopping threads took: 0.0000540 seconds
2022-05-04T04:05:40.601+0800: 13270.660: Total time for which application threads were stopped: 0.0009461 seconds, Stopping threads took: 0.0000806 seconds
2022-05-04T04:10:40.748+0800: 13570.782: Total time for which application threads were stopped: 0.0009787 seconds, Stopping threads took: 0.0000894 seconds
2022-05-04T04:14:41.436+0800: 13811.476: Total time for which application threads were stopped: 0.0013478 seconds, Stopping threads took: 0.0001156 seconds
2022-05-04T04:15:32.747+0800: 13862.790: Total time for which application threads were stopped: 0.0004984 seconds, Stopping threads took: 0.0000313 seconds
2022-05-04T04:18:41.117+0800: 14051.165: Total time for which application threads were stopped: 0.0011907 seconds, Stopping threads took: 0.0000865 seconds
2022-05-04T04:21:41.382+0800: 14231.435: Total time for which application threads were stopped: 0.0015313 seconds, Stopping threads took: 0.0001913 seconds
2022-05-04T04:25:41.052+0800: 14471.112: Total time for which application threads were stopped: 0.0009025 seconds, Stopping threads took: 0.0000553 seconds
2022-05-04T04:29:41.645+0800: 14711.713: Total time for which application threads were stopped: 0.0010796 seconds, Stopping threads took: 0.0000475 seconds
2022-05-04T04:38:41.413+0800: 15251.475: Total time for which application threads were stopped: 0.0012429 seconds, Stopping threads took: 0.0000545 seconds
2022-05-04T04:55:04.106+0800: 15311.912: Total time for which application threads were stopped: 0.0011002 seconds, Stopping threads took: 0.0000450 seconds
2022-05-04T04:57:03.880+0800: 15431.695: Total time for which application threads were stopped: 0.0015231 seconds, Stopping threads took: 0.0001127 seconds
2022-05-04T05:06:38.923+0800: 16006.757: Total time for which application threads were stopped: 0.0034675 seconds, Stopping threads took: 0.0001904 seconds
2022-05-04T05:23:04.923+0800: 16992.790: Total time for which application threads were stopped: 0.0016117 seconds, Stopping threads took: 0.0002115 seconds
2022-05-04T05:44:04.718+0800: 18252.605: Total time for which application threads were stopped: 0.0014495 seconds, Stopping threads took: 0.0001133 seconds
2022-05-04T06:03:02.856+0800: 18946.534: Total time for which application threads were stopped: 0.0024230 seconds, Stopping threads took: 0.0002267 seconds
2022-05-04T06:03:03.862+0800: 18947.540: Total time for which application threads were stopped: 0.0012073 seconds, Stopping threads took: 0.0000382 seconds
2022-05-04T06:05:04.267+0800: 19067.961: Total time for which application threads were stopped: 0.0011468 seconds, Stopping threads took: 0.0001201 seconds
2022-05-04T06:05:23.327+0800: 19087.022: Total time for which application threads were stopped: 0.0007164 seconds, Stopping threads took: 0.0000271 seconds
2022-05-04T06:05:50.430+0800: 19114.125: Total time for which application threads were stopped: 0.0015542 seconds, Stopping threads took: 0.0002724 seconds
2022-05-04T06:06:01.471+0800: 19125.167: Total time for which application threads were stopped: 0.0009049 seconds, Stopping threads took: 0.0000432 seconds
2022-05-04T06:06:28.568+0800: 19152.265: Total time for which application threads were stopped: 0.0016050 seconds, Stopping threads took: 0.0000463 seconds
2022-05-04T06:06:31.344+0800: 19155.041: Total time for which application threads were stopped: 0.0007039 seconds, Stopping threads took: 0.0001206 seconds
2022-05-04T06:06:31.344+0800: 19155.042: Total time for which application threads were stopped: 0.0001867 seconds, Stopping threads took: 0.0000810 seconds
2022-05-04T06:06:31.360+0800: 19155.057: Total time for which application threads were stopped: 0.0008529 seconds, Stopping threads took: 0.0004177 seconds
2022-05-04T06:06:31.362+0800: 19155.060: Total time for which application threads were stopped: 0.0021502 seconds, Stopping threads took: 0.0018544 seconds
2022-05-04T06:06:31.363+0800: 19155.060: Total time for which application threads were stopped: 0.0004416 seconds, Stopping threads took: 0.0003119 seconds
2022-05-04T06:06:31.363+0800: 19155.060: Total time for which application threads were stopped: 0.0004146 seconds, Stopping threads took: 0.0002657 seconds
2022-05-04T06:06:31.384+0800: 19155.082: Total time for which application threads were stopped: 0.0003882 seconds, Stopping threads took: 0.0000195 seconds
2022-05-04T06:06:31.385+0800: 19155.082: Total time for which application threads were stopped: 0.0000745 seconds, Stopping threads took: 0.0000096 seconds
2022-05-04T06:06:31.385+0800: 19155.082: Total time for which application threads were stopped: 0.0000899 seconds, Stopping threads took: 0.0000266 seconds
2022-05-04T06:06:31.385+0800: 19155.083: Total time for which application threads were stopped: 0.0000849 seconds, Stopping threads took: 0.0000122 seconds
2022-05-04T06:06:31.386+0800: 19155.083: Total time for which application threads were stopped: 0.0001470 seconds, Stopping threads took: 0.0000069 seconds
2022-05-04T06:06:31.396+0800: 19155.093: Total time for which application threads were stopped: 0.0004525 seconds, Stopping threads took: 0.0003209 seconds
2022-05-04T06:06:31.397+0800: 19155.094: Total time for which application threads were stopped: 0.0001273 seconds, Stopping threads took: 0.0000627 seconds
2022-05-04T06:06:31.406+0800: 19155.103: Total time for which application threads were stopped: 0.0003033 seconds, Stopping threads took: 0.0000949 seconds
2022-05-04T06:06:31.406+0800: 19155.103: Total time for which application threads were stopped: 0.0002155 seconds, Stopping threads took: 0.0001566 seconds
2022-05-04T06:06:32.784+0800: 19156.481: Total time for which application threads were stopped: 0.0007173 seconds, Stopping threads took: 0.0001026 seconds
2022-05-04T06:06:32.787+0800: 19156.484: Total time for which application threads were stopped: 0.0005021 seconds, Stopping threads took: 0.0001558 seconds
2022-05-04T06:06:32.787+0800: 19156.485: Total time for which application threads were stopped: 0.0001516 seconds, Stopping threads took: 0.0000303 seconds
2022-05-04T06:06:32.788+0800: 19156.486: Total time for which application threads were stopped: 0.0004402 seconds, Stopping threads took: 0.0000876 seconds
2022-05-04T06:06:32.791+0800: 19156.488: Total time for which application threads were stopped: 0.0002904 seconds, Stopping threads took: 0.0001581 seconds
2022-05-04T06:06:32.793+0800: 19156.490: Total time for which application threads were stopped: 0.0007086 seconds, Stopping threads took: 0.0003665 seconds
2022-05-04T06:06:32.796+0800: 19156.493: Total time for which application threads were stopped: 0.0002410 seconds, Stopping threads took: 0.0000168 seconds
2022-05-04T06:06:32.797+0800: 19156.494: Total time for which application threads were stopped: 0.0000796 seconds, Stopping threads took: 0.0000046 seconds
2022-05-04T06:06:32.798+0800: 19156.495: Total time for which application threads were stopped: 0.0000763 seconds, Stopping threads took: 0.0000042 seconds
2022-05-04T06:06:32.798+0800: 19156.496: Total time for which application threads were stopped: 0.0000750 seconds, Stopping threads took: 0.0000052 seconds
2022-05-04T06:06:32.799+0800: 19156.496: Total time for which application threads were stopped: 0.0000688 seconds, Stopping threads took: 0.0000038 seconds
2022-05-04T06:06:32.807+0800: 19156.505: Total time for which application threads were stopped: 0.0002890 seconds, Stopping threads took: 0.0000979 seconds
2022-05-04T06:06:32.808+0800: 19156.505: Total time for which application threads were stopped: 0.0000362 seconds, Stopping threads took: 0.0000048 seconds
2022-05-04T06:06:32.815+0800: 19156.513: Total time for which application threads were stopped: 0.0005382 seconds, Stopping threads took: 0.0002504 seconds
2022-05-04T06:06:32.817+0800: 19156.515: Total time for which application threads were stopped: 0.0002574 seconds, Stopping threads took: 0.0000230 seconds
2022-05-04T06:06:32.818+0800: 19156.515: Total time for which application threads were stopped: 0.0001628 seconds, Stopping threads took: 0.0000654 seconds
2022-05-04T06:06:43.856+0800: 19167.554: Total time for which application threads were stopped: 0.0007392 seconds, Stopping threads took: 0.0000417 seconds
2022-05-04T06:07:03.911+0800: 19187.610: Total time for which application threads were stopped: 0.0006036 seconds, Stopping threads took: 0.0000567 seconds
2022-05-04T06:07:06.917+0800: 19190.615: Total time for which application threads were stopped: 0.0011630 seconds, Stopping threads took: 0.0000810 seconds
2022-05-04T06:07:13.940+0800: 19197.639: Total time for which application threads were stopped: 0.0009722 seconds, Stopping threads took: 0.0000640 seconds
2022-05-04T06:07:18.956+0800: 19202.655: Total time for which application threads were stopped: 0.0008789 seconds, Stopping threads took: 0.0000467 seconds
2022-05-04T06:07:32.822+0800: 19216.521: Total time for which application threads were stopped: 0.0007052 seconds, Stopping threads took: 0.0000319 seconds
2022-05-04T06:08:16.978+0800: 19260.679: Total time for which application threads were stopped: 0.0009601 seconds, Stopping threads took: 0.0000797 seconds
2022-05-04T06:09:26.556+0800: 19330.260: Total time for which application threads were stopped: 0.0020879 seconds, Stopping threads took: 0.0005919 seconds
2022-05-04T06:10:40.814+0800: 19404.520: Total time for which application threads were stopped: 0.0018072 seconds, Stopping threads took: 0.0000870 seconds
2022-05-04T06:11:03.900+0800: 19427.607: Total time for which application threads were stopped: 0.0004728 seconds, Stopping threads took: 0.0000361 seconds
2022-05-04T06:11:05.906+0800: 19429.613: Total time for which application threads were stopped: 0.0007568 seconds, Stopping threads took: 0.0000383 seconds
2022-05-04T06:11:09.924+0800: 19433.632: Total time for which application threads were stopped: 0.0007883 seconds, Stopping threads took: 0.0000468 seconds
2022-05-04T06:11:10.927+0800: 19434.635: Total time for which application threads were stopped: 0.0008062 seconds, Stopping threads took: 0.0000523 seconds
2022-05-04T06:11:16.948+0800: 19440.655: Total time for which application threads were stopped: 0.0008249 seconds, Stopping threads took: 0.0000479 seconds
2022-05-04T06:11:26.987+0800: 19450.695: Total time for which application threads were stopped: 0.0024963 seconds, Stopping threads took: 0.0000427 seconds
2022-05-04T06:13:21.374+0800: 19565.086: Total time for which application threads were stopped: 0.0052637 seconds, Stopping threads took: 0.0002817 seconds
{Heap before GC invocations=75 (full 1):
 par new generation   total 109248K, used 96809K [0x00000007a0000000, 0x00000007a8000000, 0x00000007a8000000)
  eden space 87424K, 100% used [0x00000007a0000000, 0x00000007a5560000, 0x00000007a5560000)
  from space 21824K,  43% used [0x00000007a6ab0000, 0x00000007a73da538, 0x00000007a8000000)
  to   space 21824K,   0% used [0x00000007a5560000, 0x00000007a5560000, 0x00000007a6ab0000)
 concurrent mark-sweep generation total 393216K, used 61217K [0x00000007a8000000, 0x00000007c0000000, 0x00000007c0000000)
 Metaspace       used 42796K, capacity 43982K, committed 44164K, reserved 1087488K
  class space    used 5238K, capacity 5521K, committed 5548K, reserved 1048576K
2022-05-04T06:26:29.426+0800: 20353.167: [GC (Allocation Failure) 2022-05-04T06:26:29.427+0800: 20353.168: [ParNew
Desired survivor size 20112992 bytes, new threshold 8 (max 8)
- age   1:     121096 bytes,     121096 total
- age   2:    2487448 bytes,    2608544 total
- age   3:    1481392 bytes,    4089936 total
- age   4:     829032 bytes,    4918968 total
- age   5:     821912 bytes,    5740880 total
- age   6:    1231904 bytes,    6972784 total
- age   7:    1773176 bytes,    8745960 total
: 96809K->8385K(109248K), 0.0571075 secs] 158027K->69602K(502464K), 0.0587442 secs] [Times: user=0.06 sys=0.07, real=0.06 secs] 
Heap after GC invocations=76 (full 1):
 par new generation   total 109248K, used 8385K [0x00000007a0000000, 0x00000007a8000000, 0x00000007a8000000)
  eden space 87424K,   0% used [0x00000007a0000000, 0x00000007a0000000, 0x00000007a5560000)
  from space 21824K,  38% used [0x00000007a5560000, 0x00000007a5d90410, 0x00000007a6ab0000)
  to   space 21824K,   0% used [0x00000007a6ab0000, 0x00000007a6ab0000, 0x00000007a8000000)
 concurrent mark-sweep generation total 393216K, used 61217K [0x00000007a8000000, 0x00000007c0000000, 0x00000007c0000000)
 Metaspace       used 42796K, capacity 43982K, committed 44164K, reserved 1087488K
  class space    used 5238K, capacity 5521K, committed 5548K, reserved 1048576K
}
2022-05-04T06:26:29.485+0800: 20353.225: Total time for which application threads were stopped: 0.0643535 seconds, Stopping threads took: 0.0003152 seconds
2022-05-04T06:42:09.155+0800: 21292.931: Total time for which application threads were stopped: 0.0017982 seconds, Stopping threads took: 0.0000915 seconds
2022-05-04T06:42:10.161+0800: 21293.937: Total time for which application threads were stopped: 0.0010217 seconds, Stopping threads took: 0.0000399 seconds
2022-05-04T06:42:18.503+0800: 21302.279: Total time for which application threads were stopped: 0.0005585 seconds, Stopping threads took: 0.0000275 seconds
2022-05-04T06:42:18.512+0800: 21302.288: Total time for which application threads were stopped: 0.0001824 seconds, Stopping threads took: 0.0000373 seconds
2022-05-04T06:42:18.517+0800: 21302.293: Total time for which application threads were stopped: 0.0001223 seconds, Stopping threads took: 0.0000174 seconds
2022-05-04T06:42:19.522+0800: 21303.299: Total time for which application threads were stopped: 0.0006270 seconds, Stopping threads took: 0.0000396 seconds
2022-05-04T06:46:30.404+0800: 21554.189: Total time for which application threads were stopped: 0.0005398 seconds, Stopping threads took: 0.0000396 seconds
2022-05-04T06:47:02.524+0800: 21586.311: Total time for which application threads were stopped: 0.0009942 seconds, Stopping threads took: 0.0000383 seconds
2022-05-04T06:47:54.721+0800: 21638.510: Total time for which application threads were stopped: 0.0024886 seconds, Stopping threads took: 0.0001866 seconds
2022-05-04T06:48:26.692+0800: 21670.481: Total time for which application threads were stopped: 0.0005810 seconds, Stopping threads took: 0.0000375 seconds
2022-05-04T06:59:19.015+0800: 22322.828: Total time for which application threads were stopped: 0.0024760 seconds, Stopping threads took: 0.0001783 seconds
2022-05-04T07:00:30.269+0800: 22394.085: Total time for which application threads were stopped: 0.0016002 seconds, Stopping threads took: 0.0000580 seconds
2022-05-04T07:02:31.756+0800: 22515.512: Total time for which application threads were stopped: 0.0015035 seconds, Stopping threads took: 0.0000481 seconds
2022-05-04T07:02:51.837+0800: 22535.593: Total time for which application threads were stopped: 0.0016109 seconds, Stopping threads took: 0.0001100 seconds
2022-05-04T07:06:23.637+0800: 22747.397: Total time for which application threads were stopped: 0.0025850 seconds, Stopping threads took: 0.0001916 seconds
2022-05-04T07:06:34.681+0800: 22758.442: Total time for which application threads were stopped: 0.0019723 seconds, Stopping threads took: 0.0001022 seconds
2022-05-04T07:11:30.756+0800: 23054.521: Total time for which application threads were stopped: 0.0029569 seconds, Stopping threads took: 0.0003020 seconds
2022-05-04T07:12:30.965+0800: 23114.731: Total time for which application threads were stopped: 0.0014305 seconds, Stopping threads took: 0.0002257 seconds
2022-05-04T07:15:35.669+0800: 23299.439: Total time for which application threads were stopped: 0.0029052 seconds, Stopping threads took: 0.0002905 seconds
2022-05-04T07:17:47.579+0800: 23431.352: Total time for which application threads were stopped: 0.0014745 seconds, Stopping threads took: 0.0000878 seconds
2022-05-04T07:17:48.585+0800: 23432.358: Total time for which application threads were stopped: 0.0009675 seconds, Stopping threads took: 0.0000356 seconds
2022-05-04T07:17:50.598+0800: 23434.371: Total time for which application threads were stopped: 0.0013661 seconds, Stopping threads took: 0.0000508 seconds
2022-05-04T07:17:56.619+0800: 23440.391: Total time for which application threads were stopped: 0.0004641 seconds, Stopping threads took: 0.0000378 seconds
2022-05-04T07:17:57.620+0800: 23441.392: Total time for which application threads were stopped: 0.0007308 seconds, Stopping threads took: 0.0000345 seconds
2022-05-04T07:17:58.623+0800: 23442.396: Total time for which application threads were stopped: 0.0004044 seconds, Stopping threads took: 0.0000354 seconds
2022-05-04T07:18:01.635+0800: 23445.408: Total time for which application threads were stopped: 0.0010390 seconds, Stopping threads took: 0.0000448 seconds
2022-05-04T07:18:09.669+0800: 23453.442: Total time for which application threads were stopped: 0.0010318 seconds, Stopping threads took: 0.0000469 seconds
2022-05-04T07:18:22.714+0800: 23466.487: Total time for which application threads were stopped: 0.0015786 seconds, Stopping threads took: 0.0000485 seconds
2022-05-04T07:20:25.171+0800: 23588.946: Total time for which application threads were stopped: 0.0018790 seconds, Stopping threads took: 0.0001802 seconds
2022-05-04T07:20:31.277+0800: 23595.052: Total time for which application threads were stopped: 0.0006955 seconds, Stopping threads took: 0.0000123 seconds
2022-05-04T08:08:11.244+0800: 25561.653: Total time for which application threads were stopped: 0.0026777 seconds, Stopping threads took: 0.0003414 seconds
2022-05-04T08:08:17.293+0800: 25567.702: Total time for which application threads were stopped: 0.0009110 seconds, Stopping threads took: 0.0000395 seconds
2022-05-04T08:51:17.035+0800: 28147.529: Total time for which application threads were stopped: 0.0056758 seconds, Stopping threads took: 0.0004437 seconds
2022-05-04T08:51:21.053+0800: 28151.548: Total time for which application threads were stopped: 0.0012790 seconds, Stopping threads took: 0.0000470 seconds
2022-05-04T08:51:26.076+0800: 28156.570: Total time for which application threads were stopped: 0.0019723 seconds, Stopping threads took: 0.0000703 seconds
2022-05-04T08:51:29.090+0800: 28159.584: Total time for which application threads were stopped: 0.0009997 seconds, Stopping threads took: 0.0000417 seconds
2022-05-04T08:51:45.159+0800: 28175.655: Total time for which application threads were stopped: 0.0029054 seconds, Stopping threads took: 0.0006351 seconds
2022-05-04T08:51:49.173+0800: 28179.669: Total time for which application threads were stopped: 0.0014185 seconds, Stopping threads took: 0.0000775 seconds
2022-05-04T08:51:50.178+0800: 28180.673: Total time for which application threads were stopped: 0.0012719 seconds, Stopping threads took: 0.0000915 seconds
2022-05-04T08:51:56.200+0800: 28186.696: Total time for which application threads were stopped: 0.0004205 seconds, Stopping threads took: 0.0000266 seconds
2022-05-04T08:52:00.218+0800: 28190.714: Total time for which application threads were stopped: 0.0012312 seconds, Stopping threads took: 0.0000825 seconds
2022-05-04T08:52:01.224+0800: 28191.720: Total time for which application threads were stopped: 0.0009871 seconds, Stopping threads took: 0.0000871 seconds
2022-05-04T08:52:02.228+0800: 28192.724: Total time for which application threads were stopped: 0.0012930 seconds, Stopping threads took: 0.0000766 seconds
2022-05-04T08:52:12.910+0800: 28203.406: Total time for which application threads were stopped: 0.0007220 seconds, Stopping threads took: 0.0000177 seconds
2022-05-04T08:52:12.922+0800: 28203.418: Total time for which application threads were stopped: 0.0000730 seconds, Stopping threads took: 0.0000144 seconds
2022-05-04T08:52:12.960+0800: 28203.456: Total time for which application threads were stopped: 0.0012545 seconds, Stopping threads took: 0.0000267 seconds
2022-05-04T08:52:12.965+0800: 28203.461: Total time for which application threads were stopped: 0.0008406 seconds, Stopping threads took: 0.0000098 seconds
2022-05-04T08:52:12.971+0800: 28203.466: Total time for which application threads were stopped: 0.0010884 seconds, Stopping threads took: 0.0000128 seconds
2022-05-04T08:52:13.978+0800: 28204.474: Total time for which application threads were stopped: 0.0022597 seconds, Stopping threads took: 0.0000888 seconds
2022-05-04T08:52:26.010+0800: 28216.507: Total time for which application threads were stopped: 0.0011430 seconds, Stopping threads took: 0.0000915 seconds
2022-05-04T08:52:31.020+0800: 28221.516: Total time for which application threads were stopped: 0.0007150 seconds, Stopping threads took: 0.0000397 seconds
2022-05-04T08:52:51.082+0800: 28241.579: Total time for which application threads were stopped: 0.0017091 seconds, Stopping threads took: 0.0003320 seconds
2022-05-04T08:52:55.102+0800: 28245.599: Total time for which application threads were stopped: 0.0008307 seconds, Stopping threads took: 0.0000407 seconds
2022-05-04T08:52:59.120+0800: 28249.617: Total time for which application threads were stopped: 0.0018652 seconds, Stopping threads took: 0.0000751 seconds
2022-05-04T08:53:58.308+0800: 28308.806: Total time for which application threads were stopped: 0.0014364 seconds, Stopping threads took: 0.0002290 seconds
2022-05-04T08:55:43.643+0800: 28414.145: Total time for which application threads were stopped: 0.0033816 seconds, Stopping threads took: 0.0002260 seconds
2022-05-04T08:55:49.669+0800: 28420.170: Total time for which application threads were stopped: 0.0011681 seconds, Stopping threads took: 0.0000436 seconds
2022-05-04T08:55:50.671+0800: 28421.172: Total time for which application threads were stopped: 0.0013381 seconds, Stopping threads took: 0.0000442 seconds
2022-05-04T08:55:54.684+0800: 28425.186: Total time for which application threads were stopped: 0.0005533 seconds, Stopping threads took: 0.0000349 seconds
2022-05-04T08:55:56.696+0800: 28427.198: Total time for which application threads were stopped: 0.0014962 seconds, Stopping threads took: 0.0000532 seconds
2022-05-04T08:57:06.934+0800: 28497.437: Total time for which application threads were stopped: 0.0019542 seconds, Stopping threads took: 0.0002814 seconds
2022-05-04T08:57:08.941+0800: 28499.445: Total time for which application threads were stopped: 0.0010067 seconds, Stopping threads took: 0.0000450 seconds
2022-05-04T08:57:28.002+0800: 28518.506: Total time for which application threads were stopped: 0.0024808 seconds, Stopping threads took: 0.0002789 seconds
2022-05-04T08:57:29.006+0800: 28519.510: Total time for which application threads were stopped: 0.0005096 seconds, Stopping threads took: 0.0000277 seconds
2022-05-04T08:58:00.552+0800: 28551.058: Total time for which application threads were stopped: 0.0014105 seconds, Stopping threads took: 0.0001889 seconds
2022-05-04T08:58:01.560+0800: 28552.066: Total time for which application threads were stopped: 0.0032763 seconds, Stopping threads took: 0.0002578 seconds
2022-05-04T08:58:06.580+0800: 28557.085: Total time for which application threads were stopped: 0.0016093 seconds, Stopping threads took: 0.0001214 seconds
2022-05-04T08:58:08.591+0800: 28559.097: Total time for which application threads were stopped: 0.0016107 seconds, Stopping threads took: 0.0000484 seconds
2022-05-04T08:58:16.618+0800: 28567.124: Total time for which application threads were stopped: 0.0055578 seconds, Stopping threads took: 0.0005290 seconds
2022-05-04T08:58:23.644+0800: 28574.148: Total time for which application threads were stopped: 0.0016948 seconds, Stopping threads took: 0.0001973 seconds
2022-05-04T08:58:26.660+0800: 28577.164: Total time for which application threads were stopped: 0.0019992 seconds, Stopping threads took: 0.0002423 seconds
2022-05-04T08:58:29.675+0800: 28580.178: Total time for which application threads were stopped: 0.0015751 seconds, Stopping threads took: 0.0000915 seconds
2022-05-04T08:58:37.711+0800: 28588.213: Total time for which application threads were stopped: 0.0024892 seconds, Stopping threads took: 0.0001513 seconds
2022-05-04T08:58:48.755+0800: 28599.258: Total time for which application threads were stopped: 0.0039037 seconds, Stopping threads took: 0.0002231 seconds
2022-05-04T09:00:02.013+0800: 28672.517: Total time for which application threads were stopped: 0.0028090 seconds, Stopping threads took: 0.0003794 seconds
2022-05-04T09:00:05.018+0800: 28675.522: Total time for which application threads were stopped: 0.0011007 seconds, Stopping threads took: 0.0000462 seconds
2022-05-04T09:00:06.024+0800: 28676.528: Total time for which application threads were stopped: 0.0014349 seconds, Stopping threads took: 0.0000478 seconds
2022-05-04T09:00:07.031+0800: 28677.535: Total time for which application threads were stopped: 0.0018365 seconds, Stopping threads took: 0.0000616 seconds
2022-05-04T09:00:08.034+0800: 28678.538: Total time for which application threads were stopped: 0.0018255 seconds, Stopping threads took: 0.0000479 seconds
2022-05-04T09:00:09.039+0800: 28679.543: Total time for which application threads were stopped: 0.0007629 seconds, Stopping threads took: 0.0000314 seconds
2022-05-04T09:00:18.067+0800: 28688.572: Total time for which application threads were stopped: 0.0025490 seconds, Stopping threads took: 0.0001628 seconds
2022-05-04T09:00:26.088+0800: 28696.592: Total time for which application threads were stopped: 0.0009603 seconds, Stopping threads took: 0.0000960 seconds
2022-05-04T09:00:41.139+0800: 28711.644: Total time for which application threads were stopped: 0.0028588 seconds, Stopping threads took: 0.0003290 seconds
2022-05-04T09:00:42.145+0800: 28712.650: Total time for which application threads were stopped: 0.0013881 seconds, Stopping threads took: 0.0000482 seconds
2022-05-04T09:00:46.159+0800: 28716.664: Total time for which application threads were stopped: 0.0010586 seconds, Stopping threads took: 0.0000460 seconds
2022-05-04T09:00:47.162+0800: 28717.667: Total time for which application threads were stopped: 0.0008507 seconds, Stopping threads took: 0.0000458 seconds
2022-05-04T09:01:08.233+0800: 28738.739: Total time for which application threads were stopped: 0.0018751 seconds, Stopping threads took: 0.0001097 seconds
2022-05-04T09:01:26.296+0800: 28756.802: Total time for which application threads were stopped: 0.0027071 seconds, Stopping threads took: 0.0004123 seconds
{Heap before GC invocations=76 (full 1):
 par new generation   total 109248K, used 95809K [0x00000007a0000000, 0x00000007a8000000, 0x00000007a8000000)
  eden space 87424K, 100% used [0x00000007a0000000, 0x00000007a5560000, 0x00000007a5560000)
  from space 21824K,  38% used [0x00000007a5560000, 0x00000007a5d90410, 0x00000007a6ab0000)
  to   space 21824K,   0% used [0x00000007a6ab0000, 0x00000007a6ab0000, 0x00000007a8000000)
 concurrent mark-sweep generation total 393216K, used 61217K [0x00000007a8000000, 0x00000007c0000000, 0x00000007c0000000)
 Metaspace       used 43534K, capacity 44726K, committed 45060K, reserved 1089536K
  class space    used 5278K, capacity 5557K, committed 5676K, reserved 1048576K
2022-05-04T09:02:43.592+0800: 28834.101: [GC (Allocation Failure) 2022-05-04T09:02:43.594+0800: 28834.102: [ParNew
Desired survivor size 20112992 bytes, new threshold 8 (max 8)
- age   1:    1603928 bytes,    1603928 total
- age   2:      48480 bytes,    1652408 total
- age   3:    2486648 bytes,    4139056 total
- age   4:    1479440 bytes,    5618496 total
- age   5:     829032 bytes,    6447528 total
- age   6:     821912 bytes,    7269440 total
- age   7:    1166336 bytes,    8435776 total
- age   8:    1183064 bytes,    9618840 total
: 95809K->11845K(109248K), 0.0364613 secs] 157026K->73062K(502464K), 0.0379558 secs] [Times: user=0.06 sys=0.05, real=0.04 secs] 
Heap after GC invocations=77 (full 1):
 par new generation   total 109248K, used 11845K [0x00000007a0000000, 0x00000007a8000000, 0x00000007a8000000)
  eden space 87424K,   0% used [0x00000007a0000000, 0x00000007a0000000, 0x00000007a5560000)
  from space 21824K,  54% used [0x00000007a6ab0000, 0x00000007a7641470, 0x00000007a8000000)
  to   space 21824K,   0% used [0x00000007a5560000, 0x00000007a5560000, 0x00000007a6ab0000)
 concurrent mark-sweep generation total 393216K, used 61217K [0x00000007a8000000, 0x00000007c0000000, 0x00000007c0000000)
 Metaspace       used 43534K, capacity 44726K, committed 45060K, reserved 1089536K
  class space    used 5278K, capacity 5557K, committed 5676K, reserved 1048576K
}
2022-05-04T09:02:43.630+0800: 28834.138: Total time for which application threads were stopped: 0.0425021 seconds, Stopping threads took: 0.0005899 seconds
2022-05-04T09:02:44.637+0800: 28835.145: Total time for which application threads were stopped: 0.0012583 seconds, Stopping threads took: 0.0000411 seconds
2022-05-04T09:02:45.639+0800: 28836.147: Total time for which application threads were stopped: 0.0020945 seconds, Stopping threads took: 0.0000395 seconds
2022-05-04T09:03:47.974+0800: 28898.483: Total time for which application threads were stopped: 0.0010146 seconds, Stopping threads took: 0.0001000 seconds
2022-05-04T09:03:57.008+0800: 28907.518: Total time for which application threads were stopped: 0.0019224 seconds, Stopping threads took: 0.0000690 seconds
2022-05-04T09:04:01.025+0800: 28911.535: Total time for which application threads were stopped: 0.0011364 seconds, Stopping threads took: 0.0000394 seconds
2022-05-04T09:04:13.057+0800: 28923.568: Total time for which application threads were stopped: 0.0021943 seconds, Stopping threads took: 0.0001094 seconds
2022-05-04T09:04:26.112+0800: 28936.623: Total time for which application threads were stopped: 0.0031920 seconds, Stopping threads took: 0.0003048 seconds
2022-05-04T09:04:29.129+0800: 28939.640: Total time for which application threads were stopped: 0.0026948 seconds, Stopping threads took: 0.0001112 seconds
2022-05-04T09:04:47.177+0800: 28957.688: Total time for which application threads were stopped: 0.0020754 seconds, Stopping threads took: 0.0000617 seconds
2022-05-04T09:04:48.182+0800: 28958.693: Total time for which application threads were stopped: 0.0010281 seconds, Stopping threads took: 0.0000342 seconds
2022-05-04T09:05:13.262+0800: 28983.774: Total time for which application threads were stopped: 0.0017940 seconds, Stopping threads took: 0.0001270 seconds
2022-05-04T09:05:14.267+0800: 28984.779: Total time for which application threads were stopped: 0.0015523 seconds, Stopping threads took: 0.0000972 seconds
2022-05-04T09:05:19.287+0800: 28989.799: Total time for which application threads were stopped: 0.0019869 seconds, Stopping threads took: 0.0000502 seconds
2022-05-04T09:05:20.292+0800: 28990.804: Total time for which application threads were stopped: 0.0017421 seconds, Stopping threads took: 0.0000915 seconds
2022-05-04T09:26:27.361+0800: 30257.907: Total time for which application threads were stopped: 0.0065639 seconds, Stopping threads took: 0.0004061 seconds
2022-05-04T09:34:26.862+0800: 30737.378: Total time for which application threads were stopped: 0.0018250 seconds, Stopping threads took: 0.0003865 seconds
2022-05-04T10:06:20.934+0800: 31758.439: Total time for which application threads were stopped: 0.0026796 seconds, Stopping threads took: 0.0003814 seconds
2022-05-04T10:13:20.853+0800: 32178.371: Total time for which application threads were stopped: 0.0012879 seconds, Stopping threads took: 0.0001102 seconds
2022-05-04T10:44:40.981+0800: 34058.547: Total time for which application threads were stopped: 0.0021814 seconds, Stopping threads took: 0.0002659 seconds
2022-05-04T10:45:31.337+0800: 34108.904: Total time for which application threads were stopped: 0.0015155 seconds, Stopping threads took: 0.0000997 seconds
{Heap before GC invocations=77 (full 1):
 par new generation   total 109248K, used 99269K [0x00000007a0000000, 0x00000007a8000000, 0x00000007a8000000)
  eden space 87424K, 100% used [0x00000007a0000000, 0x00000007a5560000, 0x00000007a5560000)
  from space 21824K,  54% used [0x00000007a6ab0000, 0x00000007a7641470, 0x00000007a8000000)
  to   space 21824K,   0% used [0x00000007a5560000, 0x00000007a5560000, 0x00000007a6ab0000)
 concurrent mark-sweep generation total 393216K, used 61217K [0x00000007a8000000, 0x00000007c0000000, 0x00000007c0000000)
 Metaspace       used 43649K, capacity 44854K, committed 45060K, reserved 1089536K
  class space    used 5278K, capacity 5557K, committed 5676K, reserved 1048576K
2022-05-04T12:58:31.335+0800: 40160.667: [GC (Allocation Failure) 2022-05-04T12:58:31.336+0800: 40160.668: [ParNew
Desired survivor size 20112992 bytes, new threshold 8 (max 8)
- age   1:     554184 bytes,     554184 total
- age   2:    1358424 bytes,    1912608 total
- age   3:      48400 bytes,    1961008 total
- age   4:    2486648 bytes,    4447656 total
- age   5:    1479296 bytes,    5926952 total
- age   6:     829032 bytes,    6755984 total
- age   7:     821912 bytes,    7577896 total
- age   8:    1231904 bytes,    8809800 total
: 99269K->10250K(109248K), 0.0977983 secs] 160486K->72335K(502464K), 0.0998494 secs] [Times: user=0.16 sys=0.07, real=0.10 secs] 
Heap after GC invocations=78 (full 1):
 par new generation   total 109248K, used 10250K [0x00000007a0000000, 0x00000007a8000000, 0x00000007a8000000)
  eden space 87424K,   0% used [0x00000007a0000000, 0x00000007a0000000, 0x00000007a5560000)
  from space 21824K,  46% used [0x00000007a5560000, 0x00000007a5f62ad0, 0x00000007a6ab0000)
  to   space 21824K,   0% used [0x00000007a6ab0000, 0x00000007a6ab0000, 0x00000007a8000000)
 concurrent mark-sweep generation total 393216K, used 62084K [0x00000007a8000000, 0x00000007c0000000, 0x00000007c0000000)
 Metaspace       used 43649K, capacity 44854K, committed 45060K, reserved 1089536K
  class space    used 5278K, capacity 5557K, committed 5676K, reserved 1048576K
}
2022-05-04T12:58:31.435+0800: 40160.767: Total time for which application threads were stopped: 0.1486568 seconds, Stopping threads took: 0.0063601 seconds
2022-05-04T13:16:17.838+0800: 40340.906: Total time for which application threads were stopped: 0.0022332 seconds, Stopping threads took: 0.0002730 seconds
2022-05-05T17:06:27.798+0800: 46164.006: Total time for which application threads were stopped: 0.0039390 seconds, Stopping threads took: 0.0003458 seconds
2022-05-05T18:34:13.475+0800: 49705.103: Total time for which application threads were stopped: 0.0056911 seconds, Stopping threads took: 0.0003973 seconds
2022-05-05T18:40:13.641+0800: 50065.279: Total time for which application threads were stopped: 0.0023702 seconds, Stopping threads took: 0.0003967 seconds
2022-05-05T19:23:32.378+0800: 50845.959: Total time for which application threads were stopped: 0.0033927 seconds, Stopping threads took: 0.0004004 seconds
{Heap before GC invocations=78 (full 1):
 par new generation   total 109248K, used 97674K [0x00000007a0000000, 0x00000007a8000000, 0x00000007a8000000)
  eden space 87424K, 100% used [0x00000007a0000000, 0x00000007a5560000, 0x00000007a5560000)
  from space 21824K,  46% used [0x00000007a5560000, 0x00000007a5f62ad0, 0x00000007a6ab0000)
  to   space 21824K,   0% used [0x00000007a6ab0000, 0x00000007a6ab0000, 0x00000007a8000000)
 concurrent mark-sweep generation total 393216K, used 62084K [0x00000007a8000000, 0x00000007c0000000, 0x00000007c0000000)
 Metaspace       used 43649K, capacity 44854K, committed 45060K, reserved 1089536K
  class space    used 5278K, capacity 5557K, committed 5676K, reserved 1048576K
2022-05-05T19:59:32.801+0800: 53006.459: [GC (Allocation Failure) 2022-05-05T19:59:32.802+0800: 53006.460: [ParNew
Desired survivor size 20112992 bytes, new threshold 8 (max 8)
- age   1:      17776 bytes,      17776 total
- age   2:     538176 bytes,     555952 total
- age   3:    1358424 bytes,    1914376 total
- age   4:      48400 bytes,    1962776 total
- age   5:    2486648 bytes,    4449424 total
- age   6:    1479296 bytes,    5928720 total
- age   7:     829032 bytes,    6757752 total
- age   8:     821912 bytes,    7579664 total
: 97674K->9374K(109248K), 0.1165115 secs] 159759K->72374K(502464K), 0.1181627 secs] [Times: user=0.10 sys=0.07, real=0.12 secs] 
Heap after GC invocations=79 (full 1):
 par new generation   total 109248K, used 9374K [0x00000007a0000000, 0x00000007a8000000, 0x00000007a8000000)
  eden space 87424K,   0% used [0x00000007a0000000, 0x00000007a0000000, 0x00000007a5560000)
  from space 21824K,  42% used [0x00000007a6ab0000, 0x00000007a73d7a70, 0x00000007a8000000)
  to   space 21824K,   0% used [0x00000007a5560000, 0x00000007a5560000, 0x00000007a6ab0000)
 concurrent mark-sweep generation total 393216K, used 62999K [0x00000007a8000000, 0x00000007c0000000, 0x00000007c0000000)
 Metaspace       used 43649K, capacity 44854K, committed 45060K, reserved 1089536K
  class space    used 5278K, capacity 5557K, committed 5676K, reserved 1048576K
}
2022-05-05T19:59:32.920+0800: 53006.578: Total time for which application threads were stopped: 0.1377669 seconds, Stopping threads took: 0.0003760 seconds
2022-05-05T20:00:33.153+0800: 53066.813: Total time for which application threads were stopped: 0.0025617 seconds, Stopping threads took: 0.0004714 seconds
2022-05-07T10:52:33.772+0800: 64653.308: Total time for which application threads were stopped: 0.0052214 seconds, Stopping threads took: 0.0005656 seconds
{Heap before GC invocations=79 (full 1):
 par new generation   total 109248K, used 96798K [0x00000007a0000000, 0x00000007a8000000, 0x00000007a8000000)
  eden space 87424K, 100% used [0x00000007a0000000, 0x00000007a5560000, 0x00000007a5560000)
  from space 21824K,  42% used [0x00000007a6ab0000, 0x00000007a73d7a70, 0x00000007a8000000)
  to   space 21824K,   0% used [0x00000007a5560000, 0x00000007a5560000, 0x00000007a6ab0000)
 concurrent mark-sweep generation total 393216K, used 62999K [0x00000007a8000000, 0x00000007c0000000, 0x00000007c0000000)
 Metaspace       used 43649K, capacity 44854K, committed 45060K, reserved 1089536K
  class space    used 5278K, capacity 5557K, committed 5676K, reserved 1048576K
2022-05-07T11:29:09.758+0800: 65913.445: [GC (Allocation Failure) 2022-05-07T11:29:09.759+0800: 65913.446: [ParNew
Desired survivor size 20112992 bytes, new threshold 8 (max 8)
- age   1:      30576 bytes,      30576 total
- age   2:       1512 bytes,      32088 total
- age   3:     538176 bytes,     570264 total
- age   4:    1358424 bytes,    1928688 total
- age   5:      48400 bytes,    1977088 total
- age   6:    2486648 bytes,    4463736 total
- age   7:    1479296 bytes,    5943032 total
- age   8:     829032 bytes,    6772064 total
: 96798K->8385K(109248K), 0.0663997 secs] 159798K->72187K(502464K), 0.0711480 secs] [Times: user=0.05 sys=0.04, real=0.07 secs] 
Heap after GC invocations=80 (full 1):
 par new generation   total 109248K, used 8385K [0x00000007a0000000, 0x00000007a8000000, 0x00000007a8000000)
  eden space 87424K,   0% used [0x00000007a0000000, 0x00000007a0000000, 0x00000007a5560000)
  from space 21824K,  38% used [0x00000007a5560000, 0x00000007a5d90468, 0x00000007a6ab0000)
  to   space 21824K,   0% used [0x00000007a6ab0000, 0x00000007a6ab0000, 0x00000007a8000000)
 concurrent mark-sweep generation total 393216K, used 63802K [0x00000007a8000000, 0x00000007c0000000, 0x00000007c0000000)
 Metaspace       used 43649K, capacity 44854K, committed 45060K, reserved 1089536K
  class space    used 5278K, capacity 5557K, committed 5676K, reserved 1048576K
}
2022-05-07T11:29:09.830+0800: 65913.517: Total time for which application threads were stopped: 0.0821703 seconds, Stopping threads took: 0.0005945 seconds
2022-05-07T11:49:59.109+0800: 67162.820: Total time for which application threads were stopped: 0.0162255 seconds, Stopping threads took: 0.0058307 seconds
2022-05-07T11:57:01.835+0800: 67585.553: Total time for which application threads were stopped: 0.0051907 seconds, Stopping threads took: 0.0009493 seconds
2022-05-07T12:11:11.557+0800: 68435.292: Total time for which application threads were stopped: 0.0150018 seconds, Stopping threads took: 0.0033124 seconds
2022-05-07T12:14:59.024+0800: 68662.763: Total time for which application threads were stopped: 0.0087101 seconds, Stopping threads took: 0.0026178 seconds
{Heap before GC invocations=80 (full 1):
 par new generation   total 109248K, used 95809K [0x00000007a0000000, 0x00000007a8000000, 0x00000007a8000000)
  eden space 87424K, 100% used [0x00000007a0000000, 0x00000007a5560000, 0x00000007a5560000)
  from space 21824K,  38% used [0x00000007a5560000, 0x00000007a5d90468, 0x00000007a6ab0000)
  to   space 21824K,   0% used [0x00000007a6ab0000, 0x00000007a6ab0000, 0x00000007a8000000)
 concurrent mark-sweep generation total 393216K, used 63802K [0x00000007a8000000, 0x00000007c0000000, 0x00000007c0000000)
 Metaspace       used 43649K, capacity 44854K, committed 45060K, reserved 1089536K
  class space    used 5278K, capacity 5557K, committed 5676K, reserved 1048576K
2022-05-07T15:35:49.488+0800: 78942.015: [GC (Allocation Failure) 2022-05-07T15:35:49.490+0800: 78942.017: [ParNew
Desired survivor size 20112992 bytes, new threshold 8 (max 8)
- age   1:      10488 bytes,      10488 total
- age   2:       1168 bytes,      11656 total
- age   3:       1512 bytes,      13168 total
- age   4:     538176 bytes,     551344 total
- age   5:    1358424 bytes,    1909768 total
- age   6:      48400 bytes,    1958168 total
- age   7:    2486648 bytes,    4444816 total
- age   8:    1479296 bytes,    5924112 total
: 95809K->7472K(109248K), 0.0582974 secs] 159611K->72084K(502464K), 0.0609728 secs] [Times: user=0.07 sys=0.06, real=0.06 secs] 
Heap after GC invocations=81 (full 1):
 par new generation   total 109248K, used 7472K [0x00000007a0000000, 0x00000007a8000000, 0x00000007a8000000)
  eden space 87424K,   0% used [0x00000007a0000000, 0x00000007a0000000, 0x00000007a5560000)
  from space 21824K,  34% used [0x00000007a6ab0000, 0x00000007a71fc138, 0x00000007a8000000)
  to   space 21824K,   0% used [0x00000007a5560000, 0x00000007a5560000, 0x00000007a6ab0000)
 concurrent mark-sweep generation total 393216K, used 64612K [0x00000007a8000000, 0x00000007c0000000, 0x00000007c0000000)
 Metaspace       used 43649K, capacity 44854K, committed 45060K, reserved 1089536K
  class space    used 5278K, capacity 5557K, committed 5676K, reserved 1048576K
}
2022-05-07T15:35:49.549+0800: 78942.076: Total time for which application threads were stopped: 0.0731030 seconds, Stopping threads took: 0.0012185 seconds
2022-05-07T16:04:51.427+0800: 80683.998: Total time for which application threads were stopped: 0.0074216 seconds, Stopping threads took: 0.0049811 seconds
2022-05-07T16:46:52.574+0800: 83205.213: Total time for which application threads were stopped: 0.0023071 seconds, Stopping threads took: 0.0002592 seconds
2022-05-07T17:03:53.501+0800: 84226.194: Total time for which application threads were stopped: 0.0039853 seconds, Stopping threads took: 0.0005138 seconds
2022-05-07T18:34:57.933+0800: 89690.716: Total time for which application threads were stopped: 0.0015522 seconds, Stopping threads took: 0.0002514 seconds
2022-05-07T18:47:10.740+0800: 90423.558: Total time for which application threads were stopped: 0.0076098 seconds, Stopping threads took: 0.0041406 seconds
2022-05-07T18:57:47.961+0800: 91060.795: Total time for which application threads were stopped: 0.0036970 seconds, Stopping threads took: 0.0005601 seconds
{Heap before GC invocations=81 (full 1):
 par new generation   total 109248K, used 94896K [0x00000007a0000000, 0x00000007a8000000, 0x00000007a8000000)
  eden space 87424K, 100% used [0x00000007a0000000, 0x00000007a5560000, 0x00000007a5560000)
  from space 21824K,  34% used [0x00000007a6ab0000, 0x00000007a71fc138, 0x00000007a8000000)
  to   space 21824K,   0% used [0x00000007a5560000, 0x00000007a5560000, 0x00000007a6ab0000)
 concurrent mark-sweep generation total 393216K, used 64612K [0x00000007a8000000, 0x00000007c0000000, 0x00000007c0000000)
 Metaspace       used 43653K, capacity 44854K, committed 45060K, reserved 1089536K
  class space    used 5278K, capacity 5557K, committed 5676K, reserved 1048576K
2022-05-07T19:12:59.053+0800: 91971.915: [GC (Allocation Failure) 2022-05-07T19:12:59.055+0800: 91971.916: [ParNew
Desired survivor size 20112992 bytes, new threshold 8 (max 8)
- age   1:      10056 bytes,      10056 total
- age   2:       2016 bytes,      12072 total
- age   3:       1168 bytes,      13240 total
- age   4:       1512 bytes,      14752 total
- age   5:     538176 bytes,     552928 total
- age   6:    1358424 bytes,    1911352 total
- age   7:      48400 bytes,    1959752 total
- age   8:    2486648 bytes,    4446400 total
: 94896K->5574K(109248K), 0.0619491 secs] 159508K->71638K(502464K), 0.0637610 secs] [Times: user=0.08 sys=0.05, real=0.06 secs] 
Heap after GC invocations=82 (full 1):
 par new generation   total 109248K, used 5574K [0x00000007a0000000, 0x00000007a8000000, 0x00000007a8000000)
  eden space 87424K,   0% used [0x00000007a0000000, 0x00000007a0000000, 0x00000007a5560000)
  from space 21824K,  25% used [0x00000007a5560000, 0x00000007a5ad19d8, 0x00000007a6ab0000)
  to   space 21824K,   0% used [0x00000007a6ab0000, 0x00000007a6ab0000, 0x00000007a8000000)
 concurrent mark-sweep generation total 393216K, used 66064K [0x00000007a8000000, 0x00000007c0000000, 0x00000007c0000000)
 Metaspace       used 43653K, capacity 44854K, committed 45060K, reserved 1089536K
  class space    used 5278K, capacity 5557K, committed 5676K, reserved 1048576K
}
2022-05-07T19:12:59.117+0800: 91971.979: Total time for which application threads were stopped: 0.0804357 seconds, Stopping threads took: 0.0022460 seconds
2022-05-07T22:37:08.859+0800: 104222.057: Total time for which application threads were stopped: 0.0117658 seconds, Stopping threads took: 0.0043250 seconds
{Heap before GC invocations=82 (full 1):
 par new generation   total 109248K, used 92998K [0x00000007a0000000, 0x00000007a8000000, 0x00000007a8000000)
  eden space 87424K, 100% used [0x00000007a0000000, 0x00000007a5560000, 0x00000007a5560000)
  from space 21824K,  25% used [0x00000007a5560000, 0x00000007a5ad19d8, 0x00000007a6ab0000)
  to   space 21824K,   0% used [0x00000007a6ab0000, 0x00000007a6ab0000, 0x00000007a8000000)
 concurrent mark-sweep generation total 393216K, used 66064K [0x00000007a8000000, 0x00000007c0000000, 0x00000007c0000000)
 Metaspace       used 43655K, capacity 44854K, committed 45060K, reserved 1089536K
  class space    used 5278K, capacity 5557K, committed 5676K, reserved 1048576K
2022-05-07T22:50:09.012+0800: 105002.235: [GC (Allocation Failure) 2022-05-07T22:50:09.029+0800: 105002.252: [ParNew
Desired survivor size 20112992 bytes, new threshold 8 (max 8)
- age   1:      29256 bytes,      29256 total
- age   2:       1776 bytes,      31032 total
- age   3:       2016 bytes,      33048 total
- age   4:       1168 bytes,      34216 total
- age   5:       1512 bytes,      35728 total
- age   6:     538176 bytes,     573904 total
- age   7:    1358424 bytes,    1932328 total
- age   8:      48400 bytes,    1980728 total
: 92998K->2567K(109248K), 0.0405868 secs] 159062K->71061K(502464K), 0.0578922 secs] [Times: user=0.03 sys=0.03, real=0.06 secs] 
Heap after GC invocations=83 (full 1):
 par new generation   total 109248K, used 2567K [0x00000007a0000000, 0x00000007a8000000, 0x00000007a8000000)
  eden space 87424K,   0% used [0x00000007a0000000, 0x00000007a0000000, 0x00000007a5560000)
  from space 21824K,  11% used [0x00000007a6ab0000, 0x00000007a6d31e50, 0x00000007a8000000)
  to   space 21824K,   0% used [0x00000007a5560000, 0x00000007a5560000, 0x00000007a6ab0000)
 concurrent mark-sweep generation total 393216K, used 68494K [0x00000007a8000000, 0x00000007c0000000, 0x00000007c0000000)
 Metaspace       used 43655K, capacity 44854K, committed 45060K, reserved 1089536K
  class space    used 5278K, capacity 5557K, committed 5676K, reserved 1048576K
}
2022-05-07T22:50:09.070+0800: 105002.294: Total time for which application threads were stopped: 0.0906267 seconds, Stopping threads took: 0.0084470 seconds
2022-05-07T23:05:10.131+0800: 105903.341: Total time for which application threads were stopped: 0.0159659 seconds, Stopping threads took: 0.0050320 seconds
2022-05-07T23:17:11.004+0800: 106624.230: Total time for which application threads were stopped: 0.0090330 seconds, Stopping threads took: 0.0038389 seconds
2022-05-07T23:27:11.041+0800: 107224.266: Total time for which application threads were stopped: 0.0317120 seconds, Stopping threads took: 0.0209530 seconds
2022-05-07T23:30:11.271+0800: 107404.497: Total time for which application threads were stopped: 0.0039558 seconds, Stopping threads took: 0.0004599 seconds
2022-05-07T23:31:11.702+0800: 107464.929: Total time for which application threads were stopped: 0.0011955 seconds, Stopping threads took: 0.0000653 seconds
2022-05-07T23:34:11.989+0800: 107645.219: Total time for which application threads were stopped: 0.0285768 seconds, Stopping threads took: 0.0101398 seconds
2022-05-07T23:59:12.236+0800: 109145.531: Total time for which application threads were stopped: 0.0065047 seconds, Stopping threads took: 0.0022044 seconds
2022-05-08T00:55:15.881+0800: 112509.231: Total time for which application threads were stopped: 0.0225272 seconds, Stopping threads took: 0.0094538 seconds
{Heap before GC invocations=83 (full 1):
 par new generation   total 109248K, used 89991K [0x00000007a0000000, 0x00000007a8000000, 0x00000007a8000000)
  eden space 87424K, 100% used [0x00000007a0000000, 0x00000007a5560000, 0x00000007a5560000)
  from space 21824K,  11% used [0x00000007a6ab0000, 0x00000007a6d31e50, 0x00000007a8000000)
  to   space 21824K,   0% used [0x00000007a5560000, 0x00000007a5560000, 0x00000007a6ab0000)
 concurrent mark-sweep generation total 393216K, used 68494K [0x00000007a8000000, 0x00000007c0000000, 0x00000007c0000000)
 Metaspace       used 43656K, capacity 44854K, committed 45060K, reserved 1089536K
  class space    used 5278K, capacity 5557K, committed 5676K, reserved 1048576K
2022-05-08T02:27:20.861+0800: 118034.401: [GC (Allocation Failure) 2022-05-08T02:27:20.870+0800: 118034.409: [ParNew
Desired survivor size 20112992 bytes, new threshold 8 (max 8)
- age   1:      16592 bytes,      16592 total
- age   3:       1776 bytes,      18368 total
- age   4:       2016 bytes,      20384 total
- age   5:       1168 bytes,      21552 total
- age   6:       1512 bytes,      23064 total
- age   7:     538176 bytes,     561240 total
- age   8:    1358424 bytes,    1919664 total
: 89991K->2455K(109248K), 0.1102100 secs] 158485K->70997K(502464K), 0.1190300 secs] [Times: user=0.10 sys=0.03, real=0.12 secs] 
Heap after GC invocations=84 (full 1):
 par new generation   total 109248K, used 2455K [0x00000007a0000000, 0x00000007a8000000, 0x00000007a8000000)
  eden space 87424K,   0% used [0x00000007a0000000, 0x00000007a0000000, 0x00000007a5560000)
  from space 21824K,  11% used [0x00000007a5560000, 0x00000007a57c5d40, 0x00000007a6ab0000)
  to   space 21824K,   0% used [0x00000007a6ab0000, 0x00000007a6ab0000, 0x00000007a8000000)
 concurrent mark-sweep generation total 393216K, used 68542K [0x00000007a8000000, 0x00000007c0000000, 0x00000007c0000000)
 Metaspace       used 43656K, capacity 44854K, committed 45060K, reserved 1089536K
  class space    used 5278K, capacity 5557K, committed 5676K, reserved 1048576K
}
2022-05-08T02:27:20.981+0800: 118034.520: Total time for which application threads were stopped: 0.1710823 seconds, Stopping threads took: 0.0302525 seconds
2022-05-08T06:13:30.149+0800: 130407.290: Total time for which application threads were stopped: 0.0167566 seconds, Stopping threads took: 0.0034765 seconds
{Heap before GC invocations=84 (full 1):
 par new generation   total 109248K, used 89879K [0x00000007a0000000, 0x00000007a8000000, 0x00000007a8000000)
  eden space 87424K, 100% used [0x00000007a0000000, 0x00000007a5560000, 0x00000007a5560000)
  from space 21824K,  11% used [0x00000007a5560000, 0x00000007a57c5d40, 0x00000007a6ab0000)
  to   space 21824K,   0% used [0x00000007a6ab0000, 0x00000007a6ab0000, 0x00000007a8000000)
 concurrent mark-sweep generation total 393216K, used 68542K [0x00000007a8000000, 0x00000007c0000000, 0x00000007c0000000)
 Metaspace       used 43656K, capacity 44854K, committed 45060K, reserved 1089536K
  class space    used 5278K, capacity 5557K, committed 5676K, reserved 1048576K
2022-05-08T06:25:29.921+0800: 131127.085: [GC (Allocation Failure) 2022-05-08T06:25:29.923+0800: 131127.086: [ParNew
Desired survivor size 20112992 bytes, new threshold 8 (max 8)
- age   1:      30616 bytes,      30616 total
- age   2:        312 bytes,      30928 total
- age   4:       1776 bytes,      32704 total
- age   5:       2016 bytes,      34720 total
- age   6:       1168 bytes,      35888 total
- age   7:       1512 bytes,      37400 total
- age   8:     538176 bytes,     575576 total
: 89879K->1185K(109248K), 0.1014451 secs] 158421K->71058K(502464K), 0.1033006 secs] [Times: user=0.14 sys=0.04, real=0.10 secs] 
Heap after GC invocations=85 (full 1):
 par new generation   total 109248K, used 1185K [0x00000007a0000000, 0x00000007a8000000, 0x00000007a8000000)
  eden space 87424K,   0% used [0x00000007a0000000, 0x00000007a0000000, 0x00000007a5560000)
  from space 21824K,   5% used [0x00000007a6ab0000, 0x00000007a6bd86a8, 0x00000007a8000000)
  to   space 21824K,   0% used [0x00000007a5560000, 0x00000007a5560000, 0x00000007a6ab0000)
 concurrent mark-sweep generation total 393216K, used 69872K [0x00000007a8000000, 0x00000007c0000000, 0x00000007c0000000)
 Metaspace       used 43656K, capacity 44854K, committed 45060K, reserved 1089536K
  class space    used 5278K, capacity 5557K, committed 5676K, reserved 1048576K
}
2022-05-08T06:25:30.025+0800: 131127.188: Total time for which application threads were stopped: 0.1447708 seconds, Stopping threads took: 0.0063451 seconds
{Heap before GC invocations=85 (full 1):
 par new generation   total 109248K, used 88609K [0x00000007a0000000, 0x00000007a8000000, 0x00000007a8000000)
  eden space 87424K, 100% used [0x00000007a0000000, 0x00000007a5560000, 0x00000007a5560000)
  from space 21824K,   5% used [0x00000007a6ab0000, 0x00000007a6bd86a8, 0x00000007a8000000)
  to   space 21824K,   0% used [0x00000007a5560000, 0x00000007a5560000, 0x00000007a6ab0000)
 concurrent mark-sweep generation total 393216K, used 69872K [0x00000007a8000000, 0x00000007c0000000, 0x00000007c0000000)
 Metaspace       used 43656K, capacity 44854K, committed 45060K, reserved 1089536K
  class space    used 5278K, capacity 5557K, committed 5676K, reserved 1048576K
2022-05-08T11:21:56.287+0800: 144217.542: [GC (Allocation Failure) 2022-05-08T11:21:56.293+0800: 144217.547: [ParNew
Desired survivor size 20112992 bytes, new threshold 8 (max 8)
- age   1:      29336 bytes,      29336 total
- age   2:       1368 bytes,      30704 total
- age   3:        312 bytes,      31016 total
- age   5:       1776 bytes,      32792 total
- age   6:       2016 bytes,      34808 total
- age   7:       1168 bytes,      35976 total
- age   8:       1512 bytes,      37488 total
: 88609K->342K(109248K), 0.2032564 secs] 158482K->70741K(502464K), 0.2100340 secs] [Times: user=0.24 sys=0.12, real=0.21 secs] 
Heap after GC invocations=86 (full 1):
 par new generation   total 109248K, used 342K [0x00000007a0000000, 0x00000007a8000000, 0x00000007a8000000)
  eden space 87424K,   0% used [0x00000007a0000000, 0x00000007a0000000, 0x00000007a5560000)
  from space 21824K,   1% used [0x00000007a5560000, 0x00000007a55b5a20, 0x00000007a6ab0000)
  to   space 21824K,   0% used [0x00000007a6ab0000, 0x00000007a6ab0000, 0x00000007a8000000)
 concurrent mark-sweep generation total 393216K, used 70399K [0x00000007a8000000, 0x00000007c0000000, 0x00000007c0000000)
 Metaspace       used 43656K, capacity 44854K, committed 45060K, reserved 1089536K
  class space    used 5278K, capacity 5557K, committed 5676K, reserved 1048576K
}
2022-05-08T11:21:56.497+0800: 144217.751: Total time for which application threads were stopped: 0.2532197 seconds, Stopping threads took: 0.0037673 seconds
2022-05-08T16:45:53.938+0800: 151001.473: Total time for which application threads were stopped: 0.0034598 seconds, Stopping threads took: 0.0004474 seconds
2022-05-08T17:13:54.374+0800: 152681.963: Total time for which application threads were stopped: 0.0038191 seconds, Stopping threads took: 0.0004487 seconds
2022-05-08T17:14:39.737+0800: 152727.327: Total time for which application threads were stopped: 0.0007933 seconds, Stopping threads took: 0.0000957 seconds
2022-05-08T17:25:54.935+0800: 153402.550: Total time for which application threads were stopped: 0.0025168 seconds, Stopping threads took: 0.0004597 seconds
2022-05-08T17:26:39.069+0800: 153446.685: Total time for which application threads were stopped: 0.0029020 seconds, Stopping threads took: 0.0003615 seconds
2022-05-08T17:27:39.259+0800: 153506.877: Total time for which application threads were stopped: 0.0016213 seconds, Stopping threads took: 0.0002868 seconds
2022-05-08T17:32:19.254+0800: 153786.829: Total time for which application threads were stopped: 0.0030362 seconds, Stopping threads took: 0.0005160 seconds
{Heap before GC invocations=86 (full 1):
 par new generation   total 109248K, used 87766K [0x00000007a0000000, 0x00000007a8000000, 0x00000007a8000000)
  eden space 87424K, 100% used [0x00000007a0000000, 0x00000007a5560000, 0x00000007a5560000)
  from space 21824K,   1% used [0x00000007a5560000, 0x00000007a55b5a20, 0x00000007a6ab0000)
  to   space 21824K,   0% used [0x00000007a6ab0000, 0x00000007a6ab0000, 0x00000007a8000000)
 concurrent mark-sweep generation total 393216K, used 70399K [0x00000007a8000000, 0x00000007c0000000, 0x00000007c0000000)
 Metaspace       used 43656K, capacity 44854K, committed 45060K, reserved 1089536K
  class space    used 5278K, capacity 5557K, committed 5676K, reserved 1048576K
2022-05-08T18:33:17.628+0800: 157128.632: [GC (Allocation Failure) 2022-05-08T18:33:17.630+0800: 157128.634: [ParNew
Desired survivor size 20112992 bytes, new threshold 8 (max 8)
- age   1:       3128 bytes,       3128 total
- age   3:       1368 bytes,       4496 total
- age   4:        312 bytes,       4808 total
- age   6:       1776 bytes,       6584 total
- age   7:       2016 bytes,       8600 total
- age   8:       1168 bytes,       9768 total
: 87766K->89K(109248K), 0.0404518 secs] 158165K->70489K(502464K), 0.0428428 secs] [Times: user=0.06 sys=0.03, real=0.05 secs] 
Heap after GC invocations=87 (full 1):
 par new generation   total 109248K, used 89K [0x00000007a0000000, 0x00000007a8000000, 0x00000007a8000000)
  eden space 87424K,   0% used [0x00000007a0000000, 0x00000007a0000000, 0x00000007a5560000)
  from space 21824K,   0% used [0x00000007a6ab0000, 0x00000007a6ac6420, 0x00000007a8000000)
  to   space 21824K,   0% used [0x00000007a5560000, 0x00000007a5560000, 0x00000007a6ab0000)
 concurrent mark-sweep generation total 393216K, used 70400K [0x00000007a8000000, 0x00000007c0000000, 0x00000007c0000000)
 Metaspace       used 43656K, capacity 44854K, committed 45060K, reserved 1089536K
  class space    used 5278K, capacity 5557K, committed 5676K, reserved 1048576K
}
2022-05-08T18:33:17.671+0800: 157128.675: Total time for which application threads were stopped: 0.0495365 seconds, Stopping threads took: 0.0005342 seconds
2022-05-09T03:12:12.077+0800: 160905.353: Total time for which application threads were stopped: 0.0049896 seconds, Stopping threads took: 0.0004028 seconds
2022-05-09T03:15:11.660+0800: 161084.941: Total time for which application threads were stopped: 0.0022982 seconds, Stopping threads took: 0.0004847 seconds
{Heap before GC invocations=87 (full 1):
 par new generation   total 109248K, used 87513K [0x00000007a0000000, 0x00000007a8000000, 0x00000007a8000000)
  eden space 87424K, 100% used [0x00000007a0000000, 0x00000007a5560000, 0x00000007a5560000)
  from space 21824K,   0% used [0x00000007a6ab0000, 0x00000007a6ac6420, 0x00000007a8000000)
  to   space 21824K,   0% used [0x00000007a5560000, 0x00000007a5560000, 0x00000007a6ab0000)
 concurrent mark-sweep generation total 393216K, used 70400K [0x00000007a8000000, 0x00000007c0000000, 0x00000007c0000000)
 Metaspace       used 43661K, capacity 44854K, committed 45060K, reserved 1089536K
  class space    used 5278K, capacity 5557K, committed 5676K, reserved 1048576K
2022-05-09T20:01:15.136+0800: 170208.624: [GC (Allocation Failure) 2022-05-09T20:01:15.137+0800: 170208.626: [ParNew
Desired survivor size 20112992 bytes, new threshold 8 (max 8)
- age   1:      38352 bytes,      38352 total
- age   2:       1992 bytes,      40344 total
- age   4:       1368 bytes,      41712 total
- age   5:        312 bytes,      42024 total
- age   7:       1776 bytes,      43800 total
- age   8:       2016 bytes,      45816 total
: 87513K->57K(109248K), 0.0703804 secs] 157913K->70459K(502464K), 0.0724765 secs] [Times: user=0.11 sys=0.04, real=0.07 secs] 
Heap after GC invocations=88 (full 1):
 par new generation   total 109248K, used 57K [0x00000007a0000000, 0x00000007a8000000, 0x00000007a8000000)
  eden space 87424K,   0% used [0x00000007a0000000, 0x00000007a0000000, 0x00000007a5560000)
  from space 21824K,   0% used [0x00000007a5560000, 0x00000007a556e740, 0x00000007a6ab0000)
  to   space 21824K,   0% used [0x00000007a6ab0000, 0x00000007a6ab0000, 0x00000007a8000000)
 concurrent mark-sweep generation total 393216K, used 70401K [0x00000007a8000000, 0x00000007c0000000, 0x00000007c0000000)
 Metaspace       used 43661K, capacity 44854K, committed 45060K, reserved 1089536K
  class space    used 5278K, capacity 5557K, committed 5676K, reserved 1048576K
}
2022-05-09T20:01:15.208+0800: 170208.697: Total time for which application threads were stopped: 0.0996985 seconds, Stopping threads took: 0.0038806 seconds
{Heap before GC invocations=88 (full 1):
 par new generation   total 109248K, used 87481K [0x00000007a0000000, 0x00000007a8000000, 0x00000007a8000000)
  eden space 87424K, 100% used [0x00000007a0000000, 0x00000007a5560000, 0x00000007a5560000)
  from space 21824K,   0% used [0x00000007a5560000, 0x00000007a556e740, 0x00000007a6ab0000)
  to   space 21824K,   0% used [0x00000007a6ab0000, 0x00000007a6ab0000, 0x00000007a8000000)
 concurrent mark-sweep generation total 393216K, used 70401K [0x00000007a8000000, 0x00000007c0000000, 0x00000007c0000000)
 Metaspace       used 43662K, capacity 44854K, committed 45060K, reserved 1089536K
  class space    used 5278K, capacity 5557K, committed 5676K, reserved 1048576K
2022-05-10T14:07:59.219+0800: 183294.125: [GC (Allocation Failure) 2022-05-10T14:07:59.220+0800: 183294.126: [ParNew
Desired survivor size 20112992 bytes, new threshold 8 (max 8)
- age   1:      31952 bytes,      31952 total
- age   2:       8968 bytes,      40920 total
- age   3:       1992 bytes,      42912 total
- age   5:       1368 bytes,      44280 total
- age   6:        312 bytes,      44592 total
- age   8:       1776 bytes,      46368 total
: 87481K->68K(109248K), 0.0764683 secs] 157883K->70472K(502464K), 0.0781389 secs] [Times: user=0.13 sys=0.05, real=0.08 secs] 
Heap after GC invocations=89 (full 1):
 par new generation   total 109248K, used 68K [0x00000007a0000000, 0x00000007a8000000, 0x00000007a8000000)
  eden space 87424K,   0% used [0x00000007a0000000, 0x00000007a0000000, 0x00000007a5560000)
  from space 21824K,   0% used [0x00000007a6ab0000, 0x00000007a6ac1368, 0x00000007a8000000)
  to   space 21824K,   0% used [0x00000007a5560000, 0x00000007a5560000, 0x00000007a6ab0000)
 concurrent mark-sweep generation total 393216K, used 70403K [0x00000007a8000000, 0x00000007c0000000, 0x00000007c0000000)
 Metaspace       used 43662K, capacity 44854K, committed 45060K, reserved 1089536K
  class space    used 5278K, capacity 5557K, committed 5676K, reserved 1048576K
}
2022-05-10T14:07:59.297+0800: 183294.203: Total time for which application threads were stopped: 0.0952223 seconds, Stopping threads took: 0.0018455 seconds
{Heap before GC invocations=89 (full 1):
 par new generation   total 109248K, used 87492K [0x00000007a0000000, 0x00000007a8000000, 0x00000007a8000000)
  eden space 87424K, 100% used [0x00000007a0000000, 0x00000007a5560000, 0x00000007a5560000)
  from space 21824K,   0% used [0x00000007a6ab0000, 0x00000007a6ac1368, 0x00000007a8000000)
  to   space 21824K,   0% used [0x00000007a5560000, 0x00000007a5560000, 0x00000007a6ab0000)
 concurrent mark-sweep generation total 393216K, used 70403K [0x00000007a8000000, 0x00000007c0000000, 0x00000007c0000000)
 Metaspace       used 43662K, capacity 44854K, committed 45060K, reserved 1089536K
  class space    used 5278K, capacity 5557K, committed 5676K, reserved 1048576K
2022-05-10T22:39:16.084+0800: 196439.263: [GC (Allocation Failure) 2022-05-10T22:39:16.086+0800: 196439.264: [ParNew
Desired survivor size 20112992 bytes, new threshold 8 (max 8)
- age   1:       1656 bytes,       1656 total
- age   2:       2488 bytes,       4144 total
- age   3:       8968 bytes,      13112 total
- age   4:       1992 bytes,      15104 total
- age   6:       1368 bytes,      16472 total
- age   7:        312 bytes,      16784 total
: 87492K->31K(109248K), 0.0638512 secs] 157896K->70437K(502464K), 0.0660220 secs] [Times: user=0.11 sys=0.05, real=0.07 secs] 
Heap after GC invocations=90 (full 1):
 par new generation   total 109248K, used 31K [0x00000007a0000000, 0x00000007a8000000, 0x00000007a8000000)
  eden space 87424K,   0% used [0x00000007a0000000, 0x00000007a0000000, 0x00000007a5560000)
  from space 21824K,   0% used [0x00000007a5560000, 0x00000007a5567ef0, 0x00000007a6ab0000)
  to   space 21824K,   0% used [0x00000007a6ab0000, 0x00000007a6ab0000, 0x00000007a8000000)
 concurrent mark-sweep generation total 393216K, used 70405K [0x00000007a8000000, 0x00000007c0000000, 0x00000007c0000000)
 Metaspace       used 43662K, capacity 44854K, committed 45060K, reserved 1089536K
  class space    used 5278K, capacity 5557K, committed 5676K, reserved 1048576K
}
2022-05-10T22:39:16.150+0800: 196439.328: Total time for which application threads were stopped: 0.0775929 seconds, Stopping threads took: 0.0019754 seconds
{Heap before GC invocations=90 (full 1):
 par new generation   total 109248K, used 87455K [0x00000007a0000000, 0x00000007a8000000, 0x00000007a8000000)
  eden space 87424K, 100% used [0x00000007a0000000, 0x00000007a5560000, 0x00000007a5560000)
  from space 21824K,   0% used [0x00000007a5560000, 0x00000007a5567ef0, 0x00000007a6ab0000)
  to   space 21824K,   0% used [0x00000007a6ab0000, 0x00000007a6ab0000, 0x00000007a8000000)
 concurrent mark-sweep generation total 393216K, used 70405K [0x00000007a8000000, 0x00000007c0000000, 0x00000007c0000000)
 Metaspace       used 43662K, capacity 44854K, committed 45060K, reserved 1089536K
  class space    used 5278K, capacity 5557K, committed 5676K, reserved 1048576K
2022-05-11T03:24:52.038+0800: 209524.848: [GC (Allocation Failure) 2022-05-11T03:24:52.039+0800: 209524.849: [ParNew
Desired survivor size 20112992 bytes, new threshold 8 (max 8)
- age   1:      13840 bytes,      13840 total
- age   3:       2488 bytes,      16328 total
- age   4:       8968 bytes,      25296 total
- age   5:       1992 bytes,      27288 total
- age   7:       1368 bytes,      28656 total
- age   8:        312 bytes,      28968 total
: 87455K->33K(109248K), 0.0626266 secs] 157861K->70439K(502464K), 0.0644192 secs] [Times: user=0.11 sys=0.04, real=0.07 secs] 
Heap after GC invocations=91 (full 1):
 par new generation   total 109248K, used 33K [0x00000007a0000000, 0x00000007a8000000, 0x00000007a8000000)
  eden space 87424K,   0% used [0x00000007a0000000, 0x00000007a0000000, 0x00000007a5560000)
  from space 21824K,   0% used [0x00000007a6ab0000, 0x00000007a6ab8580, 0x00000007a8000000)
  to   space 21824K,   0% used [0x00000007a5560000, 0x00000007a5560000, 0x00000007a6ab0000)
 concurrent mark-sweep generation total 393216K, used 70405K [0x00000007a8000000, 0x00000007c0000000, 0x00000007c0000000)
 Metaspace       used 43662K, capacity 44854K, committed 45060K, reserved 1089536K
  class space    used 5278K, capacity 5557K, committed 5676K, reserved 1048576K
}
2022-05-11T03:24:52.102+0800: 209524.912: Total time for which application threads were stopped: 0.0791586 seconds, Stopping threads took: 0.0033425 seconds
{Heap before GC invocations=91 (full 1):
 par new generation   total 109248K, used 87457K [0x00000007a0000000, 0x00000007a8000000, 0x00000007a8000000)
  eden space 87424K, 100% used [0x00000007a0000000, 0x00000007a5560000, 0x00000007a5560000)
  from space 21824K,   0% used [0x00000007a6ab0000, 0x00000007a6ab8580, 0x00000007a8000000)
  to   space 21824K,   0% used [0x00000007a5560000, 0x00000007a5560000, 0x00000007a6ab0000)
 concurrent mark-sweep generation total 393216K, used 70405K [0x00000007a8000000, 0x00000007c0000000, 0x00000007c0000000)
 Metaspace       used 43662K, capacity 44854K, committed 45060K, reserved 1089536K
  class space    used 5278K, capacity 5557K, committed 5676K, reserved 1048576K
2022-05-11T08:58:38.898+0800: 222609.869: [GC (Allocation Failure) 2022-05-11T08:58:38.900+0800: 222609.870: [ParNew
Desired survivor size 20112992 bytes, new threshold 8 (max 8)
- age   1:      23056 bytes,      23056 total
- age   4:       2488 bytes,      25544 total
- age   5:       8968 bytes,      34512 total
- age   6:       1992 bytes,      36504 total
- age   8:       1368 bytes,      37872 total
: 87457K->52K(109248K), 0.0434953 secs] 157863K->70458K(502464K), 0.0448264 secs] [Times: user=0.08 sys=0.05, real=0.05 secs] 
Heap after GC invocations=92 (full 1):
 par new generation   total 109248K, used 52K [0x00000007a0000000, 0x00000007a8000000, 0x00000007a8000000)
  eden space 87424K,   0% used [0x00000007a0000000, 0x00000007a0000000, 0x00000007a5560000)
  from space 21824K,   0% used [0x00000007a5560000, 0x00000007a556d218, 0x00000007a6ab0000)
  to   space 21824K,   0% used [0x00000007a6ab0000, 0x00000007a6ab0000, 0x00000007a8000000)
 concurrent mark-sweep generation total 393216K, used 70405K [0x00000007a8000000, 0x00000007c0000000, 0x00000007c0000000)
 Metaspace       used 43662K, capacity 44854K, committed 45060K, reserved 1089536K
  class space    used 5278K, capacity 5557K, committed 5676K, reserved 1048576K
}
2022-05-11T08:58:38.943+0800: 222609.914: Total time for which application threads were stopped: 0.0542509 seconds, Stopping threads took: 0.0017355 seconds
2022-05-11T21:57:24.121+0800: 234134.495: Total time for which application threads were stopped: 0.0034085 seconds, Stopping threads took: 0.0003006 seconds
{Heap before GC invocations=92 (full 1):
 par new generation   total 109248K, used 87476K [0x00000007a0000000, 0x00000007a8000000, 0x00000007a8000000)
  eden space 87424K, 100% used [0x00000007a0000000, 0x00000007a5560000, 0x00000007a5560000)
  from space 21824K,   0% used [0x00000007a5560000, 0x00000007a556d218, 0x00000007a6ab0000)
  to   space 21824K,   0% used [0x00000007a6ab0000, 0x00000007a6ab0000, 0x00000007a8000000)
 concurrent mark-sweep generation total 393216K, used 70405K [0x00000007a8000000, 0x00000007c0000000, 0x00000007c0000000)
 Metaspace       used 43662K, capacity 44854K, committed 45060K, reserved 1089536K
  class space    used 5278K, capacity 5557K, committed 5676K, reserved 1048576K
2022-05-11T23:30:43.012+0800: 235694.999: [GC (Allocation Failure) 2022-05-11T23:30:43.013+0800: 235695.000: [ParNew
Desired survivor size 20112992 bytes, new threshold 8 (max 8)
- age   1:      29464 bytes,      29464 total
- age   5:       2488 bytes,      31952 total
- age   6:       8968 bytes,      40920 total
- age   7:       1992 bytes,      42912 total
: 87476K->54K(109248K), 0.0637586 secs] 157882K->70461K(502464K), 0.0652127 secs] [Times: user=0.09 sys=0.04, real=0.06 secs] 
Heap after GC invocations=93 (full 1):
 par new generation   total 109248K, used 54K [0x00000007a0000000, 0x00000007a8000000, 0x00000007a8000000)
  eden space 87424K,   0% used [0x00000007a0000000, 0x00000007a0000000, 0x00000007a5560000)
  from space 21824K,   0% used [0x00000007a6ab0000, 0x00000007a6abd890, 0x00000007a8000000)
  to   space 21824K,   0% used [0x00000007a5560000, 0x00000007a5560000, 0x00000007a6ab0000)
 concurrent mark-sweep generation total 393216K, used 70407K [0x00000007a8000000, 0x00000007c0000000, 0x00000007c0000000)
 Metaspace       used 43662K, capacity 44854K, committed 45060K, reserved 1089536K
  class space    used 5278K, capacity 5557K, committed 5676K, reserved 1048576K
}
2022-05-11T23:30:43.078+0800: 235695.065: Total time for which application threads were stopped: 0.0788615 seconds, Stopping threads took: 0.0004446 seconds
{Heap before GC invocations=93 (full 1):
 par new generation   total 109248K, used 87478K [0x00000007a0000000, 0x00000007a8000000, 0x00000007a8000000)
  eden space 87424K, 100% used [0x00000007a0000000, 0x00000007a5560000, 0x00000007a5560000)
  from space 21824K,   0% used [0x00000007a6ab0000, 0x00000007a6abd890, 0x00000007a8000000)
  to   space 21824K,   0% used [0x00000007a5560000, 0x00000007a5560000, 0x00000007a6ab0000)
 concurrent mark-sweep generation total 393216K, used 70407K [0x00000007a8000000, 0x00000007c0000000, 0x00000007c0000000)
 Metaspace       used 43662K, capacity 44854K, committed 45060K, reserved 1089536K
  class space    used 5278K, capacity 5557K, committed 5676K, reserved 1048576K
2022-05-12T23:14:18.409+0800: 248789.752: [GC (Allocation Failure) 2022-05-12T23:14:18.410+0800: 248789.753: [ParNew
Desired survivor size 20112992 bytes, new threshold 8 (max 8)
- age   1:      16264 bytes,      16264 total
- age   6:       2488 bytes,      18752 total
- age   7:       8968 bytes,      27720 total
- age   8:       1992 bytes,      29712 total
: 87478K->54K(109248K), 0.0495058 secs] 157885K->70461K(502464K), 0.0514046 secs] [Times: user=0.09 sys=0.04, real=0.06 secs] 
Heap after GC invocations=94 (full 1):
 par new generation   total 109248K, used 54K [0x00000007a0000000, 0x00000007a8000000, 0x00000007a8000000)
  eden space 87424K,   0% used [0x00000007a0000000, 0x00000007a0000000, 0x00000007a5560000)
  from space 21824K,   0% used [0x00000007a5560000, 0x00000007a556da40, 0x00000007a6ab0000)
  to   space 21824K,   0% used [0x00000007a6ab0000, 0x00000007a6ab0000, 0x00000007a8000000)
 concurrent mark-sweep generation total 393216K, used 70407K [0x00000007a8000000, 0x00000007c0000000, 0x00000007c0000000)
 Metaspace       used 43662K, capacity 44854K, committed 45060K, reserved 1089536K
  class space    used 5278K, capacity 5557K, committed 5676K, reserved 1048576K
}
2022-05-12T23:14:18.461+0800: 248789.803: Total time for which application threads were stopped: 0.0615245 seconds, Stopping threads took: 0.0006503 seconds
{Heap before GC invocations=94 (full 1):
 par new generation   total 109248K, used 87478K [0x00000007a0000000, 0x00000007a8000000, 0x00000007a8000000)
  eden space 87424K, 100% used [0x00000007a0000000, 0x00000007a5560000, 0x00000007a5560000)
  from space 21824K,   0% used [0x00000007a5560000, 0x00000007a556da40, 0x00000007a6ab0000)
  to   space 21824K,   0% used [0x00000007a6ab0000, 0x00000007a6ab0000, 0x00000007a8000000)
 concurrent mark-sweep generation total 393216K, used 70407K [0x00000007a8000000, 0x00000007c0000000, 0x00000007c0000000)
 Metaspace       used 43665K, capacity 44854K, committed 45060K, reserved 1089536K
  class space    used 5278K, capacity 5557K, committed 5676K, reserved 1048576K
2022-05-14T10:50:36.328+0800: 261933.923: [GC (Allocation Failure) 2022-05-14T10:50:36.330+0800: 261933.924: [ParNew
Desired survivor size 20112992 bytes, new threshold 8 (max 8)
- age   1:       8424 bytes,       8424 total
- age   7:       2488 bytes,      10912 total
- age   8:       8968 bytes,      19880 total
: 87478K->29K(109248K), 0.0305117 secs] 157885K->70438K(502464K), 0.0320167 secs] [Times: user=0.05 sys=0.03, real=0.04 secs] 
Heap after GC invocations=95 (full 1):
 par new generation   total 109248K, used 29K [0x00000007a0000000, 0x00000007a8000000, 0x00000007a8000000)
  eden space 87424K,   0% used [0x00000007a0000000, 0x00000007a0000000, 0x00000007a5560000)
  from space 21824K,   0% used [0x00000007a6ab0000, 0x00000007a6ab7440, 0x00000007a8000000)
  to   space 21824K,   0% used [0x00000007a5560000, 0x00000007a5560000, 0x00000007a6ab0000)
 concurrent mark-sweep generation total 393216K, used 70409K [0x00000007a8000000, 0x00000007c0000000, 0x00000007c0000000)
 Metaspace       used 43665K, capacity 44854K, committed 45060K, reserved 1089536K
  class space    used 5278K, capacity 5557K, committed 5676K, reserved 1048576K
}
2022-05-14T10:50:36.360+0800: 261933.955: Total time for which application threads were stopped: 0.0362662 seconds, Stopping threads took: 0.0002628 seconds
{Heap before GC invocations=95 (full 1):
 par new generation   total 109248K, used 87453K [0x00000007a0000000, 0x00000007a8000000, 0x00000007a8000000)
  eden space 87424K, 100% used [0x00000007a0000000, 0x00000007a5560000, 0x00000007a5560000)
  from space 21824K,   0% used [0x00000007a6ab0000, 0x00000007a6ab7440, 0x00000007a8000000)
  to   space 21824K,   0% used [0x00000007a5560000, 0x00000007a5560000, 0x00000007a6ab0000)
 concurrent mark-sweep generation total 393216K, used 70409K [0x00000007a8000000, 0x00000007c0000000, 0x00000007c0000000)
 Metaspace       used 43665K, capacity 44854K, committed 45060K, reserved 1089536K
  class space    used 5278K, capacity 5557K, committed 5676K, reserved 1048576K
2022-05-14T21:01:23.645+0800: 275018.425: [GC (Allocation Failure) 2022-05-14T21:01:23.647+0800: 275018.427: [ParNew
Desired survivor size 20112992 bytes, new threshold 8 (max 8)
- age   1:      19432 bytes,      19432 total
- age   2:         96 bytes,      19528 total
- age   8:       2488 bytes,      22016 total
: 87453K->27K(109248K), 0.0713129 secs] 157862K->70445K(502464K), 0.0732050 secs] [Times: user=0.06 sys=0.04, real=0.07 secs] 
Heap after GC invocations=96 (full 1):
 par new generation   total 109248K, used 27K [0x00000007a0000000, 0x00000007a8000000, 0x00000007a8000000)
  eden space 87424K,   0% used [0x00000007a0000000, 0x00000007a0000000, 0x00000007a5560000)
  from space 21824K,   0% used [0x00000007a5560000, 0x00000007a5566d10, 0x00000007a6ab0000)
  to   space 21824K,   0% used [0x00000007a6ab0000, 0x00000007a6ab0000, 0x00000007a8000000)
 concurrent mark-sweep generation total 393216K, used 70418K [0x00000007a8000000, 0x00000007c0000000, 0x00000007c0000000)
 Metaspace       used 43665K, capacity 44854K, committed 45060K, reserved 1089536K
  class space    used 5278K, capacity 5557K, committed 5676K, reserved 1048576K
}
2022-05-14T21:01:23.719+0800: 275018.499: Total time for which application threads were stopped: 0.0969228 seconds, Stopping threads took: 0.0006543 seconds
2022-05-14T22:24:25.875+0800: 277180.056: Total time for which application threads were stopped: 0.0036610 seconds, Stopping threads took: 0.0004528 seconds
{Heap before GC invocations=96 (full 1):
 par new generation   total 109248K, used 87451K [0x00000007a0000000, 0x00000007a8000000, 0x00000007a8000000)
  eden space 87424K, 100% used [0x00000007a0000000, 0x00000007a5560000, 0x00000007a5560000)
  from space 21824K,   0% used [0x00000007a5560000, 0x00000007a5566d10, 0x00000007a6ab0000)
  to   space 21824K,   0% used [0x00000007a6ab0000, 0x00000007a6ab0000, 0x00000007a8000000)
 concurrent mark-sweep generation total 393216K, used 70418K [0x00000007a8000000, 0x00000007c0000000, 0x00000007c0000000)
 Metaspace       used 43665K, capacity 44854K, committed 45060K, reserved 1089536K
  class space    used 5278K, capacity 5557K, committed 5676K, reserved 1048576K
2022-05-15T03:34:29.996+0800: 288102.877: [GC (Allocation Failure) 2022-05-15T03:34:29.998+0800: 288102.878: [ParNew
Desired survivor size 20112992 bytes, new threshold 8 (max 8)
- age   1:      29352 bytes,      29352 total
- age   3:         96 bytes,      29448 total
: 87451K->42K(109248K), 0.0299808 secs] 157869K->70462K(502464K), 0.0312753 secs] [Times: user=0.07 sys=0.03, real=0.03 secs] 
Heap after GC invocations=97 (full 1):
 par new generation   total 109248K, used 42K [0x00000007a0000000, 0x00000007a8000000, 0x00000007a8000000)
  eden space 87424K,   0% used [0x00000007a0000000, 0x00000007a0000000, 0x00000007a5560000)
  from space 21824K,   0% used [0x00000007a6ab0000, 0x00000007a6aba9e0, 0x00000007a8000000)
  to   space 21824K,   0% used [0x00000007a5560000, 0x00000007a5560000, 0x00000007a6ab0000)
 concurrent mark-sweep generation total 393216K, used 70420K [0x00000007a8000000, 0x00000007c0000000, 0x00000007c0000000)
 Metaspace       used 43665K, capacity 44854K, committed 45060K, reserved 1089536K
  class space    used 5278K, capacity 5557K, committed 5676K, reserved 1048576K
}
2022-05-15T03:34:30.028+0800: 288102.909: Total time for which application threads were stopped: 0.0376108 seconds, Stopping threads took: 0.0004013 seconds
2022-05-15T06:05:26.153+0800: 294368.157: Total time for which application threads were stopped: 0.0022977 seconds, Stopping threads took: 0.0003517 seconds
2022-05-15T07:22:36.069+0800: 295245.688: Total time for which application threads were stopped: 0.0012895 seconds, Stopping threads took: 0.0001614 seconds
2022-05-15T07:29:59.077+0800: 295688.713: Total time for which application threads were stopped: 0.0010660 seconds, Stopping threads took: 0.0001226 seconds
{Heap before GC invocations=97 (full 1):
 par new generation   total 109248K, used 87466K [0x00000007a0000000, 0x00000007a8000000, 0x00000007a8000000)
  eden space 87424K, 100% used [0x00000007a0000000, 0x00000007a5560000, 0x00000007a5560000)
  from space 21824K,   0% used [0x00000007a6ab0000, 0x00000007a6aba9e0, 0x00000007a8000000)
  to   space 21824K,   0% used [0x00000007a5560000, 0x00000007a5560000, 0x00000007a6ab0000)
 concurrent mark-sweep generation total 393216K, used 70420K [0x00000007a8000000, 0x00000007c0000000, 0x00000007c0000000)
 Metaspace       used 43665K, capacity 44854K, committed 45060K, reserved 1089536K
  class space    used 5278K, capacity 5557K, committed 5676K, reserved 1048576K
2022-05-15T09:16:54.258+0800: 301187.158: [GC (Allocation Failure) 2022-05-15T09:16:54.259+0800: 301187.160: [ParNew
Desired survivor size 20112992 bytes, new threshold 8 (max 8)
- age   1:      16528 bytes,      16528 total
- age   4:         96 bytes,      16624 total
: 87466K->31K(109248K), 0.0338678 secs] 157886K->70451K(502464K), 0.0352399 secs] [Times: user=0.09 sys=0.02, real=0.04 secs] 
Heap after GC invocations=98 (full 1):
 par new generation   total 109248K, used 31K [0x00000007a0000000, 0x00000007a8000000, 0x00000007a8000000)
  eden space 87424K,   0% used [0x00000007a0000000, 0x00000007a0000000, 0x00000007a5560000)
  from space 21824K,   0% used [0x00000007a5560000, 0x00000007a5567c00, 0x00000007a6ab0000)
  to   space 21824K,   0% used [0x00000007a6ab0000, 0x00000007a6ab0000, 0x00000007a8000000)
 concurrent mark-sweep generation total 393216K, used 70420K [0x00000007a8000000, 0x00000007c0000000, 0x00000007c0000000)
 Metaspace       used 43665K, capacity 44854K, committed 45060K, reserved 1089536K
  class space    used 5278K, capacity 5557K, committed 5676K, reserved 1048576K
}
2022-05-15T09:16:54.293+0800: 301187.194: Total time for which application threads were stopped: 0.0482520 seconds, Stopping threads took: 0.0018323 seconds
{Heap before GC invocations=98 (full 1):
 par new generation   total 109248K, used 87455K [0x00000007a0000000, 0x00000007a8000000, 0x00000007a8000000)
  eden space 87424K, 100% used [0x00000007a0000000, 0x00000007a5560000, 0x00000007a5560000)
  from space 21824K,   0% used [0x00000007a5560000, 0x00000007a5567c00, 0x00000007a6ab0000)
  to   space 21824K,   0% used [0x00000007a6ab0000, 0x00000007a6ab0000, 0x00000007a8000000)
 concurrent mark-sweep generation total 393216K, used 70420K [0x00000007a8000000, 0x00000007c0000000, 0x00000007c0000000)
 Metaspace       used 43665K, capacity 44854K, committed 45060K, reserved 1089536K
  class space    used 5278K, capacity 5557K, committed 5676K, reserved 1048576K
2022-05-15T16:15:35.903+0800: 314331.659: [GC (Allocation Failure) 2022-05-15T16:15:35.905+0800: 314331.660: [ParNew
Desired survivor size 20112992 bytes, new threshold 8 (max 8)
- age   1:      17176 bytes,      17176 total
- age   2:        384 bytes,      17560 total
- age   5:         96 bytes,      17656 total
: 87455K->24K(109248K), 0.0401642 secs] 157875K->70444K(502464K), 0.0421335 secs] [Times: user=0.07 sys=0.04, real=0.04 secs] 
Heap after GC invocations=99 (full 1):
 par new generation   total 109248K, used 24K [0x00000007a0000000, 0x00000007a8000000, 0x00000007a8000000)
  eden space 87424K,   0% used [0x00000007a0000000, 0x00000007a0000000, 0x00000007a5560000)
  from space 21824K,   0% used [0x00000007a6ab0000, 0x00000007a6ab60c0, 0x00000007a8000000)
  to   space 21824K,   0% used [0x00000007a5560000, 0x00000007a5560000, 0x00000007a6ab0000)
 concurrent mark-sweep generation total 393216K, used 70420K [0x00000007a8000000, 0x00000007c0000000, 0x00000007c0000000)
 Metaspace       used 43665K, capacity 44854K, committed 45060K, reserved 1089536K
  class space    used 5278K, capacity 5557K, committed 5676K, reserved 1048576K
}
2022-05-15T16:15:35.946+0800: 314331.701: Total time for which application threads were stopped: 0.0497340 seconds, Stopping threads took: 0.0017875 seconds
{Heap before GC invocations=99 (full 1):
 par new generation   total 109248K, used 87448K [0x00000007a0000000, 0x00000007a8000000, 0x00000007a8000000)
  eden space 87424K, 100% used [0x00000007a0000000, 0x00000007a5560000, 0x00000007a5560000)
  from space 21824K,   0% used [0x00000007a6ab0000, 0x00000007a6ab60c0, 0x00000007a8000000)
  to   space 21824K,   0% used [0x00000007a5560000, 0x00000007a5560000, 0x00000007a6ab0000)
 concurrent mark-sweep generation total 393216K, used 70420K [0x00000007a8000000, 0x00000007c0000000, 0x00000007c0000000)
 Metaspace       used 43665K, capacity 44854K, committed 45060K, reserved 1089536K
  class space    used 5278K, capacity 5557K, committed 5676K, reserved 1048576K
2022-05-15T23:47:57.169+0800: 326876.395: [GC (Allocation Failure) 2022-05-15T23:47:57.171+0800: 326876.396: [ParNew
Desired survivor size 20112992 bytes, new threshold 8 (max 8)
- age   1:      34544 bytes,      34544 total
- age   2:       9008 bytes,      43552 total
- age   3:        384 bytes,      43936 total
- age   6:         96 bytes,      44032 total
: 87448K->49K(109248K), 0.0605326 secs] 157868K->70469K(502464K), 0.0626732 secs] [Times: user=0.10 sys=0.04, real=0.07 secs] 
Heap after GC invocations=100 (full 1):
 par new generation   total 109248K, used 49K [0x00000007a0000000, 0x00000007a8000000, 0x00000007a8000000)
  eden space 87424K,   0% used [0x00000007a0000000, 0x00000007a0000000, 0x00000007a5560000)
  from space 21824K,   0% used [0x00000007a5560000, 0x00000007a556c560, 0x00000007a6ab0000)
  to   space 21824K,   0% used [0x00000007a6ab0000, 0x00000007a6ab0000, 0x00000007a8000000)
 concurrent mark-sweep generation total 393216K, used 70420K [0x00000007a8000000, 0x00000007c0000000, 0x00000007c0000000)
 Metaspace       used 43665K, capacity 44854K, committed 45060K, reserved 1089536K
  class space    used 5278K, capacity 5557K, committed 5676K, reserved 1048576K
}
2022-05-15T23:47:57.232+0800: 326876.458: Total time for which application threads were stopped: 0.0850601 seconds, Stopping threads took: 0.0005736 seconds
2022-05-17T11:33:42.659+0800: 338589.288: Total time for which application threads were stopped: 0.0069556 seconds, Stopping threads took: 0.0004712 seconds
2022-05-17T11:44:42.037+0800: 339248.698: Total time for which application threads were stopped: 0.0027765 seconds, Stopping threads took: 0.0005899 seconds
{Heap before GC invocations=100 (full 1):
 par new generation   total 109248K, used 87473K [0x00000007a0000000, 0x00000007a8000000, 0x00000007a8000000)
  eden space 87424K, 100% used [0x00000007a0000000, 0x00000007a5560000, 0x00000007a5560000)
  from space 21824K,   0% used [0x00000007a5560000, 0x00000007a556c560, 0x00000007a6ab0000)
  to   space 21824K,   0% used [0x00000007a6ab0000, 0x00000007a6ab0000, 0x00000007a8000000)
 concurrent mark-sweep generation total 393216K, used 70420K [0x00000007a8000000, 0x00000007c0000000, 0x00000007c0000000)
 Metaspace       used 43666K, capacity 44854K, committed 45060K, reserved 1089536K
  class space    used 5278K, capacity 5557K, committed 5676K, reserved 1048576K
2022-05-17T11:53:35.725+0800: 339782.291: [GC (Allocation Failure) 2022-05-17T11:53:35.727+0800: 339782.293: [ParNew
Desired survivor size 20112992 bytes, new threshold 8 (max 8)
- age   1:       1432 bytes,       1432 total
- age   2:       5216 bytes,       6648 total
- age   3:       9008 bytes,      15656 total
- age   4:        384 bytes,      16040 total
- age   7:         96 bytes,      16136 total
: 87473K->34K(109248K), 0.0372621 secs] 157893K->70454K(502464K), 0.0389105 secs] [Times: user=0.08 sys=0.03, real=0.04 secs] 
Heap after GC invocations=101 (full 1):
 par new generation   total 109248K, used 34K [0x00000007a0000000, 0x00000007a8000000, 0x00000007a8000000)
  eden space 87424K,   0% used [0x00000007a0000000, 0x00000007a0000000, 0x00000007a5560000)
  from space 21824K,   0% used [0x00000007a6ab0000, 0x00000007a6ab88a0, 0x00000007a8000000)
  to   space 21824K,   0% used [0x00000007a5560000, 0x00000007a5560000, 0x00000007a6ab0000)
 concurrent mark-sweep generation total 393216K, used 70420K [0x00000007a8000000, 0x00000007c0000000, 0x00000007c0000000)
 Metaspace       used 43666K, capacity 44854K, committed 45060K, reserved 1089536K
  class space    used 5278K, capacity 5557K, committed 5676K, reserved 1048576K
}
2022-05-17T11:53:35.764+0800: 339782.330: Total time for which application threads were stopped: 0.0455700 seconds, Stopping threads took: 0.0007662 seconds
{Heap before GC invocations=101 (full 1):
 par new generation   total 109248K, used 87458K [0x00000007a0000000, 0x00000007a8000000, 0x00000007a8000000)
  eden space 87424K, 100% used [0x00000007a0000000, 0x00000007a5560000, 0x00000007a5560000)
  from space 21824K,   0% used [0x00000007a6ab0000, 0x00000007a6ab88a0, 0x00000007a8000000)
  to   space 21824K,   0% used [0x00000007a5560000, 0x00000007a5560000, 0x00000007a6ab0000)
 concurrent mark-sweep generation total 393216K, used 70420K [0x00000007a8000000, 0x00000007c0000000, 0x00000007c0000000)
 Metaspace       used 43666K, capacity 44854K, committed 45060K, reserved 1089536K
  class space    used 5278K, capacity 5557K, committed 5676K, reserved 1048576K
2022-05-17T19:28:09.612+0800: 352927.011: [GC (Allocation Failure) 2022-05-17T19:28:09.614+0800: 352927.013: [ParNew
Desired survivor size 20112992 bytes, new threshold 8 (max 8)
- age   1:      16544 bytes,      16544 total
- age   2:        296 bytes,      16840 total
- age   3:       5216 bytes,      22056 total
- age   4:       9008 bytes,      31064 total
- age   5:        384 bytes,      31448 total
- age   8:         96 bytes,      31544 total
: 87458K->37K(109248K), 0.0808953 secs] 157878K->70457K(502464K), 0.0836801 secs] [Times: user=0.13 sys=0.04, real=0.08 secs] 
Heap after GC invocations=102 (full 1):
 par new generation   total 109248K, used 37K [0x00000007a0000000, 0x00000007a8000000, 0x00000007a8000000)
  eden space 87424K,   0% used [0x00000007a0000000, 0x00000007a0000000, 0x00000007a5560000)
  from space 21824K,   0% used [0x00000007a5560000, 0x00000007a5569518, 0x00000007a6ab0000)
  to   space 21824K,   0% used [0x00000007a6ab0000, 0x00000007a6ab0000, 0x00000007a8000000)
 concurrent mark-sweep generation total 393216K, used 70420K [0x00000007a8000000, 0x00000007c0000000, 0x00000007c0000000)
 Metaspace       used 43666K, capacity 44854K, committed 45060K, reserved 1089536K
  class space    used 5278K, capacity 5557K, committed 5676K, reserved 1048576K
}
2022-05-17T19:28:09.696+0800: 352927.095: Total time for which application threads were stopped: 0.1219314 seconds, Stopping threads took: 0.0050641 seconds
{Heap before GC invocations=102 (full 1):
 par new generation   total 109248K, used 87461K [0x00000007a0000000, 0x00000007a8000000, 0x00000007a8000000)
  eden space 87424K, 100% used [0x00000007a0000000, 0x00000007a5560000, 0x00000007a5560000)
  from space 21824K,   0% used [0x00000007a5560000, 0x00000007a5569518, 0x00000007a6ab0000)
  to   space 21824K,   0% used [0x00000007a6ab0000, 0x00000007a6ab0000, 0x00000007a8000000)
 concurrent mark-sweep generation total 393216K, used 70420K [0x00000007a8000000, 0x00000007c0000000, 0x00000007c0000000)
 Metaspace       used 43666K, capacity 44854K, committed 45060K, reserved 1089536K
  class space    used 5278K, capacity 5557K, committed 5676K, reserved 1048576K
2022-05-18T01:20:33.557+0800: 366012.160: [GC (Allocation Failure) 2022-05-18T01:20:33.558+0800: 366012.161: [ParNew
Desired survivor size 20112992 bytes, new threshold 8 (max 8)
- age   1:      29464 bytes,      29464 total
- age   3:        296 bytes,      29760 total
- age   4:       5216 bytes,      34976 total
- age   5:       9008 bytes,      43984 total
- age   6:        384 bytes,      44368 total
: 87461K->58K(109248K), 0.0461830 secs] 157881K->70479K(502464K), 0.0475566 secs] [Times: user=0.07 sys=0.02, real=0.05 secs] 
Heap after GC invocations=103 (full 1):
 par new generation   total 109248K, used 58K [0x00000007a0000000, 0x00000007a8000000, 0x00000007a8000000)
  eden space 87424K,   0% used [0x00000007a0000000, 0x00000007a0000000, 0x00000007a5560000)
  from space 21824K,   0% used [0x00000007a6ab0000, 0x00000007a6abea00, 0x00000007a8000000)
  to   space 21824K,   0% used [0x00000007a5560000, 0x00000007a5560000, 0x00000007a6ab0000)
 concurrent mark-sweep generation total 393216K, used 70420K [0x00000007a8000000, 0x00000007c0000000, 0x00000007c0000000)
 Metaspace       used 43666K, capacity 44854K, committed 45060K, reserved 1089536K
  class space    used 5278K, capacity 5557K, committed 5676K, reserved 1048576K
}
2022-05-18T01:20:33.605+0800: 366012.208: Total time for which application threads were stopped: 0.0625221 seconds, Stopping threads took: 0.0022175 seconds
{Heap before GC invocations=103 (full 1):
 par new generation   total 109248K, used 87482K [0x00000007a0000000, 0x00000007a8000000, 0x00000007a8000000)
  eden space 87424K, 100% used [0x00000007a0000000, 0x00000007a5560000, 0x00000007a5560000)
  from space 21824K,   0% used [0x00000007a6ab0000, 0x00000007a6abea00, 0x00000007a8000000)
  to   space 21824K,   0% used [0x00000007a5560000, 0x00000007a5560000, 0x00000007a6ab0000)
 concurrent mark-sweep generation total 393216K, used 70420K [0x00000007a8000000, 0x00000007c0000000, 0x00000007c0000000)
 Metaspace       used 43666K, capacity 44854K, committed 45060K, reserved 1089536K
  class space    used 5278K, capacity 5557K, committed 5676K, reserved 1048576K
2022-05-18T06:50:24.103+0800: 379156.584: [GC (Allocation Failure) 2022-05-18T06:50:24.105+0800: 379156.586: [ParNew
Desired survivor size 20112992 bytes, new threshold 8 (max 8)
- age   1:       8248 bytes,       8248 total
- age   4:        296 bytes,       8544 total
- age   5:       5216 bytes,      13760 total
- age   6:       9008 bytes,      22768 total
- age   7:        384 bytes,      23152 total
: 87482K->34K(109248K), 0.0495434 secs] 157903K->70454K(502464K), 0.0509602 secs] [Times: user=0.10 sys=0.04, real=0.05 secs] 
Heap after GC invocations=104 (full 1):
 par new generation   total 109248K, used 34K [0x00000007a0000000, 0x00000007a8000000, 0x00000007a8000000)
  eden space 87424K,   0% used [0x00000007a0000000, 0x00000007a0000000, 0x00000007a5560000)
  from space 21824K,   0% used [0x00000007a5560000, 0x00000007a5568880, 0x00000007a6ab0000)
  to   space 21824K,   0% used [0x00000007a6ab0000, 0x00000007a6ab0000, 0x00000007a8000000)
 concurrent mark-sweep generation total 393216K, used 70420K [0x00000007a8000000, 0x00000007c0000000, 0x00000007c0000000)
 Metaspace       used 43666K, capacity 44854K, committed 45060K, reserved 1089536K
  class space    used 5278K, capacity 5557K, committed 5676K, reserved 1048576K
}
2022-05-18T06:50:24.155+0800: 379156.635: Total time for which application threads were stopped: 0.0592020 seconds, Stopping threads took: 0.0004440 seconds
{Heap before GC invocations=104 (full 1):
 par new generation   total 109248K, used 87458K [0x00000007a0000000, 0x00000007a8000000, 0x00000007a8000000)
  eden space 87424K, 100% used [0x00000007a0000000, 0x00000007a5560000, 0x00000007a5560000)
  from space 21824K,   0% used [0x00000007a5560000, 0x00000007a5568880, 0x00000007a6ab0000)
  to   space 21824K,   0% used [0x00000007a6ab0000, 0x00000007a6ab0000, 0x00000007a8000000)
 concurrent mark-sweep generation total 393216K, used 70420K [0x00000007a8000000, 0x00000007c0000000, 0x00000007c0000000)
 Metaspace       used 43666K, capacity 44854K, committed 45060K, reserved 1089536K
  class space    used 5278K, capacity 5557K, committed 5676K, reserved 1048576K
2022-05-18T12:09:21.552+0800: 392240.582: [GC (Allocation Failure) 2022-05-18T12:09:21.555+0800: 392240.585: [ParNew
Desired survivor size 20112992 bytes, new threshold 8 (max 8)
- age   1:      24304 bytes,      24304 total
- age   5:        296 bytes,      24600 total
- age   6:       5216 bytes,      29816 total
- age   7:       9008 bytes,      38824 total
- age   8:        384 bytes,      39208 total
: 87458K->45K(109248K), 0.0265363 secs] 157878K->70465K(502464K), 0.0294715 secs] [Times: user=0.05 sys=0.03, real=0.03 secs] 
Heap after GC invocations=105 (full 1):
 par new generation   total 109248K, used 45K [0x00000007a0000000, 0x00000007a8000000, 0x00000007a8000000)
  eden space 87424K,   0% used [0x00000007a0000000, 0x00000007a0000000, 0x00000007a5560000)
  from space 21824K,   0% used [0x00000007a6ab0000, 0x00000007a6abb500, 0x00000007a8000000)
  to   space 21824K,   0% used [0x00000007a5560000, 0x00000007a5560000, 0x00000007a6ab0000)
 concurrent mark-sweep generation total 393216K, used 70420K [0x00000007a8000000, 0x00000007c0000000, 0x00000007c0000000)
 Metaspace       used 43666K, capacity 44854K, committed 45060K, reserved 1089536K
  class space    used 5278K, capacity 5557K, committed 5676K, reserved 1048576K
}
2022-05-18T12:09:21.582+0800: 392240.612: Total time for which application threads were stopped: 0.0376408 seconds, Stopping threads took: 0.0006541 seconds
{Heap before GC invocations=105 (full 1):
 par new generation   total 109248K, used 87469K [0x00000007a0000000, 0x00000007a8000000, 0x00000007a8000000)
  eden space 87424K, 100% used [0x00000007a0000000, 0x00000007a5560000, 0x00000007a5560000)
  from space 21824K,   0% used [0x00000007a6ab0000, 0x00000007a6abb500, 0x00000007a8000000)
  to   space 21824K,   0% used [0x00000007a5560000, 0x00000007a5560000, 0x00000007a6ab0000)
 concurrent mark-sweep generation total 393216K, used 70420K [0x00000007a8000000, 0x00000007c0000000, 0x00000007c0000000)
 Metaspace       used 43666K, capacity 44854K, committed 45060K, reserved 1089536K
  class space    used 5278K, capacity 5557K, committed 5676K, reserved 1048576K
2022-05-18T16:19:09.078+0800: 405324.606: [GC (Allocation Failure) 2022-05-18T16:19:09.079+0800: 405324.607: [ParNew
Desired survivor size 20112992 bytes, new threshold 8 (max 8)
- age   1:      16144 bytes,      16144 total
- age   6:        296 bytes,      16440 total
- age   7:       5216 bytes,      21656 total
- age   8:       9008 bytes,      30664 total
: 87469K->55K(109248K), 0.0272723 secs] 157889K->70476K(502464K), 0.0286432 secs] [Times: user=0.04 sys=0.03, real=0.03 secs] 
Heap after GC invocations=106 (full 1):
 par new generation   total 109248K, used 55K [0x00000007a0000000, 0x00000007a8000000, 0x00000007a8000000)
  eden space 87424K,   0% used [0x00000007a0000000, 0x00000007a0000000, 0x00000007a5560000)
  from space 21824K,   0% used [0x00000007a5560000, 0x00000007a556dcf0, 0x00000007a6ab0000)
  to   space 21824K,   0% used [0x00000007a6ab0000, 0x00000007a6ab0000, 0x00000007a8000000)
 concurrent mark-sweep generation total 393216K, used 70420K [0x00000007a8000000, 0x00000007c0000000, 0x00000007c0000000)
 Metaspace       used 43666K, capacity 44854K, committed 45060K, reserved 1089536K
  class space    used 5278K, capacity 5557K, committed 5676K, reserved 1048576K
}
2022-05-18T16:19:09.107+0800: 405324.635: Total time for which application threads were stopped: 0.0346610 seconds, Stopping threads took: 0.0005183 seconds
{Heap before GC invocations=106 (full 1):
 par new generation   total 109248K, used 87479K [0x00000007a0000000, 0x00000007a8000000, 0x00000007a8000000)
  eden space 87424K, 100% used [0x00000007a0000000, 0x00000007a5560000, 0x00000007a5560000)
  from space 21824K,   0% used [0x00000007a5560000, 0x00000007a556dcf0, 0x00000007a6ab0000)
  to   space 21824K,   0% used [0x00000007a6ab0000, 0x00000007a6ab0000, 0x00000007a8000000)
 concurrent mark-sweep generation total 393216K, used 70420K [0x00000007a8000000, 0x00000007c0000000, 0x00000007c0000000)
 Metaspace       used 43666K, capacity 44854K, committed 45060K, reserved 1089536K
  class space    used 5278K, capacity 5557K, committed 5676K, reserved 1048576K
2022-05-19T00:02:46.797+0800: 418469.114: [GC (Allocation Failure) 2022-05-19T00:02:46.799+0800: 418469.116: [ParNew
Desired survivor size 20112992 bytes, new threshold 8 (max 8)
- age   1:      13360 bytes,      13360 total
- age   7:        296 bytes,      13656 total
- age   8:       5216 bytes,      18872 total
: 87479K->27K(109248K), 0.0279389 secs] 157900K->70456K(502464K), 0.0296034 secs] [Times: user=0.05 sys=0.04, real=0.03 secs] 
Heap after GC invocations=107 (full 1):
 par new generation   total 109248K, used 27K [0x00000007a0000000, 0x00000007a8000000, 0x00000007a8000000)
  eden space 87424K,   0% used [0x00000007a0000000, 0x00000007a0000000, 0x00000007a5560000)
  from space 21824K,   0% used [0x00000007a6ab0000, 0x00000007a6ab6c00, 0x00000007a8000000)
  to   space 21824K,   0% used [0x00000007a5560000, 0x00000007a5560000, 0x00000007a6ab0000)
 concurrent mark-sweep generation total 393216K, used 70429K [0x00000007a8000000, 0x00000007c0000000, 0x00000007c0000000)
 Metaspace       used 43666K, capacity 44854K, committed 45060K, reserved 1089536K
  class space    used 5278K, capacity 5557K, committed 5676K, reserved 1048576K
}
2022-05-19T00:02:46.827+0800: 418469.144: Total time for which application threads were stopped: 0.0351888 seconds, Stopping threads took: 0.0005657 seconds
2022-05-20T15:09:14.761+0800: 423070.511: Total time for which application threads were stopped: 0.0063242 seconds, Stopping threads took: 0.0006503 seconds
{Heap before GC invocations=107 (full 1):
 par new generation   total 109248K, used 87451K [0x00000007a0000000, 0x00000007a8000000, 0x00000007a8000000)
  eden space 87424K, 100% used [0x00000007a0000000, 0x00000007a5560000, 0x00000007a5560000)
  from space 21824K,   0% used [0x00000007a6ab0000, 0x00000007a6ab6c00, 0x00000007a8000000)
  to   space 21824K,   0% used [0x00000007a5560000, 0x00000007a5560000, 0x00000007a6ab0000)
 concurrent mark-sweep generation total 393216K, used 70429K [0x00000007a8000000, 0x00000007c0000000, 0x00000007c0000000)
 Metaspace       used 43666K, capacity 44854K, committed 45060K, reserved 1089536K
  class space    used 5278K, capacity 5557K, committed 5676K, reserved 1048576K
2022-05-20T17:30:50.593+0800: 431553.947: [GC (Allocation Failure) 2022-05-20T17:30:50.595+0800: 431553.948: [ParNew
Desired survivor size 20112992 bytes, new threshold 8 (max 8)
- age   1:      29352 bytes,      29352 total
- age   8:        296 bytes,      29648 total
: 87451K->35K(109248K), 0.0488755 secs] 157880K->70470K(502464K), 0.0505750 secs] [Times: user=0.09 sys=0.03, real=0.05 secs] 
Heap after GC invocations=108 (full 1):
 par new generation   total 109248K, used 35K [0x00000007a0000000, 0x00000007a8000000, 0x00000007a8000000)
  eden space 87424K,   0% used [0x00000007a0000000, 0x00000007a0000000, 0x00000007a5560000)
  from space 21824K,   0% used [0x00000007a5560000, 0x00000007a5568ff0, 0x00000007a6ab0000)
  to   space 21824K,   0% used [0x00000007a6ab0000, 0x00000007a6ab0000, 0x00000007a8000000)
 concurrent mark-sweep generation total 393216K, used 70434K [0x00000007a8000000, 0x00000007c0000000, 0x00000007c0000000)
 Metaspace       used 43666K, capacity 44854K, committed 45060K, reserved 1089536K
  class space    used 5278K, capacity 5557K, committed 5676K, reserved 1048576K
}
2022-05-20T17:30:50.644+0800: 431553.997: Total time for which application threads were stopped: 0.0737333 seconds, Stopping threads took: 0.0011958 seconds
2022-05-20T21:41:39.537+0800: 441550.466: Total time for which application threads were stopped: 0.0060972 seconds, Stopping threads took: 0.0003981 seconds
{Heap before GC invocations=108 (full 1):
 par new generation   total 109248K, used 87459K [0x00000007a0000000, 0x00000007a8000000, 0x00000007a8000000)
  eden space 87424K, 100% used [0x00000007a0000000, 0x00000007a5560000, 0x00000007a5560000)
  from space 21824K,   0% used [0x00000007a5560000, 0x00000007a5568ff0, 0x00000007a6ab0000)
  to   space 21824K,   0% used [0x00000007a6ab0000, 0x00000007a6ab0000, 0x00000007a8000000)
 concurrent mark-sweep generation total 393216K, used 70434K [0x00000007a8000000, 0x00000007c0000000, 0x00000007c0000000)
 Metaspace       used 43666K, capacity 44854K, committed 45060K, reserved 1089536K
  class space    used 5278K, capacity 5557K, committed 5676K, reserved 1048576K
2022-05-22T09:30:55.966+0800: 444640.185: [GC (Allocation Failure) 2022-05-22T09:30:55.967+0800: 444640.187: [ParNew
Desired survivor size 20112992 bytes, new threshold 8 (max 8)
- age   1:       2176 bytes,       2176 total
: 87459K->24K(109248K), 0.0353389 secs] 157894K->70459K(502464K), 0.0386483 secs] [Times: user=0.06 sys=0.03, real=0.04 secs] 
Heap after GC invocations=109 (full 1):
 par new generation   total 109248K, used 24K [0x00000007a0000000, 0x00000007a8000000, 0x00000007a8000000)
  eden space 87424K,   0% used [0x00000007a0000000, 0x00000007a0000000, 0x00000007a5560000)
  from space 21824K,   0% used [0x00000007a6ab0000, 0x00000007a6ab6140, 0x00000007a8000000)
  to   space 21824K,   0% used [0x00000007a5560000, 0x00000007a5560000, 0x00000007a6ab0000)
 concurrent mark-sweep generation total 393216K, used 70435K [0x00000007a8000000, 0x00000007c0000000, 0x00000007c0000000)
 Metaspace       used 43666K, capacity 44854K, committed 45060K, reserved 1089536K
  class space    used 5278K, capacity 5557K, committed 5676K, reserved 1048576K
}
2022-05-22T09:30:56.005+0800: 444640.225: Total time for which application threads were stopped: 0.0477134 seconds, Stopping threads took: 0.0006512 seconds
{Heap before GC invocations=109 (full 1):
 par new generation   total 109248K, used 87448K [0x00000007a0000000, 0x00000007a8000000, 0x00000007a8000000)
  eden space 87424K, 100% used [0x00000007a0000000, 0x00000007a5560000, 0x00000007a5560000)
  from space 21824K,   0% used [0x00000007a6ab0000, 0x00000007a6ab6140, 0x00000007a8000000)
  to   space 21824K,   0% used [0x00000007a5560000, 0x00000007a5560000, 0x00000007a6ab0000)
 concurrent mark-sweep generation total 393216K, used 70435K [0x00000007a8000000, 0x00000007c0000000, 0x00000007c0000000)
 Metaspace       used 43666K, capacity 44854K, committed 45060K, reserved 1089536K
  class space    used 5278K, capacity 5557K, committed 5676K, reserved 1048576K
2022-05-22T16:34:27.833+0800: 457785.740: [GC (Allocation Failure) 2022-05-22T16:34:27.834+0800: 457785.741: [ParNew
Desired survivor size 20112992 bytes, new threshold 8 (max 8)
- age   1:      26120 bytes,      26120 total
- age   2:        240 bytes,      26360 total
: 87448K->30K(109248K), 0.0605510 secs] 157883K->70465K(502464K), 0.0619007 secs] [Times: user=0.09 sys=0.03, real=0.06 secs] 
Heap after GC invocations=110 (full 1):
 par new generation   total 109248K, used 30K [0x00000007a0000000, 0x00000007a8000000, 0x00000007a8000000)
  eden space 87424K,   0% used [0x00000007a0000000, 0x00000007a0000000, 0x00000007a5560000)
  from space 21824K,   0% used [0x00000007a5560000, 0x00000007a55678f0, 0x00000007a6ab0000)
  to   space 21824K,   0% used [0x00000007a6ab0000, 0x00000007a6ab0000, 0x00000007a8000000)
 concurrent mark-sweep generation total 393216K, used 70435K [0x00000007a8000000, 0x00000007c0000000, 0x00000007c0000000)
 Metaspace       used 43666K, capacity 44854K, committed 45060K, reserved 1089536K
  class space    used 5278K, capacity 5557K, committed 5676K, reserved 1048576K
}
2022-05-22T16:34:27.895+0800: 457785.802: Total time for which application threads were stopped: 0.0851204 seconds, Stopping threads took: 0.0031780 seconds
{Heap before GC invocations=110 (full 1):
 par new generation   total 109248K, used 87454K [0x00000007a0000000, 0x00000007a8000000, 0x00000007a8000000)
  eden space 87424K, 100% used [0x00000007a0000000, 0x00000007a5560000, 0x00000007a5560000)
  from space 21824K,   0% used [0x00000007a5560000, 0x00000007a55678f0, 0x00000007a6ab0000)
  to   space 21824K,   0% used [0x00000007a6ab0000, 0x00000007a6ab0000, 0x00000007a8000000)
 concurrent mark-sweep generation total 393216K, used 70435K [0x00000007a8000000, 0x00000007c0000000, 0x00000007c0000000)
 Metaspace       used 43666K, capacity 44854K, committed 45060K, reserved 1089536K
  class space    used 5278K, capacity 5557K, committed 5676K, reserved 1048576K
2022-05-22T22:06:04.608+0800: 470870.516: [GC (Allocation Failure) 2022-05-22T22:06:04.609+0800: 470870.517: [ParNew
Desired survivor size 20112992 bytes, new threshold 8 (max 8)
- age   1:      29496 bytes,      29496 total
- age   3:        240 bytes,      29736 total
: 87454K->46K(109248K), 0.0518516 secs] 157889K->70482K(502464K), 0.0539715 secs] [Times: user=0.09 sys=0.04, real=0.06 secs] 
Heap after GC invocations=111 (full 1):
 par new generation   total 109248K, used 46K [0x00000007a0000000, 0x00000007a8000000, 0x00000007a8000000)
  eden space 87424K,   0% used [0x00000007a0000000, 0x00000007a0000000, 0x00000007a5560000)
  from space 21824K,   0% used [0x00000007a6ab0000, 0x00000007a6abbbe0, 0x00000007a8000000)
  to   space 21824K,   0% used [0x00000007a5560000, 0x00000007a5560000, 0x00000007a6ab0000)
 concurrent mark-sweep generation total 393216K, used 70435K [0x00000007a8000000, 0x00000007c0000000, 0x00000007c0000000)
 Metaspace       used 43666K, capacity 44854K, committed 45060K, reserved 1089536K
  class space    used 5278K, capacity 5557K, committed 5676K, reserved 1048576K
}
2022-05-22T22:06:04.662+0800: 470870.570: Total time for which application threads were stopped: 0.0754972 seconds, Stopping threads took: 0.0020515 seconds
{Heap before GC invocations=111 (full 1):
 par new generation   total 109248K, used 87470K [0x00000007a0000000, 0x00000007a8000000, 0x00000007a8000000)
  eden space 87424K, 100% used [0x00000007a0000000, 0x00000007a5560000, 0x00000007a5560000)
  from space 21824K,   0% used [0x00000007a6ab0000, 0x00000007a6abbbe0, 0x00000007a8000000)
  to   space 21824K,   0% used [0x00000007a5560000, 0x00000007a5560000, 0x00000007a6ab0000)
 concurrent mark-sweep generation total 393216K, used 70435K [0x00000007a8000000, 0x00000007c0000000, 0x00000007c0000000)
 Metaspace       used 43666K, capacity 44854K, committed 45060K, reserved 1089536K
  class space    used 5278K, capacity 5557K, committed 5676K, reserved 1048576K
2022-05-23T03:23:44.521+0800: 484014.656: [GC (Allocation Failure) 2022-05-23T03:23:44.523+0800: 484014.657: [ParNew
Desired survivor size 20112992 bytes, new threshold 8 (max 8)
- age   1:       4216 bytes,       4216 total
- age   4:        240 bytes,       4456 total
: 87470K->15K(109248K), 0.0226480 secs] 157906K->70450K(502464K), 0.0244673 secs] [Times: user=0.04 sys=0.03, real=0.02 secs] 
Heap after GC invocations=112 (full 1):
 par new generation   total 109248K, used 15K [0x00000007a0000000, 0x00000007a8000000, 0x00000007a8000000)
  eden space 87424K,   0% used [0x00000007a0000000, 0x00000007a0000000, 0x00000007a5560000)
  from space 21824K,   0% used [0x00000007a5560000, 0x00000007a5563e58, 0x00000007a6ab0000)
  to   space 21824K,   0% used [0x00000007a6ab0000, 0x00000007a6ab0000, 0x00000007a8000000)
 concurrent mark-sweep generation total 393216K, used 70435K [0x00000007a8000000, 0x00000007c0000000, 0x00000007c0000000)
 Metaspace       used 43666K, capacity 44854K, committed 45060K, reserved 1089536K
  class space    used 5278K, capacity 5557K, committed 5676K, reserved 1048576K
}
2022-05-23T03:23:44.546+0800: 484014.681: Total time for which application threads were stopped: 0.0330686 seconds, Stopping threads took: 0.0020080 seconds
{Heap before GC invocations=112 (full 1):
 par new generation   total 109248K, used 87439K [0x00000007a0000000, 0x00000007a8000000, 0x00000007a8000000)
  eden space 87424K, 100% used [0x00000007a0000000, 0x00000007a5560000, 0x00000007a5560000)
  from space 21824K,   0% used [0x00000007a5560000, 0x00000007a5563e58, 0x00000007a6ab0000)
  to   space 21824K,   0% used [0x00000007a6ab0000, 0x00000007a6ab0000, 0x00000007a8000000)
 concurrent mark-sweep generation total 393216K, used 70435K [0x00000007a8000000, 0x00000007c0000000, 0x00000007c0000000)
 Metaspace       used 43666K, capacity 44854K, committed 45060K, reserved 1089536K
  class space    used 5278K, capacity 5557K, committed 5676K, reserved 1048576K
2022-05-23T07:58:50.708+0800: 497099.791: [GC (Allocation Failure) 2022-05-23T07:58:50.709+0800: 497099.792: [ParNew
Desired survivor size 20112992 bytes, new threshold 8 (max 8)
- age   1:      22664 bytes,      22664 total
- age   5:        240 bytes,      22904 total
: 87439K->28K(109248K), 0.0390442 secs] 157874K->70463K(502464K), 0.0404698 secs] [Times: user=0.08 sys=0.03, real=0.04 secs] 
Heap after GC invocations=113 (full 1):
 par new generation   total 109248K, used 28K [0x00000007a0000000, 0x00000007a8000000, 0x00000007a8000000)
  eden space 87424K,   0% used [0x00000007a0000000, 0x00000007a0000000, 0x00000007a5560000)
  from space 21824K,   0% used [0x00000007a6ab0000, 0x00000007a6ab70e0, 0x00000007a8000000)
  to   space 21824K,   0% used [0x00000007a5560000, 0x00000007a5560000, 0x00000007a6ab0000)
 concurrent mark-sweep generation total 393216K, used 70435K [0x00000007a8000000, 0x00000007c0000000, 0x00000007c0000000)
 Metaspace       used 43666K, capacity 44854K, committed 45060K, reserved 1089536K
  class space    used 5278K, capacity 5557K, committed 5676K, reserved 1048576K
}
2022-05-23T07:58:50.748+0800: 497099.831: Total time for which application threads were stopped: 0.0561036 seconds, Stopping threads took: 0.0005120 seconds
{Heap before GC invocations=113 (full 1):
 par new generation   total 109248K, used 87452K [0x00000007a0000000, 0x00000007a8000000, 0x00000007a8000000)
  eden space 87424K, 100% used [0x00000007a0000000, 0x00000007a5560000, 0x00000007a5560000)
  from space 21824K,   0% used [0x00000007a6ab0000, 0x00000007a6ab70e0, 0x00000007a8000000)
  to   space 21824K,   0% used [0x00000007a5560000, 0x00000007a5560000, 0x00000007a6ab0000)
 concurrent mark-sweep generation total 393216K, used 70435K [0x00000007a8000000, 0x00000007c0000000, 0x00000007c0000000)
 Metaspace       used 43666K, capacity 44854K, committed 45060K, reserved 1089536K
  class space    used 5278K, capacity 5557K, committed 5676K, reserved 1048576K
2022-05-23T12:45:32.962+0800: 510184.941: [GC (Allocation Failure) 2022-05-23T12:45:32.963+0800: 510184.942: [ParNew
Desired survivor size 20112992 bytes, new threshold 8 (max 8)
- age   1:      29360 bytes,      29360 total
- age   6:        240 bytes,      29600 total
: 87452K->44K(109248K), 0.0457526 secs] 157887K->70479K(502464K), 0.0470112 secs] [Times: user=0.09 sys=0.02, real=0.04 secs] 
Heap after GC invocations=114 (full 1):
 par new generation   total 109248K, used 44K [0x00000007a0000000, 0x00000007a8000000, 0x00000007a8000000)
  eden space 87424K,   0% used [0x00000007a0000000, 0x00000007a0000000, 0x00000007a5560000)
  from space 21824K,   0% used [0x00000007a5560000, 0x00000007a556b130, 0x00000007a6ab0000)
  to   space 21824K,   0% used [0x00000007a6ab0000, 0x00000007a6ab0000, 0x00000007a8000000)
 concurrent mark-sweep generation total 393216K, used 70435K [0x00000007a8000000, 0x00000007c0000000, 0x00000007c0000000)
 Metaspace       used 43666K, capacity 44854K, committed 45060K, reserved 1089536K
  class space    used 5278K, capacity 5557K, committed 5676K, reserved 1048576K
}
2022-05-23T12:45:33.009+0800: 510184.988: Total time for which application threads were stopped: 0.0552726 seconds, Stopping threads took: 0.0016579 seconds
{Heap before GC invocations=114 (full 1):
 par new generation   total 109248K, used 87468K [0x00000007a0000000, 0x00000007a8000000, 0x00000007a8000000)
  eden space 87424K, 100% used [0x00000007a0000000, 0x00000007a5560000, 0x00000007a5560000)
  from space 21824K,   0% used [0x00000007a5560000, 0x00000007a556b130, 0x00000007a6ab0000)
  to   space 21824K,   0% used [0x00000007a6ab0000, 0x00000007a6ab0000, 0x00000007a8000000)
 concurrent mark-sweep generation total 393216K, used 70435K [0x00000007a8000000, 0x00000007c0000000, 0x00000007c0000000)
 Metaspace       used 43666K, capacity 44854K, committed 45060K, reserved 1089536K
  class space    used 5278K, capacity 5557K, committed 5676K, reserved 1048576K
2022-05-23T16:55:44.116+0800: 523330.180: [GC (Allocation Failure) 2022-05-23T16:55:44.119+0800: 523330.182: [ParNew
Desired survivor size 20112992 bytes, new threshold 8 (max 8)
- age   1:       6040 bytes,       6040 total
- age   7:        240 bytes,       6280 total
: 87468K->14K(109248K), 0.0447987 secs] 157903K->70449K(502464K), 0.0469524 secs] [Times: user=0.11 sys=0.04, real=0.05 secs] 
Heap after GC invocations=115 (full 1):
 par new generation   total 109248K, used 14K [0x00000007a0000000, 0x00000007a8000000, 0x00000007a8000000)
  eden space 87424K,   0% used [0x00000007a0000000, 0x00000007a0000000, 0x00000007a5560000)
  from space 21824K,   0% used [0x00000007a6ab0000, 0x00000007a6ab3a48, 0x00000007a8000000)
  to   space 21824K,   0% used [0x00000007a5560000, 0x00000007a5560000, 0x00000007a6ab0000)
 concurrent mark-sweep generation total 393216K, used 70435K [0x00000007a8000000, 0x00000007c0000000, 0x00000007c0000000)
 Metaspace       used 43666K, capacity 44854K, committed 45060K, reserved 1089536K
  class space    used 5278K, capacity 5557K, committed 5676K, reserved 1048576K
}
2022-05-23T16:55:44.163+0800: 523330.227: Total time for which application threads were stopped: 0.0545865 seconds, Stopping threads took: 0.0004938 seconds
{Heap before GC invocations=115 (full 1):
 par new generation   total 109248K, used 87438K [0x00000007a0000000, 0x00000007a8000000, 0x00000007a8000000)
  eden space 87424K, 100% used [0x00000007a0000000, 0x00000007a5560000, 0x00000007a5560000)
  from space 21824K,   0% used [0x00000007a6ab0000, 0x00000007a6ab3a48, 0x00000007a8000000)
  to   space 21824K,   0% used [0x00000007a5560000, 0x00000007a5560000, 0x00000007a6ab0000)
 concurrent mark-sweep generation total 393216K, used 70435K [0x00000007a8000000, 0x00000007c0000000, 0x00000007c0000000)
 Metaspace       used 43666K, capacity 44854K, committed 45060K, reserved 1089536K
  class space    used 5278K, capacity 5557K, committed 5676K, reserved 1048576K
2022-05-23T21:32:14.922+0800: 536415.403: [GC (Allocation Failure) 2022-05-23T21:32:14.924+0800: 536415.404: [ParNew
Desired survivor size 20112992 bytes, new threshold 8 (max 8)
- age   1:      32888 bytes,      32888 total
- age   8:        240 bytes,      33128 total
: 87438K->36K(109248K), 0.0439115 secs] 157873K->70471K(502464K), 0.0455044 secs] [Times: user=0.08 sys=0.03, real=0.04 secs] 
Heap after GC invocations=116 (full 1):
 par new generation   total 109248K, used 36K [0x00000007a0000000, 0x00000007a8000000, 0x00000007a8000000)
  eden space 87424K,   0% used [0x00000007a0000000, 0x00000007a0000000, 0x00000007a5560000)
  from space 21824K,   0% used [0x00000007a5560000, 0x00000007a5569120, 0x00000007a6ab0000)
  to   space 21824K,   0% used [0x00000007a6ab0000, 0x00000007a6ab0000, 0x00000007a8000000)
 concurrent mark-sweep generation total 393216K, used 70435K [0x00000007a8000000, 0x00000007c0000000, 0x00000007c0000000)
 Metaspace       used 43666K, capacity 44854K, committed 45060K, reserved 1089536K
  class space    used 5278K, capacity 5557K, committed 5676K, reserved 1048576K
}
2022-05-23T21:32:14.968+0800: 536415.448: Total time for which application threads were stopped: 0.0599424 seconds, Stopping threads took: 0.0010095 seconds
{Heap before GC invocations=116 (full 1):
 par new generation   total 109248K, used 87460K [0x00000007a0000000, 0x00000007a8000000, 0x00000007a8000000)
  eden space 87424K, 100% used [0x00000007a0000000, 0x00000007a5560000, 0x00000007a5560000)
  from space 21824K,   0% used [0x00000007a5560000, 0x00000007a5569120, 0x00000007a6ab0000)
  to   space 21824K,   0% used [0x00000007a6ab0000, 0x00000007a6ab0000, 0x00000007a8000000)
 concurrent mark-sweep generation total 393216K, used 70435K [0x00000007a8000000, 0x00000007c0000000, 0x00000007c0000000)
 Metaspace       used 43666K, capacity 44854K, committed 45060K, reserved 1089536K
  class space    used 5278K, capacity 5557K, committed 5676K, reserved 1048576K
2022-05-24T22:39:01.274+0800: 549501.036: [GC (Allocation Failure) 2022-05-24T22:39:01.275+0800: 549501.038: [ParNew
Desired survivor size 20112992 bytes, new threshold 8 (max 8)
- age   1:      16264 bytes,      16264 total
: 87460K->37K(109248K), 0.0763340 secs] 157895K->70473K(502464K), 0.0781278 secs] [Times: user=0.12 sys=0.05, real=0.08 secs] 
Heap after GC invocations=117 (full 1):
 par new generation   total 109248K, used 37K [0x00000007a0000000, 0x00000007a8000000, 0x00000007a8000000)
  eden space 87424K,   0% used [0x00000007a0000000, 0x00000007a0000000, 0x00000007a5560000)
  from space 21824K,   0% used [0x00000007a6ab0000, 0x00000007a6ab9780, 0x00000007a8000000)
  to   space 21824K,   0% used [0x00000007a5560000, 0x00000007a5560000, 0x00000007a6ab0000)
 concurrent mark-sweep generation total 393216K, used 70435K [0x00000007a8000000, 0x00000007c0000000, 0x00000007c0000000)
 Metaspace       used 43666K, capacity 44854K, committed 45060K, reserved 1089536K
  class space    used 5278K, capacity 5557K, committed 5676K, reserved 1048576K
}
2022-05-24T22:39:01.352+0800: 549501.115: Total time for which application threads were stopped: 0.0959484 seconds, Stopping threads took: 0.0023509 seconds
{Heap before GC invocations=117 (full 1):
 par new generation   total 109248K, used 87461K [0x00000007a0000000, 0x00000007a8000000, 0x00000007a8000000)
  eden space 87424K,  99% used [0x00000007a0000000, 0x00000007a555ffc0, 0x00000007a5560000)
  from space 21824K,   0% used [0x00000007a6ab0000, 0x00000007a6ab9780, 0x00000007a8000000)
  to   space 21824K,   0% used [0x00000007a5560000, 0x00000007a5560000, 0x00000007a6ab0000)
 concurrent mark-sweep generation total 393216K, used 70435K [0x00000007a8000000, 0x00000007c0000000, 0x00000007c0000000)
 Metaspace       used 43666K, capacity 44854K, committed 45060K, reserved 1089536K
  class space    used 5278K, capacity 5557K, committed 5676K, reserved 1048576K
2022-05-25T02:19:22.461+0800: 562646.132: [GC (Allocation Failure) 2022-05-25T02:19:22.463+0800: 562646.134: [ParNew
Desired survivor size 20112992 bytes, new threshold 8 (max 8)
- age   1:      20744 bytes,      20744 total
: 87461K->26K(109248K), 0.0263048 secs] 157897K->70461K(502464K), 0.0279220 secs] [Times: user=0.05 sys=0.03, real=0.02 secs] 
Heap after GC invocations=118 (full 1):
 par new generation   total 109248K, used 26K [0x00000007a0000000, 0x00000007a8000000, 0x00000007a8000000)
  eden space 87424K,   0% used [0x00000007a0000000, 0x00000007a0000000, 0x00000007a5560000)
  from space 21824K,   0% used [0x00000007a5560000, 0x00000007a5566840, 0x00000007a6ab0000)
  to   space 21824K,   0% used [0x00000007a6ab0000, 0x00000007a6ab0000, 0x00000007a8000000)
 concurrent mark-sweep generation total 393216K, used 70435K [0x00000007a8000000, 0x00000007c0000000, 0x00000007c0000000)
 Metaspace       used 43666K, capacity 44854K, committed 45060K, reserved 1089536K
  class space    used 5278K, capacity 5557K, committed 5676K, reserved 1048576K
}
2022-05-25T02:19:22.490+0800: 562646.161: Total time for which application threads were stopped: 0.0366935 seconds, Stopping threads took: 0.0005558 seconds
{Heap before GC invocations=118 (full 1):
 par new generation   total 109248K, used 87450K [0x00000007a0000000, 0x00000007a8000000, 0x00000007a8000000)
  eden space 87424K, 100% used [0x00000007a0000000, 0x00000007a5560000, 0x00000007a5560000)
  from space 21824K,   0% used [0x00000007a5560000, 0x00000007a5566840, 0x00000007a6ab0000)
  to   space 21824K,   0% used [0x00000007a6ab0000, 0x00000007a6ab0000, 0x00000007a8000000)
 concurrent mark-sweep generation total 393216K, used 70435K [0x00000007a8000000, 0x00000007c0000000, 0x00000007c0000000)
 Metaspace       used 43666K, capacity 44854K, committed 45060K, reserved 1089536K
  class space    used 5278K, capacity 5557K, committed 5676K, reserved 1048576K
2022-05-25T10:51:26.197+0800: 575731.309: [GC (Allocation Failure) 2022-05-25T10:51:26.198+0800: 575731.310: [ParNew
Desired survivor size 20112992 bytes, new threshold 8 (max 8)
- age   1:      29352 bytes,      29352 total
: 87450K->43K(109248K), 0.0674267 secs] 157885K->70478K(502464K), 0.0690862 secs] [Times: user=0.09 sys=0.04, real=0.07 secs] 
Heap after GC invocations=119 (full 1):
 par new generation   total 109248K, used 43K [0x00000007a0000000, 0x00000007a8000000, 0x00000007a8000000)
  eden space 87424K,   0% used [0x00000007a0000000, 0x00000007a0000000, 0x00000007a5560000)
  from space 21824K,   0% used [0x00000007a6ab0000, 0x00000007a6abae10, 0x00000007a8000000)
  to   space 21824K,   0% used [0x00000007a5560000, 0x00000007a5560000, 0x00000007a6ab0000)
 concurrent mark-sweep generation total 393216K, used 70435K [0x00000007a8000000, 0x00000007c0000000, 0x00000007c0000000)
 Metaspace       used 43666K, capacity 44854K, committed 45060K, reserved 1089536K
  class space    used 5278K, capacity 5557K, committed 5676K, reserved 1048576K
}
2022-05-25T10:51:26.266+0800: 575731.378: Total time for which application threads were stopped: 0.0989971 seconds, Stopping threads took: 0.0023361 seconds
{Heap before GC invocations=119 (full 1):
 par new generation   total 109248K, used 87467K [0x00000007a0000000, 0x00000007a8000000, 0x00000007a8000000)
  eden space 87424K, 100% used [0x00000007a0000000, 0x00000007a5560000, 0x00000007a5560000)
  from space 21824K,   0% used [0x00000007a6ab0000, 0x00000007a6abae10, 0x00000007a8000000)
  to   space 21824K,   0% used [0x00000007a5560000, 0x00000007a5560000, 0x00000007a6ab0000)
 concurrent mark-sweep generation total 393216K, used 70435K [0x00000007a8000000, 0x00000007c0000000, 0x00000007c0000000)
 Metaspace       used 43666K, capacity 44854K, committed 45060K, reserved 1089536K
  class space    used 5278K, capacity 5557K, committed 5676K, reserved 1048576K
2022-05-25T16:19:27.435+0800: 588876.814: [GC (Allocation Failure) 2022-05-25T16:19:27.436+0800: 588876.815: [ParNew
Desired survivor size 20112992 bytes, new threshold 8 (max 8)
- age   1:       1912 bytes,       1912 total
: 87467K->11K(109248K), 0.0463665 secs] 157902K->70446K(502464K), 0.0476861 secs] [Times: user=0.09 sys=0.03, real=0.05 secs] 
Heap after GC invocations=120 (full 1):
 par new generation   total 109248K, used 11K [0x00000007a0000000, 0x00000007a8000000, 0x00000007a8000000)
  eden space 87424K,   0% used [0x00000007a0000000, 0x00000007a0000000, 0x00000007a5560000)
  from space 21824K,   0% used [0x00000007a5560000, 0x00000007a5562e00, 0x00000007a6ab0000)
  to   space 21824K,   0% used [0x00000007a6ab0000, 0x00000007a6ab0000, 0x00000007a8000000)
 concurrent mark-sweep generation total 393216K, used 70435K [0x00000007a8000000, 0x00000007c0000000, 0x00000007c0000000)
 Metaspace       used 43666K, capacity 44854K, committed 45060K, reserved 1089536K
  class space    used 5278K, capacity 5557K, committed 5676K, reserved 1048576K
}
2022-05-25T16:19:27.483+0800: 588876.862: Total time for which application threads were stopped: 0.0621117 seconds, Stopping threads took: 0.0014049 seconds
{Heap before GC invocations=120 (full 1):
 par new generation   total 109248K, used 87435K [0x00000007a0000000, 0x00000007a8000000, 0x00000007a8000000)
  eden space 87424K, 100% used [0x00000007a0000000, 0x00000007a5560000, 0x00000007a5560000)
  from space 21824K,   0% used [0x00000007a5560000, 0x00000007a5562e00, 0x00000007a6ab0000)
  to   space 21824K,   0% used [0x00000007a6ab0000, 0x00000007a6ab0000, 0x00000007a8000000)
 concurrent mark-sweep generation total 393216K, used 70435K [0x00000007a8000000, 0x00000007c0000000, 0x00000007c0000000)
 Metaspace       used 43666K, capacity 44854K, committed 45060K, reserved 1089536K
  class space    used 5278K, capacity 5557K, committed 5676K, reserved 1048576K
2022-05-26T09:52:40.563+0800: 601961.616: [GC (Allocation Failure) 2022-05-26T09:52:40.564+0800: 601961.617: [ParNew
Desired survivor size 20112992 bytes, new threshold 8 (max 8)
- age   1:      22096 bytes,      22096 total
: 87435K->28K(109248K), 0.0267497 secs] 157870K->70463K(502464K), 0.0287686 secs] [Times: user=0.05 sys=0.03, real=0.03 secs] 
Heap after GC invocations=121 (full 1):
 par new generation   total 109248K, used 28K [0x00000007a0000000, 0x00000007a8000000, 0x00000007a8000000)
  eden space 87424K,   0% used [0x00000007a0000000, 0x00000007a0000000, 0x00000007a5560000)
  from space 21824K,   0% used [0x00000007a6ab0000, 0x00000007a6ab70e0, 0x00000007a8000000)
  to   space 21824K,   0% used [0x00000007a5560000, 0x00000007a5560000, 0x00000007a6ab0000)
 concurrent mark-sweep generation total 393216K, used 70435K [0x00000007a8000000, 0x00000007c0000000, 0x00000007c0000000)
 Metaspace       used 43666K, capacity 44854K, committed 45060K, reserved 1089536K
  class space    used 5278K, capacity 5557K, committed 5676K, reserved 1048576K
}
2022-05-26T09:52:40.592+0800: 601961.645: Total time for which application threads were stopped: 0.0383831 seconds, Stopping threads took: 0.0005765 seconds
{Heap before GC invocations=121 (full 1):
 par new generation   total 109248K, used 87452K [0x00000007a0000000, 0x00000007a8000000, 0x00000007a8000000)
  eden space 87424K, 100% used [0x00000007a0000000, 0x00000007a5560000, 0x00000007a5560000)
  from space 21824K,   0% used [0x00000007a6ab0000, 0x00000007a6ab70e0, 0x00000007a8000000)
  to   space 21824K,   0% used [0x00000007a5560000, 0x00000007a5560000, 0x00000007a6ab0000)
 concurrent mark-sweep generation total 393216K, used 70435K [0x00000007a8000000, 0x00000007c0000000, 0x00000007c0000000)
 Metaspace       used 43666K, capacity 44854K, committed 45060K, reserved 1089536K
  class space    used 5278K, capacity 5557K, committed 5676K, reserved 1048576K
2022-05-26T15:22:12.357+0800: 615050.179: [GC (Allocation Failure) 2022-05-26T15:22:12.359+0800: 615050.181: [ParNew
Desired survivor size 20112992 bytes, new threshold 8 (max 8)
- age   1:      29432 bytes,      29432 total
: 87452K->33K(109248K), 0.0545876 secs] 157887K->70468K(502464K), 0.0573721 secs] [Times: user=0.09 sys=0.03, real=0.06 secs] 
Heap after GC invocations=122 (full 1):
 par new generation   total 109248K, used 33K [0x00000007a0000000, 0x00000007a8000000, 0x00000007a8000000)
  eden space 87424K,   0% used [0x00000007a0000000, 0x00000007a0000000, 0x00000007a5560000)
  from space 21824K,   0% used [0x00000007a5560000, 0x00000007a5568520, 0x00000007a6ab0000)
  to   space 21824K,   0% used [0x00000007a6ab0000, 0x00000007a6ab0000, 0x00000007a8000000)
 concurrent mark-sweep generation total 393216K, used 70435K [0x00000007a8000000, 0x00000007c0000000, 0x00000007c0000000)
 Metaspace       used 43666K, capacity 44854K, committed 45060K, reserved 1089536K
  class space    used 5278K, capacity 5557K, committed 5676K, reserved 1048576K
}
2022-05-26T15:22:12.414+0800: 615050.236: Total time for which application threads were stopped: 0.0690959 seconds, Stopping threads took: 0.0017633 seconds
{Heap before GC invocations=122 (full 1):
 par new generation   total 109248K, used 87457K [0x00000007a0000000, 0x00000007a8000000, 0x00000007a8000000)
  eden space 87424K, 100% used [0x00000007a0000000, 0x00000007a5560000, 0x00000007a5560000)
  from space 21824K,   0% used [0x00000007a5560000, 0x00000007a5568520, 0x00000007a6ab0000)
  to   space 21824K,   0% used [0x00000007a6ab0000, 0x00000007a6ab0000, 0x00000007a8000000)
 concurrent mark-sweep generation total 393216K, used 70435K [0x00000007a8000000, 0x00000007c0000000, 0x00000007c0000000)
 Metaspace       used 43666K, capacity 44854K, committed 45060K, reserved 1089536K
  class space    used 5278K, capacity 5557K, committed 5676K, reserved 1048576K
2022-05-26T20:28:27.919+0800: 628044.369: [GC (Allocation Failure) 2022-05-26T20:28:27.921+0800: 628044.371: [ParNew
Desired survivor size 20112992 bytes, new threshold 8 (max 8)
- age   1:       1136 bytes,       1136 total
: 87457K->23K(109248K), 0.0448682 secs] 157892K->70459K(502464K), 0.0468807 secs] [Times: user=0.06 sys=0.02, real=0.05 secs] 
Heap after GC invocations=123 (full 1):
 par new generation   total 109248K, used 23K [0x00000007a0000000, 0x00000007a8000000, 0x00000007a8000000)
  eden space 87424K,   0% used [0x00000007a0000000, 0x00000007a0000000, 0x00000007a5560000)
  from space 21824K,   0% used [0x00000007a6ab0000, 0x00000007a6ab5f20, 0x00000007a8000000)
  to   space 21824K,   0% used [0x00000007a5560000, 0x00000007a5560000, 0x00000007a6ab0000)
 concurrent mark-sweep generation total 393216K, used 70435K [0x00000007a8000000, 0x00000007c0000000, 0x00000007c0000000)
 Metaspace       used 43666K, capacity 44854K, committed 45060K, reserved 1089536K
  class space    used 5278K, capacity 5557K, committed 5676K, reserved 1048576K
}
2022-05-26T20:28:27.966+0800: 628044.416: Total time for which application threads were stopped: 0.0572197 seconds, Stopping threads took: 0.0017507 seconds
{Heap before GC invocations=123 (full 1):
 par new generation   total 109248K, used 87447K [0x00000007a0000000, 0x00000007a8000000, 0x00000007a8000000)
  eden space 87424K, 100% used [0x00000007a0000000, 0x00000007a5560000, 0x00000007a5560000)
  from space 21824K,   0% used [0x00000007a6ab0000, 0x00000007a6ab5f20, 0x00000007a8000000)
  to   space 21824K,   0% used [0x00000007a5560000, 0x00000007a5560000, 0x00000007a6ab0000)
 concurrent mark-sweep generation total 393216K, used 70435K [0x00000007a8000000, 0x00000007c0000000, 0x00000007c0000000)
 Metaspace       used 43666K, capacity 44854K, committed 45060K, reserved 1089536K
  class space    used 5278K, capacity 5557K, committed 5676K, reserved 1048576K
2022-05-28T10:30:05.479+0800: 641161.439: [GC (Allocation Failure) 2022-05-28T10:30:05.481+0800: 641161.441: [ParNew
Desired survivor size 20112992 bytes, new threshold 8 (max 8)
- age   1:      16296 bytes,      16296 total
: 87447K->22K(109248K), 0.0429500 secs] 157883K->70457K(502464K), 0.0449009 secs] [Times: user=0.10 sys=0.04, real=0.05 secs] 
Heap after GC invocations=124 (full 1):
 par new generation   total 109248K, used 22K [0x00000007a0000000, 0x00000007a8000000, 0x00000007a8000000)
  eden space 87424K,   0% used [0x00000007a0000000, 0x00000007a0000000, 0x00000007a5560000)
  from space 21824K,   0% used [0x00000007a5560000, 0x00000007a55658b0, 0x00000007a6ab0000)
  to   space 21824K,   0% used [0x00000007a6ab0000, 0x00000007a6ab0000, 0x00000007a8000000)
 concurrent mark-sweep generation total 393216K, used 70435K [0x00000007a8000000, 0x00000007c0000000, 0x00000007c0000000)
 Metaspace       used 43666K, capacity 44854K, committed 45060K, reserved 1089536K
  class space    used 5278K, capacity 5557K, committed 5676K, reserved 1048576K
}
2022-05-28T10:30:05.524+0800: 641161.484: Total time for which application threads were stopped: 0.0546618 seconds, Stopping threads took: 0.0011392 seconds
{Heap before GC invocations=124 (full 1):
 par new generation   total 109248K, used 87446K [0x00000007a0000000, 0x00000007a8000000, 0x00000007a8000000)
  eden space 87424K, 100% used [0x00000007a0000000, 0x00000007a5560000, 0x00000007a5560000)
  from space 21824K,   0% used [0x00000007a5560000, 0x00000007a55658b0, 0x00000007a6ab0000)
  to   space 21824K,   0% used [0x00000007a6ab0000, 0x00000007a6ab0000, 0x00000007a8000000)
 concurrent mark-sweep generation total 393216K, used 70435K [0x00000007a8000000, 0x00000007c0000000, 0x00000007c0000000)
 Metaspace       used 43666K, capacity 44854K, committed 45060K, reserved 1089536K
  class space    used 5278K, capacity 5557K, committed 5676K, reserved 1048576K
2022-05-28T14:43:22.907+0800: 654247.866: [GC (Allocation Failure) 2022-05-28T14:43:22.908+0800: 654247.868: [ParNew
Desired survivor size 20112992 bytes, new threshold 8 (max 8)
- age   1:      29432 bytes,      29432 total
: 87446K->34K(109248K), 0.0532989 secs] 157881K->70469K(502464K), 0.0549995 secs] [Times: user=0.09 sys=0.04, real=0.06 secs] 
Heap after GC invocations=125 (full 1):
 par new generation   total 109248K, used 34K [0x00000007a0000000, 0x00000007a8000000, 0x00000007a8000000)
  eden space 87424K,   0% used [0x00000007a0000000, 0x00000007a0000000, 0x00000007a5560000)
  from space 21824K,   0% used [0x00000007a6ab0000, 0x00000007a6ab8910, 0x00000007a8000000)
  to   space 21824K,   0% used [0x00000007a5560000, 0x00000007a5560000, 0x00000007a6ab0000)
 concurrent mark-sweep generation total 393216K, used 70435K [0x00000007a8000000, 0x00000007c0000000, 0x00000007c0000000)
 Metaspace       used 43666K, capacity 44854K, committed 45060K, reserved 1089536K
  class space    used 5278K, capacity 5557K, committed 5676K, reserved 1048576K
}
2022-05-28T14:43:22.962+0800: 654247.922: Total time for which application threads were stopped: 0.0718337 seconds, Stopping threads took: 0.0020363 seconds
{Heap before GC invocations=125 (full 1):
 par new generation   total 109248K, used 87458K [0x00000007a0000000, 0x00000007a8000000, 0x00000007a8000000)
  eden space 87424K, 100% used [0x00000007a0000000, 0x00000007a5560000, 0x00000007a5560000)
  from space 21824K,   0% used [0x00000007a6ab0000, 0x00000007a6ab8910, 0x00000007a8000000)
  to   space 21824K,   0% used [0x00000007a5560000, 0x00000007a5560000, 0x00000007a6ab0000)
 concurrent mark-sweep generation total 393216K, used 70435K [0x00000007a8000000, 0x00000007c0000000, 0x00000007c0000000)
 Metaspace       used 43666K, capacity 44854K, committed 45060K, reserved 1089536K
  class space    used 5278K, capacity 5557K, committed 5676K, reserved 1048576K
2022-05-29T00:19:37.394+0800: 667393.562: [GC (Allocation Failure) 2022-05-29T00:19:37.396+0800: 667393.563: [ParNew
Desired survivor size 20112992 bytes, new threshold 8 (max 8)
- age   1:       8224 bytes,       8224 total
: 87458K->29K(109248K), 0.0543708 secs] 157893K->70464K(502464K), 0.0561853 secs] [Times: user=0.09 sys=0.04, real=0.06 secs] 
Heap after GC invocations=126 (full 1):
 par new generation   total 109248K, used 29K [0x00000007a0000000, 0x00000007a8000000, 0x00000007a8000000)
  eden space 87424K,   0% used [0x00000007a0000000, 0x00000007a0000000, 0x00000007a5560000)
  from space 21824K,   0% used [0x00000007a5560000, 0x00000007a5567530, 0x00000007a6ab0000)
  to   space 21824K,   0% used [0x00000007a6ab0000, 0x00000007a6ab0000, 0x00000007a8000000)
 concurrent mark-sweep generation total 393216K, used 70435K [0x00000007a8000000, 0x00000007c0000000, 0x00000007c0000000)
 Metaspace       used 43666K, capacity 44854K, committed 45060K, reserved 1089536K
  class space    used 5278K, capacity 5557K, committed 5676K, reserved 1048576K
}
2022-05-29T00:19:37.450+0800: 667393.618: Total time for which application threads were stopped: 0.0695866 seconds, Stopping threads took: 0.0017892 seconds
{Heap before GC invocations=126 (full 1):
 par new generation   total 109248K, used 87453K [0x00000007a0000000, 0x00000007a8000000, 0x00000007a8000000)
  eden space 87424K, 100% used [0x00000007a0000000, 0x00000007a5560000, 0x00000007a5560000)
  from space 21824K,   0% used [0x00000007a5560000, 0x00000007a5567530, 0x00000007a6ab0000)
  to   space 21824K,   0% used [0x00000007a6ab0000, 0x00000007a6ab0000, 0x00000007a8000000)
 concurrent mark-sweep generation total 393216K, used 70435K [0x00000007a8000000, 0x00000007c0000000, 0x00000007c0000000)
 Metaspace       used 43666K, capacity 44854K, committed 45060K, reserved 1089536K
  class space    used 5278K, capacity 5557K, committed 5676K, reserved 1048576K
2022-05-29T07:06:07.719+0800: 680478.252: [GC (Allocation Failure) 2022-05-29T07:06:07.721+0800: 680478.253: [ParNew
Desired survivor size 20112992 bytes, new threshold 8 (max 8)
- age   1:      24232 bytes,      24232 total
: 87453K->28K(109248K), 0.0191607 secs] 157888K->70463K(502464K), 0.0209798 secs] [Times: user=0.03 sys=0.02, real=0.03 secs] 
Heap after GC invocations=127 (full 1):
 par new generation   total 109248K, used 28K [0x00000007a0000000, 0x00000007a8000000, 0x00000007a8000000)
  eden space 87424K,   0% used [0x00000007a0000000, 0x00000007a0000000, 0x00000007a5560000)
  from space 21824K,   0% used [0x00000007a6ab0000, 0x00000007a6ab70e0, 0x00000007a8000000)
  to   space 21824K,   0% used [0x00000007a5560000, 0x00000007a5560000, 0x00000007a6ab0000)
 concurrent mark-sweep generation total 393216K, used 70435K [0x00000007a8000000, 0x00000007c0000000, 0x00000007c0000000)
 Metaspace       used 43666K, capacity 44854K, committed 45060K, reserved 1089536K
  class space    used 5278K, capacity 5557K, committed 5676K, reserved 1048576K
}
2022-05-29T07:06:07.741+0800: 680478.273: Total time for which application threads were stopped: 0.0292579 seconds, Stopping threads took: 0.0010070 seconds
{Heap before GC invocations=127 (full 1):
 par new generation   total 109248K, used 87452K [0x00000007a0000000, 0x00000007a8000000, 0x00000007a8000000)
  eden space 87424K, 100% used [0x00000007a0000000, 0x00000007a5560000, 0x00000007a5560000)
  from space 21824K,   0% used [0x00000007a6ab0000, 0x00000007a6ab70e0, 0x00000007a8000000)
  to   space 21824K,   0% used [0x00000007a5560000, 0x00000007a5560000, 0x00000007a6ab0000)
 concurrent mark-sweep generation total 393216K, used 70435K [0x00000007a8000000, 0x00000007c0000000, 0x00000007c0000000)
 Metaspace       used 43666K, capacity 44854K, committed 45060K, reserved 1089536K
  class space    used 5278K, capacity 5557K, committed 5676K, reserved 1048576K
2022-05-29T12:53:38.108+0800: 693563.163: [GC (Allocation Failure) 2022-05-29T12:53:38.109+0800: 693563.164: [ParNew
Desired survivor size 20112992 bytes, new threshold 8 (max 8)
- age   1:      16248 bytes,      16248 total
: 87452K->34K(109248K), 0.0419120 secs] 157887K->70469K(502464K), 0.0435572 secs] [Times: user=0.07 sys=0.04, real=0.05 secs] 
Heap after GC invocations=128 (full 1):
 par new generation   total 109248K, used 34K [0x00000007a0000000, 0x00000007a8000000, 0x00000007a8000000)
  eden space 87424K,   0% used [0x00000007a0000000, 0x00000007a0000000, 0x00000007a5560000)
  from space 21824K,   0% used [0x00000007a5560000, 0x00000007a5568848, 0x00000007a6ab0000)
  to   space 21824K,   0% used [0x00000007a6ab0000, 0x00000007a6ab0000, 0x00000007a8000000)
 concurrent mark-sweep generation total 393216K, used 70435K [0x00000007a8000000, 0x00000007c0000000, 0x00000007c0000000)
 Metaspace       used 43666K, capacity 44854K, committed 45060K, reserved 1089536K
  class space    used 5278K, capacity 5557K, committed 5676K, reserved 1048576K
}
2022-05-29T12:53:38.152+0800: 693563.206: Total time for which application threads were stopped: 0.0531395 seconds, Stopping threads took: 0.0024148 seconds
{Heap before GC invocations=128 (full 1):
 par new generation   total 109248K, used 87458K [0x00000007a0000000, 0x00000007a8000000, 0x00000007a8000000)
  eden space 87424K, 100% used [0x00000007a0000000, 0x00000007a5560000, 0x00000007a5560000)
  from space 21824K,   0% used [0x00000007a5560000, 0x00000007a5568848, 0x00000007a6ab0000)
  to   space 21824K,   0% used [0x00000007a6ab0000, 0x00000007a6ab0000, 0x00000007a8000000)
 concurrent mark-sweep generation total 393216K, used 70435K [0x00000007a8000000, 0x00000007c0000000, 0x00000007c0000000)
 Metaspace       used 43666K, capacity 44854K, committed 45060K, reserved 1089536K
  class space    used 5278K, capacity 5557K, committed 5676K, reserved 1048576K
2022-05-29T17:22:45.649+0800: 706707.985: [GC (Allocation Failure) 2022-05-29T17:22:45.650+0800: 706707.986: [ParNew
Desired survivor size 20112992 bytes, new threshold 8 (max 8)
- age   1:      13320 bytes,      13320 total
: 87458K->20K(109248K), 0.0534130 secs] 157893K->70455K(502464K), 0.0548770 secs] [Times: user=0.10 sys=0.04, real=0.06 secs] 
Heap after GC invocations=129 (full 1):
 par new generation   total 109248K, used 20K [0x00000007a0000000, 0x00000007a8000000, 0x00000007a8000000)
  eden space 87424K,   0% used [0x00000007a0000000, 0x00000007a0000000, 0x00000007a5560000)
  from space 21824K,   0% used [0x00000007a6ab0000, 0x00000007a6ab50a0, 0x00000007a8000000)
  to   space 21824K,   0% used [0x00000007a5560000, 0x00000007a5560000, 0x00000007a6ab0000)
 concurrent mark-sweep generation total 393216K, used 70435K [0x00000007a8000000, 0x00000007c0000000, 0x00000007c0000000)
 Metaspace       used 43666K, capacity 44854K, committed 45060K, reserved 1089536K
  class space    used 5278K, capacity 5557K, committed 5676K, reserved 1048576K
}
2022-05-29T17:22:45.704+0800: 706708.040: Total time for which application threads were stopped: 0.0630267 seconds, Stopping threads took: 0.0014262 seconds
{Heap before GC invocations=129 (full 1):
 par new generation   total 109248K, used 87444K [0x00000007a0000000, 0x00000007a8000000, 0x00000007a8000000)
  eden space 87424K, 100% used [0x00000007a0000000, 0x00000007a5560000, 0x00000007a5560000)
  from space 21824K,   0% used [0x00000007a6ab0000, 0x00000007a6ab50a0, 0x00000007a8000000)
  to   space 21824K,   0% used [0x00000007a5560000, 0x00000007a5560000, 0x00000007a6ab0000)
 concurrent mark-sweep generation total 393216K, used 70435K [0x00000007a8000000, 0x00000007c0000000, 0x00000007c0000000)
 Metaspace       used 43666K, capacity 44854K, committed 45060K, reserved 1089536K
  class space    used 5278K, capacity 5557K, committed 5676K, reserved 1048576K
2022-05-29T21:47:05.053+0800: 719792.961: [GC (Allocation Failure) 2022-05-29T21:47:05.054+0800: 719792.963: [ParNew
Desired survivor size 20112992 bytes, new threshold 8 (max 8)
- age   1:      29456 bytes,      29456 total
: 87444K->34K(109248K), 0.0385251 secs] 157879K->70469K(502464K), 0.0402211 secs] [Times: user=0.08 sys=0.03, real=0.04 secs] 
Heap after GC invocations=130 (full 1):
 par new generation   total 109248K, used 34K [0x00000007a0000000, 0x00000007a8000000, 0x00000007a8000000)
  eden space 87424K,   0% used [0x00000007a0000000, 0x00000007a0000000, 0x00000007a5560000)
  from space 21824K,   0% used [0x00000007a5560000, 0x00000007a5568910, 0x00000007a6ab0000)
  to   space 21824K,   0% used [0x00000007a6ab0000, 0x00000007a6ab0000, 0x00000007a8000000)
 concurrent mark-sweep generation total 393216K, used 70435K [0x00000007a8000000, 0x00000007c0000000, 0x00000007c0000000)
 Metaspace       used 43666K, capacity 44854K, committed 45060K, reserved 1089536K
  class space    used 5278K, capacity 5557K, committed 5676K, reserved 1048576K
}
2022-05-29T21:47:05.093+0800: 719793.002: Total time for which application threads were stopped: 0.0492341 seconds, Stopping threads took: 0.0005311 seconds
{Heap before GC invocations=130 (full 1):
 par new generation   total 109248K, used 87458K [0x00000007a0000000, 0x00000007a8000000, 0x00000007a8000000)
  eden space 87424K, 100% used [0x00000007a0000000, 0x00000007a5560000, 0x00000007a5560000)
  from space 21824K,   0% used [0x00000007a5560000, 0x00000007a5568910, 0x00000007a6ab0000)
  to   space 21824K,   0% used [0x00000007a6ab0000, 0x00000007a6ab0000, 0x00000007a8000000)
 concurrent mark-sweep generation total 393216K, used 70435K [0x00000007a8000000, 0x00000007c0000000, 0x00000007c0000000)
 Metaspace       used 43666K, capacity 44854K, committed 45060K, reserved 1089536K
  class space    used 5278K, capacity 5557K, committed 5676K, reserved 1048576K
2022-05-30T02:11:34.513+0800: 732878.151: [GC (Allocation Failure) 2022-05-30T02:11:34.514+0800: 732878.152: [ParNew
Desired survivor size 20112992 bytes, new threshold 8 (max 8)
- age   1:       1760 bytes,       1760 total
: 87458K->22K(109248K), 0.0355267 secs] 157893K->70458K(502464K), 0.0367757 secs] [Times: user=0.07 sys=0.03, real=0.04 secs] 
Heap after GC invocations=131 (full 1):
 par new generation   total 109248K, used 22K [0x00000007a0000000, 0x00000007a8000000, 0x00000007a8000000)
  eden space 87424K,   0% used [0x00000007a0000000, 0x00000007a0000000, 0x00000007a5560000)
  from space 21824K,   0% used [0x00000007a6ab0000, 0x00000007a6ab5ba0, 0x00000007a8000000)
  to   space 21824K,   0% used [0x00000007a5560000, 0x00000007a5560000, 0x00000007a6ab0000)
 concurrent mark-sweep generation total 393216K, used 70435K [0x00000007a8000000, 0x00000007c0000000, 0x00000007c0000000)
 Metaspace       used 43666K, capacity 44854K, committed 45060K, reserved 1089536K
  class space    used 5278K, capacity 5557K, committed 5676K, reserved 1048576K
}
2022-05-30T02:11:34.550+0800: 732878.188: Total time for which application threads were stopped: 0.0544576 seconds, Stopping threads took: 0.0008696 seconds
{Heap before GC invocations=131 (full 1):
 par new generation   total 109248K, used 87446K [0x00000007a0000000, 0x00000007a8000000, 0x00000007a8000000)
  eden space 87424K, 100% used [0x00000007a0000000, 0x00000007a5560000, 0x00000007a5560000)
  from space 21824K,   0% used [0x00000007a6ab0000, 0x00000007a6ab5ba0, 0x00000007a8000000)
  to   space 21824K,   0% used [0x00000007a5560000, 0x00000007a5560000, 0x00000007a6ab0000)
 concurrent mark-sweep generation total 393216K, used 70435K [0x00000007a8000000, 0x00000007c0000000, 0x00000007c0000000)
 Metaspace       used 43666K, capacity 44854K, committed 45060K, reserved 1089536K
  class space    used 5278K, capacity 5557K, committed 5676K, reserved 1048576K
2022-06-01T01:21:19.766+0800: 746023.101: [GC (Allocation Failure) 2022-06-01T01:21:19.768+0800: 746023.102: [ParNew
Desired survivor size 20112992 bytes, new threshold 8 (max 8)
- age   1:      29776 bytes,      29776 total
: 87446K->34K(109248K), 0.0415643 secs] 157882K->70469K(502464K), 0.0433673 secs] [Times: user=0.07 sys=0.03, real=0.05 secs] 
Heap after GC invocations=132 (full 1):
 par new generation   total 109248K, used 34K [0x00000007a0000000, 0x00000007a8000000, 0x00000007a8000000)
  eden space 87424K,   0% used [0x00000007a0000000, 0x00000007a0000000, 0x00000007a5560000)
  from space 21824K,   0% used [0x00000007a5560000, 0x00000007a5568910, 0x00000007a6ab0000)
  to   space 21824K,   0% used [0x00000007a6ab0000, 0x00000007a6ab0000, 0x00000007a8000000)
 concurrent mark-sweep generation total 393216K, used 70435K [0x00000007a8000000, 0x00000007c0000000, 0x00000007c0000000)
 Metaspace       used 43666K, capacity 44854K, committed 45060K, reserved 1089536K
  class space    used 5278K, capacity 5557K, committed 5676K, reserved 1048576K
}
2022-06-01T01:21:19.810+0800: 746023.144: Total time for which application threads were stopped: 0.0557653 seconds, Stopping threads took: 0.0011638 seconds
{Heap before GC invocations=132 (full 1):
 par new generation   total 109248K, used 87458K [0x00000007a0000000, 0x00000007a8000000, 0x00000007a8000000)
  eden space 87424K, 100% used [0x00000007a0000000, 0x00000007a5560000, 0x00000007a5560000)
  from space 21824K,   0% used [0x00000007a5560000, 0x00000007a5568910, 0x00000007a6ab0000)
  to   space 21824K,   0% used [0x00000007a6ab0000, 0x00000007a6ab0000, 0x00000007a8000000)
 concurrent mark-sweep generation total 393216K, used 70435K [0x00000007a8000000, 0x00000007c0000000, 0x00000007c0000000)
 Metaspace       used 43666K, capacity 44854K, committed 45060K, reserved 1089536K
  class space    used 5278K, capacity 5557K, committed 5676K, reserved 1048576K
2022-06-03T09:50:00.402-0500: 759107.460: [GC (Allocation Failure) 2022-06-03T09:50:00.415-0500: 759107.461: [ParNew
Desired survivor size 20112992 bytes, new threshold 8 (max 8)
- age   1:      29480 bytes,      29480 total
: 87458K->46K(109248K), 0.0387378 secs] 157893K->70481K(502464K), 0.0522500 secs] [Times: user=0.07 sys=0.04, real=0.05 secs] 
Heap after GC invocations=133 (full 1):
 par new generation   total 109248K, used 46K [0x00000007a0000000, 0x00000007a8000000, 0x00000007a8000000)
  eden space 87424K,   0% used [0x00000007a0000000, 0x00000007a0000000, 0x00000007a5560000)
  from space 21824K,   0% used [0x00000007a6ab0000, 0x00000007a6abba80, 0x00000007a8000000)
  to   space 21824K,   0% used [0x00000007a5560000, 0x00000007a5560000, 0x00000007a6ab0000)
 concurrent mark-sweep generation total 393216K, used 70435K [0x00000007a8000000, 0x00000007c0000000, 0x00000007c0000000)
 Metaspace       used 43666K, capacity 44854K, committed 45060K, reserved 1089536K
  class space    used 5278K, capacity 5557K, committed 5676K, reserved 1048576K
}
2022-06-03T09:50:00.455-0500: 759107.500: Total time for which application threads were stopped: 0.0667624 seconds, Stopping threads took: 0.0016579 seconds
{Heap before GC invocations=133 (full 1):
 par new generation   total 109248K, used 87470K [0x00000007a0000000, 0x00000007a8000000, 0x00000007a8000000)
  eden space 87424K, 100% used [0x00000007a0000000, 0x00000007a5560000, 0x00000007a5560000)
  from space 21824K,   0% used [0x00000007a6ab0000, 0x00000007a6abba80, 0x00000007a8000000)
  to   space 21824K,   0% used [0x00000007a5560000, 0x00000007a5560000, 0x00000007a6ab0000)
 concurrent mark-sweep generation total 393216K, used 70435K [0x00000007a8000000, 0x00000007c0000000, 0x00000007c0000000)
 Metaspace       used 43666K, capacity 44854K, committed 45060K, reserved 1089536K
  class space    used 5278K, capacity 5557K, committed 5676K, reserved 1048576K
2022-06-04T07:13:45.482-0500: 772251.895: [GC (Allocation Failure) 2022-06-04T07:13:45.485-0500: 772251.897: [ParNew
Desired survivor size 20112992 bytes, new threshold 8 (max 8)
- age   1:       6336 bytes,       6336 total
: 87470K->16K(109248K), 0.0553003 secs] 157905K->70451K(502464K), 0.0578774 secs] [Times: user=0.09 sys=0.03, real=0.06 secs] 
Heap after GC invocations=134 (full 1):
 par new generation   total 109248K, used 16K [0x00000007a0000000, 0x00000007a8000000, 0x00000007a8000000)
  eden space 87424K,   0% used [0x00000007a0000000, 0x00000007a0000000, 0x00000007a5560000)
  from space 21824K,   0% used [0x00000007a5560000, 0x00000007a5564100, 0x00000007a6ab0000)
  to   space 21824K,   0% used [0x00000007a6ab0000, 0x00000007a6ab0000, 0x00000007a8000000)
 concurrent mark-sweep generation total 393216K, used 70435K [0x00000007a8000000, 0x00000007c0000000, 0x00000007c0000000)
 Metaspace       used 43666K, capacity 44854K, committed 45060K, reserved 1089536K
  class space    used 5278K, capacity 5557K, committed 5676K, reserved 1048576K
}
2022-06-04T07:13:45.541-0500: 772251.953: Total time for which application threads were stopped: 0.0704487 seconds, Stopping threads took: 0.0006673 seconds
{Heap before GC invocations=134 (full 1):
 par new generation   total 109248K, used 87440K [0x00000007a0000000, 0x00000007a8000000, 0x00000007a8000000)
  eden space 87424K, 100% used [0x00000007a0000000, 0x00000007a5560000, 0x00000007a5560000)
  from space 21824K,   0% used [0x00000007a5560000, 0x00000007a5564100, 0x00000007a6ab0000)
  to   space 21824K,   0% used [0x00000007a6ab0000, 0x00000007a6ab0000, 0x00000007a8000000)
 concurrent mark-sweep generation total 393216K, used 70435K [0x00000007a8000000, 0x00000007c0000000, 0x00000007c0000000)
 Metaspace       used 43666K, capacity 44854K, committed 45060K, reserved 1089536K
  class space    used 5278K, capacity 5557K, committed 5676K, reserved 1048576K
2022-06-04T20:00:01.857-0500: 785337.573: [GC (Allocation Failure) 2022-06-04T20:00:01.858-0500: 785337.575: [ParNew
Desired survivor size 20112992 bytes, new threshold 8 (max 8)
- age   1:      23032 bytes,      23032 total
: 87440K->28K(109248K), 0.0462037 secs] 157875K->70463K(502464K), 0.0479755 secs] [Times: user=0.10 sys=0.04, real=0.05 secs] 
Heap after GC invocations=135 (full 1):
 par new generation   total 109248K, used 28K [0x00000007a0000000, 0x00000007a8000000, 0x00000007a8000000)
  eden space 87424K,   0% used [0x00000007a0000000, 0x00000007a0000000, 0x00000007a5560000)
  from space 21824K,   0% used [0x00000007a6ab0000, 0x00000007a6ab70e0, 0x00000007a8000000)
  to   space 21824K,   0% used [0x00000007a5560000, 0x00000007a5560000, 0x00000007a6ab0000)
 concurrent mark-sweep generation total 393216K, used 70435K [0x00000007a8000000, 0x00000007c0000000, 0x00000007c0000000)
 Metaspace       used 43666K, capacity 44854K, committed 45060K, reserved 1089536K
  class space    used 5278K, capacity 5557K, committed 5676K, reserved 1048576K
}
2022-06-04T20:00:01.905-0500: 785337.622: Total time for which application threads were stopped: 0.0618780 seconds, Stopping threads took: 0.0005122 seconds
{Heap before GC invocations=135 (full 1):
 par new generation   total 109248K, used 87452K [0x00000007a0000000, 0x00000007a8000000, 0x00000007a8000000)
  eden space 87424K, 100% used [0x00000007a0000000, 0x00000007a5560000, 0x00000007a5560000)
  from space 21824K,   0% used [0x00000007a6ab0000, 0x00000007a6ab70e0, 0x00000007a8000000)
  to   space 21824K,   0% used [0x00000007a5560000, 0x00000007a5560000, 0x00000007a6ab0000)
 concurrent mark-sweep generation total 393216K, used 70435K [0x00000007a8000000, 0x00000007c0000000, 0x00000007c0000000)
 Metaspace       used 43667K, capacity 44854K, committed 45060K, reserved 1089536K
  class space    used 5278K, capacity 5557K, committed 5676K, reserved 1048576K
2022-06-05T09:42:59.435-0500: 798422.819: [GC (Allocation Failure) 2022-06-05T09:42:59.437-0500: 798422.821: [ParNew
Desired survivor size 20112992 bytes, new threshold 8 (max 8)
- age   1:      29352 bytes,      29352 total
: 87452K->40K(109248K), 0.0790206 secs] 157887K->70475K(502464K), 0.0813700 secs] [Times: user=0.12 sys=0.04, real=0.08 secs] 
Heap after GC invocations=136 (full 1):
 par new generation   total 109248K, used 40K [0x00000007a0000000, 0x00000007a8000000, 0x00000007a8000000)
  eden space 87424K,   0% used [0x00000007a0000000, 0x00000007a0000000, 0x00000007a5560000)
  from space 21824K,   0% used [0x00000007a5560000, 0x00000007a556a170, 0x00000007a6ab0000)
  to   space 21824K,   0% used [0x00000007a6ab0000, 0x00000007a6ab0000, 0x00000007a8000000)
 concurrent mark-sweep generation total 393216K, used 70435K [0x00000007a8000000, 0x00000007c0000000, 0x00000007c0000000)
 Metaspace       used 43667K, capacity 44854K, committed 45060K, reserved 1089536K
  class space    used 5278K, capacity 5557K, committed 5676K, reserved 1048576K
}
2022-06-05T09:42:59.516-0500: 798422.900: Total time for which application threads were stopped: 0.1113912 seconds, Stopping threads took: 0.0054676 seconds
{Heap before GC invocations=136 (full 1):
 par new generation   total 109248K, used 87464K [0x00000007a0000000, 0x00000007a8000000, 0x00000007a8000000)
  eden space 87424K, 100% used [0x00000007a0000000, 0x00000007a5560000, 0x00000007a5560000)
  from space 21824K,   0% used [0x00000007a5560000, 0x00000007a556a170, 0x00000007a6ab0000)
  to   space 21824K,   0% used [0x00000007a6ab0000, 0x00000007a6ab0000, 0x00000007a8000000)
 concurrent mark-sweep generation total 393216K, used 70435K [0x00000007a8000000, 0x00000007c0000000, 0x00000007c0000000)
 Metaspace       used 43667K, capacity 44854K, committed 45060K, reserved 1089536K
  class space    used 5278K, capacity 5557K, committed 5676K, reserved 1048576K
2022-06-06T01:49:17.300-0500: 811568.286: [GC (Allocation Failure) 2022-06-06T01:49:17.302-0500: 811568.289: [ParNew
Desired survivor size 20112992 bytes, new threshold 8 (max 8)
- age   1:       8960 bytes,       8960 total
: 87464K->22K(109248K), 0.0925022 secs] 157899K->70458K(502464K), 0.0963625 secs] [Times: user=0.10 sys=0.07, real=0.10 secs] 
Heap after GC invocations=137 (full 1):
 par new generation   total 109248K, used 22K [0x00000007a0000000, 0x00000007a8000000, 0x00000007a8000000)
  eden space 87424K,   0% used [0x00000007a0000000, 0x00000007a0000000, 0x00000007a5560000)
  from space 21824K,   0% used [0x00000007a6ab0000, 0x00000007a6ab5b50, 0x00000007a8000000)
  to   space 21824K,   0% used [0x00000007a5560000, 0x00000007a5560000, 0x00000007a6ab0000)
 concurrent mark-sweep generation total 393216K, used 70435K [0x00000007a8000000, 0x00000007c0000000, 0x00000007c0000000)
 Metaspace       used 43667K, capacity 44854K, committed 45060K, reserved 1089536K
  class space    used 5278K, capacity 5557K, committed 5676K, reserved 1048576K
}
2022-06-06T01:49:17.397-0500: 811568.383: Total time for which application threads were stopped: 0.1274496 seconds, Stopping threads took: 0.0062270 seconds
{Heap before GC invocations=137 (full 1):
 par new generation   total 109248K, used 87446K [0x00000007a0000000, 0x00000007a8000000, 0x00000007a8000000)
  eden space 87424K, 100% used [0x00000007a0000000, 0x00000007a5560000, 0x00000007a5560000)
  from space 21824K,   0% used [0x00000007a6ab0000, 0x00000007a6ab5b50, 0x00000007a8000000)
  to   space 21824K,   0% used [0x00000007a5560000, 0x00000007a5560000, 0x00000007a6ab0000)
 concurrent mark-sweep generation total 393216K, used 70435K [0x00000007a8000000, 0x00000007c0000000, 0x00000007c0000000)
 Metaspace       used 43667K, capacity 44854K, committed 45060K, reserved 1089536K
  class space    used 5278K, capacity 5557K, committed 5676K, reserved 1048576K
2022-06-06T23:04:06.317-0500: 824653.714: [GC (Allocation Failure) 2022-06-06T23:04:06.319-0500: 824653.715: [ParNew
Desired survivor size 20112992 bytes, new threshold 8 (max 8)
- age   1:      35600 bytes,      35600 total
: 87446K->42K(109248K), 0.0538012 secs] 157882K->70477K(502464K), 0.0558055 secs] [Times: user=0.10 sys=0.04, real=0.06 secs] 
Heap after GC invocations=138 (full 1):
 par new generation   total 109248K, used 42K [0x00000007a0000000, 0x00000007a8000000, 0x00000007a8000000)
  eden space 87424K,   0% used [0x00000007a0000000, 0x00000007a0000000, 0x00000007a5560000)
  from space 21824K,   0% used [0x00000007a5560000, 0x00000007a556a950, 0x00000007a6ab0000)
  to   space 21824K,   0% used [0x00000007a6ab0000, 0x00000007a6ab0000, 0x00000007a8000000)
 concurrent mark-sweep generation total 393216K, used 70435K [0x00000007a8000000, 0x00000007c0000000, 0x00000007c0000000)
 Metaspace       used 43667K, capacity 44854K, committed 45060K, reserved 1089536K
  class space    used 5278K, capacity 5557K, committed 5676K, reserved 1048576K
}
2022-06-06T23:04:06.373-0500: 824653.769: Total time for which application threads were stopped: 0.0762821 seconds, Stopping threads took: 0.0024437 seconds
{Heap before GC invocations=138 (full 1):
 par new generation   total 109248K, used 87466K [0x00000007a0000000, 0x00000007a8000000, 0x00000007a8000000)
  eden space 87424K, 100% used [0x00000007a0000000, 0x00000007a5560000, 0x00000007a5560000)
  from space 21824K,   0% used [0x00000007a5560000, 0x00000007a556a950, 0x00000007a6ab0000)
  to   space 21824K,   0% used [0x00000007a6ab0000, 0x00000007a6ab0000, 0x00000007a8000000)
 concurrent mark-sweep generation total 393216K, used 70435K [0x00000007a8000000, 0x00000007c0000000, 0x00000007c0000000)
 Metaspace       used 43667K, capacity 44854K, committed 45060K, reserved 1089536K
  class space    used 5278K, capacity 5557K, committed 5676K, reserved 1048576K
2022-06-07T07:18:17.154-0500: 837739.357: [GC (Allocation Failure) 2022-06-07T07:18:17.155-0500: 837739.358: [ParNew
Desired survivor size 20112992 bytes, new threshold 8 (max 8)
- age   1:       2000 bytes,       2000 total
: 87466K->27K(109248K), 0.0583925 secs] 157901K->70462K(502464K), 0.0597493 secs] [Times: user=0.09 sys=0.03, real=0.06 secs] 
Heap after GC invocations=139 (full 1):
 par new generation   total 109248K, used 27K [0x00000007a0000000, 0x00000007a8000000, 0x00000007a8000000)
  eden space 87424K,   0% used [0x00000007a0000000, 0x00000007a0000000, 0x00000007a5560000)
  from space 21824K,   0% used [0x00000007a6ab0000, 0x00000007a6ab6d80, 0x00000007a8000000)
  to   space 21824K,   0% used [0x00000007a5560000, 0x00000007a5560000, 0x00000007a6ab0000)
 concurrent mark-sweep generation total 393216K, used 70435K [0x00000007a8000000, 0x00000007c0000000, 0x00000007c0000000)
 Metaspace       used 43667K, capacity 44854K, committed 45060K, reserved 1089536K
  class space    used 5278K, capacity 5557K, committed 5676K, reserved 1048576K
}
2022-06-07T07:18:17.214-0500: 837739.417: Total time for which application threads were stopped: 0.0741505 seconds, Stopping threads took: 0.0010503 seconds
{Heap before GC invocations=139 (full 1):
 par new generation   total 109248K, used 87451K [0x00000007a0000000, 0x00000007a8000000, 0x00000007a8000000)
  eden space 87424K, 100% used [0x00000007a0000000, 0x00000007a5560000, 0x00000007a5560000)
  from space 21824K,   0% used [0x00000007a6ab0000, 0x00000007a6ab6d80, 0x00000007a8000000)
  to   space 21824K,   0% used [0x00000007a5560000, 0x00000007a5560000, 0x00000007a6ab0000)
 concurrent mark-sweep generation total 393216K, used 70435K [0x00000007a8000000, 0x00000007c0000000, 0x00000007c0000000)
 Metaspace       used 43667K, capacity 44854K, committed 45060K, reserved 1089536K
  class space    used 5278K, capacity 5557K, committed 5676K, reserved 1048576K
2022-06-07T15:48:20.316-0500: 850884.594: [GC (Allocation Failure) 2022-06-07T15:48:20.318-0500: 850884.596: [ParNew
Desired survivor size 20112992 bytes, new threshold 8 (max 8)
- age   1:      27352 bytes,      27352 total
: 87451K->34K(109248K), 0.0957753 secs] 157886K->70469K(502464K), 0.0973822 secs] [Times: user=0.10 sys=0.04, real=0.10 secs] 
Heap after GC invocations=140 (full 1):
 par new generation   total 109248K, used 34K [0x00000007a0000000, 0x00000007a8000000, 0x00000007a8000000)
  eden space 87424K,   0% used [0x00000007a0000000, 0x00000007a0000000, 0x00000007a5560000)
  from space 21824K,   0% used [0x00000007a5560000, 0x00000007a5568910, 0x00000007a6ab0000)
  to   space 21824K,   0% used [0x00000007a6ab0000, 0x00000007a6ab0000, 0x00000007a8000000)
 concurrent mark-sweep generation total 393216K, used 70435K [0x00000007a8000000, 0x00000007c0000000, 0x00000007c0000000)
 Metaspace       used 43667K, capacity 44854K, committed 45060K, reserved 1089536K
  class space    used 5278K, capacity 5557K, committed 5676K, reserved 1048576K
}
2022-06-07T15:48:20.414-0500: 850884.692: Total time for which application threads were stopped: 0.1157192 seconds, Stopping threads took: 0.0018362 seconds
{Heap before GC invocations=140 (full 1):
 par new generation   total 109248K, used 87458K [0x00000007a0000000, 0x00000007a8000000, 0x00000007a8000000)
  eden space 87424K, 100% used [0x00000007a0000000, 0x00000007a5560000, 0x00000007a5560000)
  from space 21824K,   0% used [0x00000007a5560000, 0x00000007a5568910, 0x00000007a6ab0000)
  to   space 21824K,   0% used [0x00000007a6ab0000, 0x00000007a6ab0000, 0x00000007a8000000)
 concurrent mark-sweep generation total 393216K, used 70435K [0x00000007a8000000, 0x00000007c0000000, 0x00000007c0000000)
 Metaspace       used 43667K, capacity 44854K, committed 45060K, reserved 1089536K
  class space    used 5278K, capacity 5557K, committed 5676K, reserved 1048576K
2022-06-08T15:27:43.502-0500: 863968.866: [GC (Allocation Failure) 2022-06-08T15:27:43.503-0500: 863968.867: [ParNew
Desired survivor size 20112992 bytes, new threshold 8 (max 8)
- age   1:      29464 bytes,      29464 total
: 87458K->49K(109248K), 0.0470008 secs] 157893K->70484K(502464K), 0.0485765 secs] [Times: user=0.09 sys=0.04, real=0.05 secs] 
Heap after GC invocations=141 (full 1):
 par new generation   total 109248K, used 49K [0x00000007a0000000, 0x00000007a8000000, 0x00000007a8000000)
  eden space 87424K,   0% used [0x00000007a0000000, 0x00000007a0000000, 0x00000007a5560000)
  from space 21824K,   0% used [0x00000007a6ab0000, 0x00000007a6abc450, 0x00000007a8000000)
  to   space 21824K,   0% used [0x00000007a5560000, 0x00000007a5560000, 0x00000007a6ab0000)
 concurrent mark-sweep generation total 393216K, used 70435K [0x00000007a8000000, 0x00000007c0000000, 0x00000007c0000000)
 Metaspace       used 43667K, capacity 44854K, committed 45060K, reserved 1089536K
  class space    used 5278K, capacity 5557K, committed 5676K, reserved 1048576K
}
2022-06-08T15:27:43.551-0500: 863968.915: Total time for which application threads were stopped: 0.0599612 seconds, Stopping threads took: 0.0006302 seconds
{Heap before GC invocations=141 (full 1):
 par new generation   total 109248K, used 87473K [0x00000007a0000000, 0x00000007a8000000, 0x00000007a8000000)
  eden space 87424K, 100% used [0x00000007a0000000, 0x00000007a5560000, 0x00000007a5560000)
  from space 21824K,   0% used [0x00000007a6ab0000, 0x00000007a6abc450, 0x00000007a8000000)
  to   space 21824K,   0% used [0x00000007a5560000, 0x00000007a5560000, 0x00000007a6ab0000)
 concurrent mark-sweep generation total 393216K, used 70435K [0x00000007a8000000, 0x00000007c0000000, 0x00000007c0000000)
 Metaspace       used 43667K, capacity 44854K, committed 45060K, reserved 1089536K
  class space    used 5278K, capacity 5557K, committed 5676K, reserved 1048576K
2022-06-08T23:09:52.141-0500: 877113.253: [GC (Allocation Failure) 2022-06-08T23:09:52.143-0500: 877113.255: [ParNew
Desired survivor size 20112992 bytes, new threshold 8 (max 8)
- age   1:       8120 bytes,       8120 total
: 87473K->18K(109248K), 0.0226958 secs] 157908K->70454K(502464K), 0.0246203 secs] [Times: user=0.04 sys=0.02, real=0.02 secs] 
Heap after GC invocations=142 (full 1):
 par new generation   total 109248K, used 18K [0x00000007a0000000, 0x00000007a8000000, 0x00000007a8000000)
  eden space 87424K,   0% used [0x00000007a0000000, 0x00000007a0000000, 0x00000007a5560000)
  from space 21824K,   0% used [0x00000007a5560000, 0x00000007a5564bc0, 0x00000007a6ab0000)
  to   space 21824K,   0% used [0x00000007a6ab0000, 0x00000007a6ab0000, 0x00000007a8000000)
 concurrent mark-sweep generation total 393216K, used 70435K [0x00000007a8000000, 0x00000007c0000000, 0x00000007c0000000)
 Metaspace       used 43667K, capacity 44854K, committed 45060K, reserved 1089536K
  class space    used 5278K, capacity 5557K, committed 5676K, reserved 1048576K
}
2022-06-08T23:09:52.166-0500: 877113.278: Total time for which application threads were stopped: 0.0313837 seconds, Stopping threads took: 0.0006055 seconds
{Heap before GC invocations=142 (full 1):
 par new generation   total 109248K, used 87442K [0x00000007a0000000, 0x00000007a8000000, 0x00000007a8000000)
  eden space 87424K, 100% used [0x00000007a0000000, 0x00000007a5560000, 0x00000007a5560000)
  from space 21824K,   0% used [0x00000007a5560000, 0x00000007a5564bc0, 0x00000007a6ab0000)
  to   space 21824K,   0% used [0x00000007a6ab0000, 0x00000007a6ab0000, 0x00000007a8000000)
 concurrent mark-sweep generation total 393216K, used 70435K [0x00000007a8000000, 0x00000007c0000000, 0x00000007c0000000)
 Metaspace       used 43667K, capacity 44854K, committed 45060K, reserved 1089536K
  class space    used 5278K, capacity 5557K, committed 5676K, reserved 1048576K
2022-06-09T03:51:00.747-0500: 890199.443: [GC (Allocation Failure) 2022-06-09T03:51:00.749-0500: 890199.444: [ParNew
Desired survivor size 20112992 bytes, new threshold 8 (max 8)
- age   1:      23488 bytes,      23488 total
: 87442K->28K(109248K), 0.0450705 secs] 157878K->70463K(502464K), 0.0465874 secs] [Times: user=0.08 sys=0.04, real=0.05 secs] 
Heap after GC invocations=143 (full 1):
 par new generation   total 109248K, used 28K [0x00000007a0000000, 0x00000007a8000000, 0x00000007a8000000)
  eden space 87424K,   0% used [0x00000007a0000000, 0x00000007a0000000, 0x00000007a5560000)
  from space 21824K,   0% used [0x00000007a6ab0000, 0x00000007a6ab70e0, 0x00000007a8000000)
  to   space 21824K,   0% used [0x00000007a5560000, 0x00000007a5560000, 0x00000007a6ab0000)
 concurrent mark-sweep generation total 393216K, used 70435K [0x00000007a8000000, 0x00000007c0000000, 0x00000007c0000000)
 Metaspace       used 43667K, capacity 44854K, committed 45060K, reserved 1089536K
  class space    used 5278K, capacity 5557K, committed 5676K, reserved 1048576K
}
2022-06-09T03:51:00.794-0500: 890199.489: Total time for which application threads were stopped: 0.0609813 seconds, Stopping threads took: 0.0016737 seconds
{Heap before GC invocations=143 (full 1):
 par new generation   total 109248K, used 87452K [0x00000007a0000000, 0x00000007a8000000, 0x00000007a8000000)
  eden space 87424K, 100% used [0x00000007a0000000, 0x00000007a5560000, 0x00000007a5560000)
  from space 21824K,   0% used [0x00000007a6ab0000, 0x00000007a6ab70e0, 0x00000007a8000000)
  to   space 21824K,   0% used [0x00000007a5560000, 0x00000007a5560000, 0x00000007a6ab0000)
 concurrent mark-sweep generation total 393216K, used 70435K [0x00000007a8000000, 0x00000007c0000000, 0x00000007c0000000)
 Metaspace       used 43667K, capacity 44854K, committed 45060K, reserved 1089536K
  class space    used 5278K, capacity 5557K, committed 5676K, reserved 1048576K
2022-06-09T08:40:01.590-0500: 903053.801: [GC (Allocation Failure) 2022-06-09T08:40:01.591-0500: 903053.802: [ParNew
Desired survivor size 20112992 bytes, new threshold 8 (max 8)
- age   1:       1136 bytes,       1136 total
: 87452K->18K(109248K), 0.0480067 secs] 157887K->70453K(502464K), 0.0494396 secs] [Times: user=0.08 sys=0.03, real=0.04 secs] 
Heap after GC invocations=144 (full 1):
 par new generation   total 109248K, used 18K [0x00000007a0000000, 0x00000007a8000000, 0x00000007a8000000)
  eden space 87424K,   0% used [0x00000007a0000000, 0x00000007a0000000, 0x00000007a5560000)
  from space 21824K,   0% used [0x00000007a5560000, 0x00000007a5564940, 0x00000007a6ab0000)
  to   space 21824K,   0% used [0x00000007a6ab0000, 0x00000007a6ab0000, 0x00000007a8000000)
 concurrent mark-sweep generation total 393216K, used 70435K [0x00000007a8000000, 0x00000007c0000000, 0x00000007c0000000)
 Metaspace       used 43667K, capacity 44854K, committed 45060K, reserved 1089536K
  class space    used 5278K, capacity 5557K, committed 5676K, reserved 1048576K
}
2022-06-09T08:40:01.640-0500: 903053.850: Total time for which application threads were stopped: 0.0669550 seconds, Stopping threads took: 0.0032390 seconds
{Heap before GC invocations=144 (full 1):
 par new generation   total 109248K, used 87442K [0x00000007a0000000, 0x00000007a8000000, 0x00000007a8000000)
  eden space 87424K, 100% used [0x00000007a0000000, 0x00000007a5560000, 0x00000007a5560000)
  from space 21824K,   0% used [0x00000007a5560000, 0x00000007a5564940, 0x00000007a6ab0000)
  to   space 21824K,   0% used [0x00000007a6ab0000, 0x00000007a6ab0000, 0x00000007a8000000)
 concurrent mark-sweep generation total 393216K, used 70435K [0x00000007a8000000, 0x00000007c0000000, 0x00000007c0000000)
 Metaspace       used 43667K, capacity 44854K, committed 45060K, reserved 1089536K
  class space    used 5278K, capacity 5557K, committed 5676K, reserved 1048576K
2022-06-09T14:51:31.085-0500: 916189.374: [GC (Allocation Failure) 2022-06-09T14:51:31.086-0500: 916189.376: [ParNew
Desired survivor size 20112992 bytes, new threshold 8 (max 8)
- age   1:      16632 bytes,      16632 total
: 87442K->22K(109248K), 0.0256585 secs] 157877K->70457K(502464K), 0.0277660 secs] [Times: user=0.05 sys=0.02, real=0.03 secs] 
Heap after GC invocations=145 (full 1):
 par new generation   total 109248K, used 22K [0x00000007a0000000, 0x00000007a8000000, 0x00000007a8000000)
  eden space 87424K,   0% used [0x00000007a0000000, 0x00000007a0000000, 0x00000007a5560000)
  from space 21824K,   0% used [0x00000007a6ab0000, 0x00000007a6ab58b0, 0x00000007a8000000)
  to   space 21824K,   0% used [0x00000007a5560000, 0x00000007a5560000, 0x00000007a6ab0000)
 concurrent mark-sweep generation total 393216K, used 70435K [0x00000007a8000000, 0x00000007c0000000, 0x00000007c0000000)
 Metaspace       used 43667K, capacity 44854K, committed 45060K, reserved 1089536K
  class space    used 5278K, capacity 5557K, committed 5676K, reserved 1048576K
}
2022-06-09T14:51:31.113-0500: 916189.402: Total time for which application threads were stopped: 0.0400074 seconds, Stopping threads took: 0.0007572 seconds
{Heap before GC invocations=145 (full 1):
 par new generation   total 109248K, used 87446K [0x00000007a0000000, 0x00000007a8000000, 0x00000007a8000000)
  eden space 87424K, 100% used [0x00000007a0000000, 0x00000007a5560000, 0x00000007a5560000)
  from space 21824K,   0% used [0x00000007a6ab0000, 0x00000007a6ab58b0, 0x00000007a8000000)
  to   space 21824K,   0% used [0x00000007a5560000, 0x00000007a5560000, 0x00000007a6ab0000)
 concurrent mark-sweep generation total 393216K, used 70435K [0x00000007a8000000, 0x00000007c0000000, 0x00000007c0000000)
 Metaspace       used 43667K, capacity 44854K, committed 45060K, reserved 1089536K
  class space    used 5278K, capacity 5557K, committed 5676K, reserved 1048576K
2022-06-09T19:47:20.755-0500: 929273.938: [GC (Allocation Failure) 2022-06-09T19:47:20.756-0500: 929273.939: [ParNew
Desired survivor size 20112992 bytes, new threshold 8 (max 8)
- age   1:      29496 bytes,      29496 total
: 87446K->34K(109248K), 0.0285977 secs] 157881K->70469K(502464K), 0.0302178 secs] [Times: user=0.05 sys=0.03, real=0.03 secs] 
Heap after GC invocations=146 (full 1):
 par new generation   total 109248K, used 34K [0x00000007a0000000, 0x00000007a8000000, 0x00000007a8000000)
  eden space 87424K,   0% used [0x00000007a0000000, 0x00000007a0000000, 0x00000007a5560000)
  from space 21824K,   0% used [0x00000007a5560000, 0x00000007a5568910, 0x00000007a6ab0000)
  to   space 21824K,   0% used [0x00000007a6ab0000, 0x00000007a6ab0000, 0x00000007a8000000)
 concurrent mark-sweep generation total 393216K, used 70435K [0x00000007a8000000, 0x00000007c0000000, 0x00000007c0000000)
 Metaspace       used 43667K, capacity 44854K, committed 45060K, reserved 1089536K
  class space    used 5278K, capacity 5557K, committed 5676K, reserved 1048576K
}
2022-06-09T19:47:20.785-0500: 929273.968: Total time for which application threads were stopped: 0.0384359 seconds, Stopping threads took: 0.0006573 seconds
{Heap before GC invocations=146 (full 1):
 par new generation   total 109248K, used 87458K [0x00000007a0000000, 0x00000007a8000000, 0x00000007a8000000)
  eden space 87424K, 100% used [0x00000007a0000000, 0x00000007a5560000, 0x00000007a5560000)
  from space 21824K,   0% used [0x00000007a5560000, 0x00000007a5568910, 0x00000007a6ab0000)
  to   space 21824K,   0% used [0x00000007a6ab0000, 0x00000007a6ab0000, 0x00000007a8000000)
 concurrent mark-sweep generation total 393216K, used 70435K [0x00000007a8000000, 0x00000007c0000000, 0x00000007c0000000)
 Metaspace       used 43667K, capacity 44854K, committed 45060K, reserved 1089536K
  class space    used 5278K, capacity 5557K, committed 5676K, reserved 1048576K
2022-06-10T15:57:53.296-0500: 942419.424: [GC (Allocation Failure) 2022-06-10T15:57:53.299-0500: 942419.427: [ParNew
Desired survivor size 20112992 bytes, new threshold 8 (max 8)
- age   1:       8224 bytes,       8224 total
: 87458K->29K(109248K), 0.0768995 secs] 157893K->70464K(502464K), 0.0800672 secs] [Times: user=0.10 sys=0.03, real=0.08 secs] 
Heap after GC invocations=147 (full 1):
 par new generation   total 109248K, used 29K [0x00000007a0000000, 0x00000007a8000000, 0x00000007a8000000)
  eden space 87424K,   0% used [0x00000007a0000000, 0x00000007a0000000, 0x00000007a5560000)
  from space 21824K,   0% used [0x00000007a6ab0000, 0x00000007a6ab7530, 0x00000007a8000000)
  to   space 21824K,   0% used [0x00000007a5560000, 0x00000007a5560000, 0x00000007a6ab0000)
 concurrent mark-sweep generation total 393216K, used 70435K [0x00000007a8000000, 0x00000007c0000000, 0x00000007c0000000)
 Metaspace       used 43667K, capacity 44854K, committed 45060K, reserved 1089536K
  class space    used 5278K, capacity 5557K, committed 5676K, reserved 1048576K
}
2022-06-10T15:57:53.377-0500: 942419.504: Total time for which application threads were stopped: 0.1236884 seconds, Stopping threads took: 0.0027984 seconds
{Heap before GC invocations=147 (full 1):
 par new generation   total 109248K, used 87453K [0x00000007a0000000, 0x00000007a8000000, 0x00000007a8000000)
  eden space 87424K, 100% used [0x00000007a0000000, 0x00000007a5560000, 0x00000007a5560000)
  from space 21824K,   0% used [0x00000007a6ab0000, 0x00000007a6ab7530, 0x00000007a8000000)
  to   space 21824K,   0% used [0x00000007a5560000, 0x00000007a5560000, 0x00000007a6ab0000)
 concurrent mark-sweep generation total 393216K, used 70435K [0x00000007a8000000, 0x00000007c0000000, 0x00000007c0000000)
 Metaspace       used 43667K, capacity 44854K, committed 45060K, reserved 1089536K
  class space    used 5278K, capacity 5557K, committed 5676K, reserved 1048576K
2022-06-10T23:39:04.738-0500: 955505.976: [GC (Allocation Failure) 2022-06-10T23:39:04.739-0500: 955505.977: [ParNew
Desired survivor size 20112992 bytes, new threshold 8 (max 8)
- age   1:      24592 bytes,      24592 total
: 87453K->30K(109248K), 0.0525249 secs] 157888K->70465K(502464K), 0.0538930 secs] [Times: user=0.09 sys=0.04, real=0.06 secs] 
Heap after GC invocations=148 (full 1):
 par new generation   total 109248K, used 30K [0x00000007a0000000, 0x00000007a8000000, 0x00000007a8000000)
  eden space 87424K,   0% used [0x00000007a0000000, 0x00000007a0000000, 0x00000007a5560000)
  from space 21824K,   0% used [0x00000007a5560000, 0x00000007a55678f0, 0x00000007a6ab0000)
  to   space 21824K,   0% used [0x00000007a6ab0000, 0x00000007a6ab0000, 0x00000007a8000000)
 concurrent mark-sweep generation total 393216K, used 70435K [0x00000007a8000000, 0x00000007c0000000, 0x00000007c0000000)
 Metaspace       used 43667K, capacity 44854K, committed 45060K, reserved 1089536K
  class space    used 5278K, capacity 5557K, committed 5676K, reserved 1048576K
}
2022-06-10T23:39:04.792-0500: 955506.030: Total time for which application threads were stopped: 0.0772576 seconds, Stopping threads took: 0.0023271 seconds
{Heap before GC invocations=148 (full 1):
 par new generation   total 109248K, used 87454K [0x00000007a0000000, 0x00000007a8000000, 0x00000007a8000000)
  eden space 87424K, 100% used [0x00000007a0000000, 0x00000007a5560000, 0x00000007a5560000)
  from space 21824K,   0% used [0x00000007a5560000, 0x00000007a55678f0, 0x00000007a6ab0000)
  to   space 21824K,   0% used [0x00000007a6ab0000, 0x00000007a6ab0000, 0x00000007a8000000)
 concurrent mark-sweep generation total 393216K, used 70435K [0x00000007a8000000, 0x00000007c0000000, 0x00000007c0000000)
 Metaspace       used 43667K, capacity 44854K, committed 45060K, reserved 1089536K
  class space    used 5278K, capacity 5557K, committed 5676K, reserved 1048576K
2022-06-11T21:12:53.004-0500: 968591.780: [GC (Allocation Failure) 2022-06-11T21:12:53.005-0500: 968591.781: [ParNew
Desired survivor size 20112992 bytes, new threshold 8 (max 8)
- age   1:      16112 bytes,      16112 total
: 87454K->29K(109248K), 0.0565224 secs] 157889K->70464K(502464K), 0.0583491 secs] [Times: user=0.09 sys=0.04, real=0.06 secs] 
Heap after GC invocations=149 (full 1):
 par new generation   total 109248K, used 29K [0x00000007a0000000, 0x00000007a8000000, 0x00000007a8000000)
  eden space 87424K,   0% used [0x00000007a0000000, 0x00000007a0000000, 0x00000007a5560000)
  from space 21824K,   0% used [0x00000007a6ab0000, 0x00000007a6ab7680, 0x00000007a8000000)
  to   space 21824K,   0% used [0x00000007a5560000, 0x00000007a5560000, 0x00000007a6ab0000)
 concurrent mark-sweep generation total 393216K, used 70435K [0x00000007a8000000, 0x00000007c0000000, 0x00000007c0000000)
 Metaspace       used 43667K, capacity 44854K, committed 45060K, reserved 1089536K
  class space    used 5278K, capacity 5557K, committed 5676K, reserved 1048576K
}
2022-06-11T21:12:53.062-0500: 968591.838: Total time for which application threads were stopped: 0.0705295 seconds, Stopping threads took: 0.0013097 seconds
{Heap before GC invocations=149 (full 1):
 par new generation   total 109248K, used 87453K [0x00000007a0000000, 0x00000007a8000000, 0x00000007a8000000)
  eden space 87424K, 100% used [0x00000007a0000000, 0x00000007a5560000, 0x00000007a5560000)
  from space 21824K,   0% used [0x00000007a6ab0000, 0x00000007a6ab7680, 0x00000007a8000000)
  to   space 21824K,   0% used [0x00000007a5560000, 0x00000007a5560000, 0x00000007a6ab0000)
 concurrent mark-sweep generation total 393216K, used 70435K [0x00000007a8000000, 0x00000007c0000000, 0x00000007c0000000)
 Metaspace       used 43667K, capacity 44854K, committed 45060K, reserved 1089536K
  class space    used 5278K, capacity 5557K, committed 5676K, reserved 1048576K
2022-06-12T12:27:59.597-0500: 981752.867: [GC (Allocation Failure) 2022-06-12T12:27:59.599-0500: 981752.869: [ParNew
Desired survivor size 20112992 bytes, new threshold 8 (max 8)
- age   1:      16032 bytes,      16032 total
: 87453K->22K(109248K), 0.0664169 secs] 157888K->70457K(502464K), 0.0684107 secs] [Times: user=0.11 sys=0.05, real=0.07 secs] 
Heap after GC invocations=150 (full 1):
 par new generation   total 109248K, used 22K [0x00000007a0000000, 0x00000007a8000000, 0x00000007a8000000)
  eden space 87424K,   0% used [0x00000007a0000000, 0x00000007a0000000, 0x00000007a5560000)
  from space 21824K,   0% used [0x00000007a5560000, 0x00000007a55658b0, 0x00000007a6ab0000)
  to   space 21824K,   0% used [0x00000007a6ab0000, 0x00000007a6ab0000, 0x00000007a8000000)
 concurrent mark-sweep generation total 393216K, used 70435K [0x00000007a8000000, 0x00000007c0000000, 0x00000007c0000000)
 Metaspace       used 43667K, capacity 44854K, committed 45060K, reserved 1089536K
  class space    used 5278K, capacity 5557K, committed 5676K, reserved 1048576K
}
2022-06-12T12:27:59.666-0500: 981752.936: Total time for which application threads were stopped: 0.0781593 seconds, Stopping threads took: 0.0011986 seconds
{Heap before GC invocations=150 (full 1):
 par new generation   total 109248K, used 87446K [0x00000007a0000000, 0x00000007a8000000, 0x00000007a8000000)
  eden space 87424K, 100% used [0x00000007a0000000, 0x00000007a5560000, 0x00000007a5560000)
  from space 21824K,   0% used [0x00000007a5560000, 0x00000007a55658b0, 0x00000007a6ab0000)
  to   space 21824K,   0% used [0x00000007a6ab0000, 0x00000007a6ab0000, 0x00000007a8000000)
 concurrent mark-sweep generation total 393216K, used 70435K [0x00000007a8000000, 0x00000007c0000000, 0x00000007c0000000)
 Metaspace       used 43667K, capacity 44854K, committed 45060K, reserved 1089536K
  class space    used 5278K, capacity 5557K, committed 5676K, reserved 1048576K
2022-06-12T20:52:44.477-0500: 994843.806: [GC (Allocation Failure) 2022-06-12T20:52:44.478-0500: 994843.807: [ParNew
Desired survivor size 20112992 bytes, new threshold 8 (max 8)
- age   1:      29472 bytes,      29472 total
: 87446K->34K(109248K), 0.0522864 secs] 157881K->70469K(502464K), 0.0538395 secs] [Times: user=0.08 sys=0.03, real=0.06 secs] 
Heap after GC invocations=151 (full 1):
 par new generation   total 109248K, used 34K [0x00000007a0000000, 0x00000007a8000000, 0x00000007a8000000)
  eden space 87424K,   0% used [0x00000007a0000000, 0x00000007a0000000, 0x00000007a5560000)
  from space 21824K,   0% used [0x00000007a6ab0000, 0x00000007a6ab8910, 0x00000007a8000000)
  to   space 21824K,   0% used [0x00000007a5560000, 0x00000007a5560000, 0x00000007a6ab0000)
 concurrent mark-sweep generation total 393216K, used 70435K [0x00000007a8000000, 0x00000007c0000000, 0x00000007c0000000)
 Metaspace       used 43667K, capacity 44854K, committed 45060K, reserved 1089536K
  class space    used 5278K, capacity 5557K, committed 5676K, reserved 1048576K
}
2022-06-12T20:52:44.531-0500: 994843.860: Total time for which application threads were stopped: 0.0754858 seconds, Stopping threads took: 0.0020438 seconds
{Heap before GC invocations=151 (full 1):
 par new generation   total 109248K, used 87458K [0x00000007a0000000, 0x00000007a8000000, 0x00000007a8000000)
  eden space 87424K, 100% used [0x00000007a0000000, 0x00000007a5560000, 0x00000007a5560000)
  from space 21824K,   0% used [0x00000007a6ab0000, 0x00000007a6ab8910, 0x00000007a8000000)
  to   space 21824K,   0% used [0x00000007a5560000, 0x00000007a5560000, 0x00000007a6ab0000)
 concurrent mark-sweep generation total 393216K, used 70435K [0x00000007a8000000, 0x00000007c0000000, 0x00000007c0000000)
 Metaspace       used 43667K, capacity 44854K, committed 45060K, reserved 1089536K
  class space    used 5278K, capacity 5557K, committed 5676K, reserved 1048576K
2022-06-13T03:05:47.749-0500: 1007928.853: [GC (Allocation Failure) 2022-06-13T03:05:47.750-0500: 1007928.854: [ParNew
Desired survivor size 20112992 bytes, new threshold 8 (max 8)
- age   1:       1840 bytes,       1840 total
: 87458K->23K(109248K), 0.0770973 secs] 157893K->70458K(502464K), 0.0787122 secs] [Times: user=0.14 sys=0.04, real=0.08 secs] 
Heap after GC invocations=152 (full 1):
 par new generation   total 109248K, used 23K [0x00000007a0000000, 0x00000007a8000000, 0x00000007a8000000)
  eden space 87424K,   0% used [0x00000007a0000000, 0x00000007a0000000, 0x00000007a5560000)
  from space 21824K,   0% used [0x00000007a5560000, 0x00000007a5565e60, 0x00000007a6ab0000)
  to   space 21824K,   0% used [0x00000007a6ab0000, 0x00000007a6ab0000, 0x00000007a8000000)
 concurrent mark-sweep generation total 393216K, used 70435K [0x00000007a8000000, 0x00000007c0000000, 0x00000007c0000000)
 Metaspace       used 43667K, capacity 44854K, committed 45060K, reserved 1089536K
  class space    used 5278K, capacity 5557K, committed 5676K, reserved 1048576K
}
2022-06-13T03:05:47.828-0500: 1007928.932: Total time for which application threads were stopped: 0.1008047 seconds, Stopping threads took: 0.0042315 seconds
2022-06-13T11:17:06.043-0500: 1014437.568: Total time for which application threads were stopped: 0.0080996 seconds, Stopping threads took: 0.0024001 seconds
{Heap before GC invocations=152 (full 1):
 par new generation   total 109248K, used 87447K [0x00000007a0000000, 0x00000007a8000000, 0x00000007a8000000)
  eden space 87424K, 100% used [0x00000007a0000000, 0x00000007a5560000, 0x00000007a5560000)
  from space 21824K,   0% used [0x00000007a5560000, 0x00000007a5565e60, 0x00000007a6ab0000)
  to   space 21824K,   0% used [0x00000007a6ab0000, 0x00000007a6ab0000, 0x00000007a8000000)
 concurrent mark-sweep generation total 393216K, used 70435K [0x00000007a8000000, 0x00000007c0000000, 0x00000007c0000000)
 Metaspace       used 43667K, capacity 44854K, committed 45060K, reserved 1089536K
  class space    used 5278K, capacity 5557K, committed 5676K, reserved 1048576K
2022-06-13T13:30:25.284-0500: 1021074.594: [GC (Allocation Failure) 2022-06-13T13:30:25.285-0500: 1021074.595: [ParNew
Desired survivor size 20112992 bytes, new threshold 8 (max 8)
- age   1:      29832 bytes,      29832 total
: 87447K->32K(109248K), 0.0516304 secs] 157882K->70467K(502464K), 0.0534659 secs] [Times: user=0.07 sys=0.04, real=0.05 secs] 
Heap after GC invocations=153 (full 1):
 par new generation   total 109248K, used 32K [0x00000007a0000000, 0x00000007a8000000, 0x00000007a8000000)
  eden space 87424K,   0% used [0x00000007a0000000, 0x00000007a0000000, 0x00000007a5560000)
  from space 21824K,   0% used [0x00000007a6ab0000, 0x00000007a6ab8100, 0x00000007a8000000)
  to   space 21824K,   0% used [0x00000007a5560000, 0x00000007a5560000, 0x00000007a6ab0000)
 concurrent mark-sweep generation total 393216K, used 70435K [0x00000007a8000000, 0x00000007c0000000, 0x00000007c0000000)
 Metaspace       used 43667K, capacity 44854K, committed 45060K, reserved 1089536K
  class space    used 5278K, capacity 5557K, committed 5676K, reserved 1048576K
}
2022-06-13T13:30:25.338-0500: 1021074.648: Total time for which application threads were stopped: 0.0681175 seconds, Stopping threads took: 0.0005411 seconds
{Heap before GC invocations=153 (full 1):
 par new generation   total 109248K, used 87456K [0x00000007a0000000, 0x00000007a8000000, 0x00000007a8000000)
  eden space 87424K, 100% used [0x00000007a0000000, 0x00000007a5560000, 0x00000007a5560000)
  from space 21824K,   0% used [0x00000007a6ab0000, 0x00000007a6ab8100, 0x00000007a8000000)
  to   space 21824K,   0% used [0x00000007a5560000, 0x00000007a5560000, 0x00000007a6ab0000)
 concurrent mark-sweep generation total 393216K, used 70435K [0x00000007a8000000, 0x00000007c0000000, 0x00000007c0000000)
 Metaspace       used 43667K, capacity 44854K, committed 45060K, reserved 1089536K
  class space    used 5278K, capacity 5557K, committed 5676K, reserved 1048576K
2022-06-13T18:20:32.861-0500: 1034160.146: [GC (Allocation Failure) 2022-06-13T18:20:32.863-0500: 1034160.147: [ParNew
Desired survivor size 20112992 bytes, new threshold 8 (max 8)
- age   1:      29480 bytes,      29480 total
: 87456K->46K(109248K), 0.0396412 secs] 157891K->70482K(502464K), 0.0414723 secs] [Times: user=0.06 sys=0.03, real=0.04 secs] 
Heap after GC invocations=154 (full 1):
 par new generation   total 109248K, used 46K [0x00000007a0000000, 0x00000007a8000000, 0x00000007a8000000)
  eden space 87424K,   0% used [0x00000007a0000000, 0x00000007a0000000, 0x00000007a5560000)
  from space 21824K,   0% used [0x00000007a5560000, 0x00000007a556bb40, 0x00000007a6ab0000)
  to   space 21824K,   0% used [0x00000007a6ab0000, 0x00000007a6ab0000, 0x00000007a8000000)
 concurrent mark-sweep generation total 393216K, used 70435K [0x00000007a8000000, 0x00000007c0000000, 0x00000007c0000000)
 Metaspace       used 43667K, capacity 44854K, committed 45060K, reserved 1089536K
  class space    used 5278K, capacity 5557K, committed 5676K, reserved 1048576K
}
2022-06-13T18:20:32.903-0500: 1034160.187: Total time for which application threads were stopped: 0.0593111 seconds, Stopping threads took: 0.0014726 seconds
{Heap before GC invocations=154 (full 1):
 par new generation   total 109248K, used 87470K [0x00000007a0000000, 0x00000007a8000000, 0x00000007a8000000)
  eden space 87424K, 100% used [0x00000007a0000000, 0x00000007a5560000, 0x00000007a5560000)
  from space 21824K,   0% used [0x00000007a5560000, 0x00000007a556bb40, 0x00000007a6ab0000)
  to   space 21824K,   0% used [0x00000007a6ab0000, 0x00000007a6ab0000, 0x00000007a8000000)
 concurrent mark-sweep generation total 393216K, used 70435K [0x00000007a8000000, 0x00000007c0000000, 0x00000007c0000000)
 Metaspace       used 43667K, capacity 44854K, committed 45060K, reserved 1089536K
  class space    used 5278K, capacity 5557K, committed 5676K, reserved 1048576K
2022-06-13T23:10:31.155-0500: 1047305.756: [GC (Allocation Failure) 2022-06-13T23:10:31.157-0500: 1047305.758: [ParNew
Desired survivor size 20112992 bytes, new threshold 8 (max 8)
- age   1:       8016 bytes,       8016 total
: 87470K->19K(109248K), 0.0543768 secs] 157906K->70454K(502464K), 0.0560955 secs] [Times: user=0.09 sys=0.04, real=0.06 secs] 
Heap after GC invocations=155 (full 1):
 par new generation   total 109248K, used 19K [0x00000007a0000000, 0x00000007a8000000, 0x00000007a8000000)
  eden space 87424K,   0% used [0x00000007a0000000, 0x00000007a0000000, 0x00000007a5560000)
  from space 21824K,   0% used [0x00000007a6ab0000, 0x00000007a6ab4e30, 0x00000007a8000000)
  to   space 21824K,   0% used [0x00000007a5560000, 0x00000007a5560000, 0x00000007a6ab0000)
 concurrent mark-sweep generation total 393216K, used 70435K [0x00000007a8000000, 0x00000007c0000000, 0x00000007c0000000)
 Metaspace       used 43667K, capacity 44854K, committed 45060K, reserved 1089536K
  class space    used 5278K, capacity 5557K, committed 5676K, reserved 1048576K
}
2022-06-13T23:10:31.212-0500: 1047305.813: Total time for which application threads were stopped: 0.0709182 seconds, Stopping threads took: 0.0030219 seconds
{Heap before GC invocations=155 (full 1):
 par new generation   total 109248K, used 87443K [0x00000007a0000000, 0x00000007a8000000, 0x00000007a8000000)
  eden space 87424K, 100% used [0x00000007a0000000, 0x00000007a5560000, 0x00000007a5560000)
  from space 21824K,   0% used [0x00000007a6ab0000, 0x00000007a6ab4e30, 0x00000007a8000000)
  to   space 21824K,   0% used [0x00000007a5560000, 0x00000007a5560000, 0x00000007a6ab0000)
 concurrent mark-sweep generation total 393216K, used 70435K [0x00000007a8000000, 0x00000007c0000000, 0x00000007c0000000)
 Metaspace       used 43667K, capacity 44854K, committed 45060K, reserved 1089536K
  class space    used 5278K, capacity 5557K, committed 5676K, reserved 1048576K
2022-06-14T16:02:33.905-0500: 1060392.162: [GC (Allocation Failure) 2022-06-14T16:02:33.907-0500: 1060392.163: [ParNew
Desired survivor size 20112992 bytes, new threshold 8 (max 8)
- age   1:      23624 bytes,      23624 total
: 87443K->28K(109248K), 0.0518285 secs] 157878K->70463K(502464K), 0.0531900 secs] [Times: user=0.08 sys=0.04, real=0.05 secs] 
Heap after GC invocations=156 (full 1):
 par new generation   total 109248K, used 28K [0x00000007a0000000, 0x00000007a8000000, 0x00000007a8000000)
  eden space 87424K,   0% used [0x00000007a0000000, 0x00000007a0000000, 0x00000007a5560000)
  from space 21824K,   0% used [0x00000007a5560000, 0x00000007a55670e0, 0x00000007a6ab0000)
  to   space 21824K,   0% used [0x00000007a6ab0000, 0x00000007a6ab0000, 0x00000007a8000000)
 concurrent mark-sweep generation total 393216K, used 70435K [0x00000007a8000000, 0x00000007c0000000, 0x00000007c0000000)
 Metaspace       used 43667K, capacity 44854K, committed 45060K, reserved 1089536K
  class space    used 5278K, capacity 5557K, committed 5676K, reserved 1048576K
}
2022-06-14T16:02:33.959-0500: 1060392.216: Total time for which application threads were stopped: 0.0795148 seconds, Stopping threads took: 0.0019106 seconds
{Heap before GC invocations=156 (full 1):
 par new generation   total 109248K, used 87452K [0x00000007a0000000, 0x00000007a8000000, 0x00000007a8000000)
  eden space 87424K, 100% used [0x00000007a0000000, 0x00000007a5560000, 0x00000007a5560000)
  from space 21824K,   0% used [0x00000007a5560000, 0x00000007a55670e0, 0x00000007a6ab0000)
  to   space 21824K,   0% used [0x00000007a6ab0000, 0x00000007a6ab0000, 0x00000007a8000000)
 concurrent mark-sweep generation total 393216K, used 70435K [0x00000007a8000000, 0x00000007c0000000, 0x00000007c0000000)
 Metaspace       used 43667K, capacity 44854K, committed 45060K, reserved 1089536K
  class space    used 5278K, capacity 5557K, committed 5676K, reserved 1048576K
2022-06-15T01:46:20.949-0500: 1073477.854: [GC (Allocation Failure) 2022-06-15T01:46:20.951-0500: 1073477.855: [ParNew
Desired survivor size 20112992 bytes, new threshold 8 (max 8)
- age   1:      29376 bytes,      29376 total
: 87452K->41K(109248K), 0.0817107 secs] 157887K->70476K(502464K), 0.0841030 secs] [Times: user=0.11 sys=0.05, real=0.09 secs] 
Heap after GC invocations=157 (full 1):
 par new generation   total 109248K, used 41K [0x00000007a0000000, 0x00000007a8000000, 0x00000007a8000000)
  eden space 87424K,   0% used [0x00000007a0000000, 0x00000007a0000000, 0x00000007a5560000)
  from space 21824K,   0% used [0x00000007a6ab0000, 0x00000007a6aba5f0, 0x00000007a8000000)
  to   space 21824K,   0% used [0x00000007a5560000, 0x00000007a5560000, 0x00000007a6ab0000)
 concurrent mark-sweep generation total 393216K, used 70435K [0x00000007a8000000, 0x00000007c0000000, 0x00000007c0000000)
 Metaspace       used 43667K, capacity 44854K, committed 45060K, reserved 1089536K
  class space    used 5278K, capacity 5557K, committed 5676K, reserved 1048576K
}
2022-06-15T01:46:21.034-0500: 1073477.938: Total time for which application threads were stopped: 0.1167617 seconds, Stopping threads took: 0.0061676 seconds
{Heap before GC invocations=157 (full 1):
 par new generation   total 109248K, used 87465K [0x00000007a0000000, 0x00000007a8000000, 0x00000007a8000000)
  eden space 87424K, 100% used [0x00000007a0000000, 0x00000007a5560000, 0x00000007a5560000)
  from space 21824K,   0% used [0x00000007a6ab0000, 0x00000007a6aba5f0, 0x00000007a8000000)
  to   space 21824K,   0% used [0x00000007a5560000, 0x00000007a5560000, 0x00000007a6ab0000)
 concurrent mark-sweep generation total 393216K, used 70435K [0x00000007a8000000, 0x00000007c0000000, 0x00000007c0000000)
 Metaspace       used 43667K, capacity 44854K, committed 45060K, reserved 1089536K
  class space    used 5278K, capacity 5557K, committed 5676K, reserved 1048576K
2022-06-15T13:58:36.127-0500: 1086623.870: [GC (Allocation Failure) 2022-06-15T13:58:36.128-0500: 1086623.872: [ParNew
Desired survivor size 20112992 bytes, new threshold 8 (max 8)
- age   1:      10960 bytes,      10960 total
: 87465K->23K(109248K), 0.0782070 secs] 157900K->70458K(502464K), 0.0798620 secs] [Times: user=0.08 sys=0.05, real=0.08 secs] 
Heap after GC invocations=158 (full 1):
 par new generation   total 109248K, used 23K [0x00000007a0000000, 0x00000007a8000000, 0x00000007a8000000)
  eden space 87424K,   0% used [0x00000007a0000000, 0x00000007a0000000, 0x00000007a5560000)
  from space 21824K,   0% used [0x00000007a5560000, 0x00000007a5565c40, 0x00000007a6ab0000)
  to   space 21824K,   0% used [0x00000007a6ab0000, 0x00000007a6ab0000, 0x00000007a8000000)
 concurrent mark-sweep generation total 393216K, used 70435K [0x00000007a8000000, 0x00000007c0000000, 0x00000007c0000000)
 Metaspace       used 43667K, capacity 44854K, committed 45060K, reserved 1089536K
  class space    used 5278K, capacity 5557K, committed 5676K, reserved 1048576K
}
2022-06-15T13:58:36.207-0500: 1086623.950: Total time for which application threads were stopped: 0.1105750 seconds, Stopping threads took: 0.0024587 seconds
{Heap before GC invocations=158 (full 1):
 par new generation   total 109248K, used 87447K [0x00000007a0000000, 0x00000007a8000000, 0x00000007a8000000)
  eden space 87424K, 100% used [0x00000007a0000000, 0x00000007a5560000, 0x00000007a5560000)
  from space 21824K,   0% used [0x00000007a5560000, 0x00000007a5565c40, 0x00000007a6ab0000)
  to   space 21824K,   0% used [0x00000007a6ab0000, 0x00000007a6ab0000, 0x00000007a8000000)
 concurrent mark-sweep generation total 393216K, used 70435K [0x00000007a8000000, 0x00000007c0000000, 0x00000007c0000000)
 Metaspace       used 43667K, capacity 44854K, committed 45060K, reserved 1089536K
  class space    used 5278K, capacity 5557K, committed 5676K, reserved 1048576K
2022-06-15T20:59:10.105-0500: 1099709.205: [GC (Allocation Failure) 2022-06-15T20:59:10.107-0500: 1099709.206: [ParNew
Desired survivor size 20112992 bytes, new threshold 8 (max 8)
- age   1:      29432 bytes,      29432 total
: 87447K->32K(109248K), 0.0626494 secs] 157882K->70467K(502464K), 0.0646043 secs] [Times: user=0.07 sys=0.06, real=0.07 secs] 
Heap after GC invocations=159 (full 1):
 par new generation   total 109248K, used 32K [0x00000007a0000000, 0x00000007a8000000, 0x00000007a8000000)
  eden space 87424K,   0% used [0x00000007a0000000, 0x00000007a0000000, 0x00000007a5560000)
  from space 21824K,   0% used [0x00000007a6ab0000, 0x00000007a6ab8100, 0x00000007a8000000)
  to   space 21824K,   0% used [0x00000007a5560000, 0x00000007a5560000, 0x00000007a6ab0000)
 concurrent mark-sweep generation total 393216K, used 70435K [0x00000007a8000000, 0x00000007c0000000, 0x00000007c0000000)
 Metaspace       used 43667K, capacity 44854K, committed 45060K, reserved 1089536K
  class space    used 5278K, capacity 5557K, committed 5676K, reserved 1048576K
}
2022-06-15T20:59:10.170-0500: 1099709.269: Total time for which application threads were stopped: 0.0828836 seconds, Stopping threads took: 0.0022905 seconds
{Heap before GC invocations=159 (full 1):
 par new generation   total 109248K, used 87456K [0x00000007a0000000, 0x00000007a8000000, 0x00000007a8000000)
  eden space 87424K, 100% used [0x00000007a0000000, 0x00000007a5560000, 0x00000007a5560000)
  from space 21824K,   0% used [0x00000007a6ab0000, 0x00000007a6ab8100, 0x00000007a8000000)
  to   space 21824K,   0% used [0x00000007a5560000, 0x00000007a5560000, 0x00000007a6ab0000)
 concurrent mark-sweep generation total 393216K, used 70435K [0x00000007a8000000, 0x00000007c0000000, 0x00000007c0000000)
 Metaspace       used 43667K, capacity 44854K, committed 45060K, reserved 1089536K
  class space    used 5278K, capacity 5557K, committed 5676K, reserved 1048576K
2022-06-16T09:47:09.630-0500: 1112794.247: [GC (Allocation Failure) 2022-06-16T09:47:09.631-0500: 1112794.249: [ParNew
Desired survivor size 20112992 bytes, new threshold 8 (max 8)
- age   1:       1848 bytes,       1848 total
: 87456K->23K(109248K), 0.0316302 secs] 157891K->70458K(502464K), 0.0334061 secs] [Times: user=0.04 sys=0.04, real=0.03 secs] 
Heap after GC invocations=160 (full 1):
 par new generation   total 109248K, used 23K [0x00000007a0000000, 0x00000007a8000000, 0x00000007a8000000)
  eden space 87424K,   0% used [0x00000007a0000000, 0x00000007a0000000, 0x00000007a5560000)
  from space 21824K,   0% used [0x00000007a5560000, 0x00000007a5565c20, 0x00000007a6ab0000)
  to   space 21824K,   0% used [0x00000007a6ab0000, 0x00000007a6ab0000, 0x00000007a8000000)
 concurrent mark-sweep generation total 393216K, used 70435K [0x00000007a8000000, 0x00000007c0000000, 0x00000007c0000000)
 Metaspace       used 43667K, capacity 44854K, committed 45060K, reserved 1089536K
  class space    used 5278K, capacity 5557K, committed 5676K, reserved 1048576K
}
2022-06-16T09:47:09.663-0500: 1112794.281: Total time for which application threads were stopped: 0.0412529 seconds, Stopping threads took: 0.0004930 seconds
{Heap before GC invocations=160 (full 1):
 par new generation   total 109248K, used 87447K [0x00000007a0000000, 0x00000007a8000000, 0x00000007a8000000)
  eden space 87424K, 100% used [0x00000007a0000000, 0x00000007a5560000, 0x00000007a5560000)
  from space 21824K,   0% used [0x00000007a5560000, 0x00000007a5565c20, 0x00000007a6ab0000)
  to   space 21824K,   0% used [0x00000007a6ab0000, 0x00000007a6ab0000, 0x00000007a8000000)
 concurrent mark-sweep generation total 393216K, used 70435K [0x00000007a8000000, 0x00000007c0000000, 0x00000007c0000000)
 Metaspace       used 43667K, capacity 44854K, committed 45060K, reserved 1089536K
  class space    used 5278K, capacity 5557K, committed 5676K, reserved 1048576K
2022-06-16T15:03:19.734-0500: 1125939.438: [GC (Allocation Failure) 2022-06-16T15:03:19.735-0500: 1125939.439: [ParNew
Desired survivor size 20112992 bytes, new threshold 8 (max 8)
- age   1:      28176 bytes,      28176 total
: 87447K->32K(109248K), 0.0835633 secs] 157882K->70467K(502464K), 0.0853187 secs] [Times: user=0.10 sys=0.07, real=0.08 secs] 
Heap after GC invocations=161 (full 1):
 par new generation   total 109248K, used 32K [0x00000007a0000000, 0x00000007a8000000, 0x00000007a8000000)
  eden space 87424K,   0% used [0x00000007a0000000, 0x00000007a0000000, 0x00000007a5560000)
  from space 21824K,   0% used [0x00000007a6ab0000, 0x00000007a6ab8100, 0x00000007a8000000)
  to   space 21824K,   0% used [0x00000007a5560000, 0x00000007a5560000, 0x00000007a6ab0000)
 concurrent mark-sweep generation total 393216K, used 70435K [0x00000007a8000000, 0x00000007c0000000, 0x00000007c0000000)
 Metaspace       used 43667K, capacity 44854K, committed 45060K, reserved 1089536K
  class space    used 5278K, capacity 5557K, committed 5676K, reserved 1048576K
}
2022-06-16T15:03:19.819-0500: 1125939.523: Total time for which application threads were stopped: 0.1225965 seconds, Stopping threads took: 0.0055964 seconds
{Heap before GC invocations=161 (full 1):
 par new generation   total 109248K, used 87456K [0x00000007a0000000, 0x00000007a8000000, 0x00000007a8000000)
  eden space 87424K, 100% used [0x00000007a0000000, 0x00000007a5560000, 0x00000007a5560000)
  from space 21824K,   0% used [0x00000007a6ab0000, 0x00000007a6ab8100, 0x00000007a8000000)
  to   space 21824K,   0% used [0x00000007a5560000, 0x00000007a5560000, 0x00000007a6ab0000)
 concurrent mark-sweep generation total 393216K, used 70435K [0x00000007a8000000, 0x00000007c0000000, 0x00000007c0000000)
 Metaspace       used 43667K, capacity 44854K, committed 45060K, reserved 1089536K
  class space    used 5278K, capacity 5557K, committed 5676K, reserved 1048576K
2022-06-16T19:48:34.439-0500: 1139025.796: [GC (Allocation Failure) 2022-06-16T19:48:34.441-0500: 1139025.798: [ParNew
Desired survivor size 20112992 bytes, new threshold 8 (max 8)
- age   1:      29352 bytes,      29352 total
: 87456K->44K(109248K), 0.0762896 secs] 157891K->70479K(502464K), 0.0786474 secs] [Times: user=0.08 sys=0.05, real=0.08 secs] 
Heap after GC invocations=162 (full 1):
 par new generation   total 109248K, used 44K [0x00000007a0000000, 0x00000007a8000000, 0x00000007a8000000)
  eden space 87424K,   0% used [0x00000007a0000000, 0x00000007a0000000, 0x00000007a5560000)
  from space 21824K,   0% used [0x00000007a5560000, 0x00000007a556b100, 0x00000007a6ab0000)
  to   space 21824K,   0% used [0x00000007a6ab0000, 0x00000007a6ab0000, 0x00000007a8000000)
 concurrent mark-sweep generation total 393216K, used 70435K [0x00000007a8000000, 0x00000007c0000000, 0x00000007c0000000)
 Metaspace       used 43667K, capacity 44854K, committed 45060K, reserved 1089536K
  class space    used 5278K, capacity 5557K, committed 5676K, reserved 1048576K
}
2022-06-16T19:48:34.518-0500: 1139025.875: Total time for which application threads were stopped: 0.1155063 seconds, Stopping threads took: 0.0063193 seconds
{Heap before GC invocations=162 (full 1):
 par new generation   total 109248K, used 87468K [0x00000007a0000000, 0x00000007a8000000, 0x00000007a8000000)
  eden space 87424K, 100% used [0x00000007a0000000, 0x00000007a5560000, 0x00000007a5560000)
  from space 21824K,   0% used [0x00000007a5560000, 0x00000007a556b100, 0x00000007a6ab0000)
  to   space 21824K,   0% used [0x00000007a6ab0000, 0x00000007a6ab0000, 0x00000007a8000000)
 concurrent mark-sweep generation total 393216K, used 70435K [0x00000007a8000000, 0x00000007c0000000, 0x00000007c0000000)
 Metaspace       used 43667K, capacity 44854K, committed 45060K, reserved 1089536K
  class space    used 5278K, capacity 5557K, committed 5676K, reserved 1048576K
2022-06-17T02:59:03.033-0500: 1152173.638: [GC (Allocation Failure) 2022-06-17T02:59:03.036-0500: 1152173.640: [ParNew
Desired survivor size 20112992 bytes, new threshold 8 (max 8)
- age   1:       8168 bytes,       8168 total
: 87468K->19K(109248K), 0.1879827 secs] 157903K->70454K(502464K), 0.1918198 secs] [Times: user=0.16 sys=0.08, real=0.19 secs] 
Heap after GC invocations=163 (full 1):
 par new generation   total 109248K, used 19K [0x00000007a0000000, 0x00000007a8000000, 0x00000007a8000000)
  eden space 87424K,   0% used [0x00000007a0000000, 0x00000007a0000000, 0x00000007a5560000)
  from space 21824K,   0% used [0x00000007a6ab0000, 0x00000007a6ab4c20, 0x00000007a8000000)
  to   space 21824K,   0% used [0x00000007a5560000, 0x00000007a5560000, 0x00000007a6ab0000)
 concurrent mark-sweep generation total 393216K, used 70435K [0x00000007a8000000, 0x00000007c0000000, 0x00000007c0000000)
 Metaspace       used 43667K, capacity 44854K, committed 45060K, reserved 1089536K
  class space    used 5278K, capacity 5557K, committed 5676K, reserved 1048576K
}
2022-06-17T02:59:03.228-0500: 1152173.833: Total time for which application threads were stopped: 0.2619283 seconds, Stopping threads took: 0.0042161 seconds
{Heap before GC invocations=163 (full 1):
 par new generation   total 109248K, used 87443K [0x00000007a0000000, 0x00000007a8000000, 0x00000007a8000000)
  eden space 87424K, 100% used [0x00000007a0000000, 0x00000007a5560000, 0x00000007a5560000)
  from space 21824K,   0% used [0x00000007a6ab0000, 0x00000007a6ab4c20, 0x00000007a8000000)
  to   space 21824K,   0% used [0x00000007a5560000, 0x00000007a5560000, 0x00000007a6ab0000)
 concurrent mark-sweep generation total 393216K, used 70435K [0x00000007a8000000, 0x00000007c0000000, 0x00000007c0000000)
 Metaspace       used 43667K, capacity 44854K, committed 45060K, reserved 1089536K
  class space    used 5278K, capacity 5557K, committed 5676K, reserved 1048576K
2022-06-17T14:34:05.581-0500: 1165259.623: [GC (Allocation Failure) 2022-06-17T14:34:05.582-0500: 1165259.624: [ParNew
Desired survivor size 20112992 bytes, new threshold 8 (max 8)
- age   1:      24232 bytes,      24232 total
: 87443K->30K(109248K), 0.0607148 secs] 157878K->70465K(502464K), 0.0626771 secs] [Times: user=0.08 sys=0.05, real=0.06 secs] 
Heap after GC invocations=164 (full 1):
 par new generation   total 109248K, used 30K [0x00000007a0000000, 0x00000007a8000000, 0x00000007a8000000)
  eden space 87424K,   0% used [0x00000007a0000000, 0x00000007a0000000, 0x00000007a5560000)
  from space 21824K,   0% used [0x00000007a5560000, 0x00000007a55678f0, 0x00000007a6ab0000)
  to   space 21824K,   0% used [0x00000007a6ab0000, 0x00000007a6ab0000, 0x00000007a8000000)
 concurrent mark-sweep generation total 393216K, used 70435K [0x00000007a8000000, 0x00000007c0000000, 0x00000007c0000000)
 Metaspace       used 43667K, capacity 44854K, committed 45060K, reserved 1089536K
  class space    used 5278K, capacity 5557K, committed 5676K, reserved 1048576K
}
2022-06-17T14:34:05.644-0500: 1165259.686: Total time for which application threads were stopped: 0.0878794 seconds, Stopping threads took: 0.0016832 seconds
{Heap before GC invocations=164 (full 1):
 par new generation   total 109248K, used 87454K [0x00000007a0000000, 0x00000007a8000000, 0x00000007a8000000)
  eden space 87424K, 100% used [0x00000007a0000000, 0x00000007a5560000, 0x00000007a5560000)
  from space 21824K,   0% used [0x00000007a5560000, 0x00000007a55678f0, 0x00000007a6ab0000)
  to   space 21824K,   0% used [0x00000007a6ab0000, 0x00000007a6ab0000, 0x00000007a8000000)
 concurrent mark-sweep generation total 393216K, used 70435K [0x00000007a8000000, 0x00000007c0000000, 0x00000007c0000000)
 Metaspace       used 43667K, capacity 44854K, committed 45060K, reserved 1089536K
  class space    used 5278K, capacity 5557K, committed 5676K, reserved 1048576K
2022-06-17T18:18:16.974-0500: 1178177.472: [GC (Allocation Failure) 2022-06-17T18:18:16.975-0500: 1178177.473: [ParNew
Desired survivor size 20112992 bytes, new threshold 8 (max 8)
- age   1:       1136 bytes,       1136 total
: 87454K->18K(109248K), 0.0667116 secs] 157889K->70454K(502464K), 0.0682807 secs] [Times: user=0.09 sys=0.06, real=0.07 secs] 
Heap after GC invocations=165 (full 1):
 par new generation   total 109248K, used 18K [0x00000007a0000000, 0x00000007a8000000, 0x00000007a8000000)
  eden space 87424K,   0% used [0x00000007a0000000, 0x00000007a0000000, 0x00000007a5560000)
  from space 21824K,   0% used [0x00000007a6ab0000, 0x00000007a6ab4b80, 0x00000007a8000000)
  to   space 21824K,   0% used [0x00000007a5560000, 0x00000007a5560000, 0x00000007a6ab0000)
 concurrent mark-sweep generation total 393216K, used 70435K [0x00000007a8000000, 0x00000007c0000000, 0x00000007c0000000)
 Metaspace       used 43667K, capacity 44854K, committed 45060K, reserved 1089536K
  class space    used 5278K, capacity 5557K, committed 5676K, reserved 1048576K
}
2022-06-17T18:18:17.043-0500: 1178177.540: Total time for which application threads were stopped: 0.0888856 seconds, Stopping threads took: 0.0033220 seconds
{Heap before GC invocations=165 (full 1):
 par new generation   total 109248K, used 87442K [0x00000007a0000000, 0x00000007a8000000, 0x00000007a8000000)
  eden space 87424K, 100% used [0x00000007a0000000, 0x00000007a5560000, 0x00000007a5560000)
  from space 21824K,   0% used [0x00000007a6ab0000, 0x00000007a6ab4b80, 0x00000007a8000000)
  to   space 21824K,   0% used [0x00000007a5560000, 0x00000007a5560000, 0x00000007a6ab0000)
 concurrent mark-sweep generation total 393216K, used 70435K [0x00000007a8000000, 0x00000007c0000000, 0x00000007c0000000)
 Metaspace       used 43667K, capacity 44854K, committed 45060K, reserved 1089536K
  class space    used 5278K, capacity 5557K, committed 5676K, reserved 1048576K
2022-06-18T11:48:51.146-0500: 1191309.702: [GC (Allocation Failure) 2022-06-18T11:48:51.147-0500: 1191309.704: [ParNew
Desired survivor size 20112992 bytes, new threshold 8 (max 8)
- age   1:      15952 bytes,      15952 total
: 87442K->22K(109248K), 0.0530192 secs] 157878K->70457K(502464K), 0.0552050 secs] [Times: user=0.08 sys=0.05, real=0.06 secs] 
Heap after GC invocations=166 (full 1):
 par new generation   total 109248K, used 22K [0x00000007a0000000, 0x00000007a8000000, 0x00000007a8000000)
  eden space 87424K,   0% used [0x00000007a0000000, 0x00000007a0000000, 0x00000007a5560000)
  from space 21824K,   0% used [0x00000007a5560000, 0x00000007a55658b0, 0x00000007a6ab0000)
  to   space 21824K,   0% used [0x00000007a6ab0000, 0x00000007a6ab0000, 0x00000007a8000000)
 concurrent mark-sweep generation total 393216K, used 70435K [0x00000007a8000000, 0x00000007c0000000, 0x00000007c0000000)
 Metaspace       used 43667K, capacity 44854K, committed 45060K, reserved 1089536K
  class space    used 5278K, capacity 5557K, committed 5676K, reserved 1048576K
}
2022-06-18T11:48:51.202-0500: 1191309.758: Total time for which application threads were stopped: 0.0708100 seconds, Stopping threads took: 0.0022480 seconds
{Heap before GC invocations=166 (full 1):
 par new generation   total 109248K, used 87446K [0x00000007a0000000, 0x00000007a8000000, 0x00000007a8000000)
  eden space 87424K, 100% used [0x00000007a0000000, 0x00000007a5560000, 0x00000007a5560000)
  from space 21824K,   0% used [0x00000007a5560000, 0x00000007a55658b0, 0x00000007a6ab0000)
  to   space 21824K,   0% used [0x00000007a6ab0000, 0x00000007a6ab0000, 0x00000007a8000000)
 concurrent mark-sweep generation total 393216K, used 70435K [0x00000007a8000000, 0x00000007c0000000, 0x00000007c0000000)
 Metaspace       used 43667K, capacity 44854K, committed 45060K, reserved 1089536K
  class space    used 5278K, capacity 5557K, committed 5676K, reserved 1048576K
2022-06-19T03:10:21.422-0500: 1204394.100: [GC (Allocation Failure) 2022-06-19T03:10:21.423-0500: 1204394.101: [ParNew
Desired survivor size 20112992 bytes, new threshold 8 (max 8)
- age   1:      29384 bytes,      29384 total
: 87446K->34K(109248K), 0.0291675 secs] 157881K->70469K(502464K), 0.0305406 secs] [Times: user=0.04 sys=0.04, real=0.03 secs] 
Heap after GC invocations=167 (full 1):
 par new generation   total 109248K, used 34K [0x00000007a0000000, 0x00000007a8000000, 0x00000007a8000000)
  eden space 87424K,   0% used [0x00000007a0000000, 0x00000007a0000000, 0x00000007a5560000)
  from space 21824K,   0% used [0x00000007a6ab0000, 0x00000007a6ab8910, 0x00000007a8000000)
  to   space 21824K,   0% used [0x00000007a5560000, 0x00000007a5560000, 0x00000007a6ab0000)
 concurrent mark-sweep generation total 393216K, used 70435K [0x00000007a8000000, 0x00000007c0000000, 0x00000007c0000000)
 Metaspace       used 43667K, capacity 44854K, committed 45060K, reserved 1089536K
  class space    used 5278K, capacity 5557K, committed 5676K, reserved 1048576K
}
2022-06-19T03:10:21.452-0500: 1204394.131: Total time for which application threads were stopped: 0.0359189 seconds, Stopping threads took: 0.0004566 seconds
{Heap before GC invocations=167 (full 1):
 par new generation   total 109248K, used 87458K [0x00000007a0000000, 0x00000007a8000000, 0x00000007a8000000)
  eden space 87424K, 100% used [0x00000007a0000000, 0x00000007a5560000, 0x00000007a5560000)
  from space 21824K,   0% used [0x00000007a6ab0000, 0x00000007a6ab8910, 0x00000007a8000000)
  to   space 21824K,   0% used [0x00000007a5560000, 0x00000007a5560000, 0x00000007a6ab0000)
 concurrent mark-sweep generation total 393216K, used 70435K [0x00000007a8000000, 0x00000007c0000000, 0x00000007c0000000)
 Metaspace       used 43667K, capacity 44854K, committed 45060K, reserved 1089536K
  class space    used 5278K, capacity 5557K, committed 5676K, reserved 1048576K
2022-06-19T18:45:48.400-0500: 1217539.275: [GC (Allocation Failure) 2022-06-19T18:45:48.402-0500: 1217539.277: [ParNew
Desired survivor size 20112992 bytes, new threshold 8 (max 8)
- age   1:       8248 bytes,       8248 total
: 87458K->29K(109248K), 0.0534735 secs] 157893K->70464K(502464K), 0.0552216 secs] [Times: user=0.08 sys=0.05, real=0.05 secs] 
Heap after GC invocations=168 (full 1):
 par new generation   total 109248K, used 29K [0x00000007a0000000, 0x00000007a8000000, 0x00000007a8000000)
  eden space 87424K,   0% used [0x00000007a0000000, 0x00000007a0000000, 0x00000007a5560000)
  from space 21824K,   0% used [0x00000007a5560000, 0x00000007a5567490, 0x00000007a6ab0000)
  to   space 21824K,   0% used [0x00000007a6ab0000, 0x00000007a6ab0000, 0x00000007a8000000)
 concurrent mark-sweep generation total 393216K, used 70435K [0x00000007a8000000, 0x00000007c0000000, 0x00000007c0000000)
 Metaspace       used 43667K, capacity 44854K, committed 45060K, reserved 1089536K
  class space    used 5278K, capacity 5557K, committed 5676K, reserved 1048576K
}
2022-06-19T18:45:48.456-0500: 1217539.331: Total time for which application threads were stopped: 0.0682855 seconds, Stopping threads took: 0.0012664 seconds
{Heap before GC invocations=168 (full 1):
 par new generation   total 109248K, used 87453K [0x00000007a0000000, 0x00000007a8000000, 0x00000007a8000000)
  eden space 87424K, 100% used [0x00000007a0000000, 0x00000007a5560000, 0x00000007a5560000)
  from space 21824K,   0% used [0x00000007a5560000, 0x00000007a5567490, 0x00000007a6ab0000)
  to   space 21824K,   0% used [0x00000007a6ab0000, 0x00000007a6ab0000, 0x00000007a8000000)
 concurrent mark-sweep generation total 393216K, used 70435K [0x00000007a8000000, 0x00000007c0000000, 0x00000007c0000000)
 Metaspace       used 43667K, capacity 44854K, committed 45060K, reserved 1089536K
  class space    used 5278K, capacity 5557K, committed 5676K, reserved 1048576K
2022-06-20T14:52:09.289-0500: 1230623.331: [GC (Allocation Failure) 2022-06-20T14:52:09.290-0500: 1230623.332: [ParNew
Desired survivor size 20112992 bytes, new threshold 8 (max 8)
- age   1:      24120 bytes,      24120 total
: 87453K->30K(109248K), 0.0748659 secs] 157888K->70465K(502464K), 0.0766793 secs] [Times: user=0.11 sys=0.06, real=0.08 secs] 
Heap after GC invocations=169 (full 1):
 par new generation   total 109248K, used 30K [0x00000007a0000000, 0x00000007a8000000, 0x00000007a8000000)
  eden space 87424K,   0% used [0x00000007a0000000, 0x00000007a0000000, 0x00000007a5560000)
  from space 21824K,   0% used [0x00000007a6ab0000, 0x00000007a6ab78f0, 0x00000007a8000000)
  to   space 21824K,   0% used [0x00000007a5560000, 0x00000007a5560000, 0x00000007a6ab0000)
 concurrent mark-sweep generation total 393216K, used 70435K [0x00000007a8000000, 0x00000007c0000000, 0x00000007c0000000)
 Metaspace       used 43667K, capacity 44854K, committed 45060K, reserved 1089536K
  class space    used 5278K, capacity 5557K, committed 5676K, reserved 1048576K
}
2022-06-20T14:52:09.366-0500: 1230623.408: Total time for which application threads were stopped: 0.0987955 seconds, Stopping threads took: 0.0022984 seconds
{Heap before GC invocations=169 (full 1):
 par new generation   total 109248K, used 87454K [0x00000007a0000000, 0x00000007a8000000, 0x00000007a8000000)
  eden space 87424K, 100% used [0x00000007a0000000, 0x00000007a5560000, 0x00000007a5560000)
  from space 21824K,   0% used [0x00000007a6ab0000, 0x00000007a6ab78f0, 0x00000007a8000000)
  to   space 21824K,   0% used [0x00000007a5560000, 0x00000007a5560000, 0x00000007a6ab0000)
 concurrent mark-sweep generation total 393216K, used 70435K [0x00000007a8000000, 0x00000007c0000000, 0x00000007c0000000)
 Metaspace       used 43667K, capacity 44854K, committed 45060K, reserved 1089536K
  class space    used 5278K, capacity 5557K, committed 5676K, reserved 1048576K
2022-06-20T19:44:40.358-0500: 1243707.867: [GC (Allocation Failure) 2022-06-20T19:44:40.360-0500: 1243707.869: [ParNew
Desired survivor size 20112992 bytes, new threshold 8 (max 8)
- age   1:      16144 bytes,      16144 total
: 87454K->29K(109248K), 0.0535426 secs] 157889K->70464K(502464K), 0.0551609 secs] [Times: user=0.08 sys=0.05, real=0.06 secs] 
Heap after GC invocations=170 (full 1):
 par new generation   total 109248K, used 29K [0x00000007a0000000, 0x00000007a8000000, 0x00000007a8000000)
  eden space 87424K,   0% used [0x00000007a0000000, 0x00000007a0000000, 0x00000007a5560000)
  from space 21824K,   0% used [0x00000007a5560000, 0x00000007a5567440, 0x00000007a6ab0000)
  to   space 21824K,   0% used [0x00000007a6ab0000, 0x00000007a6ab0000, 0x00000007a8000000)
 concurrent mark-sweep generation total 393216K, used 70435K [0x00000007a8000000, 0x00000007c0000000, 0x00000007c0000000)
 Metaspace       used 43667K, capacity 44854K, committed 45060K, reserved 1089536K
  class space    used 5278K, capacity 5557K, committed 5676K, reserved 1048576K
}
2022-06-20T19:44:40.414-0500: 1243707.923: Total time for which application threads were stopped: 0.0643064 seconds, Stopping threads took: 0.0012155 seconds
2022-06-21T01:09:33.027-0500: 1252700.192: Total time for which application threads were stopped: 0.0024019 seconds, Stopping threads took: 0.0002420 seconds
{Heap before GC invocations=170 (full 1):
 par new generation   total 109248K, used 87453K [0x00000007a0000000, 0x00000007a8000000, 0x00000007a8000000)
  eden space 87424K, 100% used [0x00000007a0000000, 0x00000007a5560000, 0x00000007a5560000)
  from space 21824K,   0% used [0x00000007a5560000, 0x00000007a5567440, 0x00000007a6ab0000)
  to   space 21824K,   0% used [0x00000007a6ab0000, 0x00000007a6ab0000, 0x00000007a8000000)
 concurrent mark-sweep generation total 393216K, used 70435K [0x00000007a8000000, 0x00000007c0000000, 0x00000007c0000000)
 Metaspace       used 43667K, capacity 44854K, committed 45060K, reserved 1089536K
  class space    used 5278K, capacity 5557K, committed 5676K, reserved 1048576K
2022-06-21T03:30:37.577-0500: 1256851.851: [GC (Allocation Failure) 2022-06-21T03:30:37.578-0500: 1256851.852: [ParNew
Desired survivor size 20112992 bytes, new threshold 8 (max 8)
- age   1:      14160 bytes,      14160 total
: 87453K->20K(109248K), 0.0319855 secs] 157888K->70455K(502464K), 0.0337947 secs] [Times: user=0.05 sys=0.04, real=0.04 secs] 
Heap after GC invocations=171 (full 1):
 par new generation   total 109248K, used 20K [0x00000007a0000000, 0x00000007a8000000, 0x00000007a8000000)
  eden space 87424K,   0% used [0x00000007a0000000, 0x00000007a0000000, 0x00000007a5560000)
  from space 21824K,   0% used [0x00000007a6ab0000, 0x00000007a6ab50a0, 0x00000007a8000000)
  to   space 21824K,   0% used [0x00000007a5560000, 0x00000007a5560000, 0x00000007a6ab0000)
 concurrent mark-sweep generation total 393216K, used 70435K [0x00000007a8000000, 0x00000007c0000000, 0x00000007c0000000)
 Metaspace       used 43667K, capacity 44854K, committed 45060K, reserved 1089536K
  class space    used 5278K, capacity 5557K, committed 5676K, reserved 1048576K
}
2022-06-21T03:30:37.611-0500: 1256851.885: Total time for which application threads were stopped: 0.0399098 seconds, Stopping threads took: 0.0004460 seconds
{Heap before GC invocations=171 (full 1):
 par new generation   total 109248K, used 87444K [0x00000007a0000000, 0x00000007a8000000, 0x00000007a8000000)
  eden space 87424K, 100% used [0x00000007a0000000, 0x00000007a5560000, 0x00000007a5560000)
  from space 21824K,   0% used [0x00000007a6ab0000, 0x00000007a6ab50a0, 0x00000007a8000000)
  to   space 21824K,   0% used [0x00000007a5560000, 0x00000007a5560000, 0x00000007a6ab0000)
 concurrent mark-sweep generation total 393216K, used 70435K [0x00000007a8000000, 0x00000007c0000000, 0x00000007c0000000)
 Metaspace       used 43667K, capacity 44854K, committed 45060K, reserved 1089536K
  class space    used 5278K, capacity 5557K, committed 5676K, reserved 1048576K
2022-06-21T14:57:21.149-0500: 1269935.862: [GC (Allocation Failure) 2022-06-21T14:57:21.150-0500: 1269935.863: [ParNew
Desired survivor size 20112992 bytes, new threshold 8 (max 8)
- age   1:      29464 bytes,      29464 total
: 87444K->34K(109248K), 0.0254277 secs] 157879K->70469K(502464K), 0.0269406 secs] [Times: user=0.04 sys=0.04, real=0.03 secs] 
Heap after GC invocations=172 (full 1):
 par new generation   total 109248K, used 34K [0x00000007a0000000, 0x00000007a8000000, 0x00000007a8000000)
  eden space 87424K,   0% used [0x00000007a0000000, 0x00000007a0000000, 0x00000007a5560000)
  from space 21824K,   0% used [0x00000007a5560000, 0x00000007a5568910, 0x00000007a6ab0000)
  to   space 21824K,   0% used [0x00000007a6ab0000, 0x00000007a6ab0000, 0x00000007a8000000)
 concurrent mark-sweep generation total 393216K, used 70435K [0x00000007a8000000, 0x00000007c0000000, 0x00000007c0000000)
 Metaspace       used 43667K, capacity 44854K, committed 45060K, reserved 1089536K
  class space    used 5278K, capacity 5557K, committed 5676K, reserved 1048576K
}
2022-06-21T14:57:21.176-0500: 1269935.889: Total time for which application threads were stopped: 0.0348375 seconds, Stopping threads took: 0.0004917 seconds
{Heap before GC invocations=172 (full 1):
 par new generation   total 109248K, used 87458K [0x00000007a0000000, 0x00000007a8000000, 0x00000007a8000000)
  eden space 87424K, 100% used [0x00000007a0000000, 0x00000007a5560000, 0x00000007a5560000)
  from space 21824K,   0% used [0x00000007a5560000, 0x00000007a5568910, 0x00000007a6ab0000)
  to   space 21824K,   0% used [0x00000007a6ab0000, 0x00000007a6ab0000, 0x00000007a8000000)
 concurrent mark-sweep generation total 393216K, used 70435K [0x00000007a8000000, 0x00000007c0000000, 0x00000007c0000000)
 Metaspace       used 43667K, capacity 44854K, committed 45060K, reserved 1089536K
  class space    used 5278K, capacity 5557K, committed 5676K, reserved 1048576K
2022-06-21T19:33:11.822-0500: 1283019.603: [GC (Allocation Failure) 2022-06-21T19:33:11.823-0500: 1283019.604: [ParNew
Desired survivor size 20112992 bytes, new threshold 8 (max 8)
- age   1:       1936 bytes,       1936 total
: 87458K->23K(109248K), 0.0274549 secs] 157893K->70458K(502464K), 0.0289326 secs] [Times: user=0.04 sys=0.04, real=0.03 secs] 
Heap after GC invocations=173 (full 1):
 par new generation   total 109248K, used 23K [0x00000007a0000000, 0x00000007a8000000, 0x00000007a8000000)
  eden space 87424K,   0% used [0x00000007a0000000, 0x00000007a0000000, 0x00000007a5560000)
  from space 21824K,   0% used [0x00000007a6ab0000, 0x00000007a6ab5d80, 0x00000007a8000000)
  to   space 21824K,   0% used [0x00000007a5560000, 0x00000007a5560000, 0x00000007a6ab0000)
 concurrent mark-sweep generation total 393216K, used 70435K [0x00000007a8000000, 0x00000007c0000000, 0x00000007c0000000)
 Metaspace       used 43667K, capacity 44854K, committed 45060K, reserved 1089536K
  class space    used 5278K, capacity 5557K, committed 5676K, reserved 1048576K
}
2022-06-21T19:33:11.851-0500: 1283019.632: Total time for which application threads were stopped: 0.0376483 seconds, Stopping threads took: 0.0004836 seconds
{Heap before GC invocations=173 (full 1):
 par new generation   total 109248K, used 87447K [0x00000007a0000000, 0x00000007a8000000, 0x00000007a8000000)
  eden space 87424K, 100% used [0x00000007a0000000, 0x00000007a5560000, 0x00000007a5560000)
  from space 21824K,   0% used [0x00000007a6ab0000, 0x00000007a6ab5d80, 0x00000007a8000000)
  to   space 21824K,   0% used [0x00000007a5560000, 0x00000007a5560000, 0x00000007a6ab0000)
 concurrent mark-sweep generation total 393216K, used 70435K [0x00000007a8000000, 0x00000007c0000000, 0x00000007c0000000)
 Metaspace       used 43667K, capacity 44854K, committed 45060K, reserved 1089536K
  class space    used 5278K, capacity 5557K, committed 5676K, reserved 1048576K
2022-06-22T02:40:55.279-0500: 1296163.853: [GC (Allocation Failure) 2022-06-22T02:40:55.281-0500: 1296163.855: [ParNew
Desired survivor size 20112992 bytes, new threshold 8 (max 8)
- age   1:      27488 bytes,      27488 total
: 87447K->34K(109248K), 0.0307493 secs] 157882K->70469K(502464K), 0.0330935 secs] [Times: user=0.05 sys=0.04, real=0.04 secs] 
Heap after GC invocations=174 (full 1):
 par new generation   total 109248K, used 34K [0x00000007a0000000, 0x00000007a8000000, 0x00000007a8000000)
  eden space 87424K,   0% used [0x00000007a0000000, 0x00000007a0000000, 0x00000007a5560000)
  from space 21824K,   0% used [0x00000007a5560000, 0x00000007a5568910, 0x00000007a6ab0000)
  to   space 21824K,   0% used [0x00000007a6ab0000, 0x00000007a6ab0000, 0x00000007a8000000)
 concurrent mark-sweep generation total 393216K, used 70435K [0x00000007a8000000, 0x00000007c0000000, 0x00000007c0000000)
 Metaspace       used 43667K, capacity 44854K, committed 45060K, reserved 1089536K
  class space    used 5278K, capacity 5557K, committed 5676K, reserved 1048576K
}
2022-06-22T02:40:55.312-0500: 1296163.886: Total time for which application threads were stopped: 0.0447842 seconds, Stopping threads took: 0.0013956 seconds
{Heap before GC invocations=174 (full 1):
 par new generation   total 109248K, used 87458K [0x00000007a0000000, 0x00000007a8000000, 0x00000007a8000000)
  eden space 87424K, 100% used [0x00000007a0000000, 0x00000007a5560000, 0x00000007a5560000)
  from space 21824K,   0% used [0x00000007a5560000, 0x00000007a5568910, 0x00000007a6ab0000)
  to   space 21824K,   0% used [0x00000007a6ab0000, 0x00000007a6ab0000, 0x00000007a8000000)
 concurrent mark-sweep generation total 393216K, used 70435K [0x00000007a8000000, 0x00000007c0000000, 0x00000007c0000000)
 Metaspace       used 43667K, capacity 44854K, committed 45060K, reserved 1089536K
  class space    used 5278K, capacity 5557K, committed 5676K, reserved 1048576K
2022-06-22T17:19:25.541-0500: 1309248.399: [GC (Allocation Failure) 2022-06-22T17:19:25.542-0500: 1309248.400: [ParNew
Desired survivor size 20112992 bytes, new threshold 8 (max 8)
- age   1:      29352 bytes,      29352 total
: 87458K->43K(109248K), 0.0496386 secs] 157893K->70478K(502464K), 0.0510902 secs] [Times: user=0.06 sys=0.05, real=0.05 secs] 
Heap after GC invocations=175 (full 1):
 par new generation   total 109248K, used 43K [0x00000007a0000000, 0x00000007a8000000, 0x00000007a8000000)
  eden space 87424K,   0% used [0x00000007a0000000, 0x00000007a0000000, 0x00000007a5560000)
  from space 21824K,   0% used [0x00000007a6ab0000, 0x00000007a6abad40, 0x00000007a8000000)
  to   space 21824K,   0% used [0x00000007a5560000, 0x00000007a5560000, 0x00000007a6ab0000)
 concurrent mark-sweep generation total 393216K, used 70435K [0x00000007a8000000, 0x00000007c0000000, 0x00000007c0000000)
 Metaspace       used 43667K, capacity 44854K, committed 45060K, reserved 1089536K
  class space    used 5278K, capacity 5557K, committed 5676K, reserved 1048576K
}
2022-06-22T17:19:25.593-0500: 1309248.450: Total time for which application threads were stopped: 0.0726469 seconds, Stopping threads took: 0.0022410 seconds
{Heap before GC invocations=175 (full 1):
 par new generation   total 109248K, used 87467K [0x00000007a0000000, 0x00000007a8000000, 0x00000007a8000000)
  eden space 87424K, 100% used [0x00000007a0000000, 0x00000007a5560000, 0x00000007a5560000)
  from space 21824K,   0% used [0x00000007a6ab0000, 0x00000007a6abad40, 0x00000007a8000000)
  to   space 21824K,   0% used [0x00000007a5560000, 0x00000007a5560000, 0x00000007a6ab0000)
 concurrent mark-sweep generation total 393216K, used 70435K [0x00000007a8000000, 0x00000007c0000000, 0x00000007c0000000)
 Metaspace       used 43667K, capacity 44854K, committed 45060K, reserved 1089536K
  class space    used 5278K, capacity 5557K, committed 5676K, reserved 1048576K
2022-06-22T23:29:01.124-0500: 1322392.926: [GC (Allocation Failure) 2022-06-22T23:29:01.125-0500: 1322392.927: [ParNew
Desired survivor size 20112992 bytes, new threshold 8 (max 8)
- age   1:       6096 bytes,       6096 total
: 87467K->15K(109248K), 0.0681769 secs] 157902K->70451K(502464K), 0.0697971 secs] [Times: user=0.10 sys=0.05, real=0.07 secs] 
Heap after GC invocations=176 (full 1):
 par new generation   total 109248K, used 15K [0x00000007a0000000, 0x00000007a8000000, 0x00000007a8000000)
  eden space 87424K,   0% used [0x00000007a0000000, 0x00000007a0000000, 0x00000007a5560000)
  from space 21824K,   0% used [0x00000007a5560000, 0x00000007a5563ed0, 0x00000007a6ab0000)
  to   space 21824K,   0% used [0x00000007a6ab0000, 0x00000007a6ab0000, 0x00000007a8000000)
 concurrent mark-sweep generation total 393216K, used 70435K [0x00000007a8000000, 0x00000007c0000000, 0x00000007c0000000)
 Metaspace       used 43667K, capacity 44854K, committed 45060K, reserved 1089536K
  class space    used 5278K, capacity 5557K, committed 5676K, reserved 1048576K
}
2022-06-22T23:29:01.194-0500: 1322392.996: Total time for which application threads were stopped: 0.0879432 seconds, Stopping threads took: 0.0018549 seconds
{Heap before GC invocations=176 (full 1):
 par new generation   total 109248K, used 87439K [0x00000007a0000000, 0x00000007a8000000, 0x00000007a8000000)
  eden space 87424K, 100% used [0x00000007a0000000, 0x00000007a5560000, 0x00000007a5560000)
  from space 21824K,   0% used [0x00000007a5560000, 0x00000007a5563ed0, 0x00000007a6ab0000)
  to   space 21824K,   0% used [0x00000007a6ab0000, 0x00000007a6ab0000, 0x00000007a8000000)
 concurrent mark-sweep generation total 393216K, used 70435K [0x00000007a8000000, 0x00000007c0000000, 0x00000007c0000000)
 Metaspace       used 43667K, capacity 44854K, committed 45060K, reserved 1089536K
  class space    used 5278K, capacity 5557K, committed 5676K, reserved 1048576K
2022-06-23T04:48:36.574-0500: 1335477.703: [GC (Allocation Failure) 2022-06-23T04:48:36.576-0500: 1335477.705: [ParNew
Desired survivor size 20112992 bytes, new threshold 8 (max 8)
- age   1:      23056 bytes,      23056 total
: 87439K->28K(109248K), 0.0471021 secs] 157875K->70463K(502464K), 0.0487477 secs] [Times: user=0.07 sys=0.04, real=0.05 secs] 
Heap after GC invocations=177 (full 1):
 par new generation   total 109248K, used 28K [0x00000007a0000000, 0x00000007a8000000, 0x00000007a8000000)
  eden space 87424K,   0% used [0x00000007a0000000, 0x00000007a0000000, 0x00000007a5560000)
  from space 21824K,   0% used [0x00000007a6ab0000, 0x00000007a6ab70e0, 0x00000007a8000000)
  to   space 21824K,   0% used [0x00000007a5560000, 0x00000007a5560000, 0x00000007a6ab0000)
 concurrent mark-sweep generation total 393216K, used 70435K [0x00000007a8000000, 0x00000007c0000000, 0x00000007c0000000)
 Metaspace       used 43667K, capacity 44854K, committed 45060K, reserved 1089536K
  class space    used 5278K, capacity 5557K, committed 5676K, reserved 1048576K
}
2022-06-23T04:48:36.623-0500: 1335477.752: Total time for which application threads were stopped: 0.0676325 seconds, Stopping threads took: 0.0020892 seconds
{Heap before GC invocations=177 (full 1):
 par new generation   total 109248K, used 87452K [0x00000007a0000000, 0x00000007a8000000, 0x00000007a8000000)
  eden space 87424K, 100% used [0x00000007a0000000, 0x00000007a5560000, 0x00000007a5560000)
  from space 21824K,   0% used [0x00000007a6ab0000, 0x00000007a6ab70e0, 0x00000007a8000000)
  to   space 21824K,   0% used [0x00000007a5560000, 0x00000007a5560000, 0x00000007a6ab0000)
 concurrent mark-sweep generation total 393216K, used 70435K [0x00000007a8000000, 0x00000007c0000000, 0x00000007c0000000)
 Metaspace       used 43667K, capacity 44854K, committed 45060K, reserved 1089536K
  class space    used 5278K, capacity 5557K, committed 5676K, reserved 1048576K
2022-06-23T08:57:40.968-0500: 1348563.157: [GC (Allocation Failure) 2022-06-23T08:57:40.969-0500: 1348563.158: [ParNew
Desired survivor size 20112992 bytes, new threshold 8 (max 8)
- age   1:      29432 bytes,      29432 total
: 87452K->35K(109248K), 0.0424707 secs] 157887K->70471K(502464K), 0.0441096 secs] [Times: user=0.06 sys=0.04, real=0.05 secs] 
Heap after GC invocations=178 (full 1):
 par new generation   total 109248K, used 35K [0x00000007a0000000, 0x00000007a8000000, 0x00000007a8000000)
  eden space 87424K,   0% used [0x00000007a0000000, 0x00000007a0000000, 0x00000007a5560000)
  from space 21824K,   0% used [0x00000007a5560000, 0x00000007a5568f40, 0x00000007a6ab0000)
  to   space 21824K,   0% used [0x00000007a6ab0000, 0x00000007a6ab0000, 0x00000007a8000000)
 concurrent mark-sweep generation total 393216K, used 70435K [0x00000007a8000000, 0x00000007c0000000, 0x00000007c0000000)
 Metaspace       used 43667K, capacity 44854K, committed 45060K, reserved 1089536K
  class space    used 5278K, capacity 5557K, committed 5676K, reserved 1048576K
}
2022-06-23T08:57:41.012-0500: 1348563.201: Total time for which application threads were stopped: 0.0524453 seconds, Stopping threads took: 0.0012410 seconds
{Heap before GC invocations=178 (full 1):
 par new generation   total 109248K, used 87459K [0x00000007a0000000, 0x00000007a8000000, 0x00000007a8000000)
  eden space 87424K, 100% used [0x00000007a0000000, 0x00000007a5560000, 0x00000007a5560000)
  from space 21824K,   0% used [0x00000007a5560000, 0x00000007a5568f40, 0x00000007a6ab0000)
  to   space 21824K,   0% used [0x00000007a6ab0000, 0x00000007a6ab0000, 0x00000007a8000000)
 concurrent mark-sweep generation total 393216K, used 70435K [0x00000007a8000000, 0x00000007c0000000, 0x00000007c0000000)
 Metaspace       used 43667K, capacity 44854K, committed 45060K, reserved 1089536K
  class space    used 5278K, capacity 5557K, committed 5676K, reserved 1048576K
2022-06-23T13:03:28.008-0500: 1361708.700: [GC (Allocation Failure) 2022-06-23T13:03:28.009-0500: 1361708.701: [ParNew
Desired survivor size 20112992 bytes, new threshold 8 (max 8)
- age   1:       5200 bytes,       5200 total
: 87459K->26K(109248K), 0.0790735 secs] 157895K->70461K(502464K), 0.0815760 secs] [Times: user=0.09 sys=0.06, real=0.09 secs] 
Heap after GC invocations=179 (full 1):
 par new generation   total 109248K, used 26K [0x00000007a0000000, 0x00000007a8000000, 0x00000007a8000000)
  eden space 87424K,   0% used [0x00000007a0000000, 0x00000007a0000000, 0x00000007a5560000)
  from space 21824K,   0% used [0x00000007a6ab0000, 0x00000007a6ab6840, 0x00000007a8000000)
  to   space 21824K,   0% used [0x00000007a5560000, 0x00000007a5560000, 0x00000007a6ab0000)
 concurrent mark-sweep generation total 393216K, used 70435K [0x00000007a8000000, 0x00000007c0000000, 0x00000007c0000000)
 Metaspace       used 43667K, capacity 44854K, committed 45060K, reserved 1089536K
  class space    used 5278K, capacity 5557K, committed 5676K, reserved 1048576K
}
2022-06-23T13:03:28.090-0500: 1361708.782: Total time for which application threads were stopped: 0.0986950 seconds, Stopping threads took: 0.0024996 seconds
{Heap before GC invocations=179 (full 1):
 par new generation   total 109248K, used 87450K [0x00000007a0000000, 0x00000007a8000000, 0x00000007a8000000)
  eden space 87424K,  99% used [0x00000007a0000000, 0x00000007a555fff0, 0x00000007a5560000)
  from space 21824K,   0% used [0x00000007a6ab0000, 0x00000007a6ab6840, 0x00000007a8000000)
  to   space 21824K,   0% used [0x00000007a5560000, 0x00000007a5560000, 0x00000007a6ab0000)
 concurrent mark-sweep generation total 393216K, used 70435K [0x00000007a8000000, 0x00000007c0000000, 0x00000007c0000000)
 Metaspace       used 43667K, capacity 44854K, committed 45060K, reserved 1089536K
  class space    used 5278K, capacity 5557K, committed 5676K, reserved 1048576K
2022-06-23T18:18:32.983-0500: 1374794.232: [GC (Allocation Failure) 2022-06-23T18:18:32.985-0500: 1374794.233: [ParNew
Desired survivor size 20112992 bytes, new threshold 8 (max 8)
- age   1:      32888 bytes,      32888 total
: 87450K->38K(109248K), 0.0475401 secs] 157885K->70473K(502464K), 0.0493557 secs] [Times: user=0.08 sys=0.05, real=0.05 secs] 
Heap after GC invocations=180 (full 1):
 par new generation   total 109248K, used 38K [0x00000007a0000000, 0x00000007a8000000, 0x00000007a8000000)
  eden space 87424K,   0% used [0x00000007a0000000, 0x00000007a0000000, 0x00000007a5560000)
  from space 21824K,   0% used [0x00000007a5560000, 0x00000007a5569930, 0x00000007a6ab0000)
  to   space 21824K,   0% used [0x00000007a6ab0000, 0x00000007a6ab0000, 0x00000007a8000000)
 concurrent mark-sweep generation total 393216K, used 70435K [0x00000007a8000000, 0x00000007c0000000, 0x00000007c0000000)
 Metaspace       used 43667K, capacity 44854K, committed 45060K, reserved 1089536K
  class space    used 5278K, capacity 5557K, committed 5676K, reserved 1048576K
}
2022-06-23T18:18:33.033-0500: 1374794.281: Total time for which application threads were stopped: 0.0730215 seconds, Stopping threads took: 0.0023030 seconds
{Heap before GC invocations=180 (full 1):
 par new generation   total 109248K, used 87462K [0x00000007a0000000, 0x00000007a8000000, 0x00000007a8000000)
  eden space 87424K, 100% used [0x00000007a0000000, 0x00000007a5560000, 0x00000007a5560000)
  from space 21824K,   0% used [0x00000007a5560000, 0x00000007a5569930, 0x00000007a6ab0000)
  to   space 21824K,   0% used [0x00000007a6ab0000, 0x00000007a6ab0000, 0x00000007a8000000)
 concurrent mark-sweep generation total 393216K, used 70435K [0x00000007a8000000, 0x00000007c0000000, 0x00000007c0000000)
 Metaspace       used 43667K, capacity 44854K, committed 45060K, reserved 1089536K
  class space    used 5278K, capacity 5557K, committed 5676K, reserved 1048576K
2022-06-23T23:12:03.140-0500: 1387879.318: [GC (Allocation Failure) 2022-06-23T23:12:03.142-0500: 1387879.319: [ParNew
Desired survivor size 20112992 bytes, new threshold 8 (max 8)
- age   1:       1760 bytes,       1760 total
: 87462K->25K(109248K), 0.0740979 secs] 157897K->70461K(502464K), 0.0757395 secs] [Times: user=0.08 sys=0.06, real=0.07 secs] 
Heap after GC invocations=181 (full 1):
 par new generation   total 109248K, used 25K [0x00000007a0000000, 0x00000007a8000000, 0x00000007a8000000)
  eden space 87424K,   0% used [0x00000007a0000000, 0x00000007a0000000, 0x00000007a5560000)
  from space 21824K,   0% used [0x00000007a6ab0000, 0x00000007a6ab6780, 0x00000007a8000000)
  to   space 21824K,   0% used [0x00000007a5560000, 0x00000007a5560000, 0x00000007a6ab0000)
 concurrent mark-sweep generation total 393216K, used 70435K [0x00000007a8000000, 0x00000007c0000000, 0x00000007c0000000)
 Metaspace       used 43667K, capacity 44854K, committed 45060K, reserved 1089536K
  class space    used 5278K, capacity 5557K, committed 5676K, reserved 1048576K
}
2022-06-23T23:12:03.216-0500: 1387879.394: Total time for which application threads were stopped: 0.0911841 seconds, Stopping threads took: 0.0048331 seconds
{Heap before GC invocations=181 (full 1):
 par new generation   total 109248K, used 87449K [0x00000007a0000000, 0x00000007a8000000, 0x00000007a8000000)
  eden space 87424K, 100% used [0x00000007a0000000, 0x00000007a5560000, 0x00000007a5560000)
  from space 21824K,   0% used [0x00000007a6ab0000, 0x00000007a6ab6780, 0x00000007a8000000)
  to   space 21824K,   0% used [0x00000007a5560000, 0x00000007a5560000, 0x00000007a6ab0000)
 concurrent mark-sweep generation total 393216K, used 70435K [0x00000007a8000000, 0x00000007c0000000, 0x00000007c0000000)
 Metaspace       used 43667K, capacity 44854K, committed 45060K, reserved 1089536K
  class space    used 5278K, capacity 5557K, committed 5676K, reserved 1048576K
2022-06-24T03:35:33.037-0500: 1401023.980: [GC (Allocation Failure) 2022-06-24T03:35:33.039-0500: 1401023.982: [ParNew
Desired survivor size 20112992 bytes, new threshold 8 (max 8)
- age   1:      25704 bytes,      25704 total
: 87449K->30K(109248K), 0.0470147 secs] 157885K->70465K(502464K), 0.0487670 secs] [Times: user=0.06 sys=0.05, real=0.05 secs] 
Heap after GC invocations=182 (full 1):
 par new generation   total 109248K, used 30K [0x00000007a0000000, 0x00000007a8000000, 0x00000007a8000000)
  eden space 87424K,   0% used [0x00000007a0000000, 0x00000007a0000000, 0x00000007a5560000)
  from space 21824K,   0% used [0x00000007a5560000, 0x00000007a55678f0, 0x00000007a6ab0000)
  to   space 21824K,   0% used [0x00000007a6ab0000, 0x00000007a6ab0000, 0x00000007a8000000)
 concurrent mark-sweep generation total 393216K, used 70435K [0x00000007a8000000, 0x00000007c0000000, 0x00000007c0000000)
 Metaspace       used 43667K, capacity 44854K, committed 45060K, reserved 1089536K
  class space    used 5278K, capacity 5557K, committed 5676K, reserved 1048576K
}
2022-06-24T03:35:33.086-0500: 1401024.029: Total time for which application threads were stopped: 0.0688252 seconds, Stopping threads took: 0.0030235 seconds
{Heap before GC invocations=182 (full 1):
 par new generation   total 109248K, used 87454K [0x00000007a0000000, 0x00000007a8000000, 0x00000007a8000000)
  eden space 87424K, 100% used [0x00000007a0000000, 0x00000007a5560000, 0x00000007a5560000)
  from space 21824K,   0% used [0x00000007a5560000, 0x00000007a55678f0, 0x00000007a6ab0000)
  to   space 21824K,   0% used [0x00000007a6ab0000, 0x00000007a6ab0000, 0x00000007a8000000)
 concurrent mark-sweep generation total 393216K, used 70435K [0x00000007a8000000, 0x00000007c0000000, 0x00000007c0000000)
 Metaspace       used 43667K, capacity 44854K, committed 45060K, reserved 1089536K
  class space    used 5278K, capacity 5557K, committed 5676K, reserved 1048576K
2022-06-24T09:38:33.207-0500: 1414108.248: [GC (Allocation Failure) 2022-06-24T09:38:33.208-0500: 1414108.249: [ParNew
Desired survivor size 20112992 bytes, new threshold 8 (max 8)
- age   1:      29496 bytes,      29496 total
: 87454K->46K(109248K), 0.0489198 secs] 157889K->70481K(502464K), 0.0501905 secs] [Times: user=0.07 sys=0.05, real=0.05 secs] 
Heap after GC invocations=183 (full 1):
 par new generation   total 109248K, used 46K [0x00000007a0000000, 0x00000007a8000000, 0x00000007a8000000)
  eden space 87424K,   0% used [0x00000007a0000000, 0x00000007a0000000, 0x00000007a5560000)
  from space 21824K,   0% used [0x00000007a6ab0000, 0x00000007a6abb880, 0x00000007a8000000)
  to   space 21824K,   0% used [0x00000007a5560000, 0x00000007a5560000, 0x00000007a6ab0000)
 concurrent mark-sweep generation total 393216K, used 70435K [0x00000007a8000000, 0x00000007c0000000, 0x00000007c0000000)
 Metaspace       used 43667K, capacity 44854K, committed 45060K, reserved 1089536K
  class space    used 5278K, capacity 5557K, committed 5676K, reserved 1048576K
}
2022-06-24T09:38:33.257-0500: 1414108.298: Total time for which application threads were stopped: 0.0602495 seconds, Stopping threads took: 0.0004443 seconds
{Heap before GC invocations=183 (full 1):
 par new generation   total 109248K, used 87470K [0x00000007a0000000, 0x00000007a8000000, 0x00000007a8000000)
  eden space 87424K, 100% used [0x00000007a0000000, 0x00000007a5560000, 0x00000007a5560000)
  from space 21824K,   0% used [0x00000007a6ab0000, 0x00000007a6abb880, 0x00000007a8000000)
  to   space 21824K,   0% used [0x00000007a5560000, 0x00000007a5560000, 0x00000007a6ab0000)
 concurrent mark-sweep generation total 393216K, used 70435K [0x00000007a8000000, 0x00000007c0000000, 0x00000007c0000000)
 Metaspace       used 43667K, capacity 44854K, committed 45060K, reserved 1089536K
  class space    used 5278K, capacity 5557K, committed 5676K, reserved 1048576K
2022-06-24T16:50:37.853-0500: 1427055.819: [GC (Allocation Failure) 2022-06-24T16:50:37.855-0500: 1427055.820: [ParNew
Desired survivor size 20112992 bytes, new threshold 8 (max 8)
- age   1:       1136 bytes,       1136 total
: 87470K->12K(109248K), 0.0527217 secs] 157905K->70447K(502464K), 0.0550360 secs] [Times: user=0.08 sys=0.06, real=0.05 secs] 
Heap after GC invocations=184 (full 1):
 par new generation   total 109248K, used 12K [0x00000007a0000000, 0x00000007a8000000, 0x00000007a8000000)
  eden space 87424K,   0% used [0x00000007a0000000, 0x00000007a0000000, 0x00000007a5560000)
  from space 21824K,   0% used [0x00000007a5560000, 0x00000007a5563140, 0x00000007a6ab0000)
  to   space 21824K,   0% used [0x00000007a6ab0000, 0x00000007a6ab0000, 0x00000007a8000000)
 concurrent mark-sweep generation total 393216K, used 70435K [0x00000007a8000000, 0x00000007c0000000, 0x00000007c0000000)
 Metaspace       used 43667K, capacity 44854K, committed 45060K, reserved 1089536K
  class space    used 5278K, capacity 5557K, committed 5676K, reserved 1048576K
}
2022-06-24T16:50:37.909-0500: 1427055.874: Total time for which application threads were stopped: 0.0614334 seconds, Stopping threads took: 0.0005661 seconds
{Heap before GC invocations=184 (full 1):
 par new generation   total 109248K, used 87436K [0x00000007a0000000, 0x00000007a8000000, 0x00000007a8000000)
  eden space 87424K, 100% used [0x00000007a0000000, 0x00000007a5560000, 0x00000007a5560000)
  from space 21824K,   0% used [0x00000007a5560000, 0x00000007a5563140, 0x00000007a6ab0000)
  to   space 21824K,   0% used [0x00000007a6ab0000, 0x00000007a6ab0000, 0x00000007a8000000)
 concurrent mark-sweep generation total 393216K, used 70435K [0x00000007a8000000, 0x00000007c0000000, 0x00000007c0000000)
 Metaspace       used 43667K, capacity 44854K, committed 45060K, reserved 1089536K
  class space    used 5278K, capacity 5557K, committed 5676K, reserved 1048576K
2022-06-24T20:42:18.020-0500: 1440159.247: [GC (Allocation Failure) 2022-06-24T20:42:18.021-0500: 1440159.248: [ParNew
Desired survivor size 20112992 bytes, new threshold 8 (max 8)
- age   1:      16464 bytes,      16464 total
: 87436K->22K(109248K), 0.0305330 secs] 157871K->70457K(502464K), 0.0321051 secs] [Times: user=0.05 sys=0.03, real=0.03 secs] 
Heap after GC invocations=185 (full 1):
 par new generation   total 109248K, used 22K [0x00000007a0000000, 0x00000007a8000000, 0x00000007a8000000)
  eden space 87424K,   0% used [0x00000007a0000000, 0x00000007a0000000, 0x00000007a5560000)
  from space 21824K,   0% used [0x00000007a6ab0000, 0x00000007a6ab58b0, 0x00000007a8000000)
  to   space 21824K,   0% used [0x00000007a5560000, 0x00000007a5560000, 0x00000007a6ab0000)
 concurrent mark-sweep generation total 393216K, used 70435K [0x00000007a8000000, 0x00000007c0000000, 0x00000007c0000000)
 Metaspace       used 43667K, capacity 44854K, committed 45060K, reserved 1089536K
  class space    used 5278K, capacity 5557K, committed 5676K, reserved 1048576K
}
2022-06-24T20:42:18.053-0500: 1440159.279: Total time for which application threads were stopped: 0.0458124 seconds, Stopping threads took: 0.0005878 seconds
2022-06-24T21:46:48.573-0500: 1441816.992: Total time for which application threads were stopped: 0.0039190 seconds, Stopping threads took: 0.0002398 seconds
{Heap before GC invocations=185 (full 1):
 par new generation   total 109248K, used 87446K [0x00000007a0000000, 0x00000007a8000000, 0x00000007a8000000)
  eden space 87424K, 100% used [0x00000007a0000000, 0x00000007a5560000, 0x00000007a5560000)
  from space 21824K,   0% used [0x00000007a6ab0000, 0x00000007a6ab58b0, 0x00000007a8000000)
  to   space 21824K,   0% used [0x00000007a5560000, 0x00000007a5560000, 0x00000007a6ab0000)
 concurrent mark-sweep generation total 393216K, used 70435K [0x00000007a8000000, 0x00000007c0000000, 0x00000007c0000000)
 Metaspace       used 43673K, capacity 44854K, committed 45060K, reserved 1089536K
  class space    used 5278K, capacity 5557K, committed 5676K, reserved 1048576K
2022-06-25T01:01:04.918-0500: 1453244.365: [GC (Allocation Failure) 2022-06-25T01:01:04.920-0500: 1453244.367: [ParNew
Desired survivor size 20112992 bytes, new threshold 8 (max 8)
- age   1:      29584 bytes,      29584 total
: 87446K->36K(109248K), 0.0424693 secs] 157881K->70471K(502464K), 0.0449105 secs] [Times: user=0.06 sys=0.03, real=0.05 secs] 
Heap after GC invocations=186 (full 1):
 par new generation   total 109248K, used 36K [0x00000007a0000000, 0x00000007a8000000, 0x00000007a8000000)
  eden space 87424K,   0% used [0x00000007a0000000, 0x00000007a0000000, 0x00000007a5560000)
  from space 21824K,   0% used [0x00000007a5560000, 0x00000007a5569120, 0x00000007a6ab0000)
  to   space 21824K,   0% used [0x00000007a6ab0000, 0x00000007a6ab0000, 0x00000007a8000000)
 concurrent mark-sweep generation total 393216K, used 70435K [0x00000007a8000000, 0x00000007c0000000, 0x00000007c0000000)
 Metaspace       used 43673K, capacity 44854K, committed 45060K, reserved 1089536K
  class space    used 5278K, capacity 5557K, committed 5676K, reserved 1048576K
}
2022-06-25T01:01:04.964-0500: 1453244.410: Total time for which application threads were stopped: 0.0685757 seconds, Stopping threads took: 0.0044933 seconds
{Heap before GC invocations=186 (full 1):
 par new generation   total 109248K, used 87460K [0x00000007a0000000, 0x00000007a8000000, 0x00000007a8000000)
  eden space 87424K, 100% used [0x00000007a0000000, 0x00000007a5560000, 0x00000007a5560000)
  from space 21824K,   0% used [0x00000007a5560000, 0x00000007a5569120, 0x00000007a6ab0000)
  to   space 21824K,   0% used [0x00000007a6ab0000, 0x00000007a6ab0000, 0x00000007a8000000)
 concurrent mark-sweep generation total 393216K, used 70435K [0x00000007a8000000, 0x00000007c0000000, 0x00000007c0000000)
 Metaspace       used 43673K, capacity 44854K, committed 45060K, reserved 1089536K
  class space    used 5278K, capacity 5557K, committed 5676K, reserved 1048576K
2022-06-25T12:26:39.157-0500: 1466391.222: [GC (Allocation Failure) 2022-06-25T12:26:39.159-0500: 1466391.223: [ParNew
Desired survivor size 20112992 bytes, new threshold 8 (max 8)
- age   1:       8152 bytes,       8152 total
- age   2:        224 bytes,       8376 total
: 87460K->29K(109248K), 0.1159000 secs] 157895K->70464K(502464K), 0.1187976 secs] [Times: user=0.11 sys=0.09, real=0.12 secs] 
Heap after GC invocations=187 (full 1):
 par new generation   total 109248K, used 29K [0x00000007a0000000, 0x00000007a8000000, 0x00000007a8000000)
  eden space 87424K,   0% used [0x00000007a0000000, 0x00000007a0000000, 0x00000007a5560000)
  from space 21824K,   0% used [0x00000007a6ab0000, 0x00000007a6ab7508, 0x00000007a8000000)
  to   space 21824K,   0% used [0x00000007a5560000, 0x00000007a5560000, 0x00000007a6ab0000)
 concurrent mark-sweep generation total 393216K, used 70435K [0x00000007a8000000, 0x00000007c0000000, 0x00000007c0000000)
 Metaspace       used 43673K, capacity 44854K, committed 45060K, reserved 1089536K
  class space    used 5278K, capacity 5557K, committed 5676K, reserved 1048576K
}
2022-06-25T12:26:39.276-0500: 1466391.340: Total time for which application threads were stopped: 0.1498197 seconds, Stopping threads took: 0.0038900 seconds
{Heap before GC invocations=187 (full 1):
 par new generation   total 109248K, used 87453K [0x00000007a0000000, 0x00000007a8000000, 0x00000007a8000000)
  eden space 87424K, 100% used [0x00000007a0000000, 0x00000007a5560000, 0x00000007a5560000)
  from space 21824K,   0% used [0x00000007a6ab0000, 0x00000007a6ab7508, 0x00000007a8000000)
  to   space 21824K,   0% used [0x00000007a5560000, 0x00000007a5560000, 0x00000007a6ab0000)
 concurrent mark-sweep generation total 393216K, used 70435K [0x00000007a8000000, 0x00000007c0000000, 0x00000007c0000000)
 Metaspace       used 43673K, capacity 44854K, committed 45060K, reserved 1089536K
  class space    used 5278K, capacity 5557K, committed 5676K, reserved 1048576K
2022-06-25T18:41:40.175-0500: 1479477.176: [GC (Allocation Failure) 2022-06-25T18:41:40.179-0500: 1479477.180: [ParNew
Desired survivor size 20112992 bytes, new threshold 8 (max 8)
- age   1:      23392 bytes,      23392 total
- age   3:        224 bytes,      23616 total
: 87453K->28K(109248K), 0.0747819 secs] 157888K->70463K(502464K), 0.0793519 secs] [Times: user=0.09 sys=0.06, real=0.08 secs] 
Heap after GC invocations=188 (full 1):
 par new generation   total 109248K, used 28K [0x00000007a0000000, 0x00000007a8000000, 0x00000007a8000000)
  eden space 87424K,   0% used [0x00000007a0000000, 0x00000007a0000000, 0x00000007a5560000)
  from space 21824K,   0% used [0x00000007a5560000, 0x00000007a55670e0, 0x00000007a6ab0000)
  to   space 21824K,   0% used [0x00000007a6ab0000, 0x00000007a6ab0000, 0x00000007a8000000)
 concurrent mark-sweep generation total 393216K, used 70435K [0x00000007a8000000, 0x00000007c0000000, 0x00000007c0000000)
 Metaspace       used 43673K, capacity 44854K, committed 45060K, reserved 1089536K
  class space    used 5278K, capacity 5557K, committed 5676K, reserved 1048576K
}
2022-06-25T18:41:40.254-0500: 1479477.256: Total time for which application threads were stopped: 0.1122424 seconds, Stopping threads took: 0.0056526 seconds
2022-06-25T20:47:54.325-0500: 1483218.611: Total time for which application threads were stopped: 0.0028468 seconds, Stopping threads took: 0.0003100 seconds
{Heap before GC invocations=188 (full 1):
 par new generation   total 109248K, used 87452K [0x00000007a0000000, 0x00000007a8000000, 0x00000007a8000000)
  eden space 87424K, 100% used [0x00000007a0000000, 0x00000007a5560000, 0x00000007a5560000)
  from space 21824K,   0% used [0x00000007a5560000, 0x00000007a55670e0, 0x00000007a6ab0000)
  to   space 21824K,   0% used [0x00000007a6ab0000, 0x00000007a6ab0000, 0x00000007a8000000)
 concurrent mark-sweep generation total 393216K, used 70435K [0x00000007a8000000, 0x00000007c0000000, 0x00000007c0000000)
 Metaspace       used 43673K, capacity 44854K, committed 45060K, reserved 1089536K
  class space    used 5278K, capacity 5557K, committed 5676K, reserved 1048576K
2022-06-26T00:02:54.748-0500: 1492562.950: [GC (Allocation Failure) 2022-06-26T00:02:54.752-0500: 1492562.953: [ParNew
Desired survivor size 20112992 bytes, new threshold 8 (max 8)
- age   1:      29592 bytes,      29592 total
- age   4:        224 bytes,      29816 total
: 87452K->42K(109248K), 0.1015875 secs] 157887K->70478K(502464K), 0.1062104 secs] [Times: user=0.12 sys=0.09, real=0.11 secs] 
Heap after GC invocations=189 (full 1):
 par new generation   total 109248K, used 42K [0x00000007a0000000, 0x00000007a8000000, 0x00000007a8000000)
  eden space 87424K,   0% used [0x00000007a0000000, 0x00000007a0000000, 0x00000007a5560000)
  from space 21824K,   0% used [0x00000007a6ab0000, 0x00000007a6abab48, 0x00000007a8000000)
  to   space 21824K,   0% used [0x00000007a5560000, 0x00000007a5560000, 0x00000007a6ab0000)
 concurrent mark-sweep generation total 393216K, used 70435K [0x00000007a8000000, 0x00000007c0000000, 0x00000007c0000000)
 Metaspace       used 43673K, capacity 44854K, committed 45060K, reserved 1089536K
  class space    used 5278K, capacity 5557K, committed 5676K, reserved 1048576K
}
2022-06-26T00:02:54.855-0500: 1492563.056: Total time for which application threads were stopped: 0.1290408 seconds, Stopping threads took: 0.0019922 seconds
{Heap before GC invocations=189 (full 1):
 par new generation   total 109248K, used 87466K [0x00000007a0000000, 0x00000007a8000000, 0x00000007a8000000)
  eden space 87424K, 100% used [0x00000007a0000000, 0x00000007a5560000, 0x00000007a5560000)
  from space 21824K,   0% used [0x00000007a6ab0000, 0x00000007a6abab48, 0x00000007a8000000)
  to   space 21824K,   0% used [0x00000007a5560000, 0x00000007a5560000, 0x00000007a6ab0000)
 concurrent mark-sweep generation total 393216K, used 70435K [0x00000007a8000000, 0x00000007c0000000, 0x00000007c0000000)
 Metaspace       used 43673K, capacity 44854K, committed 45060K, reserved 1089536K
  class space    used 5278K, capacity 5557K, committed 5676K, reserved 1048576K
2022-06-26T12:59:19.819-0500: 1505709.019: [GC (Allocation Failure) 2022-06-26T12:59:19.822-0500: 1505709.021: [ParNew
Desired survivor size 20112992 bytes, new threshold 8 (max 8)
- age   1:      10120 bytes,      10120 total
- age   2:         96 bytes,      10216 total
- age   5:        224 bytes,      10440 total
: 87466K->23K(109248K), 0.0514092 secs] 157902K->70458K(502464K), 0.0539430 secs] [Times: user=0.07 sys=0.04, real=0.06 secs] 
Heap after GC invocations=190 (full 1):
 par new generation   total 109248K, used 23K [0x00000007a0000000, 0x00000007a8000000, 0x00000007a8000000)
  eden space 87424K,   0% used [0x00000007a0000000, 0x00000007a0000000, 0x00000007a5560000)
  from space 21824K,   0% used [0x00000007a5560000, 0x00000007a5565df0, 0x00000007a6ab0000)
  to   space 21824K,   0% used [0x00000007a6ab0000, 0x00000007a6ab0000, 0x00000007a8000000)
 concurrent mark-sweep generation total 393216K, used 70435K [0x00000007a8000000, 0x00000007c0000000, 0x00000007c0000000)
 Metaspace       used 43673K, capacity 44854K, committed 45060K, reserved 1089536K
  class space    used 5278K, capacity 5557K, committed 5676K, reserved 1048576K
}
2022-06-26T12:59:19.873-0500: 1505709.073: Total time for which application threads were stopped: 0.0709387 seconds, Stopping threads took: 0.0005349 seconds
{Heap before GC invocations=190 (full 1):
 par new generation   total 109248K, used 87447K [0x00000007a0000000, 0x00000007a8000000, 0x00000007a8000000)
  eden space 87424K, 100% used [0x00000007a0000000, 0x00000007a5560000, 0x00000007a5560000)
  from space 21824K,   0% used [0x00000007a5560000, 0x00000007a5565df0, 0x00000007a6ab0000)
  to   space 21824K,   0% used [0x00000007a6ab0000, 0x00000007a6ab0000, 0x00000007a8000000)
 concurrent mark-sweep generation total 393216K, used 70435K [0x00000007a8000000, 0x00000007c0000000, 0x00000007c0000000)
 Metaspace       used 43673K, capacity 44854K, committed 45060K, reserved 1089536K
  class space    used 5278K, capacity 5557K, committed 5676K, reserved 1048576K
2022-06-26T16:55:14.254-0500: 1518793.708: [GC (Allocation Failure) 2022-06-26T16:55:14.256-0500: 1518793.710: [ParNew
Desired survivor size 20112992 bytes, new threshold 8 (max 8)
- age   1:      29264 bytes,      29264 total
- age   3:         96 bytes,      29360 total
- age   6:        224 bytes,      29584 total
: 87447K->34K(109248K), 0.0488222 secs] 157882K->70469K(502464K), 0.0515809 secs] [Times: user=0.06 sys=0.04, real=0.05 secs] 
Heap after GC invocations=191 (full 1):
 par new generation   total 109248K, used 34K [0x00000007a0000000, 0x00000007a8000000, 0x00000007a8000000)
  eden space 87424K,   0% used [0x00000007a0000000, 0x00000007a0000000, 0x00000007a5560000)
  from space 21824K,   0% used [0x00000007a6ab0000, 0x00000007a6ab8910, 0x00000007a8000000)
  to   space 21824K,   0% used [0x00000007a5560000, 0x00000007a5560000, 0x00000007a6ab0000)
 concurrent mark-sweep generation total 393216K, used 70435K [0x00000007a8000000, 0x00000007c0000000, 0x00000007c0000000)
 Metaspace       used 43673K, capacity 44854K, committed 45060K, reserved 1089536K
  class space    used 5278K, capacity 5557K, committed 5676K, reserved 1048576K
}
2022-06-26T16:55:14.306-0500: 1518793.759: Total time for which application threads were stopped: 0.0642522 seconds, Stopping threads took: 0.0005494 seconds
{Heap before GC invocations=191 (full 1):
 par new generation   total 109248K, used 87458K [0x00000007a0000000, 0x00000007a8000000, 0x00000007a8000000)
  eden space 87424K, 100% used [0x00000007a0000000, 0x00000007a5560000, 0x00000007a5560000)
  from space 21824K,   0% used [0x00000007a6ab0000, 0x00000007a6ab8910, 0x00000007a8000000)
  to   space 21824K,   0% used [0x00000007a5560000, 0x00000007a5560000, 0x00000007a6ab0000)
 concurrent mark-sweep generation total 393216K, used 70435K [0x00000007a8000000, 0x00000007c0000000, 0x00000007c0000000)
 Metaspace       used 43673K, capacity 44854K, committed 45060K, reserved 1089536K
  class space    used 5278K, capacity 5557K, committed 5676K, reserved 1048576K
2022-06-26T20:54:49.190-0500: 1531878.266: [GC (Allocation Failure) 2022-06-26T20:54:49.191-0500: 1531878.267: [ParNew
Desired survivor size 20112992 bytes, new threshold 8 (max 8)
- age   1:       1760 bytes,       1760 total
- age   4:         96 bytes,       1856 total
- age   7:        224 bytes,       2080 total
: 87458K->23K(109248K), 0.0493958 secs] 157893K->70458K(502464K), 0.0514996 secs] [Times: user=0.06 sys=0.04, real=0.06 secs] 
Heap after GC invocations=192 (full 1):
 par new generation   total 109248K, used 23K [0x00000007a0000000, 0x00000007a8000000, 0x00000007a8000000)
  eden space 87424K,   0% used [0x00000007a0000000, 0x00000007a0000000, 0x00000007a5560000)
  from space 21824K,   0% used [0x00000007a5560000, 0x00000007a5565c40, 0x00000007a6ab0000)
  to   space 21824K,   0% used [0x00000007a6ab0000, 0x00000007a6ab0000, 0x00000007a8000000)
 concurrent mark-sweep generation total 393216K, used 70435K [0x00000007a8000000, 0x00000007c0000000, 0x00000007c0000000)
 Metaspace       used 43673K, capacity 44854K, committed 45060K, reserved 1089536K
  class space    used 5278K, capacity 5557K, committed 5676K, reserved 1048576K
}
2022-06-26T20:54:49.241-0500: 1531878.318: Total time for which application threads were stopped: 0.0759856 seconds, Stopping threads took: 0.0040480 seconds
{Heap before GC invocations=192 (full 1):
 par new generation   total 109248K, used 87447K [0x00000007a0000000, 0x00000007a8000000, 0x00000007a8000000)
  eden space 87424K, 100% used [0x00000007a0000000, 0x00000007a5560000, 0x00000007a5560000)
  from space 21824K,   0% used [0x00000007a5560000, 0x00000007a5565c40, 0x00000007a6ab0000)
  to   space 21824K,   0% used [0x00000007a6ab0000, 0x00000007a6ab0000, 0x00000007a8000000)
 concurrent mark-sweep generation total 393216K, used 70435K [0x00000007a8000000, 0x00000007c0000000, 0x00000007c0000000)
 Metaspace       used 43673K, capacity 44854K, committed 45060K, reserved 1089536K
  class space    used 5278K, capacity 5557K, committed 5676K, reserved 1048576K
2022-06-27T01:32:43.986-0500: 1545023.888: [GC (Allocation Failure) 2022-06-27T01:32:43.987-0500: 1545023.889: [ParNew
Desired survivor size 20112992 bytes, new threshold 8 (max 8)
- age   1:      27952 bytes,      27952 total
- age   5:         96 bytes,      28048 total
- age   8:        224 bytes,      28272 total
: 87447K->32K(109248K), 0.0639779 secs] 157882K->70467K(502464K), 0.0659173 secs] [Times: user=0.07 sys=0.05, real=0.07 secs] 
Heap after GC invocations=193 (full 1):
 par new generation   total 109248K, used 32K [0x00000007a0000000, 0x00000007a8000000, 0x00000007a8000000)
  eden space 87424K,   0% used [0x00000007a0000000, 0x00000007a0000000, 0x00000007a5560000)
  from space 21824K,   0% used [0x00000007a6ab0000, 0x00000007a6ab8100, 0x00000007a8000000)
  to   space 21824K,   0% used [0x00000007a5560000, 0x00000007a5560000, 0x00000007a6ab0000)
 concurrent mark-sweep generation total 393216K, used 70435K [0x00000007a8000000, 0x00000007c0000000, 0x00000007c0000000)
 Metaspace       used 43673K, capacity 44854K, committed 45060K, reserved 1089536K
  class space    used 5278K, capacity 5557K, committed 5676K, reserved 1048576K
}
2022-06-27T01:32:44.052-0500: 1545023.955: Total time for which application threads were stopped: 0.0980972 seconds, Stopping threads took: 0.0039607 seconds
{Heap before GC invocations=193 (full 1):
 par new generation   total 109248K, used 87456K [0x00000007a0000000, 0x00000007a8000000, 0x00000007a8000000)
  eden space 87424K, 100% used [0x00000007a0000000, 0x00000007a5560000, 0x00000007a5560000)
  from space 21824K,   0% used [0x00000007a6ab0000, 0x00000007a6ab8100, 0x00000007a8000000)
  to   space 21824K,   0% used [0x00000007a5560000, 0x00000007a5560000, 0x00000007a6ab0000)
 concurrent mark-sweep generation total 393216K, used 70435K [0x00000007a8000000, 0x00000007c0000000, 0x00000007c0000000)
 Metaspace       used 43673K, capacity 44854K, committed 45060K, reserved 1089536K
  class space    used 5278K, capacity 5557K, committed 5676K, reserved 1048576K
2022-06-27T05:42:34.792-0500: 1558109.179: [GC (Allocation Failure) 2022-06-27T05:42:34.793-0500: 1558109.180: [ParNew
Desired survivor size 20112992 bytes, new threshold 8 (max 8)
- age   1:      29480 bytes,      29480 total
- age   6:         96 bytes,      29576 total
: 87456K->44K(109248K), 0.0848153 secs] 157891K->70479K(502464K), 0.0863522 secs] [Times: user=0.10 sys=0.05, real=0.08 secs] 
Heap after GC invocations=194 (full 1):
 par new generation   total 109248K, used 44K [0x00000007a0000000, 0x00000007a8000000, 0x00000007a8000000)
  eden space 87424K,   0% used [0x00000007a0000000, 0x00000007a0000000, 0x00000007a5560000)
  from space 21824K,   0% used [0x00000007a5560000, 0x00000007a556b1c0, 0x00000007a6ab0000)
  to   space 21824K,   0% used [0x00000007a6ab0000, 0x00000007a6ab0000, 0x00000007a8000000)
 concurrent mark-sweep generation total 393216K, used 70435K [0x00000007a8000000, 0x00000007c0000000, 0x00000007c0000000)
 Metaspace       used 43673K, capacity 44854K, committed 45060K, reserved 1089536K
  class space    used 5278K, capacity 5557K, committed 5676K, reserved 1048576K
}
2022-06-27T05:42:34.878-0500: 1558109.265: Total time for which application threads were stopped: 0.1040278 seconds, Stopping threads took: 0.0013412 seconds
{Heap before GC invocations=194 (full 1):
 par new generation   total 109248K, used 87468K [0x00000007a0000000, 0x00000007a8000000, 0x00000007a8000000)
  eden space 87424K, 100% used [0x00000007a0000000, 0x00000007a5560000, 0x00000007a5560000)
  from space 21824K,   0% used [0x00000007a5560000, 0x00000007a556b1c0, 0x00000007a6ab0000)
  to   space 21824K,   0% used [0x00000007a6ab0000, 0x00000007a6ab0000, 0x00000007a8000000)
 concurrent mark-sweep generation total 393216K, used 70435K [0x00000007a8000000, 0x00000007c0000000, 0x00000007c0000000)
 Metaspace       used 43673K, capacity 44854K, committed 45060K, reserved 1089536K
  class space    used 5278K, capacity 5557K, committed 5676K, reserved 1048576K
2022-06-27T12:22:05.543-0500: 1571254.145: [GC (Allocation Failure) 2022-06-27T12:22:05.544-0500: 1571254.147: [ParNew
Desired survivor size 20112992 bytes, new threshold 8 (max 8)
- age   1:       6896 bytes,       6896 total
- age   7:         96 bytes,       6992 total
: 87468K->15K(109248K), 0.0570768 secs] 157903K->70451K(502464K), 0.0590673 secs] [Times: user=0.07 sys=0.04, real=0.06 secs] 
Heap after GC invocations=195 (full 1):
 par new generation   total 109248K, used 15K [0x00000007a0000000, 0x00000007a8000000, 0x00000007a8000000)
  eden space 87424K,   0% used [0x00000007a0000000, 0x00000007a0000000, 0x00000007a5560000)
  from space 21824K,   0% used [0x00000007a6ab0000, 0x00000007a6ab3fc0, 0x00000007a8000000)
  to   space 21824K,   0% used [0x00000007a5560000, 0x00000007a5560000, 0x00000007a6ab0000)
 concurrent mark-sweep generation total 393216K, used 70435K [0x00000007a8000000, 0x00000007c0000000, 0x00000007c0000000)
 Metaspace       used 43673K, capacity 44854K, committed 45060K, reserved 1089536K
  class space    used 5278K, capacity 5557K, committed 5676K, reserved 1048576K
}
2022-06-27T12:22:05.602-0500: 1571254.204: Total time for which application threads were stopped: 0.0763077 seconds, Stopping threads took: 0.0018246 seconds
{Heap before GC invocations=195 (full 1):
 par new generation   total 109248K, used 87439K [0x00000007a0000000, 0x00000007a8000000, 0x00000007a8000000)
  eden space 87424K, 100% used [0x00000007a0000000, 0x00000007a5560000, 0x00000007a5560000)
  from space 21824K,   0% used [0x00000007a6ab0000, 0x00000007a6ab3fc0, 0x00000007a8000000)
  to   space 21824K,   0% used [0x00000007a5560000, 0x00000007a5560000, 0x00000007a6ab0000)
 concurrent mark-sweep generation total 393216K, used 70435K [0x00000007a8000000, 0x00000007c0000000, 0x00000007c0000000)
 Metaspace       used 43673K, capacity 44854K, committed 45060K, reserved 1089536K
  class space    used 5278K, capacity 5557K, committed 5676K, reserved 1048576K
2022-06-27T16:43:26.763-0500: 1584339.629: [GC (Allocation Failure) 2022-06-27T16:43:26.765-0500: 1584339.630: [ParNew
Desired survivor size 20112992 bytes, new threshold 8 (max 8)
- age   1:      23040 bytes,      23040 total
- age   8:         96 bytes,      23136 total
: 87439K->30K(109248K), 0.0436595 secs] 157875K->70465K(502464K), 0.0454923 secs] [Times: user=0.06 sys=0.03, real=0.04 secs] 
Heap after GC invocations=196 (full 1):
 par new generation   total 109248K, used 30K [0x00000007a0000000, 0x00000007a8000000, 0x00000007a8000000)
  eden space 87424K,   0% used [0x00000007a0000000, 0x00000007a0000000, 0x00000007a5560000)
  from space 21824K,   0% used [0x00000007a5560000, 0x00000007a55678f0, 0x00000007a6ab0000)
  to   space 21824K,   0% used [0x00000007a6ab0000, 0x00000007a6ab0000, 0x00000007a8000000)
 concurrent mark-sweep generation total 393216K, used 70435K [0x00000007a8000000, 0x00000007c0000000, 0x00000007c0000000)
 Metaspace       used 43673K, capacity 44854K, committed 45060K, reserved 1089536K
  class space    used 5278K, capacity 5557K, committed 5676K, reserved 1048576K
}
2022-06-27T16:43:26.809-0500: 1584339.675: Total time for which application threads were stopped: 0.0632964 seconds, Stopping threads took: 0.0015504 seconds
{Heap before GC invocations=196 (full 1):
 par new generation   total 109248K, used 87454K [0x00000007a0000000, 0x00000007a8000000, 0x00000007a8000000)
  eden space 87424K, 100% used [0x00000007a0000000, 0x00000007a5560000, 0x00000007a5560000)
  from space 21824K,   0% used [0x00000007a5560000, 0x00000007a55678f0, 0x00000007a6ab0000)
  to   space 21824K,   0% used [0x00000007a6ab0000, 0x00000007a6ab0000, 0x00000007a8000000)
 concurrent mark-sweep generation total 393216K, used 70435K [0x00000007a8000000, 0x00000007c0000000, 0x00000007c0000000)
 Metaspace       used 43673K, capacity 44854K, committed 45060K, reserved 1089536K
  class space    used 5278K, capacity 5557K, committed 5676K, reserved 1048576K
2022-06-28T02:57:34.111-0500: 1597424.357: [GC (Allocation Failure) 2022-06-28T02:57:34.112-0500: 1597424.358: [ParNew
Desired survivor size 20112992 bytes, new threshold 8 (max 8)
- age   1:      29472 bytes,      29472 total
: 87454K->35K(109248K), 0.0517245 secs] 157889K->70471K(502464K), 0.0532457 secs] [Times: user=0.07 sys=0.04, real=0.05 secs] 
Heap after GC invocations=197 (full 1):
 par new generation   total 109248K, used 35K [0x00000007a0000000, 0x00000007a8000000, 0x00000007a8000000)
  eden space 87424K,   0% used [0x00000007a0000000, 0x00000007a0000000, 0x00000007a5560000)
  from space 21824K,   0% used [0x00000007a6ab0000, 0x00000007a6ab8ef8, 0x00000007a8000000)
  to   space 21824K,   0% used [0x00000007a5560000, 0x00000007a5560000, 0x00000007a6ab0000)
 concurrent mark-sweep generation total 393216K, used 70435K [0x00000007a8000000, 0x00000007c0000000, 0x00000007c0000000)
 Metaspace       used 43673K, capacity 44854K, committed 45060K, reserved 1089536K
  class space    used 5278K, capacity 5557K, committed 5676K, reserved 1048576K
}
2022-06-28T02:57:34.164-0500: 1597424.410: Total time for which application threads were stopped: 0.0764693 seconds, Stopping threads took: 0.0035933 seconds
{Heap before GC invocations=197 (full 1):
 par new generation   total 109248K, used 87459K [0x00000007a0000000, 0x00000007a8000000, 0x00000007a8000000)
  eden space 87424K, 100% used [0x00000007a0000000, 0x00000007a5560000, 0x00000007a5560000)
  from space 21824K,   0% used [0x00000007a6ab0000, 0x00000007a6ab8ef8, 0x00000007a8000000)
  to   space 21824K,   0% used [0x00000007a5560000, 0x00000007a5560000, 0x00000007a6ab0000)
 concurrent mark-sweep generation total 393216K, used 70435K [0x00000007a8000000, 0x00000007c0000000, 0x00000007c0000000)
 Metaspace       used 43673K, capacity 44854K, committed 45060K, reserved 1089536K
  class space    used 5278K, capacity 5557K, committed 5676K, reserved 1048576K
2022-06-28T09:11:00.476-0500: 1610569.337: [GC (Allocation Failure) 2022-06-28T09:11:00.477-0500: 1610569.339: [ParNew
Desired survivor size 20112992 bytes, new threshold 8 (max 8)
- age   1:       5480 bytes,       5480 total
: 87459K->24K(109248K), 0.0313453 secs] 157895K->70459K(502464K), 0.0334648 secs] [Times: user=0.05 sys=0.04, real=0.03 secs] 
Heap after GC invocations=198 (full 1):
 par new generation   total 109248K, used 24K [0x00000007a0000000, 0x00000007a8000000, 0x00000007a8000000)
  eden space 87424K,   0% used [0x00000007a0000000, 0x00000007a0000000, 0x00000007a5560000)
  from space 21824K,   0% used [0x00000007a5560000, 0x00000007a5566000, 0x00000007a6ab0000)
  to   space 21824K,   0% used [0x00000007a6ab0000, 0x00000007a6ab0000, 0x00000007a8000000)
 concurrent mark-sweep generation total 393216K, used 70435K [0x00000007a8000000, 0x00000007c0000000, 0x00000007c0000000)
 Metaspace       used 43673K, capacity 44854K, committed 45060K, reserved 1089536K
  class space    used 5278K, capacity 5557K, committed 5676K, reserved 1048576K
}
2022-06-28T09:11:00.509-0500: 1610569.371: Total time for which application threads were stopped: 0.0440240 seconds, Stopping threads took: 0.0014845 seconds
{Heap before GC invocations=198 (full 1):
 par new generation   total 109248K, used 87448K [0x00000007a0000000, 0x00000007a8000000, 0x00000007a8000000)
  eden space 87424K, 100% used [0x00000007a0000000, 0x00000007a5560000, 0x00000007a5560000)
  from space 21824K,   0% used [0x00000007a5560000, 0x00000007a5566000, 0x00000007a6ab0000)
  to   space 21824K,   0% used [0x00000007a6ab0000, 0x00000007a6ab0000, 0x00000007a8000000)
 concurrent mark-sweep generation total 393216K, used 70435K [0x00000007a8000000, 0x00000007c0000000, 0x00000007c0000000)
 Metaspace       used 43673K, capacity 44854K, committed 45060K, reserved 1089536K
  class space    used 5278K, capacity 5557K, committed 5676K, reserved 1048576K
2022-06-28T13:30:54.135-0500: 1623654.838: [GC (Allocation Failure) 2022-06-28T13:30:54.137-0500: 1623654.840: [ParNew
Desired survivor size 20112992 bytes, new threshold 8 (max 8)
- age   1:      31896 bytes,      31896 total
: 87448K->36K(109248K), 0.1301645 secs] 157883K->70471K(502464K), 0.1326678 secs] [Times: user=0.12 sys=0.06, real=0.13 secs] 
Heap after GC invocations=199 (full 1):
 par new generation   total 109248K, used 36K [0x00000007a0000000, 0x00000007a8000000, 0x00000007a8000000)
  eden space 87424K,   0% used [0x00000007a0000000, 0x00000007a0000000, 0x00000007a5560000)
  from space 21824K,   0% used [0x00000007a6ab0000, 0x00000007a6ab9120, 0x00000007a8000000)
  to   space 21824K,   0% used [0x00000007a5560000, 0x00000007a5560000, 0x00000007a6ab0000)
 concurrent mark-sweep generation total 393216K, used 70435K [0x00000007a8000000, 0x00000007c0000000, 0x00000007c0000000)
 Metaspace       used 43673K, capacity 44854K, committed 45060K, reserved 1089536K
  class space    used 5278K, capacity 5557K, committed 5676K, reserved 1048576K
}
2022-06-28T13:30:54.268-0500: 1623654.971: Total time for which application threads were stopped: 0.1788619 seconds, Stopping threads took: 0.0044826 seconds
{Heap before GC invocations=199 (full 1):
 par new generation   total 109248K, used 87460K [0x00000007a0000000, 0x00000007a8000000, 0x00000007a8000000)
  eden space 87424K, 100% used [0x00000007a0000000, 0x00000007a5560000, 0x00000007a5560000)
  from space 21824K,   0% used [0x00000007a6ab0000, 0x00000007a6ab9120, 0x00000007a8000000)
  to   space 21824K,   0% used [0x00000007a5560000, 0x00000007a5560000, 0x00000007a6ab0000)
 concurrent mark-sweep generation total 393216K, used 70435K [0x00000007a8000000, 0x00000007c0000000, 0x00000007c0000000)
 Metaspace       used 43673K, capacity 44854K, committed 45060K, reserved 1089536K
  class space    used 5278K, capacity 5557K, committed 5676K, reserved 1048576K
2022-06-29T21:19:01.145-0500: 1636739.530: [GC (Allocation Failure) 2022-06-29T21:19:01.146-0500: 1636739.531: [ParNew
Desired survivor size 20112992 bytes, new threshold 8 (max 8)
- age   1:      16288 bytes,      16288 total
: 87460K->37K(109248K), 0.0433019 secs] 157895K->70473K(502464K), 0.0447460 secs] [Times: user=0.05 sys=0.03, real=0.05 secs] 
Heap after GC invocations=200 (full 1):
 par new generation   total 109248K, used 37K [0x00000007a0000000, 0x00000007a8000000, 0x00000007a8000000)
  eden space 87424K,   0% used [0x00000007a0000000, 0x00000007a0000000, 0x00000007a5560000)
  from space 21824K,   0% used [0x00000007a5560000, 0x00000007a5569630, 0x00000007a6ab0000)
  to   space 21824K,   0% used [0x00000007a6ab0000, 0x00000007a6ab0000, 0x00000007a8000000)
 concurrent mark-sweep generation total 393216K, used 70435K [0x00000007a8000000, 0x00000007c0000000, 0x00000007c0000000)
 Metaspace       used 43673K, capacity 44854K, committed 45060K, reserved 1089536K
  class space    used 5278K, capacity 5557K, committed 5676K, reserved 1048576K
}
2022-06-29T21:19:01.190-0500: 1636739.574: Total time for which application threads were stopped: 0.0661214 seconds, Stopping threads took: 0.0036170 seconds
{Heap before GC invocations=200 (full 1):
 par new generation   total 109248K, used 87461K [0x00000007a0000000, 0x00000007a8000000, 0x00000007a8000000)
  eden space 87424K, 100% used [0x00000007a0000000, 0x00000007a5560000, 0x00000007a5560000)
  from space 21824K,   0% used [0x00000007a5560000, 0x00000007a5569630, 0x00000007a6ab0000)
  to   space 21824K,   0% used [0x00000007a6ab0000, 0x00000007a6ab0000, 0x00000007a8000000)
 concurrent mark-sweep generation total 393216K, used 70435K [0x00000007a8000000, 0x00000007c0000000, 0x00000007c0000000)
 Metaspace       used 43673K, capacity 44854K, committed 45060K, reserved 1089536K
  class space    used 5278K, capacity 5557K, committed 5676K, reserved 1048576K
2022-06-30T16:11:26.241-0500: 1649884.183: [GC (Allocation Failure) 2022-06-30T16:11:26.242-0500: 1649884.184: [ParNew
Desired survivor size 20112992 bytes, new threshold 8 (max 8)
- age   1:      20744 bytes,      20744 total
: 87461K->28K(109248K), 0.0671023 secs] 157897K->70463K(502464K), 0.0688148 secs] [Times: user=0.09 sys=0.05, real=0.07 secs] 
Heap after GC invocations=201 (full 1):
 par new generation   total 109248K, used 28K [0x00000007a0000000, 0x00000007a8000000, 0x00000007a8000000)
  eden space 87424K,   0% used [0x00000007a0000000, 0x00000007a0000000, 0x00000007a5560000)
  from space 21824K,   0% used [0x00000007a6ab0000, 0x00000007a6ab7020, 0x00000007a8000000)
  to   space 21824K,   0% used [0x00000007a5560000, 0x00000007a5560000, 0x00000007a6ab0000)
 concurrent mark-sweep generation total 393216K, used 70435K [0x00000007a8000000, 0x00000007c0000000, 0x00000007c0000000)
 Metaspace       used 43673K, capacity 44854K, committed 45060K, reserved 1089536K
  class space    used 5278K, capacity 5557K, committed 5676K, reserved 1048576K
}
2022-06-30T16:11:26.310-0500: 1649884.252: Total time for which application threads were stopped: 0.0838948 seconds, Stopping threads took: 0.0027543 seconds
{Heap before GC invocations=201 (full 1):
 par new generation   total 109248K, used 87452K [0x00000007a0000000, 0x00000007a8000000, 0x00000007a8000000)
  eden space 87424K, 100% used [0x00000007a0000000, 0x00000007a5560000, 0x00000007a5560000)
  from space 21824K,   0% used [0x00000007a6ab0000, 0x00000007a6ab7020, 0x00000007a8000000)
  to   space 21824K,   0% used [0x00000007a5560000, 0x00000007a5560000, 0x00000007a6ab0000)
 concurrent mark-sweep generation total 393216K, used 70435K [0x00000007a8000000, 0x00000007c0000000, 0x00000007c0000000)
 Metaspace       used 43673K, capacity 44854K, committed 45060K, reserved 1089536K
  class space    used 5278K, capacity 5557K, committed 5676K, reserved 1048576K
2022-06-30T20:43:14.052-0500: 1662968.621: [GC (Allocation Failure) 2022-06-30T20:43:14.054-0500: 1662968.623: [ParNew
Desired survivor size 20112992 bytes, new threshold 8 (max 8)
- age   1:      29352 bytes,      29352 total
: 87452K->36K(109248K), 0.0508321 secs] 157887K->70472K(502464K), 0.0533852 secs] [Times: user=0.07 sys=0.04, real=0.05 secs] 
Heap after GC invocations=202 (full 1):
 par new generation   total 109248K, used 36K [0x00000007a0000000, 0x00000007a8000000, 0x00000007a8000000)
  eden space 87424K,   0% used [0x00000007a0000000, 0x00000007a0000000, 0x00000007a5560000)
  from space 21824K,   0% used [0x00000007a5560000, 0x00000007a5569240, 0x00000007a6ab0000)
  to   space 21824K,   0% used [0x00000007a6ab0000, 0x00000007a6ab0000, 0x00000007a8000000)
 concurrent mark-sweep generation total 393216K, used 70435K [0x00000007a8000000, 0x00000007c0000000, 0x00000007c0000000)
 Metaspace       used 43673K, capacity 44854K, committed 45060K, reserved 1089536K
  class space    used 5278K, capacity 5557K, committed 5676K, reserved 1048576K
}
2022-06-30T20:43:14.106-0500: 1662968.675: Total time for which application threads were stopped: 0.0677245 seconds, Stopping threads took: 0.0020650 seconds
{Heap before GC invocations=202 (full 1):
 par new generation   total 109248K, used 87460K [0x00000007a0000000, 0x00000007a8000000, 0x00000007a8000000)
  eden space 87424K, 100% used [0x00000007a0000000, 0x00000007a5560000, 0x00000007a5560000)
  from space 21824K,   0% used [0x00000007a5560000, 0x00000007a5569240, 0x00000007a6ab0000)
  to   space 21824K,   0% used [0x00000007a6ab0000, 0x00000007a6ab0000, 0x00000007a8000000)
 concurrent mark-sweep generation total 393216K, used 70435K [0x00000007a8000000, 0x00000007c0000000, 0x00000007c0000000)
 Metaspace       used 43673K, capacity 44854K, committed 45060K, reserved 1089536K
  class space    used 5278K, capacity 5557K, committed 5676K, reserved 1048576K
2022-07-01T05:16:28.075-0500: 1675947.207: [GC (Allocation Failure) 2022-07-01T05:16:28.076-0500: 1675947.209: [ParNew
Desired survivor size 20112992 bytes, new threshold 8 (max 8)
- age   1:       1136 bytes,       1136 total
: 87460K->23K(109248K), 0.0334414 secs] 157896K->70459K(502464K), 0.0355094 secs] [Times: user=0.05 sys=0.04, real=0.04 secs] 
Heap after GC invocations=203 (full 1):
 par new generation   total 109248K, used 23K [0x00000007a0000000, 0x00000007a8000000, 0x00000007a8000000)
  eden space 87424K,   0% used [0x00000007a0000000, 0x00000007a0000000, 0x00000007a5560000)
  from space 21824K,   0% used [0x00000007a6ab0000, 0x00000007a6ab5fe0, 0x00000007a8000000)
  to   space 21824K,   0% used [0x00000007a5560000, 0x00000007a5560000, 0x00000007a6ab0000)
 concurrent mark-sweep generation total 393216K, used 70435K [0x00000007a8000000, 0x00000007c0000000, 0x00000007c0000000)
 Metaspace       used 43673K, capacity 44854K, committed 45060K, reserved 1089536K
  class space    used 5278K, capacity 5557K, committed 5676K, reserved 1048576K
}
2022-07-01T05:16:28.110-0500: 1675947.243: Total time for which application threads were stopped: 0.0409476 seconds, Stopping threads took: 0.0005510 seconds
{Heap before GC invocations=203 (full 1):
 par new generation   total 109248K, used 87447K [0x00000007a0000000, 0x00000007a8000000, 0x00000007a8000000)
  eden space 87424K, 100% used [0x00000007a0000000, 0x00000007a5560000, 0x00000007a5560000)
  from space 21824K,   0% used [0x00000007a6ab0000, 0x00000007a6ab5fe0, 0x00000007a8000000)
  to   space 21824K,   0% used [0x00000007a5560000, 0x00000007a5560000, 0x00000007a6ab0000)
 concurrent mark-sweep generation total 393216K, used 70435K [0x00000007a8000000, 0x00000007c0000000, 0x00000007c0000000)
 Metaspace       used 43673K, capacity 44854K, committed 45060K, reserved 1089536K
  class space    used 5278K, capacity 5557K, committed 5676K, reserved 1048576K
2022-07-01T19:52:42.284-0500: 1689076.716: [GC (Allocation Failure) 2022-07-01T19:52:42.285-0500: 1689076.717: [ParNew
Desired survivor size 20112992 bytes, new threshold 8 (max 8)
- age   1:      16296 bytes,      16296 total
: 87447K->22K(109248K), 0.0439957 secs] 157883K->70457K(502464K), 0.0455120 secs] [Times: user=0.07 sys=0.04, real=0.04 secs] 
Heap after GC invocations=204 (full 1):
 par new generation   total 109248K, used 22K [0x00000007a0000000, 0x00000007a8000000, 0x00000007a8000000)
  eden space 87424K,   0% used [0x00000007a0000000, 0x00000007a0000000, 0x00000007a5560000)
  from space 21824K,   0% used [0x00000007a5560000, 0x00000007a55658b0, 0x00000007a6ab0000)
  to   space 21824K,   0% used [0x00000007a6ab0000, 0x00000007a6ab0000, 0x00000007a8000000)
 concurrent mark-sweep generation total 393216K, used 70435K [0x00000007a8000000, 0x00000007c0000000, 0x00000007c0000000)
 Metaspace       used 43673K, capacity 44854K, committed 45060K, reserved 1089536K
  class space    used 5278K, capacity 5557K, committed 5676K, reserved 1048576K
}
2022-07-01T19:52:42.330-0500: 1689076.762: Total time for which application threads were stopped: 0.0696634 seconds, Stopping threads took: 0.0013716 seconds
{Heap before GC invocations=204 (full 1):
 par new generation   total 109248K, used 87446K [0x00000007a0000000, 0x00000007a8000000, 0x00000007a8000000)
  eden space 87424K, 100% used [0x00000007a0000000, 0x00000007a5560000, 0x00000007a5560000)
  from space 21824K,   0% used [0x00000007a5560000, 0x00000007a55658b0, 0x00000007a6ab0000)
  to   space 21824K,   0% used [0x00000007a6ab0000, 0x00000007a6ab0000, 0x00000007a8000000)
 concurrent mark-sweep generation total 393216K, used 70435K [0x00000007a8000000, 0x00000007c0000000, 0x00000007c0000000)
 Metaspace       used 43673K, capacity 44854K, committed 45060K, reserved 1089536K
  class space    used 5278K, capacity 5557K, committed 5676K, reserved 1048576K
2022-07-02T01:31:33.208-0500: 1702161.539: [GC (Allocation Failure) 2022-07-02T01:31:33.210-0500: 1702161.540: [ParNew
Desired survivor size 20112992 bytes, new threshold 8 (max 8)
- age   1:      29496 bytes,      29496 total
: 87446K->36K(109248K), 0.0580368 secs] 157881K->70471K(502464K), 0.0600369 secs] [Times: user=0.07 sys=0.04, real=0.06 secs] 
Heap after GC invocations=205 (full 1):
 par new generation   total 109248K, used 36K [0x00000007a0000000, 0x00000007a8000000, 0x00000007a8000000)
  eden space 87424K,   0% used [0x00000007a0000000, 0x00000007a0000000, 0x00000007a5560000)
  from space 21824K,   0% used [0x00000007a6ab0000, 0x00000007a6ab9120, 0x00000007a8000000)
  to   space 21824K,   0% used [0x00000007a5560000, 0x00000007a5560000, 0x00000007a6ab0000)
 concurrent mark-sweep generation total 393216K, used 70435K [0x00000007a8000000, 0x00000007c0000000, 0x00000007c0000000)
 Metaspace       used 43673K, capacity 44854K, committed 45060K, reserved 1089536K
  class space    used 5278K, capacity 5557K, committed 5676K, reserved 1048576K
}
2022-07-02T01:31:33.269-0500: 1702161.599: Total time for which application threads were stopped: 0.0785565 seconds, Stopping threads took: 0.0032193 seconds
{Heap before GC invocations=205 (full 1):
 par new generation   total 109248K, used 87460K [0x00000007a0000000, 0x00000007a8000000, 0x00000007a8000000)
  eden space 87424K, 100% used [0x00000007a0000000, 0x00000007a5560000, 0x00000007a5560000)
  from space 21824K,   0% used [0x00000007a6ab0000, 0x00000007a6ab9120, 0x00000007a8000000)
  to   space 21824K,   0% used [0x00000007a5560000, 0x00000007a5560000, 0x00000007a6ab0000)
 concurrent mark-sweep generation total 393216K, used 70435K [0x00000007a8000000, 0x00000007c0000000, 0x00000007c0000000)
 Metaspace       used 43673K, capacity 44854K, committed 45060K, reserved 1089536K
  class space    used 5278K, capacity 5557K, committed 5676K, reserved 1048576K
2022-07-02T18:01:00.548-0500: 1715306.718: [GC (Allocation Failure) 2022-07-02T18:01:00.550-0500: 1715306.719: [ParNew
Desired survivor size 20112992 bytes, new threshold 8 (max 8)
- age   1:       8248 bytes,       8248 total
: 87460K->29K(109248K), 0.0836215 secs] 157895K->70465K(502464K), 0.0856026 secs] [Times: user=0.11 sys=0.06, real=0.09 secs] 
Heap after GC invocations=206 (full 1):
 par new generation   total 109248K, used 29K [0x00000007a0000000, 0x00000007a8000000, 0x00000007a8000000)
  eden space 87424K,   0% used [0x00000007a0000000, 0x00000007a0000000, 0x00000007a5560000)
  from space 21824K,   0% used [0x00000007a5560000, 0x00000007a5567580, 0x00000007a6ab0000)
  to   space 21824K,   0% used [0x00000007a6ab0000, 0x00000007a6ab0000, 0x00000007a8000000)
 concurrent mark-sweep generation total 393216K, used 70435K [0x00000007a8000000, 0x00000007c0000000, 0x00000007c0000000)
 Metaspace       used 43673K, capacity 44854K, committed 45060K, reserved 1089536K
  class space    used 5278K, capacity 5557K, committed 5676K, reserved 1048576K
}
2022-07-02T18:01:00.635-0500: 1715306.804: Total time for which application threads were stopped: 0.1110516 seconds, Stopping threads took: 0.0040246 seconds
{Heap before GC invocations=206 (full 1):
 par new generation   total 109248K, used 87453K [0x00000007a0000000, 0x00000007a8000000, 0x00000007a8000000)
  eden space 87424K, 100% used [0x00000007a0000000, 0x00000007a5560000, 0x00000007a5560000)
  from space 21824K,   0% used [0x00000007a5560000, 0x00000007a5567580, 0x00000007a6ab0000)
  to   space 21824K,   0% used [0x00000007a6ab0000, 0x00000007a6ab0000, 0x00000007a8000000)
 concurrent mark-sweep generation total 393216K, used 70435K [0x00000007a8000000, 0x00000007c0000000, 0x00000007c0000000)
 Metaspace       used 43673K, capacity 44854K, committed 45060K, reserved 1089536K
  class space    used 5278K, capacity 5557K, committed 5676K, reserved 1048576K
2022-07-02T22:33:25.829-0500: 1728391.536: [GC (Allocation Failure) 2022-07-02T22:33:25.831-0500: 1728391.537: [ParNew
Desired survivor size 20112992 bytes, new threshold 8 (max 8)
- age   1:      23664 bytes,      23664 total
: 87453K->30K(109248K), 0.0871002 secs] 157889K->70465K(502464K), 0.0889492 secs] [Times: user=0.09 sys=0.05, real=0.09 secs] 
Heap after GC invocations=207 (full 1):
 par new generation   total 109248K, used 30K [0x00000007a0000000, 0x00000007a8000000, 0x00000007a8000000)
  eden space 87424K,   0% used [0x00000007a0000000, 0x00000007a0000000, 0x00000007a5560000)
  from space 21824K,   0% used [0x00000007a6ab0000, 0x00000007a6ab78f0, 0x00000007a8000000)
  to   space 21824K,   0% used [0x00000007a5560000, 0x00000007a5560000, 0x00000007a6ab0000)
 concurrent mark-sweep generation total 393216K, used 70435K [0x00000007a8000000, 0x00000007c0000000, 0x00000007c0000000)
 Metaspace       used 43673K, capacity 44854K, committed 45060K, reserved 1089536K
  class space    used 5278K, capacity 5557K, committed 5676K, reserved 1048576K
}
2022-07-02T22:33:25.919-0500: 1728391.625: Total time for which application threads were stopped: 0.1358881 seconds, Stopping threads took: 0.0029283 seconds
{Heap before GC invocations=207 (full 1):
 par new generation   total 109248K, used 87454K [0x00000007a0000000, 0x00000007a8000000, 0x00000007a8000000)
  eden space 87424K, 100% used [0x00000007a0000000, 0x00000007a5560000, 0x00000007a5560000)
  from space 21824K,   0% used [0x00000007a6ab0000, 0x00000007a6ab78f0, 0x00000007a8000000)
  to   space 21824K,   0% used [0x00000007a5560000, 0x00000007a5560000, 0x00000007a6ab0000)
 concurrent mark-sweep generation total 393216K, used 70435K [0x00000007a8000000, 0x00000007c0000000, 0x00000007c0000000)
 Metaspace       used 43675K, capacity 44854K, committed 45060K, reserved 1089536K
  class space    used 5278K, capacity 5557K, committed 5676K, reserved 1048576K
2022-07-03T15:29:37.058-0500: 1741487.021: [GC (Allocation Failure) 2022-07-03T15:29:37.059-0500: 1741487.021: [ParNew
Desired survivor size 20112992 bytes, new threshold 8 (max 8)
- age   1:      29336 bytes,      29336 total
: 87454K->36K(109248K), 0.1043886 secs] 157889K->70471K(502464K), 0.1057866 secs] [Times: user=0.10 sys=0.05, real=0.11 secs] 
Heap after GC invocations=208 (full 1):
 par new generation   total 109248K, used 36K [0x00000007a0000000, 0x00000007a8000000, 0x00000007a8000000)
  eden space 87424K,   0% used [0x00000007a0000000, 0x00000007a0000000, 0x00000007a5560000)
  from space 21824K,   0% used [0x00000007a5560000, 0x00000007a5569140, 0x00000007a6ab0000)
  to   space 21824K,   0% used [0x00000007a6ab0000, 0x00000007a6ab0000, 0x00000007a8000000)
 concurrent mark-sweep generation total 393216K, used 70435K [0x00000007a8000000, 0x00000007c0000000, 0x00000007c0000000)
 Metaspace       used 43675K, capacity 44854K, committed 45060K, reserved 1089536K
  class space    used 5278K, capacity 5557K, committed 5676K, reserved 1048576K
}
2022-07-03T15:29:37.164-0500: 1741487.127: Total time for which application threads were stopped: 0.1226097 seconds, Stopping threads took: 0.0024189 seconds
{Heap before GC invocations=208 (full 1):
 par new generation   total 109248K, used 87460K [0x00000007a0000000, 0x00000007a8000000, 0x00000007a8000000)
  eden space 87424K, 100% used [0x00000007a0000000, 0x00000007a5560000, 0x00000007a5560000)
  from space 21824K,   0% used [0x00000007a5560000, 0x00000007a5569140, 0x00000007a6ab0000)
  to   space 21824K,   0% used [0x00000007a6ab0000, 0x00000007a6ab0000, 0x00000007a8000000)
 concurrent mark-sweep generation total 393216K, used 70435K [0x00000007a8000000, 0x00000007c0000000, 0x00000007c0000000)
 Metaspace       used 43675K, capacity 44854K, committed 45060K, reserved 1089536K
  class space    used 5278K, capacity 5557K, committed 5676K, reserved 1048576K
2022-07-04T00:35:38.881-0500: 1754631.971: [GC (Allocation Failure) 2022-07-04T00:35:38.883-0500: 1754631.972: [ParNew
Desired survivor size 20112992 bytes, new threshold 8 (max 8)
- age   1:       8800 bytes,       8800 total
: 87460K->30K(109248K), 0.0565092 secs] 157895K->70465K(502464K), 0.0581686 secs] [Times: user=0.09 sys=0.05, real=0.06 secs] 
Heap after GC invocations=209 (full 1):
 par new generation   total 109248K, used 30K [0x00000007a0000000, 0x00000007a8000000, 0x00000007a8000000)
  eden space 87424K,   0% used [0x00000007a0000000, 0x00000007a0000000, 0x00000007a5560000)
  from space 21824K,   0% used [0x00000007a6ab0000, 0x00000007a6ab7878, 0x00000007a8000000)
  to   space 21824K,   0% used [0x00000007a5560000, 0x00000007a5560000, 0x00000007a6ab0000)
 concurrent mark-sweep generation total 393216K, used 70435K [0x00000007a8000000, 0x00000007c0000000, 0x00000007c0000000)
 Metaspace       used 43675K, capacity 44854K, committed 45060K, reserved 1089536K
  class space    used 5278K, capacity 5557K, committed 5676K, reserved 1048576K
}
2022-07-04T00:35:38.940-0500: 1754632.029: Total time for which application threads were stopped: 0.0799881 seconds, Stopping threads took: 0.0018560 seconds
{Heap before GC invocations=209 (full 1):
 par new generation   total 109248K, used 87454K [0x00000007a0000000, 0x00000007a8000000, 0x00000007a8000000)
  eden space 87424K, 100% used [0x00000007a0000000, 0x00000007a5560000, 0x00000007a5560000)
  from space 21824K,   0% used [0x00000007a6ab0000, 0x00000007a6ab7878, 0x00000007a8000000)
  to   space 21824K,   0% used [0x00000007a5560000, 0x00000007a5560000, 0x00000007a6ab0000)
 concurrent mark-sweep generation total 393216K, used 70435K [0x00000007a8000000, 0x00000007c0000000, 0x00000007c0000000)
 Metaspace       used 43675K, capacity 44854K, committed 45060K, reserved 1089536K
  class space    used 5278K, capacity 5557K, committed 5676K, reserved 1048576K
2022-07-04T16:15:53.849-0500: 1767716.782: [GC (Allocation Failure) 2022-07-04T16:15:53.851-0500: 1767716.783: [ParNew
Desired survivor size 20112992 bytes, new threshold 8 (max 8)
- age   1:      29240 bytes,      29240 total
: 87454K->36K(109248K), 0.0436624 secs] 157889K->70471K(502464K), 0.0453471 secs] [Times: user=0.05 sys=0.04, real=0.05 secs] 
Heap after GC invocations=210 (full 1):
 par new generation   total 109248K, used 36K [0x00000007a0000000, 0x00000007a8000000, 0x00000007a8000000)
  eden space 87424K,   0% used [0x00000007a0000000, 0x00000007a0000000, 0x00000007a5560000)
  from space 21824K,   0% used [0x00000007a5560000, 0x00000007a5569120, 0x00000007a6ab0000)
  to   space 21824K,   0% used [0x00000007a6ab0000, 0x00000007a6ab0000, 0x00000007a8000000)
 concurrent mark-sweep generation total 393216K, used 70435K [0x00000007a8000000, 0x00000007c0000000, 0x00000007c0000000)
 Metaspace       used 43675K, capacity 44854K, committed 45060K, reserved 1089536K
  class space    used 5278K, capacity 5557K, committed 5676K, reserved 1048576K
}
2022-07-04T16:15:53.895-0500: 1767716.827: Total time for which application threads were stopped: 0.0632674 seconds, Stopping threads took: 0.0005736 seconds
2022-07-04T21:59:28.223-0500: 1773446.068: Total time for which application threads were stopped: 0.0166292 seconds, Stopping threads took: 0.0004832 seconds
{Heap before GC invocations=210 (full 1):
 par new generation   total 109248K, used 87460K [0x00000007a0000000, 0x00000007a8000000, 0x00000007a8000000)
  eden space 87424K, 100% used [0x00000007a0000000, 0x00000007a5560000, 0x00000007a5560000)
  from space 21824K,   0% used [0x00000007a5560000, 0x00000007a5569120, 0x00000007a6ab0000)
  to   space 21824K,   0% used [0x00000007a6ab0000, 0x00000007a6ab0000, 0x00000007a8000000)
 concurrent mark-sweep generation total 393216K, used 70435K [0x00000007a8000000, 0x00000007c0000000, 0x00000007c0000000)
 Metaspace       used 43675K, capacity 44854K, committed 45060K, reserved 1089536K
  class space    used 5278K, capacity 5557K, committed 5676K, reserved 1048576K
2022-07-05T21:56:12.040-0500: 1780801.828: [GC (Allocation Failure) 2022-07-05T21:56:12.042-0500: 1780801.829: [ParNew
Desired survivor size 20112992 bytes, new threshold 8 (max 8)
- age   1:       1760 bytes,       1760 total
: 87460K->23K(109248K), 0.0291974 secs] 157895K->70458K(502464K), 0.0308051 secs] [Times: user=0.04 sys=0.04, real=0.03 secs] 
Heap after GC invocations=211 (full 1):
 par new generation   total 109248K, used 23K [0x00000007a0000000, 0x00000007a8000000, 0x00000007a8000000)
  eden space 87424K,   0% used [0x00000007a0000000, 0x00000007a0000000, 0x00000007a5560000)
  from space 21824K,   0% used [0x00000007a6ab0000, 0x00000007a6ab5ce0, 0x00000007a8000000)
  to   space 21824K,   0% used [0x00000007a5560000, 0x00000007a5560000, 0x00000007a6ab0000)
 concurrent mark-sweep generation total 393216K, used 70435K [0x00000007a8000000, 0x00000007c0000000, 0x00000007c0000000)
 Metaspace       used 43675K, capacity 44854K, committed 45060K, reserved 1089536K
  class space    used 5278K, capacity 5557K, committed 5676K, reserved 1048576K
}
2022-07-05T21:56:12.071-0500: 1780801.859: Total time for which application threads were stopped: 0.0449502 seconds, Stopping threads took: 0.0027693 seconds
{Heap before GC invocations=211 (full 1):
 par new generation   total 109248K, used 87447K [0x00000007a0000000, 0x00000007a8000000, 0x00000007a8000000)
  eden space 87424K, 100% used [0x00000007a0000000, 0x00000007a5560000, 0x00000007a5560000)
  from space 21824K,   0% used [0x00000007a6ab0000, 0x00000007a6ab5ce0, 0x00000007a8000000)
  to   space 21824K,   0% used [0x00000007a5560000, 0x00000007a5560000, 0x00000007a6ab0000)
 concurrent mark-sweep generation total 393216K, used 70435K [0x00000007a8000000, 0x00000007c0000000, 0x00000007c0000000)
 Metaspace       used 43675K, capacity 44854K, committed 45060K, reserved 1089536K
  class space    used 5278K, capacity 5557K, committed 5676K, reserved 1048576K
2022-07-06T04:10:40.776-0500: 1793946.995: [GC (Allocation Failure) 2022-07-06T04:10:40.778-0500: 1793946.996: [ParNew
Desired survivor size 20112992 bytes, new threshold 8 (max 8)
- age   1:      25168 bytes,      25168 total
: 87447K->32K(109248K), 0.0709816 secs] 157882K->70467K(502464K), 0.0733679 secs] [Times: user=0.07 sys=0.05, real=0.08 secs] 
Heap after GC invocations=212 (full 1):
 par new generation   total 109248K, used 32K [0x00000007a0000000, 0x00000007a8000000, 0x00000007a8000000)
  eden space 87424K,   0% used [0x00000007a0000000, 0x00000007a0000000, 0x00000007a5560000)
  from space 21824K,   0% used [0x00000007a5560000, 0x00000007a5568100, 0x00000007a6ab0000)
  to   space 21824K,   0% used [0x00000007a6ab0000, 0x00000007a6ab0000, 0x00000007a8000000)
 concurrent mark-sweep generation total 393216K, used 70435K [0x00000007a8000000, 0x00000007c0000000, 0x00000007c0000000)
 Metaspace       used 43675K, capacity 44854K, committed 45060K, reserved 1089536K
  class space    used 5278K, capacity 5557K, committed 5676K, reserved 1048576K
}
2022-07-06T04:10:40.850-0500: 1793947.068: Total time for which application threads were stopped: 0.1070699 seconds, Stopping threads took: 0.0035655 seconds
{Heap before GC invocations=212 (full 1):
 par new generation   total 109248K, used 87456K [0x00000007a0000000, 0x00000007a8000000, 0x00000007a8000000)
  eden space 87424K, 100% used [0x00000007a0000000, 0x00000007a5560000, 0x00000007a5560000)
  from space 21824K,   0% used [0x00000007a5560000, 0x00000007a5568100, 0x00000007a6ab0000)
  to   space 21824K,   0% used [0x00000007a6ab0000, 0x00000007a6ab0000, 0x00000007a8000000)
 concurrent mark-sweep generation total 393216K, used 70435K [0x00000007a8000000, 0x00000007c0000000, 0x00000007c0000000)
 Metaspace       used 43675K, capacity 44854K, committed 45060K, reserved 1089536K
  class space    used 5278K, capacity 5557K, committed 5676K, reserved 1048576K
2022-07-06T17:19:10.890-0500: 1807032.169: [GC (Allocation Failure) 2022-07-06T17:19:10.891-0500: 1807032.170: [ParNew
Desired survivor size 20112992 bytes, new threshold 8 (max 8)
- age   1:      29464 bytes,      29464 total
: 87456K->37K(109248K), 0.0610921 secs] 157891K->70473K(502464K), 0.0633369 secs] [Times: user=0.09 sys=0.05, real=0.06 secs] 
Heap after GC invocations=213 (full 1):
 par new generation   total 109248K, used 37K [0x00000007a0000000, 0x00000007a8000000, 0x00000007a8000000)
  eden space 87424K,   0% used [0x00000007a0000000, 0x00000007a0000000, 0x00000007a5560000)
  from space 21824K,   0% used [0x00000007a6ab0000, 0x00000007a6ab9610, 0x00000007a8000000)
  to   space 21824K,   0% used [0x00000007a5560000, 0x00000007a5560000, 0x00000007a6ab0000)
 concurrent mark-sweep generation total 393216K, used 70435K [0x00000007a8000000, 0x00000007c0000000, 0x00000007c0000000)
 Metaspace       used 43675K, capacity 44854K, committed 45060K, reserved 1089536K
  class space    used 5278K, capacity 5557K, committed 5676K, reserved 1048576K
}
2022-07-06T17:19:10.953-0500: 1807032.232: Total time for which application threads were stopped: 0.0849382 seconds, Stopping threads took: 0.0028868 seconds
2022-07-07T01:39:32.256-0500: 1815616.132: Total time for which application threads were stopped: 0.0037535 seconds, Stopping threads took: 0.0002829 seconds
{Heap before GC invocations=213 (full 1):
 par new generation   total 109248K, used 87461K [0x00000007a0000000, 0x00000007a8000000, 0x00000007a8000000)
  eden space 87424K, 100% used [0x00000007a0000000, 0x00000007a5560000, 0x00000007a5560000)
  from space 21824K,   0% used [0x00000007a6ab0000, 0x00000007a6ab9610, 0x00000007a8000000)
  to   space 21824K,   0% used [0x00000007a5560000, 0x00000007a5560000, 0x00000007a6ab0000)
 concurrent mark-sweep generation total 393216K, used 70435K [0x00000007a8000000, 0x00000007c0000000, 0x00000007c0000000)
 Metaspace       used 43675K, capacity 44854K, committed 45060K, reserved 1089536K
  class space    used 5278K, capacity 5557K, committed 5676K, reserved 1048576K
2022-07-07T02:55:33.167-0500: 1820177.095: [GC (Allocation Failure) 2022-07-07T02:55:33.168-0500: 1820177.097: [ParNew
Desired survivor size 20112992 bytes, new threshold 8 (max 8)
- age   1:       2936 bytes,       2936 total
: 87461K->13K(109248K), 0.0459694 secs] 157897K->70449K(502464K), 0.0477325 secs] [Times: user=0.06 sys=0.05, real=0.05 secs] 
Heap after GC invocations=214 (full 1):
 par new generation   total 109248K, used 13K [0x00000007a0000000, 0x00000007a8000000, 0x00000007a8000000)
  eden space 87424K,   0% used [0x00000007a0000000, 0x00000007a0000000, 0x00000007a5560000)
  from space 21824K,   0% used [0x00000007a5560000, 0x00000007a55635e0, 0x00000007a6ab0000)
  to   space 21824K,   0% used [0x00000007a6ab0000, 0x00000007a6ab0000, 0x00000007a8000000)
 concurrent mark-sweep generation total 393216K, used 70435K [0x00000007a8000000, 0x00000007c0000000, 0x00000007c0000000)
 Metaspace       used 43675K, capacity 44854K, committed 45060K, reserved 1089536K
  class space    used 5278K, capacity 5557K, committed 5676K, reserved 1048576K
}
2022-07-07T02:55:33.215-0500: 1820177.143: Total time for which application threads were stopped: 0.0619554 seconds, Stopping threads took: 0.0006915 seconds
{Heap before GC invocations=214 (full 1):
 par new generation   total 109248K, used 87437K [0x00000007a0000000, 0x00000007a8000000, 0x00000007a8000000)
  eden space 87424K, 100% used [0x00000007a0000000, 0x00000007a5560000, 0x00000007a5560000)
  from space 21824K,   0% used [0x00000007a5560000, 0x00000007a55635e0, 0x00000007a6ab0000)
  to   space 21824K,   0% used [0x00000007a6ab0000, 0x00000007a6ab0000, 0x00000007a8000000)
 concurrent mark-sweep generation total 393216K, used 70435K [0x00000007a8000000, 0x00000007c0000000, 0x00000007c0000000)
 Metaspace       used 43675K, capacity 44854K, committed 45060K, reserved 1089536K
  class space    used 5278K, capacity 5557K, committed 5676K, reserved 1048576K
2022-07-07T08:03:40.736-0500: 1833261.832: [GC (Allocation Failure) 2022-07-07T08:03:40.737-0500: 1833261.833: [ParNew
Desired survivor size 20112992 bytes, new threshold 8 (max 8)
- age   1:      22576 bytes,      22576 total
: 87437K->26K(109248K), 0.0280014 secs] 157873K->70461K(502464K), 0.0298278 secs] [Times: user=0.04 sys=0.04, real=0.03 secs] 
Heap after GC invocations=215 (full 1):
 par new generation   total 109248K, used 26K [0x00000007a0000000, 0x00000007a8000000, 0x00000007a8000000)
  eden space 87424K,   0% used [0x00000007a0000000, 0x00000007a0000000, 0x00000007a5560000)
  from space 21824K,   0% used [0x00000007a6ab0000, 0x00000007a6ab68d0, 0x00000007a8000000)
  to   space 21824K,   0% used [0x00000007a5560000, 0x00000007a5560000, 0x00000007a6ab0000)
 concurrent mark-sweep generation total 393216K, used 70435K [0x00000007a8000000, 0x00000007c0000000, 0x00000007c0000000)
 Metaspace       used 43675K, capacity 44854K, committed 45060K, reserved 1089536K
  class space    used 5278K, capacity 5557K, committed 5676K, reserved 1048576K
}
2022-07-07T08:03:40.766-0500: 1833261.862: Total time for which application threads were stopped: 0.0442357 seconds, Stopping threads took: 0.0027086 seconds
{Heap before GC invocations=215 (full 1):
 par new generation   total 109248K, used 87450K [0x00000007a0000000, 0x00000007a8000000, 0x00000007a8000000)
  eden space 87424K, 100% used [0x00000007a0000000, 0x00000007a5560000, 0x00000007a5560000)
  from space 21824K,   0% used [0x00000007a6ab0000, 0x00000007a6ab68d0, 0x00000007a8000000)
  to   space 21824K,   0% used [0x00000007a5560000, 0x00000007a5560000, 0x00000007a6ab0000)
 concurrent mark-sweep generation total 393216K, used 70435K [0x00000007a8000000, 0x00000007c0000000, 0x00000007c0000000)
 Metaspace       used 43675K, capacity 44854K, committed 45060K, reserved 1089536K
  class space    used 5278K, capacity 5557K, committed 5676K, reserved 1048576K
2022-07-07T12:21:27.225-0500: 1846347.089: [GC (Allocation Failure) 2022-07-07T12:21:27.227-0500: 1846347.091: [ParNew
Desired survivor size 20112992 bytes, new threshold 8 (max 8)
- age   1:      29328 bytes,      29328 total
: 87450K->43K(109248K), 0.0851620 secs] 157885K->70479K(502464K), 0.0874000 secs] [Times: user=0.12 sys=0.07, real=0.09 secs] 
Heap after GC invocations=216 (full 1):
 par new generation   total 109248K, used 43K [0x00000007a0000000, 0x00000007a8000000, 0x00000007a8000000)
  eden space 87424K,   0% used [0x00000007a0000000, 0x00000007a0000000, 0x00000007a5560000)
  from space 21824K,   0% used [0x00000007a5560000, 0x00000007a556aeb0, 0x00000007a6ab0000)
  to   space 21824K,   0% used [0x00000007a6ab0000, 0x00000007a6ab0000, 0x00000007a8000000)
 concurrent mark-sweep generation total 393216K, used 70435K [0x00000007a8000000, 0x00000007c0000000, 0x00000007c0000000)
 Metaspace       used 43675K, capacity 44854K, committed 45060K, reserved 1089536K
  class space    used 5278K, capacity 5557K, committed 5676K, reserved 1048576K
}
2022-07-07T12:21:27.313-0500: 1846347.176: Total time for which application threads were stopped: 0.1248765 seconds, Stopping threads took: 0.0028092 seconds
{Heap before GC invocations=216 (full 1):
 par new generation   total 109248K, used 87467K [0x00000007a0000000, 0x00000007a8000000, 0x00000007a8000000)
  eden space 87424K, 100% used [0x00000007a0000000, 0x00000007a5560000, 0x00000007a5560000)
  from space 21824K,   0% used [0x00000007a5560000, 0x00000007a556aeb0, 0x00000007a6ab0000)
  to   space 21824K,   0% used [0x00000007a6ab0000, 0x00000007a6ab0000, 0x00000007a8000000)
 concurrent mark-sweep generation total 393216K, used 70435K [0x00000007a8000000, 0x00000007c0000000, 0x00000007c0000000)
 Metaspace       used 43675K, capacity 44854K, committed 45060K, reserved 1089536K
  class space    used 5278K, capacity 5557K, committed 5676K, reserved 1048576K
2022-07-08T00:10:58.035-0500: 1859493.858: [GC (Allocation Failure) 2022-07-08T00:10:58.036-0500: 1859493.860: [ParNew
Desired survivor size 20112992 bytes, new threshold 8 (max 8)
- age   1:       5360 bytes,       5360 total
: 87467K->14K(109248K), 0.0600262 secs] 157903K->70450K(502464K), 0.0614273 secs] [Times: user=0.09 sys=0.05, real=0.06 secs] 
Heap after GC invocations=217 (full 1):
 par new generation   total 109248K, used 14K [0x00000007a0000000, 0x00000007a8000000, 0x00000007a8000000)
  eden space 87424K,   0% used [0x00000007a0000000, 0x00000007a0000000, 0x00000007a5560000)
  from space 21824K,   0% used [0x00000007a6ab0000, 0x00000007a6ab39a8, 0x00000007a8000000)
  to   space 21824K,   0% used [0x00000007a5560000, 0x00000007a5560000, 0x00000007a6ab0000)
 concurrent mark-sweep generation total 393216K, used 70435K [0x00000007a8000000, 0x00000007c0000000, 0x00000007c0000000)
 Metaspace       used 43675K, capacity 44854K, committed 45060K, reserved 1089536K
  class space    used 5278K, capacity 5557K, committed 5676K, reserved 1048576K
}
2022-07-08T00:10:58.096-0500: 1859493.920: Total time for which application threads were stopped: 0.0805130 seconds, Stopping threads took: 0.0028382 seconds
{Heap before GC invocations=217 (full 1):
 par new generation   total 109248K, used 87438K [0x00000007a0000000, 0x00000007a8000000, 0x00000007a8000000)
  eden space 87424K, 100% used [0x00000007a0000000, 0x00000007a5560000, 0x00000007a5560000)
  from space 21824K,   0% used [0x00000007a6ab0000, 0x00000007a6ab39a8, 0x00000007a8000000)
  to   space 21824K,   0% used [0x00000007a5560000, 0x00000007a5560000, 0x00000007a6ab0000)
 concurrent mark-sweep generation total 393216K, used 70435K [0x00000007a8000000, 0x00000007c0000000, 0x00000007c0000000)
 Metaspace       used 43675K, capacity 44854K, committed 45060K, reserved 1089536K
  class space    used 5278K, capacity 5557K, committed 5676K, reserved 1048576K
2022-07-08T10:51:18.703-0500: 1872579.639: [GC (Allocation Failure) 2022-07-08T10:51:18.705-0500: 1872579.641: [ParNew
Desired survivor size 20112992 bytes, new threshold 8 (max 8)
- age   1:      32728 bytes,      32728 total
: 87438K->38K(109248K), 0.0283258 secs] 157874K->70473K(502464K), 0.0311555 secs] [Times: user=0.03 sys=0.03, real=0.03 secs] 
Heap after GC invocations=218 (full 1):
 par new generation   total 109248K, used 38K [0x00000007a0000000, 0x00000007a8000000, 0x00000007a8000000)
  eden space 87424K,   0% used [0x00000007a0000000, 0x00000007a0000000, 0x00000007a5560000)
  from space 21824K,   0% used [0x00000007a5560000, 0x00000007a5569930, 0x00000007a6ab0000)
  to   space 21824K,   0% used [0x00000007a6ab0000, 0x00000007a6ab0000, 0x00000007a8000000)
 concurrent mark-sweep generation total 393216K, used 70435K [0x00000007a8000000, 0x00000007c0000000, 0x00000007c0000000)
 Metaspace       used 43675K, capacity 44854K, committed 45060K, reserved 1089536K
  class space    used 5278K, capacity 5557K, committed 5676K, reserved 1048576K
}
2022-07-08T10:51:18.734-0500: 1872579.670: Total time for which application threads were stopped: 0.0449010 seconds, Stopping threads took: 0.0012337 seconds
{Heap before GC invocations=218 (full 1):
 par new generation   total 109248K, used 87462K [0x00000007a0000000, 0x00000007a8000000, 0x00000007a8000000)
  eden space 87424K, 100% used [0x00000007a0000000, 0x00000007a5560000, 0x00000007a5560000)
  from space 21824K,   0% used [0x00000007a5560000, 0x00000007a5569930, 0x00000007a6ab0000)
  to   space 21824K,   0% used [0x00000007a6ab0000, 0x00000007a6ab0000, 0x00000007a8000000)
 concurrent mark-sweep generation total 393216K, used 70435K [0x00000007a8000000, 0x00000007c0000000, 0x00000007c0000000)
 Metaspace       used 43675K, capacity 44854K, committed 45060K, reserved 1089536K
  class space    used 5278K, capacity 5557K, committed 5676K, reserved 1048576K
2022-07-09T00:40:53.218-0500: 1885665.009: [GC (Allocation Failure) 2022-07-09T00:40:53.220-0500: 1885665.011: [ParNew
Desired survivor size 20112992 bytes, new threshold 8 (max 8)
- age   1:      16288 bytes,      16288 total
: 87462K->37K(109248K), 0.0702288 secs] 157897K->70472K(502464K), 0.0728133 secs] [Times: user=0.09 sys=0.06, real=0.08 secs] 
Heap after GC invocations=219 (full 1):
 par new generation   total 109248K, used 37K [0x00000007a0000000, 0x00000007a8000000, 0x00000007a8000000)
  eden space 87424K,   0% used [0x00000007a0000000, 0x00000007a0000000, 0x00000007a5560000)
  from space 21824K,   0% used [0x00000007a6ab0000, 0x00000007a6ab9570, 0x00000007a8000000)
  to   space 21824K,   0% used [0x00000007a5560000, 0x00000007a5560000, 0x00000007a6ab0000)
 concurrent mark-sweep generation total 393216K, used 70435K [0x00000007a8000000, 0x00000007c0000000, 0x00000007c0000000)
 Metaspace       used 43675K, capacity 44854K, committed 45060K, reserved 1089536K
  class space    used 5278K, capacity 5557K, committed 5676K, reserved 1048576K
}
2022-07-09T00:40:53.292-0500: 1885665.083: Total time for which application threads were stopped: 0.0995411 seconds, Stopping threads took: 0.0039872 seconds
{Heap before GC invocations=219 (full 1):
 par new generation   total 109248K, used 87461K [0x00000007a0000000, 0x00000007a8000000, 0x00000007a8000000)
  eden space 87424K, 100% used [0x00000007a0000000, 0x00000007a5560000, 0x00000007a5560000)
  from space 21824K,   0% used [0x00000007a6ab0000, 0x00000007a6ab9570, 0x00000007a8000000)
  to   space 21824K,   0% used [0x00000007a5560000, 0x00000007a5560000, 0x00000007a6ab0000)
 concurrent mark-sweep generation total 393216K, used 70435K [0x00000007a8000000, 0x00000007c0000000, 0x00000007c0000000)
 Metaspace       used 43675K, capacity 44854K, committed 45060K, reserved 1089536K
  class space    used 5278K, capacity 5557K, committed 5676K, reserved 1048576K
2022-07-09T05:34:23.111-0500: 1898809.809: [GC (Allocation Failure) 2022-07-09T05:34:23.117-0500: 1898809.814: [ParNew
Desired survivor size 20112992 bytes, new threshold 8 (max 8)
- age   1:      18856 bytes,      18856 total
: 87461K->25K(109248K), 0.0485669 secs] 157896K->70461K(502464K), 0.0547376 secs] [Times: user=0.05 sys=0.04, real=0.05 secs] 
Heap after GC invocations=220 (full 1):
 par new generation   total 109248K, used 25K [0x00000007a0000000, 0x00000007a8000000, 0x00000007a8000000)
  eden space 87424K,   0% used [0x00000007a0000000, 0x00000007a0000000, 0x00000007a5560000)
  from space 21824K,   0% used [0x00000007a5560000, 0x00000007a5566720, 0x00000007a6ab0000)
  to   space 21824K,   0% used [0x00000007a6ab0000, 0x00000007a6ab0000, 0x00000007a8000000)
 concurrent mark-sweep generation total 393216K, used 70435K [0x00000007a8000000, 0x00000007c0000000, 0x00000007c0000000)
 Metaspace       used 43675K, capacity 44854K, committed 45060K, reserved 1089536K
  class space    used 5278K, capacity 5557K, committed 5676K, reserved 1048576K
}
2022-07-09T05:34:23.166-0500: 1898809.864: Total time for which application threads were stopped: 0.0739095 seconds, Stopping threads took: 0.0017624 seconds
{Heap before GC invocations=220 (full 1):
 par new generation   total 109248K, used 87449K [0x00000007a0000000, 0x00000007a8000000, 0x00000007a8000000)
  eden space 87424K, 100% used [0x00000007a0000000, 0x00000007a5560000, 0x00000007a5560000)
  from space 21824K,   0% used [0x00000007a5560000, 0x00000007a5566720, 0x00000007a6ab0000)
  to   space 21824K,   0% used [0x00000007a6ab0000, 0x00000007a6ab0000, 0x00000007a8000000)
 concurrent mark-sweep generation total 393216K, used 70435K [0x00000007a8000000, 0x00000007c0000000, 0x00000007c0000000)
 Metaspace       used 43675K, capacity 44854K, committed 45060K, reserved 1089536K
  class space    used 5278K, capacity 5557K, committed 5676K, reserved 1048576K
2022-07-09T22:35:49.872-0500: 1911894.158: [GC (Allocation Failure) 2022-07-09T22:35:49.873-0500: 1911894.159: [ParNew
Desired survivor size 20112992 bytes, new threshold 8 (max 8)
- age   1:      29496 bytes,      29496 total
: 87449K->33K(109248K), 0.0301826 secs] 157885K->70469K(502464K), 0.0313356 secs] [Times: user=0.04 sys=0.03, real=0.03 secs] 
Heap after GC invocations=221 (full 1):
 par new generation   total 109248K, used 33K [0x00000007a0000000, 0x00000007a8000000, 0x00000007a8000000)
  eden space 87424K,   0% used [0x00000007a0000000, 0x00000007a0000000, 0x00000007a5560000)
  from space 21824K,   0% used [0x00000007a6ab0000, 0x00000007a6ab87f0, 0x00000007a8000000)
  to   space 21824K,   0% used [0x00000007a5560000, 0x00000007a5560000, 0x00000007a6ab0000)
 concurrent mark-sweep generation total 393216K, used 70435K [0x00000007a8000000, 0x00000007c0000000, 0x00000007c0000000)
 Metaspace       used 43675K, capacity 44854K, committed 45060K, reserved 1089536K
  class space    used 5278K, capacity 5557K, committed 5676K, reserved 1048576K
}
2022-07-09T22:35:49.904-0500: 1911894.190: Total time for which application threads were stopped: 0.0462637 seconds, Stopping threads took: 0.0026123 seconds
{Heap before GC invocations=221 (full 1):
 par new generation   total 109248K, used 87457K [0x00000007a0000000, 0x00000007a8000000, 0x00000007a8000000)
  eden space 87424K, 100% used [0x00000007a0000000, 0x00000007a5560000, 0x00000007a5560000)
  from space 21824K,   0% used [0x00000007a6ab0000, 0x00000007a6ab87f0, 0x00000007a8000000)
  to   space 21824K,   0% used [0x00000007a5560000, 0x00000007a5560000, 0x00000007a6ab0000)
 concurrent mark-sweep generation total 393216K, used 70435K [0x00000007a8000000, 0x00000007c0000000, 0x00000007c0000000)
 Metaspace       used 43675K, capacity 44854K, committed 45060K, reserved 1089536K
  class space    used 5278K, capacity 5557K, committed 5676K, reserved 1048576K
2022-07-12T02:20:34.819-0500: 1925040.147: [GC (Allocation Failure) 2022-07-12T02:20:34.821-0500: 1925040.148: [ParNew
Desired survivor size 20112992 bytes, new threshold 8 (max 8)
- age   1:       1784 bytes,       1784 total
: 87457K->23K(109248K), 0.0746727 secs] 157893K->70459K(502464K), 0.0766935 secs] [Times: user=0.07 sys=0.05, real=0.08 secs] 
Heap after GC invocations=222 (full 1):
 par new generation   total 109248K, used 23K [0x00000007a0000000, 0x00000007a8000000, 0x00000007a8000000)
  eden space 87424K,   0% used [0x00000007a0000000, 0x00000007a0000000, 0x00000007a5560000)
  from space 21824K,   0% used [0x00000007a5560000, 0x00000007a5565f80, 0x00000007a6ab0000)
  to   space 21824K,   0% used [0x00000007a6ab0000, 0x00000007a6ab0000, 0x00000007a8000000)
 concurrent mark-sweep generation total 393216K, used 70435K [0x00000007a8000000, 0x00000007c0000000, 0x00000007c0000000)
 Metaspace       used 43675K, capacity 44854K, committed 45060K, reserved 1089536K
  class space    used 5278K, capacity 5557K, committed 5676K, reserved 1048576K
}
2022-07-12T02:20:34.896-0500: 1925040.224: Total time for which application threads were stopped: 0.1056949 seconds, Stopping threads took: 0.0050279 seconds
{Heap before GC invocations=222 (full 1):
 par new generation   total 109248K, used 87447K [0x00000007a0000000, 0x00000007a8000000, 0x00000007a8000000)
  eden space 87424K, 100% used [0x00000007a0000000, 0x00000007a5560000, 0x00000007a5560000)
  from space 21824K,   0% used [0x00000007a5560000, 0x00000007a5565f80, 0x00000007a6ab0000)
  to   space 21824K,   0% used [0x00000007a6ab0000, 0x00000007a6ab0000, 0x00000007a8000000)
 concurrent mark-sweep generation total 393216K, used 70435K [0x00000007a8000000, 0x00000007c0000000, 0x00000007c0000000)
 Metaspace       used 43675K, capacity 44854K, committed 45060K, reserved 1089536K
  class space    used 5278K, capacity 5557K, committed 5676K, reserved 1048576K
2022-07-13T01:04:47.587-0500: 1938139.662: [GC (Allocation Failure) 2022-07-13T01:04:47.588-0500: 1938139.663: [ParNew
Desired survivor size 20112992 bytes, new threshold 8 (max 8)
- age   1:      22248 bytes,      22248 total
: 87447K->28K(109248K), 0.0498710 secs] 157883K->70463K(502464K), 0.0513811 secs] [Times: user=0.04 sys=0.03, real=0.05 secs] 
Heap after GC invocations=223 (full 1):
 par new generation   total 109248K, used 28K [0x00000007a0000000, 0x00000007a8000000, 0x00000007a8000000)
  eden space 87424K,   0% used [0x00000007a0000000, 0x00000007a0000000, 0x00000007a5560000)
  from space 21824K,   0% used [0x00000007a6ab0000, 0x00000007a6ab70e0, 0x00000007a8000000)
  to   space 21824K,   0% used [0x00000007a5560000, 0x00000007a5560000, 0x00000007a6ab0000)
 concurrent mark-sweep generation total 393216K, used 70435K [0x00000007a8000000, 0x00000007c0000000, 0x00000007c0000000)
 Metaspace       used 43675K, capacity 44854K, committed 45060K, reserved 1089536K
  class space    used 5278K, capacity 5557K, committed 5676K, reserved 1048576K
}
2022-07-13T01:04:47.639-0500: 1938139.713: Total time for which application threads were stopped: 0.0767403 seconds, Stopping threads took: 0.0049758 seconds
{Heap before GC invocations=223 (full 1):
 par new generation   total 109248K, used 87452K [0x00000007a0000000, 0x00000007a8000000, 0x00000007a8000000)
  eden space 87424K, 100% used [0x00000007a0000000, 0x00000007a5560000, 0x00000007a5560000)
  from space 21824K,   0% used [0x00000007a6ab0000, 0x00000007a6ab70e0, 0x00000007a8000000)
  to   space 21824K,   0% used [0x00000007a5560000, 0x00000007a5560000, 0x00000007a6ab0000)
 concurrent mark-sweep generation total 393216K, used 70435K [0x00000007a8000000, 0x00000007c0000000, 0x00000007c0000000)
 Metaspace       used 43675K, capacity 44854K, committed 45060K, reserved 1089536K
  class space    used 5278K, capacity 5557K, committed 5676K, reserved 1048576K
2022-07-13T19:05:14.696-0500: 1951225.170: [GC (Allocation Failure) 2022-07-13T19:05:14.698-0500: 1951225.171: [ParNew
Desired survivor size 20112992 bytes, new threshold 8 (max 8)
- age   1:      29376 bytes,      29376 total
: 87452K->44K(109248K), 0.0834962 secs] 157887K->70480K(502464K), 0.0858725 secs] [Times: user=0.09 sys=0.07, real=0.09 secs] 
Heap after GC invocations=224 (full 1):
 par new generation   total 109248K, used 44K [0x00000007a0000000, 0x00000007a8000000, 0x00000007a8000000)
  eden space 87424K,   0% used [0x00000007a0000000, 0x00000007a0000000, 0x00000007a5560000)
  from space 21824K,   0% used [0x00000007a5560000, 0x00000007a556b270, 0x00000007a6ab0000)
  to   space 21824K,   0% used [0x00000007a6ab0000, 0x00000007a6ab0000, 0x00000007a8000000)
 concurrent mark-sweep generation total 393216K, used 70435K [0x00000007a8000000, 0x00000007c0000000, 0x00000007c0000000)
 Metaspace       used 43675K, capacity 44854K, committed 45060K, reserved 1089536K
  class space    used 5278K, capacity 5557K, committed 5676K, reserved 1048576K
}
2022-07-13T19:05:14.782-0500: 1951225.255: Total time for which application threads were stopped: 0.1162806 seconds, Stopping threads took: 0.0040603 seconds
{Heap before GC invocations=224 (full 1):
 par new generation   total 109248K, used 87467K [0x00000007a0000000, 0x00000007a8000000, 0x00000007a8000000)
  eden space 87424K,  99% used [0x00000007a0000000, 0x00000007a555fbc8, 0x00000007a5560000)
  from space 21824K,   0% used [0x00000007a5560000, 0x00000007a556b270, 0x00000007a6ab0000)
  to   space 21824K,   0% used [0x00000007a6ab0000, 0x00000007a6ab0000, 0x00000007a8000000)
 concurrent mark-sweep generation total 393216K, used 70435K [0x00000007a8000000, 0x00000007c0000000, 0x00000007c0000000)
 Metaspace       used 43675K, capacity 44854K, committed 45060K, reserved 1089536K
  class space    used 5278K, capacity 5557K, committed 5676K, reserved 1048576K
2022-07-14T03:22:26.964-0500: 1964166.878: [GC (Allocation Failure) 2022-07-14T03:22:26.966-0500: 1964166.880: [ParNew
Desired survivor size 20112992 bytes, new threshold 8 (max 8)
- age   1:       1136 bytes,       1136 total
: 87467K->11K(109248K), 0.0559232 secs] 157903K->70447K(502464K), 0.0587498 secs] [Times: user=0.07 sys=0.05, real=0.06 secs] 
Heap after GC invocations=225 (full 1):
 par new generation   total 109248K, used 11K [0x00000007a0000000, 0x00000007a8000000, 0x00000007a8000000)
  eden space 87424K,   0% used [0x00000007a0000000, 0x00000007a0000000, 0x00000007a5560000)
  from space 21824K,   0% used [0x00000007a6ab0000, 0x00000007a6ab2e80, 0x00000007a8000000)
  to   space 21824K,   0% used [0x00000007a5560000, 0x00000007a5560000, 0x00000007a6ab0000)
 concurrent mark-sweep generation total 393216K, used 70435K [0x00000007a8000000, 0x00000007c0000000, 0x00000007c0000000)
 Metaspace       used 43675K, capacity 44854K, committed 45060K, reserved 1089536K
  class space    used 5278K, capacity 5557K, committed 5676K, reserved 1048576K
}
2022-07-14T03:22:27.023-0500: 1964166.937: Total time for which application threads were stopped: 0.0753236 seconds, Stopping threads took: 0.0026031 seconds
{Heap before GC invocations=225 (full 1):
 par new generation   total 109248K, used 87435K [0x00000007a0000000, 0x00000007a8000000, 0x00000007a8000000)
  eden space 87424K, 100% used [0x00000007a0000000, 0x00000007a5560000, 0x00000007a5560000)
  from space 21824K,   0% used [0x00000007a6ab0000, 0x00000007a6ab2e80, 0x00000007a8000000)
  to   space 21824K,   0% used [0x00000007a5560000, 0x00000007a5560000, 0x00000007a6ab0000)
 concurrent mark-sweep generation total 393216K, used 70435K [0x00000007a8000000, 0x00000007c0000000, 0x00000007c0000000)
 Metaspace       used 43675K, capacity 44854K, committed 45060K, reserved 1089536K
  class space    used 5278K, capacity 5557K, committed 5676K, reserved 1048576K
2022-07-14T22:17:21.007-0500: 1977275.532: [GC (Allocation Failure) 2022-07-14T22:17:21.008-0500: 1977275.532: [ParNew
Desired survivor size 20112992 bytes, new threshold 8 (max 8)
- age   1:      15952 bytes,      15952 total
: 87435K->20K(109248K), 0.0548692 secs] 157871K->70455K(502464K), 0.0564215 secs] [Times: user=0.08 sys=0.05, real=0.06 secs] 
Heap after GC invocations=226 (full 1):
 par new generation   total 109248K, used 20K [0x00000007a0000000, 0x00000007a8000000, 0x00000007a8000000)
  eden space 87424K,   0% used [0x00000007a0000000, 0x00000007a0000000, 0x00000007a5560000)
  from space 21824K,   0% used [0x00000007a5560000, 0x00000007a55650a0, 0x00000007a6ab0000)
  to   space 21824K,   0% used [0x00000007a6ab0000, 0x00000007a6ab0000, 0x00000007a8000000)
 concurrent mark-sweep generation total 393216K, used 70435K [0x00000007a8000000, 0x00000007c0000000, 0x00000007c0000000)
 Metaspace       used 43675K, capacity 44854K, committed 45060K, reserved 1089536K
  class space    used 5278K, capacity 5557K, committed 5676K, reserved 1048576K
}
2022-07-14T22:17:21.064-0500: 1977275.588: Total time for which application threads were stopped: 0.0851643 seconds, Stopping threads took: 0.0013480 seconds
{Heap before GC invocations=226 (full 1):
 par new generation   total 109248K, used 87444K [0x00000007a0000000, 0x00000007a8000000, 0x00000007a8000000)
  eden space 87424K, 100% used [0x00000007a0000000, 0x00000007a5560000, 0x00000007a5560000)
  from space 21824K,   0% used [0x00000007a5560000, 0x00000007a55650a0, 0x00000007a6ab0000)
  to   space 21824K,   0% used [0x00000007a6ab0000, 0x00000007a6ab0000, 0x00000007a8000000)
 concurrent mark-sweep generation total 393216K, used 70435K [0x00000007a8000000, 0x00000007c0000000, 0x00000007c0000000)
 Metaspace       used 43675K, capacity 44854K, committed 45060K, reserved 1089536K
  class space    used 5278K, capacity 5557K, committed 5676K, reserved 1048576K
2022-07-16T01:29:12.264-0500: 1990360.864: [GC (Allocation Failure) 2022-07-16T01:29:12.265-0500: 1990360.865: [ParNew
Desired survivor size 20112992 bytes, new threshold 8 (max 8)
- age   1:      29432 bytes,      29432 total
: 87444K->37K(109248K), 0.0661862 secs] 157879K->70473K(502464K), 0.0681061 secs] [Times: user=0.09 sys=0.05, real=0.07 secs] 
Heap after GC invocations=227 (full 1):
 par new generation   total 109248K, used 37K [0x00000007a0000000, 0x00000007a8000000, 0x00000007a8000000)
  eden space 87424K,   0% used [0x00000007a0000000, 0x00000007a0000000, 0x00000007a5560000)
  from space 21824K,   0% used [0x00000007a6ab0000, 0x00000007a6ab95a0, 0x00000007a8000000)
  to   space 21824K,   0% used [0x00000007a5560000, 0x00000007a5560000, 0x00000007a6ab0000)
 concurrent mark-sweep generation total 393216K, used 70435K [0x00000007a8000000, 0x00000007c0000000, 0x00000007c0000000)
 Metaspace       used 43675K, capacity 44854K, committed 45060K, reserved 1089536K
  class space    used 5278K, capacity 5557K, committed 5676K, reserved 1048576K
}
2022-07-16T01:29:12.332-0500: 1990360.932: Total time for which application threads were stopped: 0.0909936 seconds, Stopping threads took: 0.0035387 seconds
{Heap before GC invocations=227 (full 1):
 par new generation   total 109248K, used 87461K [0x00000007a0000000, 0x00000007a8000000, 0x00000007a8000000)
  eden space 87424K, 100% used [0x00000007a0000000, 0x00000007a5560000, 0x00000007a5560000)
  from space 21824K,   0% used [0x00000007a6ab0000, 0x00000007a6ab95a0, 0x00000007a8000000)
  to   space 21824K,   0% used [0x00000007a5560000, 0x00000007a5560000, 0x00000007a6ab0000)
 concurrent mark-sweep generation total 393216K, used 70435K [0x00000007a8000000, 0x00000007c0000000, 0x00000007c0000000)
 Metaspace       used 43675K, capacity 44854K, committed 45060K, reserved 1089536K
  class space    used 5278K, capacity 5557K, committed 5676K, reserved 1048576K
2022-07-17T16:43:48.140-0500: 2003511.937: [GC (Allocation Failure) 2022-07-17T16:43:48.142-0500: 2003511.939: [ParNew
Desired survivor size 20112992 bytes, new threshold 8 (max 8)
- age   1:       8168 bytes,       8168 total
: 87461K->17K(109248K), 0.0516492 secs] 157897K->70452K(502464K), 0.0536881 secs] [Times: user=0.06 sys=0.04, real=0.05 secs] 
Heap after GC invocations=228 (full 1):
 par new generation   total 109248K, used 17K [0x00000007a0000000, 0x00000007a8000000, 0x00000007a8000000)
  eden space 87424K,   0% used [0x00000007a0000000, 0x00000007a0000000, 0x00000007a5560000)
  from space 21824K,   0% used [0x00000007a5560000, 0x00000007a5564560, 0x00000007a6ab0000)
  to   space 21824K,   0% used [0x00000007a6ab0000, 0x00000007a6ab0000, 0x00000007a8000000)
 concurrent mark-sweep generation total 393216K, used 70435K [0x00000007a8000000, 0x00000007c0000000, 0x00000007c0000000)
 Metaspace       used 43675K, capacity 44854K, committed 45060K, reserved 1089536K
  class space    used 5278K, capacity 5557K, committed 5676K, reserved 1048576K
}
2022-07-17T16:43:48.194-0500: 2003511.991: Total time for which application threads were stopped: 0.0761861 seconds, Stopping threads took: 0.0027169 seconds
{Heap before GC invocations=228 (full 1):
 par new generation   total 109248K, used 87441K [0x00000007a0000000, 0x00000007a8000000, 0x00000007a8000000)
  eden space 87424K, 100% used [0x00000007a0000000, 0x00000007a5560000, 0x00000007a5560000)
  from space 21824K,   0% used [0x00000007a5560000, 0x00000007a5564560, 0x00000007a6ab0000)
  to   space 21824K,   0% used [0x00000007a6ab0000, 0x00000007a6ab0000, 0x00000007a8000000)
 concurrent mark-sweep generation total 393216K, used 70435K [0x00000007a8000000, 0x00000007c0000000, 0x00000007c0000000)
 Metaspace       used 43675K, capacity 44854K, committed 45060K, reserved 1089536K
  class space    used 5278K, capacity 5557K, committed 5676K, reserved 1048576K
2022-07-17T21:17:19.189-0500: 2016597.211: [GC (Allocation Failure) 2022-07-17T21:17:19.191-0500: 2016597.214: [ParNew
Desired survivor size 20112992 bytes, new threshold 8 (max 8)
- age   1:      23600 bytes,      23600 total
: 87441K->28K(109248K), 0.0712096 secs] 157876K->70463K(502464K), 0.0742954 secs] [Times: user=0.09 sys=0.05, real=0.08 secs] 
Heap after GC invocations=229 (full 1):
 par new generation   total 109248K, used 28K [0x00000007a0000000, 0x00000007a8000000, 0x00000007a8000000)
  eden space 87424K,   0% used [0x00000007a0000000, 0x00000007a0000000, 0x00000007a5560000)
  from space 21824K,   0% used [0x00000007a6ab0000, 0x00000007a6ab70e0, 0x00000007a8000000)
  to   space 21824K,   0% used [0x00000007a5560000, 0x00000007a5560000, 0x00000007a6ab0000)
 concurrent mark-sweep generation total 393216K, used 70435K [0x00000007a8000000, 0x00000007c0000000, 0x00000007c0000000)
 Metaspace       used 43675K, capacity 44854K, committed 45060K, reserved 1089536K
  class space    used 5278K, capacity 5557K, committed 5676K, reserved 1048576K
}
2022-07-17T21:17:19.263-0500: 2016597.286: Total time for which application threads were stopped: 0.1042132 seconds, Stopping threads took: 0.0031449 seconds
{Heap before GC invocations=229 (full 1):
 par new generation   total 109248K, used 87452K [0x00000007a0000000, 0x00000007a8000000, 0x00000007a8000000)
  eden space 87424K, 100% used [0x00000007a0000000, 0x00000007a5560000, 0x00000007a5560000)
  from space 21824K,   0% used [0x00000007a6ab0000, 0x00000007a6ab70e0, 0x00000007a8000000)
  to   space 21824K,   0% used [0x00000007a5560000, 0x00000007a5560000, 0x00000007a6ab0000)
 concurrent mark-sweep generation total 393216K, used 70435K [0x00000007a8000000, 0x00000007c0000000, 0x00000007c0000000)
 Metaspace       used 43675K, capacity 44854K, committed 45060K, reserved 1089536K
  class space    used 5278K, capacity 5557K, committed 5676K, reserved 1048576K
2022-07-18T05:21:27.659-0500: 2029681.642: [GC (Allocation Failure) 2022-07-18T05:21:27.660-0500: 2029681.643: [ParNew
Desired survivor size 20112992 bytes, new threshold 8 (max 8)
- age   1:      29336 bytes,      29336 total
: 87452K->41K(109248K), 0.0280230 secs] 157887K->70477K(502464K), 0.0294518 secs] [Times: user=0.04 sys=0.04, real=0.03 secs] 
Heap after GC invocations=230 (full 1):
 par new generation   total 109248K, used 41K [0x00000007a0000000, 0x00000007a8000000, 0x00000007a8000000)
  eden space 87424K,   0% used [0x00000007a0000000, 0x00000007a0000000, 0x00000007a5560000)
  from space 21824K,   0% used [0x00000007a5560000, 0x00000007a556a710, 0x00000007a6ab0000)
  to   space 21824K,   0% used [0x00000007a6ab0000, 0x00000007a6ab0000, 0x00000007a8000000)
 concurrent mark-sweep generation total 393216K, used 70435K [0x00000007a8000000, 0x00000007c0000000, 0x00000007c0000000)
 Metaspace       used 43675K, capacity 44854K, committed 45060K, reserved 1089536K
  class space    used 5278K, capacity 5557K, committed 5676K, reserved 1048576K
}
2022-07-18T05:21:27.688-0500: 2029681.672: Total time for which application threads were stopped: 0.0373112 seconds, Stopping threads took: 0.0006234 seconds
{Heap before GC invocations=230 (full 1):
 par new generation   total 109248K, used 87465K [0x00000007a0000000, 0x00000007a8000000, 0x00000007a8000000)
  eden space 87424K, 100% used [0x00000007a0000000, 0x00000007a5560000, 0x00000007a5560000)
  from space 21824K,   0% used [0x00000007a5560000, 0x00000007a556a710, 0x00000007a6ab0000)
  to   space 21824K,   0% used [0x00000007a6ab0000, 0x00000007a6ab0000, 0x00000007a8000000)
 concurrent mark-sweep generation total 393216K, used 70435K [0x00000007a8000000, 0x00000007c0000000, 0x00000007c0000000)
 Metaspace       used 43675K, capacity 44854K, committed 45060K, reserved 1089536K
  class space    used 5278K, capacity 5557K, committed 5676K, reserved 1048576K
2022-07-18T10:24:22.743-0500: 2042825.919: [GC (Allocation Failure) 2022-07-18T10:24:22.744-0500: 2042825.921: [ParNew
Desired survivor size 20112992 bytes, new threshold 8 (max 8)
- age   1:       9920 bytes,       9920 total
: 87465K->23K(109248K), 0.0567297 secs] 157901K->70458K(502464K), 0.0588554 secs] [Times: user=0.07 sys=0.05, real=0.06 secs] 
Heap after GC invocations=231 (full 1):
 par new generation   total 109248K, used 23K [0x00000007a0000000, 0x00000007a8000000, 0x00000007a8000000)
  eden space 87424K,   0% used [0x00000007a0000000, 0x00000007a0000000, 0x00000007a5560000)
  from space 21824K,   0% used [0x00000007a6ab0000, 0x00000007a6ab5c40, 0x00000007a8000000)
  to   space 21824K,   0% used [0x00000007a5560000, 0x00000007a5560000, 0x00000007a6ab0000)
 concurrent mark-sweep generation total 393216K, used 70435K [0x00000007a8000000, 0x00000007c0000000, 0x00000007c0000000)
 Metaspace       used 43675K, capacity 44854K, committed 45060K, reserved 1089536K
  class space    used 5278K, capacity 5557K, committed 5676K, reserved 1048576K
}
2022-07-18T10:24:22.802-0500: 2042825.978: Total time for which application threads were stopped: 0.0718512 seconds, Stopping threads took: 0.0019379 seconds
{Heap before GC invocations=231 (full 1):
 par new generation   total 109248K, used 87447K [0x00000007a0000000, 0x00000007a8000000, 0x00000007a8000000)
  eden space 87424K, 100% used [0x00000007a0000000, 0x00000007a5560000, 0x00000007a5560000)
  from space 21824K,   0% used [0x00000007a6ab0000, 0x00000007a6ab5c40, 0x00000007a8000000)
  to   space 21824K,   0% used [0x00000007a5560000, 0x00000007a5560000, 0x00000007a6ab0000)
 concurrent mark-sweep generation total 393216K, used 70435K [0x00000007a8000000, 0x00000007c0000000, 0x00000007c0000000)
 Metaspace       used 43675K, capacity 44854K, committed 45060K, reserved 1089536K
  class space    used 5278K, capacity 5557K, committed 5676K, reserved 1048576K
2022-07-19T06:09:43.514-0500: 2055913.512: [GC (Allocation Failure) 2022-07-19T06:09:43.515-0500: 2055913.513: [ParNew
Desired survivor size 20112992 bytes, new threshold 8 (max 8)
- age   1:      35888 bytes,      35888 total
: 87447K->40K(109248K), 0.0642911 secs] 157882K->70475K(502464K), 0.0659145 secs] [Times: user=0.07 sys=0.05, real=0.07 secs] 
Heap after GC invocations=232 (full 1):
 par new generation   total 109248K, used 40K [0x00000007a0000000, 0x00000007a8000000, 0x00000007a8000000)
  eden space 87424K,   0% used [0x00000007a0000000, 0x00000007a0000000, 0x00000007a5560000)
  from space 21824K,   0% used [0x00000007a5560000, 0x00000007a556a140, 0x00000007a6ab0000)
  to   space 21824K,   0% used [0x00000007a6ab0000, 0x00000007a6ab0000, 0x00000007a8000000)
 concurrent mark-sweep generation total 393216K, used 70435K [0x00000007a8000000, 0x00000007c0000000, 0x00000007c0000000)
 Metaspace       used 43675K, capacity 44854K, committed 45060K, reserved 1089536K
  class space    used 5278K, capacity 5557K, committed 5676K, reserved 1048576K
}
2022-07-19T06:09:43.580-0500: 2055913.578: Total time for which application threads were stopped: 0.0874332 seconds, Stopping threads took: 0.0007670 seconds
{Heap before GC invocations=232 (full 1):
 par new generation   total 109248K, used 87464K [0x00000007a0000000, 0x00000007a8000000, 0x00000007a8000000)
  eden space 87424K, 100% used [0x00000007a0000000, 0x00000007a5560000, 0x00000007a5560000)
  from space 21824K,   0% used [0x00000007a5560000, 0x00000007a556a140, 0x00000007a6ab0000)
  to   space 21824K,   0% used [0x00000007a6ab0000, 0x00000007a6ab0000, 0x00000007a8000000)
 concurrent mark-sweep generation total 393216K, used 70435K [0x00000007a8000000, 0x00000007c0000000, 0x00000007c0000000)
 Metaspace       used 43675K, capacity 44854K, committed 45060K, reserved 1089536K
  class space    used 5278K, capacity 5557K, committed 5676K, reserved 1048576K
2022-07-21T04:07:53.542-0500: 2068998.907: [GC (Allocation Failure) 2022-07-21T04:07:53.543-0500: 2068998.908: [ParNew
Desired survivor size 20112992 bytes, new threshold 8 (max 8)
- age   1:       1664 bytes,       1664 total
: 87464K->27K(109248K), 0.0471500 secs] 157899K->70463K(502464K), 0.0485560 secs] [Times: user=0.06 sys=0.04, real=0.05 secs] 
Heap after GC invocations=233 (full 1):
 par new generation   total 109248K, used 27K [0x00000007a0000000, 0x00000007a8000000, 0x00000007a8000000)
  eden space 87424K,   0% used [0x00000007a0000000, 0x00000007a0000000, 0x00000007a5560000)
  from space 21824K,   0% used [0x00000007a6ab0000, 0x00000007a6ab6e60, 0x00000007a8000000)
  to   space 21824K,   0% used [0x00000007a5560000, 0x00000007a5560000, 0x00000007a6ab0000)
 concurrent mark-sweep generation total 393216K, used 70435K [0x00000007a8000000, 0x00000007c0000000, 0x00000007c0000000)
 Metaspace       used 43675K, capacity 44854K, committed 45060K, reserved 1089536K
  class space    used 5278K, capacity 5557K, committed 5676K, reserved 1048576K
}
2022-07-21T04:07:53.591-0500: 2068998.955: Total time for which application threads were stopped: 0.0585654 seconds, Stopping threads took: 0.0021738 seconds
{Heap before GC invocations=233 (full 1):
 par new generation   total 109248K, used 87451K [0x00000007a0000000, 0x00000007a8000000, 0x00000007a8000000)
  eden space 87424K, 100% used [0x00000007a0000000, 0x00000007a5560000, 0x00000007a5560000)
  from space 21824K,   0% used [0x00000007a6ab0000, 0x00000007a6ab6e60, 0x00000007a8000000)
  to   space 21824K,   0% used [0x00000007a5560000, 0x00000007a5560000, 0x00000007a6ab0000)
 concurrent mark-sweep generation total 393216K, used 70435K [0x00000007a8000000, 0x00000007c0000000, 0x00000007c0000000)
 Metaspace       used 43675K, capacity 44854K, committed 45060K, reserved 1089536K
  class space    used 5278K, capacity 5557K, committed 5676K, reserved 1048576K
2022-07-21T15:27:10.689-0500: 2082145.737: [GC (Allocation Failure) 2022-07-21T15:27:10.690-0500: 2082145.739: [ParNew
Desired survivor size 20112992 bytes, new threshold 8 (max 8)
- age   1:      26608 bytes,      26608 total
: 87451K->32K(109248K), 0.0898533 secs] 157887K->70467K(502464K), 0.0918485 secs] [Times: user=0.10 sys=0.06, real=0.10 secs] 
Heap after GC invocations=234 (full 1):
 par new generation   total 109248K, used 32K [0x00000007a0000000, 0x00000007a8000000, 0x00000007a8000000)
  eden space 87424K,   0% used [0x00000007a0000000, 0x00000007a0000000, 0x00000007a5560000)
  from space 21824K,   0% used [0x00000007a5560000, 0x00000007a5568100, 0x00000007a6ab0000)
  to   space 21824K,   0% used [0x00000007a6ab0000, 0x00000007a6ab0000, 0x00000007a8000000)
 concurrent mark-sweep generation total 393216K, used 70435K [0x00000007a8000000, 0x00000007c0000000, 0x00000007c0000000)
 Metaspace       used 43675K, capacity 44854K, committed 45060K, reserved 1089536K
  class space    used 5278K, capacity 5557K, committed 5676K, reserved 1048576K
}
2022-07-21T15:27:10.781-0500: 2082145.830: Total time for which application threads were stopped: 0.1125972 seconds, Stopping threads took: 0.0050864 seconds
{Heap before GC invocations=234 (full 1):
 par new generation   total 109248K, used 87456K [0x00000007a0000000, 0x00000007a8000000, 0x00000007a8000000)
  eden space 87424K, 100% used [0x00000007a0000000, 0x00000007a5560000, 0x00000007a5560000)
  from space 21824K,   0% used [0x00000007a5560000, 0x00000007a5568100, 0x00000007a6ab0000)
  to   space 21824K,   0% used [0x00000007a6ab0000, 0x00000007a6ab0000, 0x00000007a8000000)
 concurrent mark-sweep generation total 393216K, used 70435K [0x00000007a8000000, 0x00000007c0000000, 0x00000007c0000000)
 Metaspace       used 43675K, capacity 44854K, committed 45060K, reserved 1089536K
  class space    used 5278K, capacity 5557K, committed 5676K, reserved 1048576K
2022-07-24T13:54:27.315-0500: 2095234.141: [GC (Allocation Failure) 2022-07-24T13:54:27.317-0500: 2095234.143: [ParNew
Desired survivor size 20112992 bytes, new threshold 8 (max 8)
- age   1:      29432 bytes,      29432 total
: 87456K->42K(109248K), 0.1024712 secs] 157891K->70478K(502464K), 0.1050413 secs] [Times: user=0.10 sys=0.07, real=0.11 secs] 
Heap after GC invocations=235 (full 1):
 par new generation   total 109248K, used 42K [0x00000007a0000000, 0x00000007a8000000, 0x00000007a8000000)
  eden space 87424K,   0% used [0x00000007a0000000, 0x00000007a0000000, 0x00000007a5560000)
  from space 21824K,   0% used [0x00000007a6ab0000, 0x00000007a6abaa40, 0x00000007a8000000)
  to   space 21824K,   0% used [0x00000007a5560000, 0x00000007a5560000, 0x00000007a6ab0000)
 concurrent mark-sweep generation total 393216K, used 70435K [0x00000007a8000000, 0x00000007c0000000, 0x00000007c0000000)
 Metaspace       used 43675K, capacity 44854K, committed 45060K, reserved 1089536K
  class space    used 5278K, capacity 5557K, committed 5676K, reserved 1048576K
}
2022-07-24T13:54:27.421-0500: 2095234.246: Total time for which application threads were stopped: 0.1335185 seconds, Stopping threads took: 0.0013891 seconds
{Heap before GC invocations=235 (full 1):
 par new generation   total 109248K, used 87466K [0x00000007a0000000, 0x00000007a8000000, 0x00000007a8000000)
  eden space 87424K, 100% used [0x00000007a0000000, 0x00000007a5560000, 0x00000007a5560000)
  from space 21824K,   0% used [0x00000007a6ab0000, 0x00000007a6abaa40, 0x00000007a8000000)
  to   space 21824K,   0% used [0x00000007a5560000, 0x00000007a5560000, 0x00000007a6ab0000)
 concurrent mark-sweep generation total 393216K, used 70435K [0x00000007a8000000, 0x00000007c0000000, 0x00000007c0000000)
 Metaspace       used 43675K, capacity 44854K, committed 45060K, reserved 1089536K
  class space    used 5278K, capacity 5557K, committed 5676K, reserved 1048576K
2022-07-24T19:36:10.084-0500: 2108379.781: [GC (Allocation Failure) 2022-07-24T19:36:10.086-0500: 2108379.782: [ParNew
Desired survivor size 20112992 bytes, new threshold 8 (max 8)
- age   1:       7616 bytes,       7616 total
: 87466K->16K(109248K), 0.0306976 secs] 157902K->70451K(502464K), 0.0324553 secs] [Times: user=0.05 sys=0.04, real=0.03 secs] 
Heap after GC invocations=236 (full 1):
 par new generation   total 109248K, used 16K [0x00000007a0000000, 0x00000007a8000000, 0x00000007a8000000)
  eden space 87424K,   0% used [0x00000007a0000000, 0x00000007a0000000, 0x00000007a5560000)
  from space 21824K,   0% used [0x00000007a5560000, 0x00000007a5564060, 0x00000007a6ab0000)
  to   space 21824K,   0% used [0x00000007a6ab0000, 0x00000007a6ab0000, 0x00000007a8000000)
 concurrent mark-sweep generation total 393216K, used 70435K [0x00000007a8000000, 0x00000007c0000000, 0x00000007c0000000)
 Metaspace       used 43675K, capacity 44854K, committed 45060K, reserved 1089536K
  class space    used 5278K, capacity 5557K, committed 5676K, reserved 1048576K
}
2022-07-24T19:36:10.117-0500: 2108379.813: Total time for which application threads were stopped: 0.0427142 seconds, Stopping threads took: 0.0016778 seconds
{Heap before GC invocations=236 (full 1):
 par new generation   total 109248K, used 87440K [0x00000007a0000000, 0x00000007a8000000, 0x00000007a8000000)
  eden space 87424K, 100% used [0x00000007a0000000, 0x00000007a5560000, 0x00000007a5560000)
  from space 21824K,   0% used [0x00000007a5560000, 0x00000007a5564060, 0x00000007a6ab0000)
  to   space 21824K,   0% used [0x00000007a6ab0000, 0x00000007a6ab0000, 0x00000007a8000000)
 concurrent mark-sweep generation total 393216K, used 70435K [0x00000007a8000000, 0x00000007c0000000, 0x00000007c0000000)
 Metaspace       used 43675K, capacity 44854K, committed 45060K, reserved 1089536K
  class space    used 5278K, capacity 5557K, committed 5676K, reserved 1048576K
2022-07-25T04:29:08.838-0500: 2121465.118: [GC (Allocation Failure) 2022-07-25T04:29:08.839-0500: 2121465.119: [ParNew
Desired survivor size 20112992 bytes, new threshold 8 (max 8)
- age   1:      23120 bytes,      23120 total
: 87440K->28K(109248K), 0.0452981 secs] 157875K->70463K(502464K), 0.0466448 secs] [Times: user=0.06 sys=0.04, real=0.05 secs] 
Heap after GC invocations=237 (full 1):
 par new generation   total 109248K, used 28K [0x00000007a0000000, 0x00000007a8000000, 0x00000007a8000000)
  eden space 87424K,   0% used [0x00000007a0000000, 0x00000007a0000000, 0x00000007a5560000)
  from space 21824K,   0% used [0x00000007a6ab0000, 0x00000007a6ab70e0, 0x00000007a8000000)
  to   space 21824K,   0% used [0x00000007a5560000, 0x00000007a5560000, 0x00000007a6ab0000)
 concurrent mark-sweep generation total 393216K, used 70435K [0x00000007a8000000, 0x00000007c0000000, 0x00000007c0000000)
 Metaspace       used 43675K, capacity 44854K, committed 45060K, reserved 1089536K
  class space    used 5278K, capacity 5557K, committed 5676K, reserved 1048576K
}
2022-07-25T04:29:08.885-0500: 2121465.165: Total time for which application threads were stopped: 0.0702426 seconds, Stopping threads took: 0.0035665 seconds
{Heap before GC invocations=237 (full 1):
 par new generation   total 109248K, used 87452K [0x00000007a0000000, 0x00000007a8000000, 0x00000007a8000000)
  eden space 87424K, 100% used [0x00000007a0000000, 0x00000007a5560000, 0x00000007a5560000)
  from space 21824K,   0% used [0x00000007a6ab0000, 0x00000007a6ab70e0, 0x00000007a8000000)
  to   space 21824K,   0% used [0x00000007a5560000, 0x00000007a5560000, 0x00000007a6ab0000)
 concurrent mark-sweep generation total 393216K, used 70435K [0x00000007a8000000, 0x00000007c0000000, 0x00000007c0000000)
 Metaspace       used 43675K, capacity 44854K, committed 45060K, reserved 1089536K
  class space    used 5278K, capacity 5557K, committed 5676K, reserved 1048576K
2022-07-25T11:31:19.111-0500: 2134550.140: [GC (Allocation Failure) 2022-07-25T11:31:19.112-0500: 2134550.142: [ParNew
Desired survivor size 20112992 bytes, new threshold 8 (max 8)
- age   1:      29432 bytes,      29432 total
: 87452K->41K(109248K), 0.0487065 secs] 157887K->70476K(502464K), 0.0505344 secs] [Times: user=0.07 sys=0.04, real=0.05 secs] 
Heap after GC invocations=238 (full 1):
 par new generation   total 109248K, used 41K [0x00000007a0000000, 0x00000007a8000000, 0x00000007a8000000)
  eden space 87424K,   0% used [0x00000007a0000000, 0x00000007a0000000, 0x00000007a5560000)
  from space 21824K,   0% used [0x00000007a5560000, 0x00000007a556a4d0, 0x00000007a6ab0000)
  to   space 21824K,   0% used [0x00000007a6ab0000, 0x00000007a6ab0000, 0x00000007a8000000)
 concurrent mark-sweep generation total 393216K, used 70435K [0x00000007a8000000, 0x00000007c0000000, 0x00000007c0000000)
 Metaspace       used 43675K, capacity 44854K, committed 45060K, reserved 1089536K
  class space    used 5278K, capacity 5557K, committed 5676K, reserved 1048576K
}
2022-07-25T11:31:19.162-0500: 2134550.191: Total time for which application threads were stopped: 0.0586345 seconds, Stopping threads took: 0.0004560 seconds
{Heap before GC invocations=238 (full 1):
 par new generation   total 109248K, used 87465K [0x00000007a0000000, 0x00000007a8000000, 0x00000007a8000000)
  eden space 87424K, 100% used [0x00000007a0000000, 0x00000007a5560000, 0x00000007a5560000)
  from space 21824K,   0% used [0x00000007a5560000, 0x00000007a556a4d0, 0x00000007a6ab0000)
  to   space 21824K,   0% used [0x00000007a6ab0000, 0x00000007a6ab0000, 0x00000007a8000000)
 concurrent mark-sweep generation total 393216K, used 70435K [0x00000007a8000000, 0x00000007c0000000, 0x00000007c0000000)
 Metaspace       used 43675K, capacity 44854K, committed 45060K, reserved 1089536K
  class space    used 5278K, capacity 5557K, committed 5676K, reserved 1048576K
2022-07-26T15:18:45.228-0500: 2147695.725: [GC (Allocation Failure) 2022-07-26T15:18:45.230-0500: 2147695.726: [ParNew
Desired survivor size 20112992 bytes, new threshold 8 (max 8)
- age   1:       4480 bytes,       4480 total
: 87465K->15K(109248K), 0.0812583 secs] 157900K->70450K(502464K), 0.0835932 secs] [Times: user=0.09 sys=0.06, real=0.09 secs] 
Heap after GC invocations=239 (full 1):
 par new generation   total 109248K, used 15K [0x00000007a0000000, 0x00000007a8000000, 0x00000007a8000000)
  eden space 87424K,   0% used [0x00000007a0000000, 0x00000007a0000000, 0x00000007a5560000)
  from space 21824K,   0% used [0x00000007a6ab0000, 0x00000007a6ab3d60, 0x00000007a8000000)
  to   space 21824K,   0% used [0x00000007a5560000, 0x00000007a5560000, 0x00000007a6ab0000)
 concurrent mark-sweep generation total 393216K, used 70435K [0x00000007a8000000, 0x00000007c0000000, 0x00000007c0000000)
 Metaspace       used 43675K, capacity 44854K, committed 45060K, reserved 1089536K
  class space    used 5278K, capacity 5557K, committed 5676K, reserved 1048576K
}
2022-07-26T15:18:45.312-0500: 2147695.808: Total time for which application threads were stopped: 0.1110332 seconds, Stopping threads took: 0.0026431 seconds
{Heap before GC invocations=239 (full 1):
 par new generation   total 109248K, used 87439K [0x00000007a0000000, 0x00000007a8000000, 0x00000007a8000000)
  eden space 87424K, 100% used [0x00000007a0000000, 0x00000007a5560000, 0x00000007a5560000)
  from space 21824K,   0% used [0x00000007a6ab0000, 0x00000007a6ab3d60, 0x00000007a8000000)
  to   space 21824K,   0% used [0x00000007a5560000, 0x00000007a5560000, 0x00000007a6ab0000)
 concurrent mark-sweep generation total 393216K, used 70435K [0x00000007a8000000, 0x00000007c0000000, 0x00000007c0000000)
 Metaspace       used 43675K, capacity 44854K, committed 45060K, reserved 1089536K
  class space    used 5278K, capacity 5557K, committed 5676K, reserved 1048576K
2022-07-27T14:31:13.402-0500: 2160795.189: [GC (Allocation Failure) 2022-07-27T14:31:13.403-0500: 2160795.190: [ParNew
Desired survivor size 20112992 bytes, new threshold 8 (max 8)
- age   1:      32600 bytes,      32600 total
: 87439K->38K(109248K), 0.0485722 secs] 157874K->70473K(502464K), 0.0499952 secs] [Times: user=0.07 sys=0.04, real=0.05 secs] 
Heap after GC invocations=240 (full 1):
 par new generation   total 109248K, used 38K [0x00000007a0000000, 0x00000007a8000000, 0x00000007a8000000)
  eden space 87424K,   0% used [0x00000007a0000000, 0x00000007a0000000, 0x00000007a5560000)
  from space 21824K,   0% used [0x00000007a5560000, 0x00000007a5569930, 0x00000007a6ab0000)
  to   space 21824K,   0% used [0x00000007a6ab0000, 0x00000007a6ab0000, 0x00000007a8000000)
 concurrent mark-sweep generation total 393216K, used 70435K [0x00000007a8000000, 0x00000007c0000000, 0x00000007c0000000)
 Metaspace       used 43675K, capacity 44854K, committed 45060K, reserved 1089536K
  class space    used 5278K, capacity 5557K, committed 5676K, reserved 1048576K
}
2022-07-27T14:31:13.452-0500: 2160795.239: Total time for which application threads were stopped: 0.0727952 seconds, Stopping threads took: 0.0015023 seconds
{Heap before GC invocations=240 (full 1):
 par new generation   total 109248K, used 87462K [0x00000007a0000000, 0x00000007a8000000, 0x00000007a8000000)
  eden space 87424K, 100% used [0x00000007a0000000, 0x00000007a5560000, 0x00000007a5560000)
  from space 21824K,   0% used [0x00000007a5560000, 0x00000007a5569930, 0x00000007a6ab0000)
  to   space 21824K,   0% used [0x00000007a6ab0000, 0x00000007a6ab0000, 0x00000007a8000000)
 concurrent mark-sweep generation total 393216K, used 70435K [0x00000007a8000000, 0x00000007c0000000, 0x00000007c0000000)
 Metaspace       used 43675K, capacity 44854K, committed 45060K, reserved 1089536K
  class space    used 5278K, capacity 5557K, committed 5676K, reserved 1048576K
2022-07-28T01:37:52.756-0500: 2173879.785: [GC (Allocation Failure) 2022-07-28T01:37:52.758-0500: 2173879.786: [ParNew
Desired survivor size 20112992 bytes, new threshold 8 (max 8)
- age   1:      16312 bytes,      16312 total
: 87462K->37K(109248K), 0.0304712 secs] 157897K->70473K(502464K), 0.0319953 secs] [Times: user=0.05 sys=0.04, real=0.03 secs] 
Heap after GC invocations=241 (full 1):
 par new generation   total 109248K, used 37K [0x00000007a0000000, 0x00000007a8000000, 0x00000007a8000000)
  eden space 87424K,   0% used [0x00000007a0000000, 0x00000007a0000000, 0x00000007a5560000)
  from space 21824K,   0% used [0x00000007a6ab0000, 0x00000007a6ab9600, 0x00000007a8000000)
  to   space 21824K,   0% used [0x00000007a5560000, 0x00000007a5560000, 0x00000007a6ab0000)
 concurrent mark-sweep generation total 393216K, used 70435K [0x00000007a8000000, 0x00000007c0000000, 0x00000007c0000000)
 Metaspace       used 43675K, capacity 44854K, committed 45060K, reserved 1089536K
  class space    used 5278K, capacity 5557K, committed 5676K, reserved 1048576K
}
2022-07-28T01:37:52.789-0500: 2173879.817: Total time for which application threads were stopped: 0.0399339 seconds, Stopping threads took: 0.0005166 seconds
{Heap before GC invocations=241 (full 1):
 par new generation   total 109248K, used 87461K [0x00000007a0000000, 0x00000007a8000000, 0x00000007a8000000)
  eden space 87424K, 100% used [0x00000007a0000000, 0x00000007a5560000, 0x00000007a5560000)
  from space 21824K,   0% used [0x00000007a6ab0000, 0x00000007a6ab9600, 0x00000007a8000000)
  to   space 21824K,   0% used [0x00000007a5560000, 0x00000007a5560000, 0x00000007a6ab0000)
 concurrent mark-sweep generation total 393216K, used 70435K [0x00000007a8000000, 0x00000007c0000000, 0x00000007c0000000)
 Metaspace       used 43675K, capacity 44854K, committed 45060K, reserved 1089536K
  class space    used 5278K, capacity 5557K, committed 5676K, reserved 1048576K
2022-07-28T12:01:22.443-0500: 2187024.152: [GC (Allocation Failure) 2022-07-28T12:01:22.444-0500: 2187024.154: [ParNew
Desired survivor size 20112992 bytes, new threshold 8 (max 8)
- age   1:      23192 bytes,      23192 total
: 87461K->30K(109248K), 0.0264477 secs] 157897K->70465K(502464K), 0.0278114 secs] [Times: user=0.04 sys=0.03, real=0.03 secs] 
Heap after GC invocations=242 (full 1):
 par new generation   total 109248K, used 30K [0x00000007a0000000, 0x00000007a8000000, 0x00000007a8000000)
  eden space 87424K,   0% used [0x00000007a0000000, 0x00000007a0000000, 0x00000007a5560000)
  from space 21824K,   0% used [0x00000007a5560000, 0x00000007a55678c0, 0x00000007a6ab0000)
  to   space 21824K,   0% used [0x00000007a6ab0000, 0x00000007a6ab0000, 0x00000007a8000000)
 concurrent mark-sweep generation total 393216K, used 70435K [0x00000007a8000000, 0x00000007c0000000, 0x00000007c0000000)
 Metaspace       used 43675K, capacity 44854K, committed 45060K, reserved 1089536K
  class space    used 5278K, capacity 5557K, committed 5676K, reserved 1048576K
}
2022-07-28T12:01:22.471-0500: 2187024.181: Total time for which application threads were stopped: 0.0406641 seconds, Stopping threads took: 0.0010780 seconds
{Heap before GC invocations=242 (full 1):
 par new generation   total 109248K, used 87454K [0x00000007a0000000, 0x00000007a8000000, 0x00000007a8000000)
  eden space 87424K, 100% used [0x00000007a0000000, 0x00000007a5560000, 0x00000007a5560000)
  from space 21824K,   0% used [0x00000007a5560000, 0x00000007a55678c0, 0x00000007a6ab0000)
  to   space 21824K,   0% used [0x00000007a6ab0000, 0x00000007a6ab0000, 0x00000007a8000000)
 concurrent mark-sweep generation total 393216K, used 70435K [0x00000007a8000000, 0x00000007c0000000, 0x00000007c0000000)
 Metaspace       used 43675K, capacity 44854K, committed 45060K, reserved 1089536K
  class space    used 5278K, capacity 5557K, committed 5676K, reserved 1048576K
2022-07-30T04:06:51.827-0500: 2200109.110: [GC (Allocation Failure) 2022-07-30T04:06:51.828-0500: 2200109.111: [ParNew
Desired survivor size 20112992 bytes, new threshold 8 (max 8)
- age   1:      29464 bytes,      29464 total
: 87454K->37K(109248K), 0.0408831 secs] 157889K->70472K(502464K), 0.0423615 secs] [Times: user=0.05 sys=0.03, real=0.04 secs] 
Heap after GC invocations=243 (full 1):
 par new generation   total 109248K, used 37K [0x00000007a0000000, 0x00000007a8000000, 0x00000007a8000000)
  eden space 87424K,   0% used [0x00000007a0000000, 0x00000007a0000000, 0x00000007a5560000)
  from space 21824K,   0% used [0x00000007a6ab0000, 0x00000007a6ab9530, 0x00000007a8000000)
  to   space 21824K,   0% used [0x00000007a5560000, 0x00000007a5560000, 0x00000007a6ab0000)
 concurrent mark-sweep generation total 393216K, used 70435K [0x00000007a8000000, 0x00000007c0000000, 0x00000007c0000000)
 Metaspace       used 43675K, capacity 44854K, committed 45060K, reserved 1089536K
  class space    used 5278K, capacity 5557K, committed 5676K, reserved 1048576K
}
2022-07-30T04:06:51.869-0500: 2200109.152: Total time for which application threads were stopped: 0.0643065 seconds, Stopping threads took: 0.0030810 seconds
{Heap before GC invocations=243 (full 1):
 par new generation   total 109248K, used 87461K [0x00000007a0000000, 0x00000007a8000000, 0x00000007a8000000)
  eden space 87424K, 100% used [0x00000007a0000000, 0x00000007a5560000, 0x00000007a5560000)
  from space 21824K,   0% used [0x00000007a6ab0000, 0x00000007a6ab9530, 0x00000007a8000000)
  to   space 21824K,   0% used [0x00000007a5560000, 0x00000007a5560000, 0x00000007a6ab0000)
 concurrent mark-sweep generation total 393216K, used 70435K [0x00000007a8000000, 0x00000007c0000000, 0x00000007c0000000)
 Metaspace       used 43675K, capacity 44854K, committed 45060K, reserved 1089536K
  class space    used 5278K, capacity 5557K, committed 5676K, reserved 1048576K
2022-07-30T08:37:47.294-0500: 2213254.059: [GC (Allocation Failure) 2022-07-30T08:37:47.297-0500: 2213254.061: [ParNew
Desired survivor size 20112992 bytes, new threshold 8 (max 8)
- age   1:       1824 bytes,       1824 total
: 87461K->24K(109248K), 0.0300262 secs] 157896K->70459K(502464K), 0.0333170 secs] [Times: user=0.03 sys=0.04, real=0.03 secs] 
Heap after GC invocations=244 (full 1):
 par new generation   total 109248K, used 24K [0x00000007a0000000, 0x00000007a8000000, 0x00000007a8000000)
  eden space 87424K,   0% used [0x00000007a0000000, 0x00000007a0000000, 0x00000007a5560000)
  from space 21824K,   0% used [0x00000007a5560000, 0x00000007a5566100, 0x00000007a6ab0000)
  to   space 21824K,   0% used [0x00000007a6ab0000, 0x00000007a6ab0000, 0x00000007a8000000)
 concurrent mark-sweep generation total 393216K, used 70435K [0x00000007a8000000, 0x00000007c0000000, 0x00000007c0000000)
 Metaspace       used 43675K, capacity 44854K, committed 45060K, reserved 1089536K
  class space    used 5278K, capacity 5557K, committed 5676K, reserved 1048576K
}
2022-07-30T08:37:47.328-0500: 2213254.092: Total time for which application threads were stopped: 0.0440015 seconds, Stopping threads took: 0.0017639 seconds
{Heap before GC invocations=244 (full 1):
 par new generation   total 109248K, used 87448K [0x00000007a0000000, 0x00000007a8000000, 0x00000007a8000000)
  eden space 87424K, 100% used [0x00000007a0000000, 0x00000007a5560000, 0x00000007a5560000)
  from space 21824K,   0% used [0x00000007a5560000, 0x00000007a5566100, 0x00000007a6ab0000)
  to   space 21824K,   0% used [0x00000007a6ab0000, 0x00000007a6ab0000, 0x00000007a8000000)
 concurrent mark-sweep generation total 393216K, used 70435K [0x00000007a8000000, 0x00000007c0000000, 0x00000007c0000000)
 Metaspace       used 43675K, capacity 44854K, committed 45060K, reserved 1089536K
  class space    used 5278K, capacity 5557K, committed 5676K, reserved 1048576K
2022-07-30T13:14:41.958-0500: 2226190.277: [GC (Allocation Failure) 2022-07-30T13:14:41.960-0500: 2226190.278: [ParNew
Desired survivor size 20112992 bytes, new threshold 8 (max 8)
- age   1:       1136 bytes,       1136 total
: 87448K->8K(109248K), 0.0530207 secs] 157883K->70443K(502464K), 0.0551785 secs] [Times: user=0.07 sys=0.05, real=0.06 secs] 
Heap after GC invocations=245 (full 1):
 par new generation   total 109248K, used 8K [0x00000007a0000000, 0x00000007a8000000, 0x00000007a8000000)
  eden space 87424K,   0% used [0x00000007a0000000, 0x00000007a0000000, 0x00000007a5560000)
  from space 21824K,   0% used [0x00000007a6ab0000, 0x00000007a6ab2040, 0x00000007a8000000)
  to   space 21824K,   0% used [0x00000007a5560000, 0x00000007a5560000, 0x00000007a6ab0000)
 concurrent mark-sweep generation total 393216K, used 70435K [0x00000007a8000000, 0x00000007c0000000, 0x00000007c0000000)
 Metaspace       used 43675K, capacity 44854K, committed 45060K, reserved 1089536K
  class space    used 5278K, capacity 5557K, committed 5676K, reserved 1048576K
}
2022-07-30T13:14:42.014-0500: 2226190.332: Total time for which application threads were stopped: 0.0710535 seconds, Stopping threads took: 0.0026803 seconds
{Heap before GC invocations=245 (full 1):
 par new generation   total 109248K, used 87432K [0x00000007a0000000, 0x00000007a8000000, 0x00000007a8000000)
  eden space 87424K, 100% used [0x00000007a0000000, 0x00000007a5560000, 0x00000007a5560000)
  from space 21824K,   0% used [0x00000007a6ab0000, 0x00000007a6ab2040, 0x00000007a8000000)
  to   space 21824K,   0% used [0x00000007a5560000, 0x00000007a5560000, 0x00000007a6ab0000)
 concurrent mark-sweep generation total 393216K, used 70435K [0x00000007a8000000, 0x00000007c0000000, 0x00000007c0000000)
 Metaspace       used 43675K, capacity 44854K, committed 45060K, reserved 1089536K
  class space    used 5278K, capacity 5557K, committed 5676K, reserved 1048576K
2022-07-30T19:55:16.549-0500: 2239304.536: [GC (Allocation Failure) 2022-07-30T19:55:16.550-0500: 2239304.537: [ParNew
Desired survivor size 20112992 bytes, new threshold 8 (max 8)
- age   1:      29832 bytes,      29832 total
: 87432K->34K(109248K), 0.0578577 secs] 157867K->70469K(502464K), 0.0596781 secs] [Times: user=0.05 sys=0.04, real=0.06 secs] 
Heap after GC invocations=246 (full 1):
 par new generation   total 109248K, used 34K [0x00000007a0000000, 0x00000007a8000000, 0x00000007a8000000)
  eden space 87424K,   0% used [0x00000007a0000000, 0x00000007a0000000, 0x00000007a5560000)
  from space 21824K,   0% used [0x00000007a5560000, 0x00000007a5568910, 0x00000007a6ab0000)
  to   space 21824K,   0% used [0x00000007a6ab0000, 0x00000007a6ab0000, 0x00000007a8000000)
 concurrent mark-sweep generation total 393216K, used 70435K [0x00000007a8000000, 0x00000007c0000000, 0x00000007c0000000)
 Metaspace       used 43675K, capacity 44854K, committed 45060K, reserved 1089536K
  class space    used 5278K, capacity 5557K, committed 5676K, reserved 1048576K
}
2022-07-30T19:55:16.609-0500: 2239304.596: Total time for which application threads were stopped: 0.0794733 seconds, Stopping threads took: 0.0015253 seconds
{Heap before GC invocations=246 (full 1):
 par new generation   total 109248K, used 87458K [0x00000007a0000000, 0x00000007a8000000, 0x00000007a8000000)
  eden space 87424K, 100% used [0x00000007a0000000, 0x00000007a5560000, 0x00000007a5560000)
  from space 21824K,   0% used [0x00000007a5560000, 0x00000007a5568910, 0x00000007a6ab0000)
  to   space 21824K,   0% used [0x00000007a6ab0000, 0x00000007a6ab0000, 0x00000007a8000000)
 concurrent mark-sweep generation total 393216K, used 70435K [0x00000007a8000000, 0x00000007c0000000, 0x00000007c0000000)
 Metaspace       used 43675K, capacity 44854K, committed 45060K, reserved 1089536K
  class space    used 5278K, capacity 5557K, committed 5676K, reserved 1048576K
2022-07-31T13:06:28.898-0500: 2252390.473: [GC (Allocation Failure) 2022-07-31T13:06:28.900-0500: 2252390.475: [ParNew
Desired survivor size 20112992 bytes, new threshold 8 (max 8)
- age   1:      29496 bytes,      29496 total
: 87458K->50K(109248K), 0.0653659 secs] 157893K->70485K(502464K), 0.0692344 secs] [Times: user=0.09 sys=0.05, real=0.07 secs] 
Heap after GC invocations=247 (full 1):
 par new generation   total 109248K, used 50K [0x00000007a0000000, 0x00000007a8000000, 0x00000007a8000000)
  eden space 87424K,   0% used [0x00000007a0000000, 0x00000007a0000000, 0x00000007a5560000)
  from space 21824K,   0% used [0x00000007a6ab0000, 0x00000007a6abc888, 0x00000007a8000000)
  to   space 21824K,   0% used [0x00000007a5560000, 0x00000007a5560000, 0x00000007a6ab0000)
 concurrent mark-sweep generation total 393216K, used 70435K [0x00000007a8000000, 0x00000007c0000000, 0x00000007c0000000)
 Metaspace       used 43675K, capacity 44854K, committed 45060K, reserved 1089536K
  class space    used 5278K, capacity 5557K, committed 5676K, reserved 1048576K
}
2022-07-31T13:06:28.967-0500: 2252390.543: Total time for which application threads were stopped: 0.1064768 seconds, Stopping threads took: 0.0048867 seconds
{Heap before GC invocations=247 (full 1):
 par new generation   total 109248K, used 87474K [0x00000007a0000000, 0x00000007a8000000, 0x00000007a8000000)
  eden space 87424K, 100% used [0x00000007a0000000, 0x00000007a5560000, 0x00000007a5560000)
  from space 21824K,   0% used [0x00000007a6ab0000, 0x00000007a6abc888, 0x00000007a8000000)
  to   space 21824K,   0% used [0x00000007a5560000, 0x00000007a5560000, 0x00000007a6ab0000)
 concurrent mark-sweep generation total 393216K, used 70435K [0x00000007a8000000, 0x00000007c0000000, 0x00000007c0000000)
 Metaspace       used 43675K, capacity 44854K, committed 45060K, reserved 1089536K
  class space    used 5278K, capacity 5557K, committed 5676K, reserved 1048576K
2022-07-31T20:55:54.373-0500: 2265536.529: [GC (Allocation Failure) 2022-07-31T20:55:54.374-0500: 2265536.530: [ParNew
Desired survivor size 20112992 bytes, new threshold 8 (max 8)
- age   1:       8248 bytes,       8248 total
: 87474K->19K(109248K), 0.0621284 secs] 157909K->70454K(502464K), 0.0636024 secs] [Times: user=0.08 sys=0.06, real=0.06 secs] 
Heap after GC invocations=248 (full 1):
 par new generation   total 109248K, used 19K [0x00000007a0000000, 0x00000007a8000000, 0x00000007a8000000)
  eden space 87424K,   0% used [0x00000007a0000000, 0x00000007a0000000, 0x00000007a5560000)
  from space 21824K,   0% used [0x00000007a5560000, 0x00000007a5564c80, 0x00000007a6ab0000)
  to   space 21824K,   0% used [0x00000007a6ab0000, 0x00000007a6ab0000, 0x00000007a8000000)
 concurrent mark-sweep generation total 393216K, used 70435K [0x00000007a8000000, 0x00000007c0000000, 0x00000007c0000000)
 Metaspace       used 43675K, capacity 44854K, committed 45060K, reserved 1089536K
  class space    used 5278K, capacity 5557K, committed 5676K, reserved 1048576K
}
2022-07-31T20:55:54.437-0500: 2265536.592: Total time for which application threads were stopped: 0.0834721 seconds, Stopping threads took: 0.0038026 seconds
{Heap before GC invocations=248 (full 1):
 par new generation   total 109248K, used 87443K [0x00000007a0000000, 0x00000007a8000000, 0x00000007a8000000)
  eden space 87424K, 100% used [0x00000007a0000000, 0x00000007a5560000, 0x00000007a5560000)
  from space 21824K,   0% used [0x00000007a5560000, 0x00000007a5564c80, 0x00000007a6ab0000)
  to   space 21824K,   0% used [0x00000007a6ab0000, 0x00000007a6ab0000, 0x00000007a8000000)
 concurrent mark-sweep generation total 393216K, used 70435K [0x00000007a8000000, 0x00000007c0000000, 0x00000007c0000000)
 Metaspace       used 43675K, capacity 44854K, committed 45060K, reserved 1089536K
  class space    used 5278K, capacity 5557K, committed 5676K, reserved 1048576K
2022-08-01T13:57:25.343-0500: 2278622.300: [GC (Allocation Failure) 2022-08-01T13:57:25.344-0500: 2278622.300: [ParNew
Desired survivor size 20112992 bytes, new threshold 8 (max 8)
- age   1:      23632 bytes,      23632 total
: 87443K->28K(109248K), 0.0569005 secs] 157878K->70463K(502464K), 0.0581305 secs] [Times: user=0.08 sys=0.05, real=0.06 secs] 
Heap after GC invocations=249 (full 1):
 par new generation   total 109248K, used 28K [0x00000007a0000000, 0x00000007a8000000, 0x00000007a8000000)
  eden space 87424K,   0% used [0x00000007a0000000, 0x00000007a0000000, 0x00000007a5560000)
  from space 21824K,   0% used [0x00000007a6ab0000, 0x00000007a6ab70e0, 0x00000007a8000000)
  to   space 21824K,   0% used [0x00000007a5560000, 0x00000007a5560000, 0x00000007a6ab0000)
 concurrent mark-sweep generation total 393216K, used 70435K [0x00000007a8000000, 0x00000007c0000000, 0x00000007c0000000)
 Metaspace       used 43675K, capacity 44854K, committed 45060K, reserved 1089536K
  class space    used 5278K, capacity 5557K, committed 5676K, reserved 1048576K
}
2022-08-01T13:57:25.438-0500: 2278622.394: Total time for which application threads were stopped: 0.1269076 seconds, Stopping threads took: 0.0028342 seconds
{Heap before GC invocations=249 (full 1):
 par new generation   total 109248K, used 87452K [0x00000007a0000000, 0x00000007a8000000, 0x00000007a8000000)
  eden space 87424K, 100% used [0x00000007a0000000, 0x00000007a5560000, 0x00000007a5560000)
  from space 21824K,   0% used [0x00000007a6ab0000, 0x00000007a6ab70e0, 0x00000007a8000000)
  to   space 21824K,   0% used [0x00000007a5560000, 0x00000007a5560000, 0x00000007a6ab0000)
 concurrent mark-sweep generation total 393216K, used 70435K [0x00000007a8000000, 0x00000007c0000000, 0x00000007c0000000)
 Metaspace       used 43675K, capacity 44854K, committed 45060K, reserved 1089536K
  class space    used 5278K, capacity 5557K, committed 5676K, reserved 1048576K
2022-08-01T21:17:36.591-0500: 2291708.839: [GC (Allocation Failure) 2022-08-01T21:17:36.593-0500: 2291708.841: [ParNew
Desired survivor size 20112992 bytes, new threshold 8 (max 8)
- age   1:      29408 bytes,      29408 total
: 87452K->41K(109248K), 0.0566134 secs] 157887K->70477K(502464K), 0.0587413 secs] [Times: user=0.08 sys=0.05, real=0.06 secs] 
Heap after GC invocations=250 (full 1):
 par new generation   total 109248K, used 41K [0x00000007a0000000, 0x00000007a8000000, 0x00000007a8000000)
  eden space 87424K,   0% used [0x00000007a0000000, 0x00000007a0000000, 0x00000007a5560000)
  from space 21824K,   0% used [0x00000007a5560000, 0x00000007a556a5f0, 0x00000007a6ab0000)
  to   space 21824K,   0% used [0x00000007a6ab0000, 0x00000007a6ab0000, 0x00000007a8000000)
 concurrent mark-sweep generation total 393216K, used 70435K [0x00000007a8000000, 0x00000007c0000000, 0x00000007c0000000)
 Metaspace       used 43675K, capacity 44854K, committed 45060K, reserved 1089536K
  class space    used 5278K, capacity 5557K, committed 5676K, reserved 1048576K
}
2022-08-01T21:17:36.650-0500: 2291708.898: Total time for which application threads were stopped: 0.0805030 seconds, Stopping threads took: 0.0024232 seconds
{Heap before GC invocations=250 (full 1):
 par new generation   total 109248K, used 87465K [0x00000007a0000000, 0x00000007a8000000, 0x00000007a8000000)
  eden space 87424K, 100% used [0x00000007a0000000, 0x00000007a5560000, 0x00000007a5560000)
  from space 21824K,   0% used [0x00000007a5560000, 0x00000007a556a5f0, 0x00000007a6ab0000)
  to   space 21824K,   0% used [0x00000007a6ab0000, 0x00000007a6ab0000, 0x00000007a8000000)
 concurrent mark-sweep generation total 393216K, used 70435K [0x00000007a8000000, 0x00000007c0000000, 0x00000007c0000000)
 Metaspace       used 43675K, capacity 44854K, committed 45060K, reserved 1089536K
  class space    used 5278K, capacity 5557K, committed 5676K, reserved 1048576K
2022-08-02T09:24:04.681-0500: 2304855.073: [GC (Allocation Failure) 2022-08-02T09:24:04.683-0500: 2304855.074: [ParNew
Desired survivor size 20112992 bytes, new threshold 8 (max 8)
- age   1:      10520 bytes,      10520 total
: 87465K->23K(109248K), 0.0734039 secs] 157901K->70458K(502464K), 0.0754708 secs] [Times: user=0.09 sys=0.05, real=0.07 secs] 
Heap after GC invocations=251 (full 1):
 par new generation   total 109248K, used 23K [0x00000007a0000000, 0x00000007a8000000, 0x00000007a8000000)
  eden space 87424K,   0% used [0x00000007a0000000, 0x00000007a0000000, 0x00000007a5560000)
  from space 21824K,   0% used [0x00000007a6ab0000, 0x00000007a6ab5c40, 0x00000007a8000000)
  to   space 21824K,   0% used [0x00000007a5560000, 0x00000007a5560000, 0x00000007a6ab0000)
 concurrent mark-sweep generation total 393216K, used 70435K [0x00000007a8000000, 0x00000007c0000000, 0x00000007c0000000)
 Metaspace       used 43675K, capacity 44854K, committed 45060K, reserved 1089536K
  class space    used 5278K, capacity 5557K, committed 5676K, reserved 1048576K
}
2022-08-02T09:24:04.757-0500: 2304855.149: Total time for which application threads were stopped: 0.1119017 seconds, Stopping threads took: 0.0042704 seconds
{Heap before GC invocations=251 (full 1):
 par new generation   total 109248K, used 87447K [0x00000007a0000000, 0x00000007a8000000, 0x00000007a8000000)
  eden space 87424K, 100% used [0x00000007a0000000, 0x00000007a5560000, 0x00000007a5560000)
  from space 21824K,   0% used [0x00000007a6ab0000, 0x00000007a6ab5c40, 0x00000007a8000000)
  to   space 21824K,   0% used [0x00000007a5560000, 0x00000007a5560000, 0x00000007a6ab0000)
 concurrent mark-sweep generation total 393216K, used 70435K [0x00000007a8000000, 0x00000007c0000000, 0x00000007c0000000)
 Metaspace       used 43675K, capacity 44854K, committed 45060K, reserved 1089536K
  class space    used 5278K, capacity 5557K, committed 5676K, reserved 1048576K
2022-08-02T22:32:51.048-0500: 2317945.176: [GC (Allocation Failure) 2022-08-02T22:32:51.051-0500: 2317945.178: [ParNew
Desired survivor size 20112992 bytes, new threshold 8 (max 8)
- age   1:      35600 bytes,      35600 total
: 87447K->40K(109248K), 0.0683682 secs] 157882K->70475K(502464K), 0.0711866 secs] [Times: user=0.09 sys=0.06, real=0.08 secs] 
Heap after GC invocations=252 (full 1):
 par new generation   total 109248K, used 40K [0x00000007a0000000, 0x00000007a8000000, 0x00000007a8000000)
  eden space 87424K,   0% used [0x00000007a0000000, 0x00000007a0000000, 0x00000007a5560000)
  from space 21824K,   0% used [0x00000007a5560000, 0x00000007a556a140, 0x00000007a6ab0000)
  to   space 21824K,   0% used [0x00000007a6ab0000, 0x00000007a6ab0000, 0x00000007a8000000)
 concurrent mark-sweep generation total 393216K, used 70435K [0x00000007a8000000, 0x00000007c0000000, 0x00000007c0000000)
 Metaspace       used 43675K, capacity 44854K, committed 45060K, reserved 1089536K
  class space    used 5278K, capacity 5557K, committed 5676K, reserved 1048576K
}
2022-08-02T22:32:51.120-0500: 2317945.247: Total time for which application threads were stopped: 0.1159470 seconds, Stopping threads took: 0.0033850 seconds
{Heap before GC invocations=252 (full 1):
 par new generation   total 109248K, used 87464K [0x00000007a0000000, 0x00000007a8000000, 0x00000007a8000000)
  eden space 87424K, 100% used [0x00000007a0000000, 0x00000007a5560000, 0x00000007a5560000)
  from space 21824K,   0% used [0x00000007a5560000, 0x00000007a556a140, 0x00000007a6ab0000)
  to   space 21824K,   0% used [0x00000007a6ab0000, 0x00000007a6ab0000, 0x00000007a8000000)
 concurrent mark-sweep generation total 393216K, used 70435K [0x00000007a8000000, 0x00000007c0000000, 0x00000007c0000000)
 Metaspace       used 43675K, capacity 44854K, committed 45060K, reserved 1089536K
  class space    used 5278K, capacity 5557K, committed 5676K, reserved 1048576K
2022-08-03T14:40:22.557-0500: 2331031.214: [GC (Allocation Failure) 2022-08-03T14:40:22.559-0500: 2331031.216: [ParNew
Desired survivor size 20112992 bytes, new threshold 8 (max 8)
- age   1:       1760 bytes,       1760 total
: 87464K->27K(109248K), 0.0823490 secs] 157899K->70463K(502464K), 0.0843553 secs] [Times: user=0.08 sys=0.06, real=0.09 secs] 
Heap after GC invocations=253 (full 1):
 par new generation   total 109248K, used 27K [0x00000007a0000000, 0x00000007a8000000, 0x00000007a8000000)
  eden space 87424K,   0% used [0x00000007a0000000, 0x00000007a0000000, 0x00000007a5560000)
  from space 21824K,   0% used [0x00000007a6ab0000, 0x00000007a6ab6e20, 0x00000007a8000000)
  to   space 21824K,   0% used [0x00000007a5560000, 0x00000007a5560000, 0x00000007a6ab0000)
 concurrent mark-sweep generation total 393216K, used 70435K [0x00000007a8000000, 0x00000007c0000000, 0x00000007c0000000)
 Metaspace       used 43675K, capacity 44854K, committed 45060K, reserved 1089536K
  class space    used 5278K, capacity 5557K, committed 5676K, reserved 1048576K
}
2022-08-03T14:40:22.641-0500: 2331031.298: Total time for which application threads were stopped: 0.1194100 seconds, Stopping threads took: 0.0079416 seconds
{Heap before GC invocations=253 (full 1):
 par new generation   total 109248K, used 87451K [0x00000007a0000000, 0x00000007a8000000, 0x00000007a8000000)
  eden space 87424K, 100% used [0x00000007a0000000, 0x00000007a5560000, 0x00000007a5560000)
  from space 21824K,   0% used [0x00000007a6ab0000, 0x00000007a6ab6e20, 0x00000007a8000000)
  to   space 21824K,   0% used [0x00000007a5560000, 0x00000007a5560000, 0x00000007a6ab0000)
 concurrent mark-sweep generation total 393216K, used 70435K [0x00000007a8000000, 0x00000007c0000000, 0x00000007c0000000)
 Metaspace       used 43675K, capacity 44854K, committed 45060K, reserved 1089536K
  class space    used 5278K, capacity 5557K, committed 5676K, reserved 1048576K
2022-08-03T20:18:53.010-0500: 2344190.587: [GC (Allocation Failure) 2022-08-03T20:18:53.012-0500: 2344190.589: [ParNew
Desired survivor size 20112992 bytes, new threshold 8 (max 8)
- age   1:      23744 bytes,      23744 total
: 87451K->30K(109248K), 0.0549872 secs] 157887K->70465K(502464K), 0.0570900 secs] [Times: user=0.07 sys=0.05, real=0.06 secs] 
Heap after GC invocations=254 (full 1):
 par new generation   total 109248K, used 30K [0x00000007a0000000, 0x00000007a8000000, 0x00000007a8000000)
  eden space 87424K,   0% used [0x00000007a0000000, 0x00000007a0000000, 0x00000007a5560000)
  from space 21824K,   0% used [0x00000007a5560000, 0x00000007a55678f0, 0x00000007a6ab0000)
  to   space 21824K,   0% used [0x00000007a6ab0000, 0x00000007a6ab0000, 0x00000007a8000000)
 concurrent mark-sweep generation total 393216K, used 70435K [0x00000007a8000000, 0x00000007c0000000, 0x00000007c0000000)
 Metaspace       used 43675K, capacity 44854K, committed 45060K, reserved 1089536K
  class space    used 5278K, capacity 5557K, committed 5676K, reserved 1048576K
}
2022-08-03T20:18:53.067-0500: 2344190.645: Total time for which application threads were stopped: 0.0742420 seconds, Stopping threads took: 0.0017530 seconds
{Heap before GC invocations=254 (full 1):
 par new generation   total 109248K, used 87454K [0x00000007a0000000, 0x00000007a8000000, 0x00000007a8000000)
  eden space 87424K, 100% used [0x00000007a0000000, 0x00000007a5560000, 0x00000007a5560000)
  from space 21824K,   0% used [0x00000007a5560000, 0x00000007a55678f0, 0x00000007a6ab0000)
  to   space 21824K,   0% used [0x00000007a6ab0000, 0x00000007a6ab0000, 0x00000007a8000000)
 concurrent mark-sweep generation total 393216K, used 70435K [0x00000007a8000000, 0x00000007c0000000, 0x00000007c0000000)
 Metaspace       used 43675K, capacity 44854K, committed 45060K, reserved 1089536K
  class space    used 5278K, capacity 5557K, committed 5676K, reserved 1048576K
2022-08-04T04:56:20.815-0500: 2357275.023: [GC (Allocation Failure) 2022-08-04T04:56:20.816-0500: 2357275.024: [ParNew
Desired survivor size 20112992 bytes, new threshold 8 (max 8)
- age   1:      29480 bytes,      29480 total
: 87454K->38K(109248K), 0.0663259 secs] 157889K->70474K(502464K), 0.0678450 secs] [Times: user=0.08 sys=0.06, real=0.07 secs] 
Heap after GC invocations=255 (full 1):
 par new generation   total 109248K, used 38K [0x00000007a0000000, 0x00000007a8000000, 0x00000007a8000000)
  eden space 87424K,   0% used [0x00000007a0000000, 0x00000007a0000000, 0x00000007a5560000)
  from space 21824K,   0% used [0x00000007a6ab0000, 0x00000007a6ab9980, 0x00000007a8000000)
  to   space 21824K,   0% used [0x00000007a5560000, 0x00000007a5560000, 0x00000007a6ab0000)
 concurrent mark-sweep generation total 393216K, used 70435K [0x00000007a8000000, 0x00000007c0000000, 0x00000007c0000000)
 Metaspace       used 43675K, capacity 44854K, committed 45060K, reserved 1089536K
  class space    used 5278K, capacity 5557K, committed 5676K, reserved 1048576K
}
2022-08-04T04:56:20.883-0500: 2357275.091: Total time for which application threads were stopped: 0.0945984 seconds, Stopping threads took: 0.0034065 seconds
{Heap before GC invocations=255 (full 1):
 par new generation   total 109248K, used 87462K [0x00000007a0000000, 0x00000007a8000000, 0x00000007a8000000)
  eden space 87424K, 100% used [0x00000007a0000000, 0x00000007a5560000, 0x00000007a5560000)
  from space 21824K,   0% used [0x00000007a6ab0000, 0x00000007a6ab9980, 0x00000007a8000000)
  to   space 21824K,   0% used [0x00000007a5560000, 0x00000007a5560000, 0x00000007a6ab0000)
 concurrent mark-sweep generation total 393216K, used 70435K [0x00000007a8000000, 0x00000007c0000000, 0x00000007c0000000)
 Metaspace       used 43675K, capacity 44854K, committed 45060K, reserved 1089536K
  class space    used 5278K, capacity 5557K, committed 5676K, reserved 1048576K
2022-08-04T17:27:40.214-0500: 2370420.566: [GC (Allocation Failure) 2022-08-04T17:27:40.216-0500: 2370420.568: [ParNew
Desired survivor size 20112992 bytes, new threshold 8 (max 8)
- age   1:       2096 bytes,       2096 total
: 87462K->15K(109248K), 0.1134882 secs] 157898K->70451K(502464K), 0.1166251 secs] [Times: user=0.09 sys=0.08, real=0.12 secs] 
Heap after GC invocations=256 (full 1):
 par new generation   total 109248K, used 15K [0x00000007a0000000, 0x00000007a8000000, 0x00000007a8000000)
  eden space 87424K,   0% used [0x00000007a0000000, 0x00000007a0000000, 0x00000007a5560000)
  from space 21824K,   0% used [0x00000007a5560000, 0x00000007a5563e60, 0x00000007a6ab0000)
  to   space 21824K,   0% used [0x00000007a6ab0000, 0x00000007a6ab0000, 0x00000007a8000000)
 concurrent mark-sweep generation total 393216K, used 70435K [0x00000007a8000000, 0x00000007c0000000, 0x00000007c0000000)
 Metaspace       used 43675K, capacity 44854K, committed 45060K, reserved 1089536K
  class space    used 5278K, capacity 5557K, committed 5676K, reserved 1048576K
}
2022-08-04T17:27:40.331-0500: 2370420.683: Total time for which application threads were stopped: 0.1512641 seconds, Stopping threads took: 0.0042851 seconds
{Heap before GC invocations=256 (full 1):
 par new generation   total 109248K, used 87439K [0x00000007a0000000, 0x00000007a8000000, 0x00000007a8000000)
  eden space 87424K, 100% used [0x00000007a0000000, 0x00000007a5560000, 0x00000007a5560000)
  from space 21824K,   0% used [0x00000007a5560000, 0x00000007a5563e60, 0x00000007a6ab0000)
  to   space 21824K,   0% used [0x00000007a6ab0000, 0x00000007a6ab0000, 0x00000007a8000000)
 concurrent mark-sweep generation total 393216K, used 70435K [0x00000007a8000000, 0x00000007c0000000, 0x00000007c0000000)
 Metaspace       used 43675K, capacity 44854K, committed 45060K, reserved 1089536K
  class space    used 5278K, capacity 5557K, committed 5676K, reserved 1048576K
2022-08-05T02:50:15.042-0500: 2383506.566: [GC (Allocation Failure) 2022-08-05T02:50:15.043-0500: 2383506.567: [ParNew
Desired survivor size 20112992 bytes, new threshold 8 (max 8)
- age   1:      22464 bytes,      22464 total
: 87439K->28K(109248K), 0.0827119 secs] 157875K->70463K(502464K), 0.0844655 secs] [Times: user=0.08 sys=0.05, real=0.08 secs] 
Heap after GC invocations=257 (full 1):
 par new generation   total 109248K, used 28K [0x00000007a0000000, 0x00000007a8000000, 0x00000007a8000000)
  eden space 87424K,   0% used [0x00000007a0000000, 0x00000007a0000000, 0x00000007a5560000)
  from space 21824K,   0% used [0x00000007a6ab0000, 0x00000007a6ab70e0, 0x00000007a8000000)
  to   space 21824K,   0% used [0x00000007a5560000, 0x00000007a5560000, 0x00000007a6ab0000)
 concurrent mark-sweep generation total 393216K, used 70435K [0x00000007a8000000, 0x00000007c0000000, 0x00000007c0000000)
 Metaspace       used 43675K, capacity 44854K, committed 45060K, reserved 1089536K
  class space    used 5278K, capacity 5557K, committed 5676K, reserved 1048576K
}
2022-08-05T02:50:15.127-0500: 2383506.651: Total time for which application threads were stopped: 0.1314300 seconds, Stopping threads took: 0.0020285 seconds
{Heap before GC invocations=257 (full 1):
 par new generation   total 109248K, used 87452K [0x00000007a0000000, 0x00000007a8000000, 0x00000007a8000000)
  eden space 87424K, 100% used [0x00000007a0000000, 0x00000007a5560000, 0x00000007a5560000)
  from space 21824K,   0% used [0x00000007a6ab0000, 0x00000007a6ab70e0, 0x00000007a8000000)
  to   space 21824K,   0% used [0x00000007a5560000, 0x00000007a5560000, 0x00000007a6ab0000)
 concurrent mark-sweep generation total 393216K, used 70435K [0x00000007a8000000, 0x00000007c0000000, 0x00000007c0000000)
 Metaspace       used 43675K, capacity 44854K, committed 45060K, reserved 1089536K
  class space    used 5278K, capacity 5557K, committed 5676K, reserved 1048576K
2022-08-05T16:22:55.981-0500: 2396592.719: [GC (Allocation Failure) 2022-08-05T16:22:55.982-0500: 2396592.720: [ParNew
Desired survivor size 20112992 bytes, new threshold 8 (max 8)
- age   1:      29480 bytes,      29480 total
: 87452K->39K(109248K), 0.0860356 secs] 157887K->70475K(502464K), 0.0880598 secs] [Times: user=0.11 sys=0.09, real=0.08 secs] 
Heap after GC invocations=258 (full 1):
 par new generation   total 109248K, used 39K [0x00000007a0000000, 0x00000007a8000000, 0x00000007a8000000)
  eden space 87424K,   0% used [0x00000007a0000000, 0x00000007a0000000, 0x00000007a5560000)
  from space 21824K,   0% used [0x00000007a5560000, 0x00000007a5569d80, 0x00000007a6ab0000)
  to   space 21824K,   0% used [0x00000007a6ab0000, 0x00000007a6ab0000, 0x00000007a8000000)
 concurrent mark-sweep generation total 393216K, used 70435K [0x00000007a8000000, 0x00000007c0000000, 0x00000007c0000000)
 Metaspace       used 43675K, capacity 44854K, committed 45060K, reserved 1089536K
  class space    used 5278K, capacity 5557K, committed 5676K, reserved 1048576K
}
2022-08-05T16:22:56.070-0500: 2396592.807: Total time for which application threads were stopped: 0.1306726 seconds, Stopping threads took: 0.0043584 seconds
{Heap before GC invocations=258 (full 1):
 par new generation   total 109248K, used 87463K [0x00000007a0000000, 0x00000007a8000000, 0x00000007a8000000)
  eden space 87424K, 100% used [0x00000007a0000000, 0x00000007a5560000, 0x00000007a5560000)
  from space 21824K,   0% used [0x00000007a5560000, 0x00000007a5569d80, 0x00000007a6ab0000)
  to   space 21824K,   0% used [0x00000007a6ab0000, 0x00000007a6ab0000, 0x00000007a8000000)
 concurrent mark-sweep generation total 393216K, used 70435K [0x00000007a8000000, 0x00000007c0000000, 0x00000007c0000000)
 Metaspace       used 43675K, capacity 44854K, committed 45060K, reserved 1089536K
  class space    used 5278K, capacity 5557K, committed 5676K, reserved 1048576K
2022-08-06T02:37:45.379-0500: 2409738.885: [GC (Allocation Failure) 2022-08-06T02:37:45.381-0500: 2409738.887: [ParNew
Desired survivor size 20112992 bytes, new threshold 8 (max 8)
- age   1:       4880 bytes,       4880 total
: 87463K->18K(109248K), 0.0702209 secs] 157899K->70454K(502464K), 0.0725494 secs] [Times: user=0.08 sys=0.06, real=0.08 secs] 
Heap after GC invocations=259 (full 1):
 par new generation   total 109248K, used 18K [0x00000007a0000000, 0x00000007a8000000, 0x00000007a8000000)
  eden space 87424K,   0% used [0x00000007a0000000, 0x00000007a0000000, 0x00000007a5560000)
  from space 21824K,   0% used [0x00000007a6ab0000, 0x00000007a6ab4bc8, 0x00000007a8000000)
  to   space 21824K,   0% used [0x00000007a5560000, 0x00000007a5560000, 0x00000007a6ab0000)
 concurrent mark-sweep generation total 393216K, used 70435K [0x00000007a8000000, 0x00000007c0000000, 0x00000007c0000000)
 Metaspace       used 43675K, capacity 44854K, committed 45060K, reserved 1089536K
  class space    used 5278K, capacity 5557K, committed 5676K, reserved 1048576K
}
2022-08-06T02:37:45.452-0500: 2409738.958: Total time for which application threads were stopped: 0.0998484 seconds, Stopping threads took: 0.0041727 seconds
{Heap before GC invocations=259 (full 1):
 par new generation   total 109248K, used 87442K [0x00000007a0000000, 0x00000007a8000000, 0x00000007a8000000)
  eden space 87424K, 100% used [0x00000007a0000000, 0x00000007a5560000, 0x00000007a5560000)
  from space 21824K,   0% used [0x00000007a6ab0000, 0x00000007a6ab4bc8, 0x00000007a8000000)
  to   space 21824K,   0% used [0x00000007a5560000, 0x00000007a5560000, 0x00000007a6ab0000)
 concurrent mark-sweep generation total 393216K, used 70435K [0x00000007a8000000, 0x00000007c0000000, 0x00000007c0000000)
 Metaspace       used 43675K, capacity 44854K, committed 45060K, reserved 1089536K
  class space    used 5278K, capacity 5557K, committed 5676K, reserved 1048576K
2022-08-06T18:08:09.344-0500: 2422824.584: [GC (Allocation Failure) 2022-08-06T18:08:09.347-0500: 2422824.586: [ParNew
Desired survivor size 20112992 bytes, new threshold 8 (max 8)
- age   1:      32696 bytes,      32696 total
: 87442K->38K(109248K), 0.0411923 secs] 157878K->70473K(502464K), 0.0441230 secs] [Times: user=0.05 sys=0.03, real=0.04 secs] 
Heap after GC invocations=260 (full 1):
 par new generation   total 109248K, used 38K [0x00000007a0000000, 0x00000007a8000000, 0x00000007a8000000)
  eden space 87424K,   0% used [0x00000007a0000000, 0x00000007a0000000, 0x00000007a5560000)
  from space 21824K,   0% used [0x00000007a5560000, 0x00000007a5569930, 0x00000007a6ab0000)
  to   space 21824K,   0% used [0x00000007a6ab0000, 0x00000007a6ab0000, 0x00000007a8000000)
 concurrent mark-sweep generation total 393216K, used 70435K [0x00000007a8000000, 0x00000007c0000000, 0x00000007c0000000)
 Metaspace       used 43675K, capacity 44854K, committed 45060K, reserved 1089536K
  class space    used 5278K, capacity 5557K, committed 5676K, reserved 1048576K
}
2022-08-06T18:08:09.389-0500: 2422824.627: Total time for which application threads were stopped: 0.0650985 seconds, Stopping threads took: 0.0019403 seconds
{Heap before GC invocations=260 (full 1):
 par new generation   total 109248K, used 87462K [0x00000007a0000000, 0x00000007a8000000, 0x00000007a8000000)
  eden space 87424K, 100% used [0x00000007a0000000, 0x00000007a5560000, 0x00000007a5560000)
  from space 21824K,   0% used [0x00000007a5560000, 0x00000007a5569930, 0x00000007a6ab0000)
  to   space 21824K,   0% used [0x00000007a6ab0000, 0x00000007a6ab0000, 0x00000007a8000000)
 concurrent mark-sweep generation total 393216K, used 70435K [0x00000007a8000000, 0x00000007c0000000, 0x00000007c0000000)
 Metaspace       used 43675K, capacity 44854K, committed 45060K, reserved 1089536K
  class space    used 5278K, capacity 5557K, committed 5676K, reserved 1048576K
2022-08-07T02:07:25.075-0500: 2435910.004: [GC (Allocation Failure) 2022-08-07T02:07:25.077-0500: 2435910.006: [ParNew
Desired survivor size 20112992 bytes, new threshold 8 (max 8)
- age   1:      16264 bytes,      16264 total
: 87462K->37K(109248K), 0.1143257 secs] 157897K->70473K(502464K), 0.1159952 secs] [Times: user=0.12 sys=0.05, real=0.12 secs] 
Heap after GC invocations=261 (full 1):
 par new generation   total 109248K, used 37K [0x00000007a0000000, 0x00000007a8000000, 0x00000007a8000000)
  eden space 87424K,   0% used [0x00000007a0000000, 0x00000007a0000000, 0x00000007a5560000)
  from space 21824K,   0% used [0x00000007a6ab0000, 0x00000007a6ab9660, 0x00000007a8000000)
  to   space 21824K,   0% used [0x00000007a5560000, 0x00000007a5560000, 0x00000007a6ab0000)
 concurrent mark-sweep generation total 393216K, used 70435K [0x00000007a8000000, 0x00000007c0000000, 0x00000007c0000000)
 Metaspace       used 43675K, capacity 44854K, committed 45060K, reserved 1089536K
  class space    used 5278K, capacity 5557K, committed 5676K, reserved 1048576K
}
2022-08-07T02:07:25.192-0500: 2435910.121: Total time for which application threads were stopped: 0.1762256 seconds, Stopping threads took: 0.0032043 seconds
{Heap before GC invocations=261 (full 1):
 par new generation   total 109248K, used 87461K [0x00000007a0000000, 0x00000007a8000000, 0x00000007a8000000)
  eden space 87424K, 100% used [0x00000007a0000000, 0x00000007a5560000, 0x00000007a5560000)
  from space 21824K,   0% used [0x00000007a6ab0000, 0x00000007a6ab9660, 0x00000007a8000000)
  to   space 21824K,   0% used [0x00000007a5560000, 0x00000007a5560000, 0x00000007a6ab0000)
 concurrent mark-sweep generation total 393216K, used 70435K [0x00000007a8000000, 0x00000007c0000000, 0x00000007c0000000)
 Metaspace       used 43675K, capacity 44854K, committed 45060K, reserved 1089536K
  class space    used 5278K, capacity 5557K, committed 5676K, reserved 1048576K
2022-08-07T06:21:44.571-0500: 2449059.108: [GC (Allocation Failure) 2022-08-07T06:21:44.573-0500: 2449059.110: [ParNew
Desired survivor size 20112992 bytes, new threshold 8 (max 8)
- age   1:      22088 bytes,      22088 total
: 87461K->28K(109248K), 0.2109530 secs] 157897K->70463K(502464K), 0.2134278 secs] [Times: user=0.26 sys=0.10, real=0.21 secs] 
Heap after GC invocations=262 (full 1):
 par new generation   total 109248K, used 28K [0x00000007a0000000, 0x00000007a8000000, 0x00000007a8000000)
  eden space 87424K,   0% used [0x00000007a0000000, 0x00000007a0000000, 0x00000007a5560000)
  from space 21824K,   0% used [0x00000007a5560000, 0x00000007a5567088, 0x00000007a6ab0000)
  to   space 21824K,   0% used [0x00000007a6ab0000, 0x00000007a6ab0000, 0x00000007a8000000)
 concurrent mark-sweep generation total 393216K, used 70435K [0x00000007a8000000, 0x00000007c0000000, 0x00000007c0000000)
 Metaspace       used 43675K, capacity 44854K, committed 45060K, reserved 1089536K
  class space    used 5278K, capacity 5557K, committed 5676K, reserved 1048576K
}
2022-08-07T06:21:44.785-0500: 2449059.322: Total time for which application threads were stopped: 0.2705350 seconds, Stopping threads took: 0.0026269 seconds
{Heap before GC invocations=262 (full 1):
 par new generation   total 109248K, used 87452K [0x00000007a0000000, 0x00000007a8000000, 0x00000007a8000000)
  eden space 87424K, 100% used [0x00000007a0000000, 0x00000007a5560000, 0x00000007a5560000)
  from space 21824K,   0% used [0x00000007a5560000, 0x00000007a5567088, 0x00000007a6ab0000)
  to   space 21824K,   0% used [0x00000007a6ab0000, 0x00000007a6ab0000, 0x00000007a8000000)
 concurrent mark-sweep generation total 393216K, used 70435K [0x00000007a8000000, 0x00000007c0000000, 0x00000007c0000000)
 Metaspace       used 43675K, capacity 44854K, committed 45060K, reserved 1089536K
  class space    used 5278K, capacity 5557K, committed 5676K, reserved 1048576K
2022-08-07T19:29:57.256-0500: 2462147.801: [GC (Allocation Failure) 2022-08-07T19:29:57.258-0500: 2462147.803: [ParNew
Desired survivor size 20112992 bytes, new threshold 8 (max 8)
- age   1:      29360 bytes,      29360 total
: 87452K->35K(109248K), 0.1639671 secs] 157887K->70471K(502464K), 0.1666532 secs] [Times: user=0.21 sys=0.12, real=0.17 secs] 
Heap after GC invocations=263 (full 1):
 par new generation   total 109248K, used 35K [0x00000007a0000000, 0x00000007a8000000, 0x00000007a8000000)
  eden space 87424K,   0% used [0x00000007a0000000, 0x00000007a0000000, 0x00000007a5560000)
  from space 21824K,   0% used [0x00000007a6ab0000, 0x00000007a6ab8f80, 0x00000007a8000000)
  to   space 21824K,   0% used [0x00000007a5560000, 0x00000007a5560000, 0x00000007a6ab0000)
 concurrent mark-sweep generation total 393216K, used 70435K [0x00000007a8000000, 0x00000007c0000000, 0x00000007c0000000)
 Metaspace       used 43675K, capacity 44854K, committed 45060K, reserved 1089536K
  class space    used 5278K, capacity 5557K, committed 5676K, reserved 1048576K
}
2022-08-07T19:29:57.424-0500: 2462147.968: Total time for which application threads were stopped: 0.2130652 seconds, Stopping threads took: 0.0049380 seconds
{Heap before GC invocations=263 (full 1):
 par new generation   total 109248K, used 87459K [0x00000007a0000000, 0x00000007a8000000, 0x00000007a8000000)
  eden space 87424K, 100% used [0x00000007a0000000, 0x00000007a5560000, 0x00000007a5560000)
  from space 21824K,   0% used [0x00000007a6ab0000, 0x00000007a6ab8f80, 0x00000007a8000000)
  to   space 21824K,   0% used [0x00000007a5560000, 0x00000007a5560000, 0x00000007a6ab0000)
 concurrent mark-sweep generation total 393216K, used 70435K [0x00000007a8000000, 0x00000007c0000000, 0x00000007c0000000)
 Metaspace       used 43675K, capacity 44854K, committed 45060K, reserved 1089536K
  class space    used 5278K, capacity 5557K, committed 5676K, reserved 1048576K
2022-08-08T03:44:50.099-0500: 2475294.444: [GC (Allocation Failure) 2022-08-08T03:44:50.101-0500: 2475294.447: [ParNew
Desired survivor size 20112992 bytes, new threshold 8 (max 8)
- age   1:       1808 bytes,       1808 total
: 87459K->24K(109248K), 0.1120351 secs] 157895K->70459K(502464K), 0.1150728 secs] [Times: user=0.11 sys=0.04, real=0.12 secs] 
Heap after GC invocations=264 (full 1):
 par new generation   total 109248K, used 24K [0x00000007a0000000, 0x00000007a8000000, 0x00000007a8000000)
  eden space 87424K,   0% used [0x00000007a0000000, 0x00000007a0000000, 0x00000007a5560000)
  from space 21824K,   0% used [0x00000007a5560000, 0x00000007a5566060, 0x00000007a6ab0000)
  to   space 21824K,   0% used [0x00000007a6ab0000, 0x00000007a6ab0000, 0x00000007a8000000)
 concurrent mark-sweep generation total 393216K, used 70435K [0x00000007a8000000, 0x00000007c0000000, 0x00000007c0000000)
 Metaspace       used 43675K, capacity 44854K, committed 45060K, reserved 1089536K
  class space    used 5278K, capacity 5557K, committed 5676K, reserved 1048576K
}
2022-08-08T03:44:50.214-0500: 2475294.560: Total time for which application threads were stopped: 0.1315496 seconds, Stopping threads took: 0.0016885 seconds
{Heap before GC invocations=264 (full 1):
 par new generation   total 109248K, used 87448K [0x00000007a0000000, 0x00000007a8000000, 0x00000007a8000000)
  eden space 87424K, 100% used [0x00000007a0000000, 0x00000007a5560000, 0x00000007a5560000)
  from space 21824K,   0% used [0x00000007a5560000, 0x00000007a5566060, 0x00000007a6ab0000)
  to   space 21824K,   0% used [0x00000007a6ab0000, 0x00000007a6ab0000, 0x00000007a8000000)
 concurrent mark-sweep generation total 393216K, used 70435K [0x00000007a8000000, 0x00000007c0000000, 0x00000007c0000000)
 Metaspace       used 43675K, capacity 44854K, committed 45060K, reserved 1089536K
  class space    used 5278K, capacity 5557K, committed 5676K, reserved 1048576K
2022-08-08T07:22:57.119-0500: 2488381.453: [GC (Allocation Failure) 2022-08-08T07:22:57.122-0500: 2488381.455: [ParNew
Desired survivor size 20112992 bytes, new threshold 8 (max 8)
- age   1:      22416 bytes,      22416 total
: 87448K->28K(109248K), 0.0706771 secs] 157883K->70463K(502464K), 0.0736503 secs] [Times: user=0.09 sys=0.04, real=0.08 secs] 
Heap after GC invocations=265 (full 1):
 par new generation   total 109248K, used 28K [0x00000007a0000000, 0x00000007a8000000, 0x00000007a8000000)
  eden space 87424K,   0% used [0x00000007a0000000, 0x00000007a0000000, 0x00000007a5560000)
  from space 21824K,   0% used [0x00000007a6ab0000, 0x00000007a6ab70e0, 0x00000007a8000000)
  to   space 21824K,   0% used [0x00000007a5560000, 0x00000007a5560000, 0x00000007a6ab0000)
 concurrent mark-sweep generation total 393216K, used 70435K [0x00000007a8000000, 0x00000007c0000000, 0x00000007c0000000)
 Metaspace       used 43675K, capacity 44854K, committed 45060K, reserved 1089536K
  class space    used 5278K, capacity 5557K, committed 5676K, reserved 1048576K
}
2022-08-08T07:22:57.193-0500: 2488381.526: Total time for which application threads were stopped: 0.0888262 seconds, Stopping threads took: 0.0012561 seconds
{Heap before GC invocations=265 (full 1):
 par new generation   total 109248K, used 87452K [0x00000007a0000000, 0x00000007a8000000, 0x00000007a8000000)
  eden space 87424K, 100% used [0x00000007a0000000, 0x00000007a5560000, 0x00000007a5560000)
  from space 21824K,   0% used [0x00000007a6ab0000, 0x00000007a6ab70e0, 0x00000007a8000000)
  to   space 21824K,   0% used [0x00000007a5560000, 0x00000007a5560000, 0x00000007a6ab0000)
 concurrent mark-sweep generation total 393216K, used 70435K [0x00000007a8000000, 0x00000007c0000000, 0x00000007c0000000)
 Metaspace       used 43675K, capacity 44854K, committed 45060K, reserved 1089536K
  class space    used 5278K, capacity 5557K, committed 5676K, reserved 1048576K
2022-08-08T16:52:57.365-0500: 2501306.771: [GC (Allocation Failure) 2022-08-08T16:52:57.369-0500: 2501306.774: [ParNew
Desired survivor size 20112992 bytes, new threshold 8 (max 8)
- age   1:       1136 bytes,       1136 total
: 87452K->18K(109248K), 0.1546501 secs] 157887K->70453K(502464K), 0.1585896 secs] [Times: user=0.13 sys=0.09, real=0.16 secs] 
Heap after GC invocations=266 (full 1):
 par new generation   total 109248K, used 18K [0x00000007a0000000, 0x00000007a8000000, 0x00000007a8000000)
  eden space 87424K,   0% used [0x00000007a0000000, 0x00000007a0000000, 0x00000007a5560000)
  from space 21824K,   0% used [0x00000007a5560000, 0x00000007a5564800, 0x00000007a6ab0000)
  to   space 21824K,   0% used [0x00000007a6ab0000, 0x00000007a6ab0000, 0x00000007a8000000)
 concurrent mark-sweep generation total 393216K, used 70435K [0x00000007a8000000, 0x00000007c0000000, 0x00000007c0000000)
 Metaspace       used 43675K, capacity 44854K, committed 45060K, reserved 1089536K
  class space    used 5278K, capacity 5557K, committed 5676K, reserved 1048576K
}
2022-08-08T16:52:57.524-0500: 2501306.930: Total time for which application threads were stopped: 0.1922631 seconds, Stopping threads took: 0.0113743 seconds
{Heap before GC invocations=266 (full 1):
 par new generation   total 109248K, used 87442K [0x00000007a0000000, 0x00000007a8000000, 0x00000007a8000000)
  eden space 87424K, 100% used [0x00000007a0000000, 0x00000007a5560000, 0x00000007a5560000)
  from space 21824K,   0% used [0x00000007a5560000, 0x00000007a5564800, 0x00000007a6ab0000)
  to   space 21824K,   0% used [0x00000007a6ab0000, 0x00000007a6ab0000, 0x00000007a8000000)
 concurrent mark-sweep generation total 393216K, used 70435K [0x00000007a8000000, 0x00000007c0000000, 0x00000007c0000000)
 Metaspace       used 43675K, capacity 44854K, committed 45060K, reserved 1089536K
  class space    used 5278K, capacity 5557K, committed 5676K, reserved 1048576K
2022-08-09T02:10:32.462-0500: 2514433.769: [GC (Allocation Failure) 2022-08-09T02:10:32.463-0500: 2514433.769: [ParNew
Desired survivor size 20112992 bytes, new threshold 8 (max 8)
- age   1:      16520 bytes,      16520 total
: 87442K->22K(109248K), 0.0545471 secs] 157877K->70457K(502464K), 0.0559822 secs] [Times: user=0.07 sys=0.04, real=0.05 secs] 
Heap after GC invocations=267 (full 1):
 par new generation   total 109248K, used 22K [0x00000007a0000000, 0x00000007a8000000, 0x00000007a8000000)
  eden space 87424K,   0% used [0x00000007a0000000, 0x00000007a0000000, 0x00000007a5560000)
  from space 21824K,   0% used [0x00000007a6ab0000, 0x00000007a6ab58b0, 0x00000007a8000000)
  to   space 21824K,   0% used [0x00000007a5560000, 0x00000007a5560000, 0x00000007a6ab0000)
 concurrent mark-sweep generation total 393216K, used 70435K [0x00000007a8000000, 0x00000007c0000000, 0x00000007c0000000)
 Metaspace       used 43675K, capacity 44854K, committed 45060K, reserved 1089536K
  class space    used 5278K, capacity 5557K, committed 5676K, reserved 1048576K
}
2022-08-09T02:10:32.518-0500: 2514433.824: Total time for which application threads were stopped: 0.0941068 seconds, Stopping threads took: 0.0038119 seconds
{Heap before GC invocations=267 (full 1):
 par new generation   total 109248K, used 87446K [0x00000007a0000000, 0x00000007a8000000, 0x00000007a8000000)
  eden space 87424K, 100% used [0x00000007a0000000, 0x00000007a5560000, 0x00000007a5560000)
  from space 21824K,   0% used [0x00000007a6ab0000, 0x00000007a6ab58b0, 0x00000007a8000000)
  to   space 21824K,   0% used [0x00000007a5560000, 0x00000007a5560000, 0x00000007a6ab0000)
 concurrent mark-sweep generation total 393216K, used 70435K [0x00000007a8000000, 0x00000007c0000000, 0x00000007c0000000)
 Metaspace       used 43675K, capacity 44854K, committed 45060K, reserved 1089536K
  class space    used 5278K, capacity 5557K, committed 5676K, reserved 1048576K
2022-08-10T03:29:27.656-0500: 2527519.618: [GC (Allocation Failure) 2022-08-10T03:29:27.657-0500: 2527519.620: [ParNew
Desired survivor size 20112992 bytes, new threshold 8 (max 8)
- age   1:      29416 bytes,      29416 total
: 87446K->34K(109248K), 0.1164627 secs] 157881K->70469K(502464K), 0.1179267 secs] [Times: user=0.14 sys=0.07, real=0.12 secs] 
Heap after GC invocations=268 (full 1):
 par new generation   total 109248K, used 34K [0x00000007a0000000, 0x00000007a8000000, 0x00000007a8000000)
  eden space 87424K,   0% used [0x00000007a0000000, 0x00000007a0000000, 0x00000007a5560000)
  from space 21824K,   0% used [0x00000007a5560000, 0x00000007a5568910, 0x00000007a6ab0000)
  to   space 21824K,   0% used [0x00000007a6ab0000, 0x00000007a6ab0000, 0x00000007a8000000)
 concurrent mark-sweep generation total 393216K, used 70435K [0x00000007a8000000, 0x00000007c0000000, 0x00000007c0000000)
 Metaspace       used 43675K, capacity 44854K, committed 45060K, reserved 1089536K
  class space    used 5278K, capacity 5557K, committed 5676K, reserved 1048576K
}
2022-08-10T03:29:27.775-0500: 2527519.737: Total time for which application threads were stopped: 0.1676668 seconds, Stopping threads took: 0.0089735 seconds
{Heap before GC invocations=268 (full 1):
 par new generation   total 109248K, used 87458K [0x00000007a0000000, 0x00000007a8000000, 0x00000007a8000000)
  eden space 87424K, 100% used [0x00000007a0000000, 0x00000007a5560000, 0x00000007a5560000)
  from space 21824K,   0% used [0x00000007a5560000, 0x00000007a5568910, 0x00000007a6ab0000)
  to   space 21824K,   0% used [0x00000007a6ab0000, 0x00000007a6ab0000, 0x00000007a8000000)
 concurrent mark-sweep generation total 393216K, used 70435K [0x00000007a8000000, 0x00000007c0000000, 0x00000007c0000000)
 Metaspace       used 43675K, capacity 44854K, committed 45060K, reserved 1089536K
  class space    used 5278K, capacity 5557K, committed 5676K, reserved 1048576K
2022-08-10T08:27:56.136-0500: 2540665.522: [GC (Allocation Failure) 2022-08-10T08:27:56.138-0500: 2540665.525: [ParNew
Desired survivor size 20112992 bytes, new threshold 8 (max 8)
- age   1:       8224 bytes,       8224 total
: 87458K->29K(109248K), 0.0554853 secs] 157893K->70464K(502464K), 0.0582839 secs] [Times: user=0.08 sys=0.04, real=0.06 secs] 
Heap after GC invocations=269 (full 1):
 par new generation   total 109248K, used 29K [0x00000007a0000000, 0x00000007a8000000, 0x00000007a8000000)
  eden space 87424K,   0% used [0x00000007a0000000, 0x00000007a0000000, 0x00000007a5560000)
  from space 21824K,   0% used [0x00000007a6ab0000, 0x00000007a6ab74e0, 0x00000007a8000000)
  to   space 21824K,   0% used [0x00000007a5560000, 0x00000007a5560000, 0x00000007a6ab0000)
 concurrent mark-sweep generation total 393216K, used 70435K [0x00000007a8000000, 0x00000007c0000000, 0x00000007c0000000)
 Metaspace       used 43675K, capacity 44854K, committed 45060K, reserved 1089536K
  class space    used 5278K, capacity 5557K, committed 5676K, reserved 1048576K
}
2022-08-10T08:27:56.194-0500: 2540665.581: Total time for which application threads were stopped: 0.0718394 seconds, Stopping threads took: 0.0034515 seconds
{Heap before GC invocations=269 (full 1):
 par new generation   total 109248K, used 87453K [0x00000007a0000000, 0x00000007a8000000, 0x00000007a8000000)
  eden space 87424K, 100% used [0x00000007a0000000, 0x00000007a5560000, 0x00000007a5560000)
  from space 21824K,   0% used [0x00000007a6ab0000, 0x00000007a6ab74e0, 0x00000007a8000000)
  to   space 21824K,   0% used [0x00000007a5560000, 0x00000007a5560000, 0x00000007a6ab0000)
 concurrent mark-sweep generation total 393216K, used 70435K [0x00000007a8000000, 0x00000007c0000000, 0x00000007c0000000)
 Metaspace       used 43675K, capacity 44854K, committed 45060K, reserved 1089536K
  class space    used 5278K, capacity 5557K, committed 5676K, reserved 1048576K
2022-08-10T12:47:54.890-0500: 2553752.409: [GC (Allocation Failure) 2022-08-10T12:47:54.893-0500: 2553752.410: [ParNew
Desired survivor size 20112992 bytes, new threshold 8 (max 8)
- age   1:      24912 bytes,      24912 total
: 87453K->30K(109248K), 0.1715338 secs] 157888K->70465K(502464K), 0.1764295 secs] [Times: user=0.17 sys=0.11, real=0.17 secs] 
Heap after GC invocations=270 (full 1):
 par new generation   total 109248K, used 30K [0x00000007a0000000, 0x00000007a8000000, 0x00000007a8000000)
  eden space 87424K,   0% used [0x00000007a0000000, 0x00000007a0000000, 0x00000007a5560000)
  from space 21824K,   0% used [0x00000007a5560000, 0x00000007a55678f0, 0x00000007a6ab0000)
  to   space 21824K,   0% used [0x00000007a6ab0000, 0x00000007a6ab0000, 0x00000007a8000000)
 concurrent mark-sweep generation total 393216K, used 70435K [0x00000007a8000000, 0x00000007c0000000, 0x00000007c0000000)
 Metaspace       used 43675K, capacity 44854K, committed 45060K, reserved 1089536K
  class space    used 5278K, capacity 5557K, committed 5676K, reserved 1048576K
}
2022-08-10T12:47:55.067-0500: 2553752.585: Total time for which application threads were stopped: 0.2394960 seconds, Stopping threads took: 0.0125813 seconds
{Heap before GC invocations=270 (full 1):
 par new generation   total 109248K, used 87454K [0x00000007a0000000, 0x00000007a8000000, 0x00000007a8000000)
  eden space 87424K, 100% used [0x00000007a0000000, 0x00000007a5560000, 0x00000007a5560000)
  from space 21824K,   0% used [0x00000007a5560000, 0x00000007a55678f0, 0x00000007a6ab0000)
  to   space 21824K,   0% used [0x00000007a6ab0000, 0x00000007a6ab0000, 0x00000007a8000000)
 concurrent mark-sweep generation total 393216K, used 70435K [0x00000007a8000000, 0x00000007c0000000, 0x00000007c0000000)
 Metaspace       used 43675K, capacity 44854K, committed 45060K, reserved 1089536K
  class space    used 5278K, capacity 5557K, committed 5676K, reserved 1048576K
2022-08-10T22:47:39.373-0500: 2566838.524: [GC (Allocation Failure) 2022-08-10T22:47:39.375-0500: 2566838.526: [ParNew
Desired survivor size 20112992 bytes, new threshold 8 (max 8)
- age   1:      16224 bytes,      16224 total
: 87454K->29K(109248K), 0.0547739 secs] 157889K->70465K(502464K), 0.0568598 secs] [Times: user=0.08 sys=0.04, real=0.06 secs] 
Heap after GC invocations=271 (full 1):
 par new generation   total 109248K, used 29K [0x00000007a0000000, 0x00000007a8000000, 0x00000007a8000000)
  eden space 87424K,   0% used [0x00000007a0000000, 0x00000007a0000000, 0x00000007a5560000)
  from space 21824K,   0% used [0x00000007a6ab0000, 0x00000007a6ab77d0, 0x00000007a8000000)
  to   space 21824K,   0% used [0x00000007a5560000, 0x00000007a5560000, 0x00000007a6ab0000)
 concurrent mark-sweep generation total 393216K, used 70435K [0x00000007a8000000, 0x00000007c0000000, 0x00000007c0000000)
 Metaspace       used 43675K, capacity 44854K, committed 45060K, reserved 1089536K
  class space    used 5278K, capacity 5557K, committed 5676K, reserved 1048576K
}
2022-08-10T22:47:39.430-0500: 2566838.581: Total time for which application threads were stopped: 0.0852790 seconds, Stopping threads took: 0.0046953 seconds
{Heap before GC invocations=271 (full 1):
 par new generation   total 109248K, used 87453K [0x00000007a0000000, 0x00000007a8000000, 0x00000007a8000000)
  eden space 87424K, 100% used [0x00000007a0000000, 0x00000007a5560000, 0x00000007a5560000)
  from space 21824K,   0% used [0x00000007a6ab0000, 0x00000007a6ab77d0, 0x00000007a8000000)
  to   space 21824K,   0% used [0x00000007a5560000, 0x00000007a5560000, 0x00000007a6ab0000)
 concurrent mark-sweep generation total 393216K, used 70435K [0x00000007a8000000, 0x00000007c0000000, 0x00000007c0000000)
 Metaspace       used 43675K, capacity 44854K, committed 45060K, reserved 1089536K
  class space    used 5278K, capacity 5557K, committed 5676K, reserved 1048576K
2022-08-11T02:45:54.041-0500: 2579992.099: [GC (Allocation Failure) 2022-08-11T02:45:54.043-0500: 2579992.101: [ParNew
Desired survivor size 20112992 bytes, new threshold 8 (max 8)
- age   1:      15920 bytes,      15920 total
: 87453K->22K(109248K), 0.0923330 secs] 157889K->70457K(502464K), 0.0950130 secs] [Times: user=0.10 sys=0.07, real=0.09 secs] 
Heap after GC invocations=272 (full 1):
 par new generation   total 109248K, used 22K [0x00000007a0000000, 0x00000007a8000000, 0x00000007a8000000)
  eden space 87424K,   0% used [0x00000007a0000000, 0x00000007a0000000, 0x00000007a5560000)
  from space 21824K,   0% used [0x00000007a5560000, 0x00000007a55658b0, 0x00000007a6ab0000)
  to   space 21824K,   0% used [0x00000007a6ab0000, 0x00000007a6ab0000, 0x00000007a8000000)
 concurrent mark-sweep generation total 393216K, used 70435K [0x00000007a8000000, 0x00000007c0000000, 0x00000007c0000000)
 Metaspace       used 43675K, capacity 44854K, committed 45060K, reserved 1089536K
  class space    used 5278K, capacity 5557K, committed 5676K, reserved 1048576K
}
2022-08-11T02:45:54.136-0500: 2579992.194: Total time for which application threads were stopped: 0.1344252 seconds, Stopping threads took: 0.0045957 seconds
{Heap before GC invocations=272 (full 1):
 par new generation   total 109248K, used 87446K [0x00000007a0000000, 0x00000007a8000000, 0x00000007a8000000)
  eden space 87424K, 100% used [0x00000007a0000000, 0x00000007a5560000, 0x00000007a5560000)
  from space 21824K,   0% used [0x00000007a5560000, 0x00000007a55658b0, 0x00000007a6ab0000)
  to   space 21824K,   0% used [0x00000007a6ab0000, 0x00000007a6ab0000, 0x00000007a8000000)
 concurrent mark-sweep generation total 393216K, used 70435K [0x00000007a8000000, 0x00000007c0000000, 0x00000007c0000000)
 Metaspace       used 43675K, capacity 44854K, committed 45060K, reserved 1089536K
  class space    used 5278K, capacity 5557K, committed 5676K, reserved 1048576K
2022-08-11T16:20:48.724-0500: 2593078.189: [GC (Allocation Failure) 2022-08-11T16:20:48.727-0500: 2593078.191: [ParNew
Desired survivor size 20112992 bytes, new threshold 8 (max 8)
- age   1:      29360 bytes,      29360 total
: 87446K->34K(109248K), 0.0604358 secs] 157881K->70469K(502464K), 0.0629390 secs] [Times: user=0.07 sys=0.05, real=0.06 secs] 
Heap after GC invocations=273 (full 1):
 par new generation   total 109248K, used 34K [0x00000007a0000000, 0x00000007a8000000, 0x00000007a8000000)
  eden space 87424K,   0% used [0x00000007a0000000, 0x00000007a0000000, 0x00000007a5560000)
  from space 21824K,   0% used [0x00000007a6ab0000, 0x00000007a6ab8910, 0x00000007a8000000)
  to   space 21824K,   0% used [0x00000007a5560000, 0x00000007a5560000, 0x00000007a6ab0000)
 concurrent mark-sweep generation total 393216K, used 70435K [0x00000007a8000000, 0x00000007c0000000, 0x00000007c0000000)
 Metaspace       used 43675K, capacity 44854K, committed 45060K, reserved 1089536K
  class space    used 5278K, capacity 5557K, committed 5676K, reserved 1048576K
}
2022-08-11T16:20:48.788-0500: 2593078.252: Total time for which application threads were stopped: 0.0942755 seconds, Stopping threads took: 0.0017914 seconds
{Heap before GC invocations=273 (full 1):
 par new generation   total 109248K, used 87458K [0x00000007a0000000, 0x00000007a8000000, 0x00000007a8000000)
  eden space 87424K, 100% used [0x00000007a0000000, 0x00000007a5560000, 0x00000007a5560000)
  from space 21824K,   0% used [0x00000007a6ab0000, 0x00000007a6ab8910, 0x00000007a8000000)
  to   space 21824K,   0% used [0x00000007a5560000, 0x00000007a5560000, 0x00000007a6ab0000)
 concurrent mark-sweep generation total 393216K, used 70435K [0x00000007a8000000, 0x00000007c0000000, 0x00000007c0000000)
 Metaspace       used 43675K, capacity 44854K, committed 45060K, reserved 1089536K
  class space    used 5278K, capacity 5557K, committed 5676K, reserved 1048576K
2022-08-11T23:36:39.364-0500: 2606163.487: [GC (Allocation Failure) 2022-08-11T23:36:39.365-0500: 2606163.488: [ParNew
Desired survivor size 20112992 bytes, new threshold 8 (max 8)
- age   1:       1760 bytes,       1760 total
: 87458K->23K(109248K), 0.0516914 secs] 157893K->70459K(502464K), 0.0532544 secs] [Times: user=0.07 sys=0.04, real=0.05 secs] 
Heap after GC invocations=274 (full 1):
 par new generation   total 109248K, used 23K [0x00000007a0000000, 0x00000007a8000000, 0x00000007a8000000)
  eden space 87424K,   0% used [0x00000007a0000000, 0x00000007a0000000, 0x00000007a5560000)
  from space 21824K,   0% used [0x00000007a5560000, 0x00000007a5565de0, 0x00000007a6ab0000)
  to   space 21824K,   0% used [0x00000007a6ab0000, 0x00000007a6ab0000, 0x00000007a8000000)
 concurrent mark-sweep generation total 393216K, used 70435K [0x00000007a8000000, 0x00000007c0000000, 0x00000007c0000000)
 Metaspace       used 43675K, capacity 44854K, committed 45060K, reserved 1089536K
  class space    used 5278K, capacity 5557K, committed 5676K, reserved 1048576K
}
2022-08-11T23:36:39.417-0500: 2606163.540: Total time for which application threads were stopped: 0.0677496 seconds, Stopping threads took: 0.0014584 seconds
{Heap before GC invocations=274 (full 1):
 par new generation   total 109248K, used 87447K [0x00000007a0000000, 0x00000007a8000000, 0x00000007a8000000)
  eden space 87424K, 100% used [0x00000007a0000000, 0x00000007a5560000, 0x00000007a5560000)
  from space 21824K,   0% used [0x00000007a5560000, 0x00000007a5565de0, 0x00000007a6ab0000)
  to   space 21824K,   0% used [0x00000007a6ab0000, 0x00000007a6ab0000, 0x00000007a8000000)
 concurrent mark-sweep generation total 393216K, used 70435K [0x00000007a8000000, 0x00000007c0000000, 0x00000007c0000000)
 Metaspace       used 43675K, capacity 44854K, committed 45060K, reserved 1089536K
  class space    used 5278K, capacity 5557K, committed 5676K, reserved 1048576K
2022-08-12T22:29:19.018-0500: 2619309.093: [GC (Allocation Failure) 2022-08-12T22:29:19.019-0500: 2619309.094: [ParNew
Desired survivor size 20112992 bytes, new threshold 8 (max 8)
- age   1:      16208 bytes,      16208 total
: 87447K->20K(109248K), 0.0533559 secs] 157883K->70455K(502464K), 0.0545852 secs] [Times: user=0.07 sys=0.05, real=0.06 secs] 
Heap after GC invocations=275 (full 1):
 par new generation   total 109248K, used 20K [0x00000007a0000000, 0x00000007a8000000, 0x00000007a8000000)
  eden space 87424K,   0% used [0x00000007a0000000, 0x00000007a0000000, 0x00000007a5560000)
  from space 21824K,   0% used [0x00000007a6ab0000, 0x00000007a6ab50a0, 0x00000007a8000000)
  to   space 21824K,   0% used [0x00000007a5560000, 0x00000007a5560000, 0x00000007a6ab0000)
 concurrent mark-sweep generation total 393216K, used 70435K [0x00000007a8000000, 0x00000007c0000000, 0x00000007c0000000)
 Metaspace       used 43675K, capacity 44854K, committed 45060K, reserved 1089536K
  class space    used 5278K, capacity 5557K, committed 5676K, reserved 1048576K
}
2022-08-12T22:29:19.073-0500: 2619309.148: Total time for which application threads were stopped: 0.0796624 seconds, Stopping threads took: 0.0018792 seconds
{Heap before GC invocations=275 (full 1):
 par new generation   total 109248K, used 87444K [0x00000007a0000000, 0x00000007a8000000, 0x00000007a8000000)
  eden space 87424K, 100% used [0x00000007a0000000, 0x00000007a5560000, 0x00000007a5560000)
  from space 21824K,   0% used [0x00000007a6ab0000, 0x00000007a6ab50a0, 0x00000007a8000000)
  to   space 21824K,   0% used [0x00000007a5560000, 0x00000007a5560000, 0x00000007a6ab0000)
 concurrent mark-sweep generation total 393216K, used 70435K [0x00000007a8000000, 0x00000007c0000000, 0x00000007c0000000)
 Metaspace       used 43675K, capacity 44854K, committed 45060K, reserved 1089536K
  class space    used 5278K, capacity 5557K, committed 5676K, reserved 1048576K
2022-08-13T04:00:18.880-0500: 2632394.210: [GC (Allocation Failure) 2022-08-13T04:00:18.883-0500: 2632394.213: [ParNew
Desired survivor size 20112992 bytes, new threshold 8 (max 8)
- age   1:      29480 bytes,      29480 total
: 87444K->40K(109248K), 0.0504651 secs] 157879K->70475K(502464K), 0.0541678 secs] [Times: user=0.07 sys=0.05, real=0.05 secs] 
Heap after GC invocations=276 (full 1):
 par new generation   total 109248K, used 40K [0x00000007a0000000, 0x00000007a8000000, 0x00000007a8000000)
  eden space 87424K,   0% used [0x00000007a0000000, 0x00000007a0000000, 0x00000007a5560000)
  from space 21824K,   0% used [0x00000007a5560000, 0x00000007a556a0e0, 0x00000007a6ab0000)
  to   space 21824K,   0% used [0x00000007a6ab0000, 0x00000007a6ab0000, 0x00000007a8000000)
 concurrent mark-sweep generation total 393216K, used 70435K [0x00000007a8000000, 0x00000007c0000000, 0x00000007c0000000)
 Metaspace       used 43675K, capacity 44854K, committed 45060K, reserved 1089536K
  class space    used 5278K, capacity 5557K, committed 5676K, reserved 1048576K
}
2022-08-13T04:00:18.935-0500: 2632394.264: Total time for which application threads were stopped: 0.0740405 seconds, Stopping threads took: 0.0015403 seconds
{Heap before GC invocations=276 (full 1):
 par new generation   total 109248K, used 87464K [0x00000007a0000000, 0x00000007a8000000, 0x00000007a8000000)
  eden space 87424K, 100% used [0x00000007a0000000, 0x00000007a5560000, 0x00000007a5560000)
  from space 21824K,   0% used [0x00000007a5560000, 0x00000007a556a0e0, 0x00000007a6ab0000)
  to   space 21824K,   0% used [0x00000007a6ab0000, 0x00000007a6ab0000, 0x00000007a8000000)
 concurrent mark-sweep generation total 393216K, used 70435K [0x00000007a8000000, 0x00000007c0000000, 0x00000007c0000000)
 Metaspace       used 43675K, capacity 44854K, committed 45060K, reserved 1089536K
  class space    used 5278K, capacity 5557K, committed 5676K, reserved 1048576K
2022-08-13T20:08:09.685-0500: 2645540.206: [GC (Allocation Failure) 2022-08-13T20:08:09.687-0500: 2645540.207: [ParNew
Desired survivor size 20112992 bytes, new threshold 8 (max 8)
- age   1:       8224 bytes,       8224 total
: 87464K->17K(109248K), 0.0604411 secs] 157899K->70453K(502464K), 0.0621042 secs] [Times: user=0.07 sys=0.04, real=0.06 secs] 
Heap after GC invocations=277 (full 1):
 par new generation   total 109248K, used 17K [0x00000007a0000000, 0x00000007a8000000, 0x00000007a8000000)
  eden space 87424K,   0% used [0x00000007a0000000, 0x00000007a0000000, 0x00000007a5560000)
  from space 21824K,   0% used [0x00000007a6ab0000, 0x00000007a6ab46c8, 0x00000007a8000000)
  to   space 21824K,   0% used [0x00000007a5560000, 0x00000007a5560000, 0x00000007a6ab0000)
 concurrent mark-sweep generation total 393216K, used 70435K [0x00000007a8000000, 0x00000007c0000000, 0x00000007c0000000)
 Metaspace       used 43675K, capacity 44854K, committed 45060K, reserved 1089536K
  class space    used 5278K, capacity 5557K, committed 5676K, reserved 1048576K
}
2022-08-13T20:08:09.748-0500: 2645540.268: Total time for which application threads were stopped: 0.0831028 seconds, Stopping threads took: 0.0027935 seconds
{Heap before GC invocations=277 (full 1):
 par new generation   total 109248K, used 87441K [0x00000007a0000000, 0x00000007a8000000, 0x00000007a8000000)
  eden space 87424K, 100% used [0x00000007a0000000, 0x00000007a5560000, 0x00000007a5560000)
  from space 21824K,   0% used [0x00000007a6ab0000, 0x00000007a6ab46c8, 0x00000007a8000000)
  to   space 21824K,   0% used [0x00000007a5560000, 0x00000007a5560000, 0x00000007a6ab0000)
 concurrent mark-sweep generation total 393216K, used 70435K [0x00000007a8000000, 0x00000007c0000000, 0x00000007c0000000)
 Metaspace       used 43675K, capacity 44854K, committed 45060K, reserved 1089536K
  class space    used 5278K, capacity 5557K, committed 5676K, reserved 1048576K
2022-08-14T01:27:25.770-0500: 2658625.274: [GC (Allocation Failure) 2022-08-14T01:27:25.772-0500: 2658625.276: [ParNew
Desired survivor size 20112992 bytes, new threshold 8 (max 8)
- age   1:      23408 bytes,      23408 total
: 87441K->30K(109248K), 0.0843727 secs] 157877K->70465K(502464K), 0.0870944 secs] [Times: user=0.10 sys=0.07, real=0.08 secs] 
Heap after GC invocations=278 (full 1):
 par new generation   total 109248K, used 30K [0x00000007a0000000, 0x00000007a8000000, 0x00000007a8000000)
  eden space 87424K,   0% used [0x00000007a0000000, 0x00000007a0000000, 0x00000007a5560000)
  from space 21824K,   0% used [0x00000007a5560000, 0x00000007a55678f0, 0x00000007a6ab0000)
  to   space 21824K,   0% used [0x00000007a6ab0000, 0x00000007a6ab0000, 0x00000007a8000000)
 concurrent mark-sweep generation total 393216K, used 70435K [0x00000007a8000000, 0x00000007c0000000, 0x00000007c0000000)
 Metaspace       used 43675K, capacity 44854K, committed 45060K, reserved 1089536K
  class space    used 5278K, capacity 5557K, committed 5676K, reserved 1048576K
}
2022-08-14T01:27:25.857-0500: 2658625.361: Total time for which application threads were stopped: 0.1243359 seconds, Stopping threads took: 0.0039509 seconds
{Heap before GC invocations=278 (full 1):
 par new generation   total 109248K, used 87454K [0x00000007a0000000, 0x00000007a8000000, 0x00000007a8000000)
  eden space 87424K, 100% used [0x00000007a0000000, 0x00000007a5560000, 0x00000007a5560000)
  from space 21824K,   0% used [0x00000007a5560000, 0x00000007a55678f0, 0x00000007a6ab0000)
  to   space 21824K,   0% used [0x00000007a6ab0000, 0x00000007a6ab0000, 0x00000007a8000000)
 concurrent mark-sweep generation total 393216K, used 70435K [0x00000007a8000000, 0x00000007c0000000, 0x00000007c0000000)
 Metaspace       used 43675K, capacity 44854K, committed 45060K, reserved 1089536K
  class space    used 5278K, capacity 5557K, committed 5676K, reserved 1048576K
2022-08-14T05:25:04.209-0500: 2671709.968: [GC (Allocation Failure) 2022-08-14T05:25:04.211-0500: 2671709.970: [ParNew
Desired survivor size 20112992 bytes, new threshold 8 (max 8)
- age   1:      29440 bytes,      29440 total
: 87454K->36K(109248K), 0.0513805 secs] 157889K->70472K(502464K), 0.0535642 secs] [Times: user=0.06 sys=0.05, real=0.06 secs] 
Heap after GC invocations=279 (full 1):
 par new generation   total 109248K, used 36K [0x00000007a0000000, 0x00000007a8000000, 0x00000007a8000000)
  eden space 87424K,   0% used [0x00000007a0000000, 0x00000007a0000000, 0x00000007a5560000)
  from space 21824K,   0% used [0x00000007a6ab0000, 0x00000007a6ab9330, 0x00000007a8000000)
  to   space 21824K,   0% used [0x00000007a5560000, 0x00000007a5560000, 0x00000007a6ab0000)
 concurrent mark-sweep generation total 393216K, used 70435K [0x00000007a8000000, 0x00000007c0000000, 0x00000007c0000000)
 Metaspace       used 43675K, capacity 44854K, committed 45060K, reserved 1089536K
  class space    used 5278K, capacity 5557K, committed 5676K, reserved 1048576K
}
2022-08-14T05:25:04.263-0500: 2671710.022: Total time for which application threads were stopped: 0.0738427 seconds, Stopping threads took: 0.0018151 seconds
{Heap before GC invocations=279 (full 1):
 par new generation   total 109248K, used 87460K [0x00000007a0000000, 0x00000007a8000000, 0x00000007a8000000)
  eden space 87424K, 100% used [0x00000007a0000000, 0x00000007a5560000, 0x00000007a5560000)
  from space 21824K,   0% used [0x00000007a6ab0000, 0x00000007a6ab9330, 0x00000007a8000000)
  to   space 21824K,   0% used [0x00000007a5560000, 0x00000007a5560000, 0x00000007a6ab0000)
 concurrent mark-sweep generation total 393216K, used 70435K [0x00000007a8000000, 0x00000007c0000000, 0x00000007c0000000)
 Metaspace       used 43675K, capacity 44854K, committed 45060K, reserved 1089536K
  class space    used 5278K, capacity 5557K, committed 5676K, reserved 1048576K
2022-08-14T17:21:04.742-0500: 2684853.568: [GC (Allocation Failure) 2022-08-14T17:21:04.744-0500: 2684853.569: [ParNew
Desired survivor size 20112992 bytes, new threshold 8 (max 8)
- age   1:       7960 bytes,       7960 total
: 87460K->30K(109248K), 0.0499039 secs] 157896K->70465K(502464K), 0.0517939 secs] [Times: user=0.07 sys=0.05, real=0.05 secs] 
Heap after GC invocations=280 (full 1):
 par new generation   total 109248K, used 30K [0x00000007a0000000, 0x00000007a8000000, 0x00000007a8000000)
  eden space 87424K,   0% used [0x00000007a0000000, 0x00000007a0000000, 0x00000007a5560000)
  from space 21824K,   0% used [0x00000007a5560000, 0x00000007a5567850, 0x00000007a6ab0000)
  to   space 21824K,   0% used [0x00000007a6ab0000, 0x00000007a6ab0000, 0x00000007a8000000)
 concurrent mark-sweep generation total 393216K, used 70435K [0x00000007a8000000, 0x00000007c0000000, 0x00000007c0000000)
 Metaspace       used 43675K, capacity 44854K, committed 45060K, reserved 1089536K
  class space    used 5278K, capacity 5557K, committed 5676K, reserved 1048576K
}
2022-08-14T17:21:04.794-0500: 2684853.619: Total time for which application threads were stopped: 0.0626697 seconds, Stopping threads took: 0.0011190 seconds
{Heap before GC invocations=280 (full 1):
 par new generation   total 109248K, used 87454K [0x00000007a0000000, 0x00000007a8000000, 0x00000007a8000000)
  eden space 87424K, 100% used [0x00000007a0000000, 0x00000007a5560000, 0x00000007a5560000)
  from space 21824K,   0% used [0x00000007a5560000, 0x00000007a5567850, 0x00000007a6ab0000)
  to   space 21824K,   0% used [0x00000007a6ab0000, 0x00000007a6ab0000, 0x00000007a8000000)
 concurrent mark-sweep generation total 393216K, used 70435K [0x00000007a8000000, 0x00000007c0000000, 0x00000007c0000000)
 Metaspace       used 43675K, capacity 44854K, committed 45060K, reserved 1089536K
  class space    used 5278K, capacity 5557K, committed 5676K, reserved 1048576K
2022-08-14T23:29:07.840-0500: 2697937.633: [GC (Allocation Failure) 2022-08-14T23:29:07.841-0500: 2697937.634: [ParNew
Desired survivor size 20112992 bytes, new threshold 8 (max 8)
- age   1:      29216 bytes,      29216 total
: 87454K->34K(109248K), 0.0297398 secs] 157889K->70469K(502464K), 0.0309365 secs] [Times: user=0.04 sys=0.03, real=0.03 secs] 
Heap after GC invocations=281 (full 1):
 par new generation   total 109248K, used 34K [0x00000007a0000000, 0x00000007a8000000, 0x00000007a8000000)
  eden space 87424K,   0% used [0x00000007a0000000, 0x00000007a0000000, 0x00000007a5560000)
  from space 21824K,   0% used [0x00000007a6ab0000, 0x00000007a6ab8910, 0x00000007a8000000)
  to   space 21824K,   0% used [0x00000007a5560000, 0x00000007a5560000, 0x00000007a6ab0000)
 concurrent mark-sweep generation total 393216K, used 70435K [0x00000007a8000000, 0x00000007c0000000, 0x00000007c0000000)
 Metaspace       used 43675K, capacity 44854K, committed 45060K, reserved 1089536K
  class space    used 5278K, capacity 5557K, committed 5676K, reserved 1048576K
}
2022-08-14T23:29:07.871-0500: 2697937.664: Total time for which application threads were stopped: 0.0413615 seconds, Stopping threads took: 0.0005834 seconds
{Heap before GC invocations=281 (full 1):
 par new generation   total 109248K, used 87458K [0x00000007a0000000, 0x00000007a8000000, 0x00000007a8000000)
  eden space 87424K, 100% used [0x00000007a0000000, 0x00000007a5560000, 0x00000007a5560000)
  from space 21824K,   0% used [0x00000007a6ab0000, 0x00000007a6ab8910, 0x00000007a8000000)
  to   space 21824K,   0% used [0x00000007a5560000, 0x00000007a5560000, 0x00000007a6ab0000)
 concurrent mark-sweep generation total 393216K, used 70435K [0x00000007a8000000, 0x00000007c0000000, 0x00000007c0000000)
 Metaspace       used 43675K, capacity 44854K, committed 45060K, reserved 1089536K
  class space    used 5278K, capacity 5557K, committed 5676K, reserved 1048576K
2022-08-15T18:59:55.850-0500: 2711022.027: [GC (Allocation Failure) 2022-08-15T18:59:55.852-0500: 2711022.028: [ParNew
Desired survivor size 20112992 bytes, new threshold 8 (max 8)
- age   1:       1952 bytes,       1952 total
: 87458K->23K(109248K), 0.0242642 secs] 157893K->70458K(502464K), 0.0259254 secs] [Times: user=0.03 sys=0.03, real=0.02 secs] 
Heap after GC invocations=282 (full 1):
 par new generation   total 109248K, used 23K [0x00000007a0000000, 0x00000007a8000000, 0x00000007a8000000)
  eden space 87424K,   0% used [0x00000007a0000000, 0x00000007a0000000, 0x00000007a5560000)
  from space 21824K,   0% used [0x00000007a5560000, 0x00000007a5565cc0, 0x00000007a6ab0000)
  to   space 21824K,   0% used [0x00000007a6ab0000, 0x00000007a6ab0000, 0x00000007a8000000)
 concurrent mark-sweep generation total 393216K, used 70435K [0x00000007a8000000, 0x00000007c0000000, 0x00000007c0000000)
 Metaspace       used 43675K, capacity 44854K, committed 45060K, reserved 1089536K
  class space    used 5278K, capacity 5557K, committed 5676K, reserved 1048576K
}
2022-08-15T18:59:55.876-0500: 2711022.053: Total time for which application threads were stopped: 0.0356778 seconds, Stopping threads took: 0.0014871 seconds
{Heap before GC invocations=282 (full 1):
 par new generation   total 109248K, used 87446K [0x00000007a0000000, 0x00000007a8000000, 0x00000007a8000000)
  eden space 87424K,  99% used [0x00000007a0000000, 0x00000007a555fe60, 0x00000007a5560000)
  from space 21824K,   0% used [0x00000007a5560000, 0x00000007a5565cc0, 0x00000007a6ab0000)
  to   space 21824K,   0% used [0x00000007a6ab0000, 0x00000007a6ab0000, 0x00000007a8000000)
 concurrent mark-sweep generation total 393216K, used 70435K [0x00000007a8000000, 0x00000007c0000000, 0x00000007c0000000)
 Metaspace       used 43675K, capacity 44854K, committed 45060K, reserved 1089536K
  class space    used 5278K, capacity 5557K, committed 5676K, reserved 1048576K
2022-08-16T15:10:58.448-0500: 2724166.182: [GC (Allocation Failure) 2022-08-16T15:10:58.449-0500: 2724166.183: [ParNew
Desired survivor size 20112992 bytes, new threshold 8 (max 8)
- age   1:      25168 bytes,      25168 total
: 87446K->30K(109248K), 0.0354980 secs] 157882K->70465K(502464K), 0.0369879 secs] [Times: user=0.04 sys=0.04, real=0.04 secs] 
Heap after GC invocations=283 (full 1):
 par new generation   total 109248K, used 30K [0x00000007a0000000, 0x00000007a8000000, 0x00000007a8000000)
  eden space 87424K,   0% used [0x00000007a0000000, 0x00000007a0000000, 0x00000007a5560000)
  from space 21824K,   0% used [0x00000007a6ab0000, 0x00000007a6ab78f0, 0x00000007a8000000)
  to   space 21824K,   0% used [0x00000007a5560000, 0x00000007a5560000, 0x00000007a6ab0000)
 concurrent mark-sweep generation total 393216K, used 70435K [0x00000007a8000000, 0x00000007c0000000, 0x00000007c0000000)
 Metaspace       used 43675K, capacity 44854K, committed 45060K, reserved 1089536K
  class space    used 5278K, capacity 5557K, committed 5676K, reserved 1048576K
}
2022-08-16T15:10:58.485-0500: 2724166.219: Total time for which application threads were stopped: 0.0453717 seconds, Stopping threads took: 0.0004988 seconds
{Heap before GC invocations=283 (full 1):
 par new generation   total 109248K, used 87454K [0x00000007a0000000, 0x00000007a8000000, 0x00000007a8000000)
  eden space 87424K, 100% used [0x00000007a0000000, 0x00000007a5560000, 0x00000007a5560000)
  from space 21824K,   0% used [0x00000007a6ab0000, 0x00000007a6ab78f0, 0x00000007a8000000)
  to   space 21824K,   0% used [0x00000007a5560000, 0x00000007a5560000, 0x00000007a6ab0000)
 concurrent mark-sweep generation total 393216K, used 70435K [0x00000007a8000000, 0x00000007c0000000, 0x00000007c0000000)
 Metaspace       used 43675K, capacity 44854K, committed 45060K, reserved 1089536K
  class space    used 5278K, capacity 5557K, committed 5676K, reserved 1048576K
2022-08-16T19:43:11.624-0500: 2737249.988: [GC (Allocation Failure) 2022-08-16T19:43:11.625-0500: 2737249.989: [ParNew
Desired survivor size 20112992 bytes, new threshold 8 (max 8)
- age   1:      29480 bytes,      29480 total
: 87454K->44K(109248K), 0.0472498 secs] 157889K->70480K(502464K), 0.0494401 secs] [Times: user=0.07 sys=0.04, real=0.05 secs] 
Heap after GC invocations=284 (full 1):
 par new generation   total 109248K, used 44K [0x00000007a0000000, 0x00000007a8000000, 0x00000007a8000000)
  eden space 87424K,   0% used [0x00000007a0000000, 0x00000007a0000000, 0x00000007a5560000)
  from space 21824K,   0% used [0x00000007a5560000, 0x00000007a556b370, 0x00000007a6ab0000)
  to   space 21824K,   0% used [0x00000007a6ab0000, 0x00000007a6ab0000, 0x00000007a8000000)
 concurrent mark-sweep generation total 393216K, used 70435K [0x00000007a8000000, 0x00000007c0000000, 0x00000007c0000000)
 Metaspace       used 43675K, capacity 44854K, committed 45060K, reserved 1089536K
  class space    used 5278K, capacity 5557K, committed 5676K, reserved 1048576K
}
2022-08-16T19:43:11.673-0500: 2737250.037: Total time for which application threads were stopped: 0.0624124 seconds, Stopping threads took: 0.0005343 seconds
{Heap before GC invocations=284 (full 1):
 par new generation   total 109248K, used 87468K [0x00000007a0000000, 0x00000007a8000000, 0x00000007a8000000)
  eden space 87424K, 100% used [0x00000007a0000000, 0x00000007a5560000, 0x00000007a5560000)
  from space 21824K,   0% used [0x00000007a5560000, 0x00000007a556b370, 0x00000007a6ab0000)
  to   space 21824K,   0% used [0x00000007a6ab0000, 0x00000007a6ab0000, 0x00000007a8000000)
 concurrent mark-sweep generation total 393216K, used 70435K [0x00000007a8000000, 0x00000007c0000000, 0x00000007c0000000)
 Metaspace       used 43675K, capacity 44854K, committed 45060K, reserved 1089536K
  class space    used 5278K, capacity 5557K, committed 5676K, reserved 1048576K
2022-08-17T18:48:55.132-0500: 2750394.063: [GC (Allocation Failure) 2022-08-17T18:48:55.134-0500: 2750394.065: [ParNew
Desired survivor size 20112992 bytes, new threshold 8 (max 8)
- age   1:       4776 bytes,       4776 total
: 87468K->15K(109248K), 0.0540993 secs] 157904K->70450K(502464K), 0.0561843 secs] [Times: user=0.08 sys=0.05, real=0.05 secs] 
Heap after GC invocations=285 (full 1):
 par new generation   total 109248K, used 15K [0x00000007a0000000, 0x00000007a8000000, 0x00000007a8000000)
  eden space 87424K,   0% used [0x00000007a0000000, 0x00000007a0000000, 0x00000007a5560000)
  from space 21824K,   0% used [0x00000007a6ab0000, 0x00000007a6ab3cc8, 0x00000007a8000000)
  to   space 21824K,   0% used [0x00000007a5560000, 0x00000007a5560000, 0x00000007a6ab0000)
 concurrent mark-sweep generation total 393216K, used 70435K [0x00000007a8000000, 0x00000007c0000000, 0x00000007c0000000)
 Metaspace       used 43675K, capacity 44854K, committed 45060K, reserved 1089536K
  class space    used 5278K, capacity 5557K, committed 5676K, reserved 1048576K
}
2022-08-17T18:48:55.188-0500: 2750394.120: Total time for which application threads were stopped: 0.0713430 seconds, Stopping threads took: 0.0023399 seconds
{Heap before GC invocations=285 (full 1):
 par new generation   total 109248K, used 87439K [0x00000007a0000000, 0x00000007a8000000, 0x00000007a8000000)
  eden space 87424K, 100% used [0x00000007a0000000, 0x00000007a5560000, 0x00000007a5560000)
  from space 21824K,   0% used [0x00000007a6ab0000, 0x00000007a6ab3cc8, 0x00000007a8000000)
  to   space 21824K,   0% used [0x00000007a5560000, 0x00000007a5560000, 0x00000007a6ab0000)
 concurrent mark-sweep generation total 393216K, used 70435K [0x00000007a8000000, 0x00000007c0000000, 0x00000007c0000000)
 Metaspace       used 43675K, capacity 44854K, committed 45060K, reserved 1089536K
  class space    used 5278K, capacity 5557K, committed 5676K, reserved 1048576K
2022-08-18T11:39:29.876-0500: 2763478.018: [GC (Allocation Failure) 2022-08-18T11:39:29.877-0500: 2763478.020: [ParNew
Desired survivor size 20112992 bytes, new threshold 8 (max 8)
- age   1:      23112 bytes,      23112 total
: 87439K->28K(109248K), 0.0297232 secs] 157874K->70463K(502464K), 0.0313592 secs] [Times: user=0.05 sys=0.04, real=0.03 secs] 
Heap after GC invocations=286 (full 1):
 par new generation   total 109248K, used 28K [0x00000007a0000000, 0x00000007a8000000, 0x00000007a8000000)
  eden space 87424K,   0% used [0x00000007a0000000, 0x00000007a0000000, 0x00000007a5560000)
  from space 21824K,   0% used [0x00000007a5560000, 0x00000007a55670e0, 0x00000007a6ab0000)
  to   space 21824K,   0% used [0x00000007a6ab0000, 0x00000007a6ab0000, 0x00000007a8000000)
 concurrent mark-sweep generation total 393216K, used 70435K [0x00000007a8000000, 0x00000007c0000000, 0x00000007c0000000)
 Metaspace       used 43675K, capacity 44854K, committed 45060K, reserved 1089536K
  class space    used 5278K, capacity 5557K, committed 5676K, reserved 1048576K
}
2022-08-18T11:39:29.907-0500: 2763478.050: Total time for which application threads were stopped: 0.0412197 seconds, Stopping threads took: 0.0004639 seconds
{Heap before GC invocations=286 (full 1):
 par new generation   total 109248K, used 87452K [0x00000007a0000000, 0x00000007a8000000, 0x00000007a8000000)
  eden space 87424K, 100% used [0x00000007a0000000, 0x00000007a5560000, 0x00000007a5560000)
  from space 21824K,   0% used [0x00000007a5560000, 0x00000007a55670e0, 0x00000007a6ab0000)
  to   space 21824K,   0% used [0x00000007a6ab0000, 0x00000007a6ab0000, 0x00000007a8000000)
 concurrent mark-sweep generation total 393216K, used 70435K [0x00000007a8000000, 0x00000007c0000000, 0x00000007c0000000)
 Metaspace       used 43675K, capacity 44854K, committed 45060K, reserved 1089536K
  class space    used 5278K, capacity 5557K, committed 5676K, reserved 1048576K
2022-08-18T19:59:32.358-0500: 2776561.545: [GC (Allocation Failure) 2022-08-18T19:59:32.362-0500: 2776561.546: [ParNew
Desired survivor size 20112992 bytes, new threshold 8 (max 8)
- age   1:      29536 bytes,      29536 total
: 87452K->40K(109248K), 0.0295576 secs] 157887K->70475K(502464K), 0.0344164 secs] [Times: user=0.05 sys=0.03, real=0.04 secs] 
Heap after GC invocations=287 (full 1):
 par new generation   total 109248K, used 40K [0x00000007a0000000, 0x00000007a8000000, 0x00000007a8000000)
  eden space 87424K,   0% used [0x00000007a0000000, 0x00000007a0000000, 0x00000007a5560000)
  from space 21824K,   0% used [0x00000007a6ab0000, 0x00000007a6aba0e0, 0x00000007a8000000)
  to   space 21824K,   0% used [0x00000007a5560000, 0x00000007a5560000, 0x00000007a6ab0000)
 concurrent mark-sweep generation total 393216K, used 70435K [0x00000007a8000000, 0x00000007c0000000, 0x00000007c0000000)
 Metaspace       used 43675K, capacity 44854K, committed 45060K, reserved 1089536K
  class space    used 5278K, capacity 5557K, committed 5676K, reserved 1048576K
}
2022-08-18T19:59:32.392-0500: 2776561.576: Total time for which application threads were stopped: 0.0420410 seconds, Stopping threads took: 0.0004894 seconds
{Heap before GC invocations=287 (full 1):
 par new generation   total 109248K, used 87464K [0x00000007a0000000, 0x00000007a8000000, 0x00000007a8000000)
  eden space 87424K, 100% used [0x00000007a0000000, 0x00000007a5560000, 0x00000007a5560000)
  from space 21824K,   0% used [0x00000007a6ab0000, 0x00000007a6aba0e0, 0x00000007a8000000)
  to   space 21824K,   0% used [0x00000007a5560000, 0x00000007a5560000, 0x00000007a6ab0000)
 concurrent mark-sweep generation total 393216K, used 70435K [0x00000007a8000000, 0x00000007c0000000, 0x00000007c0000000)
 Metaspace       used 43675K, capacity 44854K, committed 45060K, reserved 1089536K
  class space    used 5278K, capacity 5557K, committed 5676K, reserved 1048576K
2022-08-19T02:10:35.405-0500: 2789706.139: [GC (Allocation Failure) 2022-08-19T02:10:35.406-0500: 2789706.140: [ParNew
Desired survivor size 20112992 bytes, new threshold 8 (max 8)
- age   1:       8680 bytes,       8680 total
: 87464K->22K(109248K), 0.0674939 secs] 157899K->70458K(502464K), 0.0691608 secs] [Times: user=0.09 sys=0.05, real=0.07 secs] 
Heap after GC invocations=288 (full 1):
 par new generation   total 109248K, used 22K [0x00000007a0000000, 0x00000007a8000000, 0x00000007a8000000)
  eden space 87424K,   0% used [0x00000007a0000000, 0x00000007a0000000, 0x00000007a5560000)
  from space 21824K,   0% used [0x00000007a5560000, 0x00000007a5565bb0, 0x00000007a6ab0000)
  to   space 21824K,   0% used [0x00000007a6ab0000, 0x00000007a6ab0000, 0x00000007a8000000)
 concurrent mark-sweep generation total 393216K, used 70435K [0x00000007a8000000, 0x00000007c0000000, 0x00000007c0000000)
 Metaspace       used 43675K, capacity 44854K, committed 45060K, reserved 1089536K
  class space    used 5278K, capacity 5557K, committed 5676K, reserved 1048576K
}
2022-08-19T02:10:35.474-0500: 2789706.208: Total time for which application threads were stopped: 0.0879618 seconds, Stopping threads took: 0.0031853 seconds
{Heap before GC invocations=288 (full 1):
 par new generation   total 109248K, used 87446K [0x00000007a0000000, 0x00000007a8000000, 0x00000007a8000000)
  eden space 87424K, 100% used [0x00000007a0000000, 0x00000007a5560000, 0x00000007a5560000)
  from space 21824K,   0% used [0x00000007a5560000, 0x00000007a5565bb0, 0x00000007a6ab0000)
  to   space 21824K,   0% used [0x00000007a6ab0000, 0x00000007a6ab0000, 0x00000007a8000000)
 concurrent mark-sweep generation total 393216K, used 70435K [0x00000007a8000000, 0x00000007c0000000, 0x00000007c0000000)
 Metaspace       used 43675K, capacity 44854K, committed 45060K, reserved 1089536K
  class space    used 5278K, capacity 5557K, committed 5676K, reserved 1048576K
2022-08-19T16:11:22.262-0500: 2802683.213: [GC (Allocation Failure) 2022-08-19T16:11:22.263-0500: 2802683.214: [ParNew
Desired survivor size 20112992 bytes, new threshold 8 (max 8)
- age   1:       1136 bytes,       1136 total
: 87446K->8K(109248K), 0.0560157 secs] 157882K->70443K(502464K), 0.0574787 secs] [Times: user=0.08 sys=0.05, real=0.05 secs] 
Heap after GC invocations=289 (full 1):
 par new generation   total 109248K, used 8K [0x00000007a0000000, 0x00000007a8000000, 0x00000007a8000000)
  eden space 87424K,   0% used [0x00000007a0000000, 0x00000007a0000000, 0x00000007a5560000)
  from space 21824K,   0% used [0x00000007a6ab0000, 0x00000007a6ab2040, 0x00000007a8000000)
  to   space 21824K,   0% used [0x00000007a5560000, 0x00000007a5560000, 0x00000007a6ab0000)
 concurrent mark-sweep generation total 393216K, used 70435K [0x00000007a8000000, 0x00000007c0000000, 0x00000007c0000000)
 Metaspace       used 43675K, capacity 44854K, committed 45060K, reserved 1089536K
  class space    used 5278K, capacity 5557K, committed 5676K, reserved 1048576K
}
2022-08-19T16:11:22.319-0500: 2802683.270: Total time for which application threads were stopped: 0.0682206 seconds, Stopping threads took: 0.0019717 seconds
{Heap before GC invocations=289 (full 1):
 par new generation   total 109248K, used 87432K [0x00000007a0000000, 0x00000007a8000000, 0x00000007a8000000)
  eden space 87424K, 100% used [0x00000007a0000000, 0x00000007a5560000, 0x00000007a5560000)
  from space 21824K,   0% used [0x00000007a6ab0000, 0x00000007a6ab2040, 0x00000007a8000000)
  to   space 21824K,   0% used [0x00000007a5560000, 0x00000007a5560000, 0x00000007a6ab0000)
 concurrent mark-sweep generation total 393216K, used 70435K [0x00000007a8000000, 0x00000007c0000000, 0x00000007c0000000)
 Metaspace       used 43675K, capacity 44854K, committed 45060K, reserved 1089536K
  class space    used 5278K, capacity 5557K, committed 5676K, reserved 1048576K
2022-08-19T22:49:33.206-0500: 2815813.991: [GC (Allocation Failure) 2022-08-19T22:49:33.206-0500: 2815813.991: [ParNew
Desired survivor size 20112992 bytes, new threshold 8 (max 8)
- age   1:      15976 bytes,      15976 total
: 87432K->22K(109248K), 0.0451862 secs] 157867K->70457K(502464K), 0.0463329 secs] [Times: user=0.06 sys=0.05, real=0.05 secs] 
Heap after GC invocations=290 (full 1):
 par new generation   total 109248K, used 22K [0x00000007a0000000, 0x00000007a8000000, 0x00000007a8000000)
  eden space 87424K,   0% used [0x00000007a0000000, 0x00000007a0000000, 0x00000007a5560000)
  from space 21824K,   0% used [0x00000007a5560000, 0x00000007a55658b0, 0x00000007a6ab0000)
  to   space 21824K,   0% used [0x00000007a6ab0000, 0x00000007a6ab0000, 0x00000007a8000000)
 concurrent mark-sweep generation total 393216K, used 70435K [0x00000007a8000000, 0x00000007c0000000, 0x00000007c0000000)
 Metaspace       used 43675K, capacity 44854K, committed 45060K, reserved 1089536K
  class space    used 5278K, capacity 5557K, committed 5676K, reserved 1048576K
}
2022-08-19T22:49:33.252-0500: 2815814.037: Total time for which application threads were stopped: 0.0634058 seconds, Stopping threads took: 0.0016399 seconds
{Heap before GC invocations=290 (full 1):
 par new generation   total 109248K, used 87446K [0x00000007a0000000, 0x00000007a8000000, 0x00000007a8000000)
  eden space 87424K, 100% used [0x00000007a0000000, 0x00000007a5560000, 0x00000007a5560000)
  from space 21824K,   0% used [0x00000007a5560000, 0x00000007a55658b0, 0x00000007a6ab0000)
  to   space 21824K,   0% used [0x00000007a6ab0000, 0x00000007a6ab0000, 0x00000007a8000000)
 concurrent mark-sweep generation total 393216K, used 70435K [0x00000007a8000000, 0x00000007c0000000, 0x00000007c0000000)
 Metaspace       used 43675K, capacity 44854K, committed 45060K, reserved 1089536K
  class space    used 5278K, capacity 5557K, committed 5676K, reserved 1048576K
2022-08-20T17:51:59.123-0500: 2828898.168: [GC (Allocation Failure) 2022-08-20T17:51:59.124-0500: 2828898.169: [ParNew
Desired survivor size 20112992 bytes, new threshold 8 (max 8)
- age   1:      29432 bytes,      29432 total
: 87446K->32K(109248K), 0.0516155 secs] 157881K->70467K(502464K), 0.0529051 secs] [Times: user=0.08 sys=0.04, real=0.05 secs] 
Heap after GC invocations=291 (full 1):
 par new generation   total 109248K, used 32K [0x00000007a0000000, 0x00000007a8000000, 0x00000007a8000000)
  eden space 87424K,   0% used [0x00000007a0000000, 0x00000007a0000000, 0x00000007a5560000)
  from space 21824K,   0% used [0x00000007a6ab0000, 0x00000007a6ab8100, 0x00000007a8000000)
  to   space 21824K,   0% used [0x00000007a5560000, 0x00000007a5560000, 0x00000007a6ab0000)
 concurrent mark-sweep generation total 393216K, used 70435K [0x00000007a8000000, 0x00000007c0000000, 0x00000007c0000000)
 Metaspace       used 43675K, capacity 44854K, committed 45060K, reserved 1089536K
  class space    used 5278K, capacity 5557K, committed 5676K, reserved 1048576K
}
2022-08-20T17:51:59.176-0500: 2828898.221: Total time for which application threads were stopped: 0.0703485 seconds, Stopping threads took: 0.0012492 seconds
{Heap before GC invocations=291 (full 1):
 par new generation   total 109248K, used 87456K [0x00000007a0000000, 0x00000007a8000000, 0x00000007a8000000)
  eden space 87424K, 100% used [0x00000007a0000000, 0x00000007a5560000, 0x00000007a5560000)
  from space 21824K,   0% used [0x00000007a6ab0000, 0x00000007a6ab8100, 0x00000007a8000000)
  to   space 21824K,   0% used [0x00000007a5560000, 0x00000007a5560000, 0x00000007a6ab0000)
 concurrent mark-sweep generation total 393216K, used 70435K [0x00000007a8000000, 0x00000007c0000000, 0x00000007c0000000)
 Metaspace       used 43675K, capacity 44854K, committed 45060K, reserved 1089536K
  class space    used 5278K, capacity 5557K, committed 5676K, reserved 1048576K
2022-08-21T05:58:57.105-0500: 2842042.504: [GC (Allocation Failure) 2022-08-21T05:58:57.106-0500: 2842042.505: [ParNew
Desired survivor size 20112992 bytes, new threshold 8 (max 8)
- age   1:       8168 bytes,       8168 total
: 87456K->28K(109248K), 0.0360915 secs] 157891K->70464K(502464K), 0.0383279 secs] [Times: user=0.04 sys=0.03, real=0.04 secs] 
Heap after GC invocations=292 (full 1):
 par new generation   total 109248K, used 28K [0x00000007a0000000, 0x00000007a8000000, 0x00000007a8000000)
  eden space 87424K,   0% used [0x00000007a0000000, 0x00000007a0000000, 0x00000007a5560000)
  from space 21824K,   0% used [0x00000007a5560000, 0x00000007a55673a0, 0x00000007a6ab0000)
  to   space 21824K,   0% used [0x00000007a6ab0000, 0x00000007a6ab0000, 0x00000007a8000000)
 concurrent mark-sweep generation total 393216K, used 70435K [0x00000007a8000000, 0x00000007c0000000, 0x00000007c0000000)
 Metaspace       used 43675K, capacity 44854K, committed 45060K, reserved 1089536K
  class space    used 5278K, capacity 5557K, committed 5676K, reserved 1048576K
}
2022-08-21T05:58:57.145-0500: 2842042.543: Total time for which application threads were stopped: 0.0487677 seconds, Stopping threads took: 0.0012749 seconds
{Heap before GC invocations=292 (full 1):
 par new generation   total 109248K, used 87452K [0x00000007a0000000, 0x00000007a8000000, 0x00000007a8000000)
  eden space 87424K, 100% used [0x00000007a0000000, 0x00000007a5560000, 0x00000007a5560000)
  from space 21824K,   0% used [0x00000007a5560000, 0x00000007a55673a0, 0x00000007a6ab0000)
  to   space 21824K,   0% used [0x00000007a6ab0000, 0x00000007a6ab0000, 0x00000007a8000000)
 concurrent mark-sweep generation total 393216K, used 70435K [0x00000007a8000000, 0x00000007c0000000, 0x00000007c0000000)
 Metaspace       used 43675K, capacity 44854K, committed 45060K, reserved 1089536K
  class space    used 5278K, capacity 5557K, committed 5676K, reserved 1048576K
2022-08-21T12:24:53.123-0500: 2855127.024: [GC (Allocation Failure) 2022-08-21T12:24:53.124-0500: 2855127.025: [ParNew
Desired survivor size 20112992 bytes, new threshold 8 (max 8)
- age   1:      23944 bytes,      23944 total
: 87452K->30K(109248K), 0.0396691 secs] 157888K->70465K(502464K), 0.0408094 secs] [Times: user=0.06 sys=0.04, real=0.04 secs] 
Heap after GC invocations=293 (full 1):
 par new generation   total 109248K, used 30K [0x00000007a0000000, 0x00000007a8000000, 0x00000007a8000000)
  eden space 87424K,   0% used [0x00000007a0000000, 0x00000007a0000000, 0x00000007a5560000)
  from space 21824K,   0% used [0x00000007a6ab0000, 0x00000007a6ab78f0, 0x00000007a8000000)
  to   space 21824K,   0% used [0x00000007a5560000, 0x00000007a5560000, 0x00000007a6ab0000)
 concurrent mark-sweep generation total 393216K, used 70435K [0x00000007a8000000, 0x00000007c0000000, 0x00000007c0000000)
 Metaspace       used 43675K, capacity 44854K, committed 45060K, reserved 1089536K
  class space    used 5278K, capacity 5557K, committed 5676K, reserved 1048576K
}
2022-08-21T12:24:53.164-0500: 2855127.065: Total time for which application threads were stopped: 0.0550890 seconds, Stopping threads took: 0.0013255 seconds
{Heap before GC invocations=293 (full 1):
 par new generation   total 109248K, used 87454K [0x00000007a0000000, 0x00000007a8000000, 0x00000007a8000000)
  eden space 87424K, 100% used [0x00000007a0000000, 0x00000007a5560000, 0x00000007a5560000)
  from space 21824K,   0% used [0x00000007a6ab0000, 0x00000007a6ab78f0, 0x00000007a8000000)
  to   space 21824K,   0% used [0x00000007a5560000, 0x00000007a5560000, 0x00000007a6ab0000)
 concurrent mark-sweep generation total 393216K, used 70435K [0x00000007a8000000, 0x00000007c0000000, 0x00000007c0000000)
 Metaspace       used 43675K, capacity 44854K, committed 45060K, reserved 1089536K
  class space    used 5278K, capacity 5557K, committed 5676K, reserved 1048576K
2022-08-21T22:40:34.157-0500: 2868211.518: [GC (Allocation Failure) 2022-08-21T22:40:34.158-0500: 2868211.519: [ParNew
Desired survivor size 20112992 bytes, new threshold 8 (max 8)
- age   1:      16272 bytes,      16272 total
: 87454K->33K(109248K), 0.0295478 secs] 157889K->70469K(502464K), 0.0313364 secs] [Times: user=0.04 sys=0.03, real=0.03 secs] 
Heap after GC invocations=294 (full 1):
 par new generation   total 109248K, used 33K [0x00000007a0000000, 0x00000007a8000000, 0x00000007a8000000)
  eden space 87424K,   0% used [0x00000007a0000000, 0x00000007a0000000, 0x00000007a5560000)
  from space 21824K,   0% used [0x00000007a5560000, 0x00000007a55686c0, 0x00000007a6ab0000)
  to   space 21824K,   0% used [0x00000007a6ab0000, 0x00000007a6ab0000, 0x00000007a8000000)
 concurrent mark-sweep generation total 393216K, used 70435K [0x00000007a8000000, 0x00000007c0000000, 0x00000007c0000000)
 Metaspace       used 43675K, capacity 44854K, committed 45060K, reserved 1089536K
  class space    used 5278K, capacity 5557K, committed 5676K, reserved 1048576K
}
2022-08-21T22:40:34.189-0500: 2868211.550: Total time for which application threads were stopped: 0.0386589 seconds, Stopping threads took: 0.0010370 seconds
{Heap before GC invocations=294 (full 1):
 par new generation   total 109248K, used 87457K [0x00000007a0000000, 0x00000007a8000000, 0x00000007a8000000)
  eden space 87424K, 100% used [0x00000007a0000000, 0x00000007a5560000, 0x00000007a5560000)
  from space 21824K,   0% used [0x00000007a5560000, 0x00000007a55686c0, 0x00000007a6ab0000)
  to   space 21824K,   0% used [0x00000007a6ab0000, 0x00000007a6ab0000, 0x00000007a8000000)
 concurrent mark-sweep generation total 393216K, used 70435K [0x00000007a8000000, 0x00000007c0000000, 0x00000007c0000000)
 Metaspace       used 43675K, capacity 44854K, committed 45060K, reserved 1089536K
  class space    used 5278K, capacity 5557K, committed 5676K, reserved 1048576K
2022-08-22T14:23:18.032-0500: 2881355.562: [GC (Allocation Failure) 2022-08-22T14:23:18.034-0500: 2881355.564: [ParNew
Desired survivor size 20112992 bytes, new threshold 8 (max 8)
- age   1:      14600 bytes,      14600 total
: 87457K->20K(109248K), 0.0253651 secs] 157893K->70455K(502464K), 0.0270192 secs] [Times: user=0.03 sys=0.04, real=0.02 secs] 
Heap after GC invocations=295 (full 1):
 par new generation   total 109248K, used 20K [0x00000007a0000000, 0x00000007a8000000, 0x00000007a8000000)
  eden space 87424K,   0% used [0x00000007a0000000, 0x00000007a0000000, 0x00000007a5560000)
  from space 21824K,   0% used [0x00000007a6ab0000, 0x00000007a6ab50a0, 0x00000007a8000000)
  to   space 21824K,   0% used [0x00000007a5560000, 0x00000007a5560000, 0x00000007a6ab0000)
 concurrent mark-sweep generation total 393216K, used 70435K [0x00000007a8000000, 0x00000007c0000000, 0x00000007c0000000)
 Metaspace       used 43675K, capacity 44854K, committed 45060K, reserved 1089536K
  class space    used 5278K, capacity 5557K, committed 5676K, reserved 1048576K
}
2022-08-22T14:23:18.059-0500: 2881355.590: Total time for which application threads were stopped: 0.0352648 seconds, Stopping threads took: 0.0004627 seconds
{Heap before GC invocations=295 (full 1):
 par new generation   total 109248K, used 87444K [0x00000007a0000000, 0x00000007a8000000, 0x00000007a8000000)
  eden space 87424K, 100% used [0x00000007a0000000, 0x00000007a5560000, 0x00000007a5560000)
  from space 21824K,   0% used [0x00000007a6ab0000, 0x00000007a6ab50a0, 0x00000007a8000000)
  to   space 21824K,   0% used [0x00000007a5560000, 0x00000007a5560000, 0x00000007a6ab0000)
 concurrent mark-sweep generation total 393216K, used 70435K [0x00000007a8000000, 0x00000007c0000000, 0x00000007c0000000)
 Metaspace       used 43675K, capacity 44854K, committed 45060K, reserved 1089536K
  class space    used 5278K, capacity 5557K, committed 5676K, reserved 1048576K
2022-08-22T20:50:55.371-0500: 2894440.441: [GC (Allocation Failure) 2022-08-22T20:50:55.372-0500: 2894440.442: [ParNew
Desired survivor size 20112992 bytes, new threshold 8 (max 8)
- age   1:      29464 bytes,      29464 total
: 87444K->34K(109248K), 0.0922905 secs] 157879K->70469K(502464K), 0.0938843 secs] [Times: user=0.12 sys=0.06, real=0.09 secs] 
Heap after GC invocations=296 (full 1):
 par new generation   total 109248K, used 34K [0x00000007a0000000, 0x00000007a8000000, 0x00000007a8000000)
  eden space 87424K,   0% used [0x00000007a0000000, 0x00000007a0000000, 0x00000007a5560000)
  from space 21824K,   0% used [0x00000007a5560000, 0x00000007a5568910, 0x00000007a6ab0000)
  to   space 21824K,   0% used [0x00000007a6ab0000, 0x00000007a6ab0000, 0x00000007a8000000)
 concurrent mark-sweep generation total 393216K, used 70435K [0x00000007a8000000, 0x00000007c0000000, 0x00000007c0000000)
 Metaspace       used 43675K, capacity 44854K, committed 45060K, reserved 1089536K
  class space    used 5278K, capacity 5557K, committed 5676K, reserved 1048576K
}
2022-08-22T20:50:55.465-0500: 2894440.535: Total time for which application threads were stopped: 0.1353522 seconds, Stopping threads took: 0.0029622 seconds
{Heap before GC invocations=296 (full 1):
 par new generation   total 109248K, used 87458K [0x00000007a0000000, 0x00000007a8000000, 0x00000007a8000000)
  eden space 87424K, 100% used [0x00000007a0000000, 0x00000007a5560000, 0x00000007a5560000)
  from space 21824K,   0% used [0x00000007a5560000, 0x00000007a5568910, 0x00000007a6ab0000)
  to   space 21824K,   0% used [0x00000007a6ab0000, 0x00000007a6ab0000, 0x00000007a8000000)
 concurrent mark-sweep generation total 393216K, used 70435K [0x00000007a8000000, 0x00000007c0000000, 0x00000007c0000000)
 Metaspace       used 43675K, capacity 44854K, committed 45060K, reserved 1089536K
  class space    used 5278K, capacity 5557K, committed 5676K, reserved 1048576K
2022-08-23T11:58:42.103-0500: 2907529.329: [GC (Allocation Failure) 2022-08-23T11:58:42.105-0500: 2907529.330: [ParNew
Desired survivor size 20112992 bytes, new threshold 8 (max 8)
- age   1:       1760 bytes,       1760 total
: 87458K->23K(109248K), 0.0506907 secs] 157893K->70459K(502464K), 0.0523206 secs] [Times: user=0.07 sys=0.05, real=0.05 secs] 
Heap after GC invocations=297 (full 1):
 par new generation   total 109248K, used 23K [0x00000007a0000000, 0x00000007a8000000, 0x00000007a8000000)
  eden space 87424K,   0% used [0x00000007a0000000, 0x00000007a0000000, 0x00000007a5560000)
  from space 21824K,   0% used [0x00000007a6ab0000, 0x00000007a6ab5dc0, 0x00000007a8000000)
  to   space 21824K,   0% used [0x00000007a5560000, 0x00000007a5560000, 0x00000007a6ab0000)
 concurrent mark-sweep generation total 393216K, used 70435K [0x00000007a8000000, 0x00000007c0000000, 0x00000007c0000000)
 Metaspace       used 43675K, capacity 44854K, committed 45060K, reserved 1089536K
  class space    used 5278K, capacity 5557K, committed 5676K, reserved 1048576K
}
2022-08-23T11:58:42.156-0500: 2907529.381: Total time for which application threads were stopped: 0.0644525 seconds, Stopping threads took: 0.0010408 seconds
{Heap before GC invocations=297 (full 1):
 par new generation   total 109248K, used 87447K [0x00000007a0000000, 0x00000007a8000000, 0x00000007a8000000)
  eden space 87424K, 100% used [0x00000007a0000000, 0x00000007a5560000, 0x00000007a5560000)
  from space 21824K,   0% used [0x00000007a6ab0000, 0x00000007a6ab5dc0, 0x00000007a8000000)
  to   space 21824K,   0% used [0x00000007a5560000, 0x00000007a5560000, 0x00000007a6ab0000)
 concurrent mark-sweep generation total 393216K, used 70435K [0x00000007a8000000, 0x00000007c0000000, 0x00000007c0000000)
 Metaspace       used 43675K, capacity 44854K, committed 45060K, reserved 1089536K
  class space    used 5278K, capacity 5557K, committed 5676K, reserved 1048576K
2022-08-23T18:39:27.146-0500: 2920673.572: [GC (Allocation Failure) 2022-08-23T18:39:27.148-0500: 2920673.574: [ParNew
Desired survivor size 20112992 bytes, new threshold 8 (max 8)
- age   1:      27328 bytes,      27328 total
: 87447K->28K(109248K), 0.0545777 secs] 157883K->70463K(502464K), 0.0570689 secs] [Times: user=0.09 sys=0.06, real=0.06 secs] 
Heap after GC invocations=298 (full 1):
 par new generation   total 109248K, used 28K [0x00000007a0000000, 0x00000007a8000000, 0x00000007a8000000)
  eden space 87424K,   0% used [0x00000007a0000000, 0x00000007a0000000, 0x00000007a5560000)
  from space 21824K,   0% used [0x00000007a5560000, 0x00000007a55670e0, 0x00000007a6ab0000)
  to   space 21824K,   0% used [0x00000007a6ab0000, 0x00000007a6ab0000, 0x00000007a8000000)
 concurrent mark-sweep generation total 393216K, used 70435K [0x00000007a8000000, 0x00000007c0000000, 0x00000007c0000000)
 Metaspace       used 43675K, capacity 44854K, committed 45060K, reserved 1089536K
  class space    used 5278K, capacity 5557K, committed 5676K, reserved 1048576K
}
2022-08-23T18:39:27.204-0500: 2920673.630: Total time for which application threads were stopped: 0.0680471 seconds, Stopping threads took: 0.0005480 seconds
{Heap before GC invocations=298 (full 1):
 par new generation   total 109248K, used 87452K [0x00000007a0000000, 0x00000007a8000000, 0x00000007a8000000)
  eden space 87424K, 100% used [0x00000007a0000000, 0x00000007a5560000, 0x00000007a5560000)
  from space 21824K,   0% used [0x00000007a5560000, 0x00000007a55670e0, 0x00000007a6ab0000)
  to   space 21824K,   0% used [0x00000007a6ab0000, 0x00000007a6ab0000, 0x00000007a8000000)
 concurrent mark-sweep generation total 393216K, used 70435K [0x00000007a8000000, 0x00000007c0000000, 0x00000007c0000000)
 Metaspace       used 43675K, capacity 44854K, committed 45060K, reserved 1089536K
  class space    used 5278K, capacity 5557K, committed 5676K, reserved 1048576K
2022-08-24T00:56:09.117-0500: 2933758.080: [GC (Allocation Failure) 2022-08-24T00:56:09.119-0500: 2933758.081: [ParNew
Desired survivor size 20112992 bytes, new threshold 8 (max 8)
- age   1:      29480 bytes,      29480 total
: 87452K->48K(109248K), 0.0643473 secs] 157887K->70484K(502464K), 0.0662611 secs] [Times: user=0.08 sys=0.06, real=0.07 secs] 
Heap after GC invocations=299 (full 1):
 par new generation   total 109248K, used 48K [0x00000007a0000000, 0x00000007a8000000, 0x00000007a8000000)
  eden space 87424K,   0% used [0x00000007a0000000, 0x00000007a0000000, 0x00000007a5560000)
  from space 21824K,   0% used [0x00000007a6ab0000, 0x00000007a6abc210, 0x00000007a8000000)
  to   space 21824K,   0% used [0x00000007a5560000, 0x00000007a5560000, 0x00000007a6ab0000)
 concurrent mark-sweep generation total 393216K, used 70435K [0x00000007a8000000, 0x00000007c0000000, 0x00000007c0000000)
 Metaspace       used 43675K, capacity 44854K, committed 45060K, reserved 1089536K
  class space    used 5278K, capacity 5557K, committed 5676K, reserved 1048576K
}
2022-08-24T00:56:09.184-0500: 2933758.146: Total time for which application threads were stopped: 0.0908736 seconds, Stopping threads took: 0.0022206 seconds
{Heap before GC invocations=299 (full 1):
 par new generation   total 109248K, used 87472K [0x00000007a0000000, 0x00000007a8000000, 0x00000007a8000000)
  eden space 87424K, 100% used [0x00000007a0000000, 0x00000007a5560000, 0x00000007a5560000)
  from space 21824K,   0% used [0x00000007a6ab0000, 0x00000007a6abc210, 0x00000007a8000000)
  to   space 21824K,   0% used [0x00000007a5560000, 0x00000007a5560000, 0x00000007a6ab0000)
 concurrent mark-sweep generation total 393216K, used 70435K [0x00000007a8000000, 0x00000007c0000000, 0x00000007c0000000)
 Metaspace       used 43675K, capacity 44854K, committed 45060K, reserved 1089536K
  class space    used 5278K, capacity 5557K, committed 5676K, reserved 1048576K
2022-08-24T13:23:03.544-0500: 2946902.995: [GC (Allocation Failure) 2022-08-24T13:23:03.545-0500: 2946902.996: [ParNew
Desired survivor size 20112992 bytes, new threshold 8 (max 8)
- age   1:       6856 bytes,       6856 total
: 87472K->15K(109248K), 0.0580465 secs] 157908K->70451K(502464K), 0.0593375 secs] [Times: user=0.06 sys=0.04, real=0.06 secs] 
Heap after GC invocations=300 (full 1):
 par new generation   total 109248K, used 15K [0x00000007a0000000, 0x00000007a8000000, 0x00000007a8000000)
  eden space 87424K,   0% used [0x00000007a0000000, 0x00000007a0000000, 0x00000007a5560000)
  from space 21824K,   0% used [0x00000007a5560000, 0x00000007a5563ed0, 0x00000007a6ab0000)
  to   space 21824K,   0% used [0x00000007a6ab0000, 0x00000007a6ab0000, 0x00000007a8000000)
 concurrent mark-sweep generation total 393216K, used 70435K [0x00000007a8000000, 0x00000007c0000000, 0x00000007c0000000)
 Metaspace       used 43675K, capacity 44854K, committed 45060K, reserved 1089536K
  class space    used 5278K, capacity 5557K, committed 5676K, reserved 1048576K
}
2022-08-24T13:23:03.603-0500: 2946903.054: Total time for which application threads were stopped: 0.0853046 seconds, Stopping threads took: 0.0026728 seconds
{Heap before GC invocations=300 (full 1):
 par new generation   total 109248K, used 87439K [0x00000007a0000000, 0x00000007a8000000, 0x00000007a8000000)
  eden space 87424K, 100% used [0x00000007a0000000, 0x00000007a5560000, 0x00000007a5560000)
  from space 21824K,   0% used [0x00000007a5560000, 0x00000007a5563ed0, 0x00000007a6ab0000)
  to   space 21824K,   0% used [0x00000007a6ab0000, 0x00000007a6ab0000, 0x00000007a8000000)
 concurrent mark-sweep generation total 393216K, used 70435K [0x00000007a8000000, 0x00000007c0000000, 0x00000007c0000000)
 Metaspace       used 43675K, capacity 44854K, committed 45060K, reserved 1089536K
  class space    used 5278K, capacity 5557K, committed 5676K, reserved 1048576K
2022-08-24T19:47:25.908-0500: 2959988.289: [GC (Allocation Failure) 2022-08-24T19:47:25.910-0500: 2959988.290: [ParNew
Desired survivor size 20112992 bytes, new threshold 8 (max 8)
- age   1:      23168 bytes,      23168 total
: 87439K->28K(109248K), 0.0786015 secs] 157875K->70463K(502464K), 0.0808488 secs] [Times: user=0.11 sys=0.06, real=0.08 secs] 
Heap after GC invocations=301 (full 1):
 par new generation   total 109248K, used 28K [0x00000007a0000000, 0x00000007a8000000, 0x00000007a8000000)
  eden space 87424K,   0% used [0x00000007a0000000, 0x00000007a0000000, 0x00000007a5560000)
  from space 21824K,   0% used [0x00000007a6ab0000, 0x00000007a6ab70e0, 0x00000007a8000000)
  to   space 21824K,   0% used [0x00000007a5560000, 0x00000007a5560000, 0x00000007a6ab0000)
 concurrent mark-sweep generation total 393216K, used 70435K [0x00000007a8000000, 0x00000007c0000000, 0x00000007c0000000)
 Metaspace       used 43675K, capacity 44854K, committed 45060K, reserved 1089536K
  class space    used 5278K, capacity 5557K, committed 5676K, reserved 1048576K
}
2022-08-24T19:47:25.990-0500: 2959988.369: Total time for which application threads were stopped: 0.1002188 seconds, Stopping threads took: 0.0023144 seconds
{Heap before GC invocations=301 (full 1):
 par new generation   total 109248K, used 87452K [0x00000007a0000000, 0x00000007a8000000, 0x00000007a8000000)
  eden space 87424K, 100% used [0x00000007a0000000, 0x00000007a5560000, 0x00000007a5560000)
  from space 21824K,   0% used [0x00000007a6ab0000, 0x00000007a6ab70e0, 0x00000007a8000000)
  to   space 21824K,   0% used [0x00000007a5560000, 0x00000007a5560000, 0x00000007a6ab0000)
 concurrent mark-sweep generation total 393216K, used 70435K [0x00000007a8000000, 0x00000007c0000000, 0x00000007c0000000)
 Metaspace       used 43675K, capacity 44854K, committed 45060K, reserved 1089536K
  class space    used 5278K, capacity 5557K, committed 5676K, reserved 1048576K
2022-08-25T15:25:58.618-0500: 2973076.363: [GC (Allocation Failure) 2022-08-25T15:25:58.619-0500: 2973076.364: [ParNew
Desired survivor size 20112992 bytes, new threshold 8 (max 8)
- age   1:      29472 bytes,      29472 total
: 87452K->45K(109248K), 0.0427994 secs] 157887K->70480K(502464K), 0.0441451 secs] [Times: user=0.05 sys=0.03, real=0.05 secs] 
Heap after GC invocations=302 (full 1):
 par new generation   total 109248K, used 45K [0x00000007a0000000, 0x00000007a8000000, 0x00000007a8000000)
  eden space 87424K,   0% used [0x00000007a0000000, 0x00000007a0000000, 0x00000007a5560000)
  from space 21824K,   0% used [0x00000007a5560000, 0x00000007a556b450, 0x00000007a6ab0000)
  to   space 21824K,   0% used [0x00000007a6ab0000, 0x00000007a6ab0000, 0x00000007a8000000)
 concurrent mark-sweep generation total 393216K, used 70435K [0x00000007a8000000, 0x00000007c0000000, 0x00000007c0000000)
 Metaspace       used 43675K, capacity 44854K, committed 45060K, reserved 1089536K
  class space    used 5278K, capacity 5557K, committed 5676K, reserved 1048576K
}
2022-08-25T15:25:58.662-0500: 2973076.407: Total time for which application threads were stopped: 0.0606273 seconds, Stopping threads took: 0.0037914 seconds
{Heap before GC invocations=302 (full 1):
 par new generation   total 109248K, used 87469K [0x00000007a0000000, 0x00000007a8000000, 0x00000007a8000000)
  eden space 87424K, 100% used [0x00000007a0000000, 0x00000007a5560000, 0x00000007a5560000)
  from space 21824K,   0% used [0x00000007a5560000, 0x00000007a556b450, 0x00000007a6ab0000)
  to   space 21824K,   0% used [0x00000007a6ab0000, 0x00000007a6ab0000, 0x00000007a8000000)
 concurrent mark-sweep generation total 393216K, used 70435K [0x00000007a8000000, 0x00000007c0000000, 0x00000007c0000000)
 Metaspace       used 43675K, capacity 44854K, committed 45060K, reserved 1089536K
  class space    used 5278K, capacity 5557K, committed 5676K, reserved 1048576K
2022-08-26T12:26:51.682-0500: 2986220.811: [GC (Allocation Failure) 2022-08-26T12:26:51.684-0500: 2986220.813: [ParNew
Desired survivor size 20112992 bytes, new threshold 8 (max 8)
- age   1:       9640 bytes,       9640 total
: 87469K->20K(109248K), 0.1143330 secs] 157904K->70456K(502464K), 0.1171494 secs] [Times: user=0.07 sys=0.07, real=0.11 secs] 
Heap after GC invocations=303 (full 1):
 par new generation   total 109248K, used 20K [0x00000007a0000000, 0x00000007a8000000, 0x00000007a8000000)
  eden space 87424K,   0% used [0x00000007a0000000, 0x00000007a0000000, 0x00000007a5560000)
  from space 21824K,   0% used [0x00000007a6ab0000, 0x00000007a6ab51d0, 0x00000007a8000000)
  to   space 21824K,   0% used [0x00000007a5560000, 0x00000007a5560000, 0x00000007a6ab0000)
 concurrent mark-sweep generation total 393216K, used 70435K [0x00000007a8000000, 0x00000007c0000000, 0x00000007c0000000)
 Metaspace       used 43675K, capacity 44854K, committed 45060K, reserved 1089536K
  class space    used 5278K, capacity 5557K, committed 5676K, reserved 1048576K
}
2022-08-26T12:26:51.800-0500: 2986220.928: Total time for which application threads were stopped: 0.1366163 seconds, Stopping threads took: 0.0026546 seconds
{Heap before GC invocations=303 (full 1):
 par new generation   total 109248K, used 87444K [0x00000007a0000000, 0x00000007a8000000, 0x00000007a8000000)
  eden space 87424K,  99% used [0x00000007a0000000, 0x00000007a555fe30, 0x00000007a5560000)
  from space 21824K,   0% used [0x00000007a6ab0000, 0x00000007a6ab51d0, 0x00000007a8000000)
  to   space 21824K,   0% used [0x00000007a5560000, 0x00000007a5560000, 0x00000007a6ab0000)
 concurrent mark-sweep generation total 393216K, used 70435K [0x00000007a8000000, 0x00000007c0000000, 0x00000007c0000000)
 Metaspace       used 43675K, capacity 44854K, committed 45060K, reserved 1089536K
  class space    used 5278K, capacity 5557K, committed 5676K, reserved 1048576K
2022-08-26T23:28:47.122-0500: 2999306.398: [GC (Allocation Failure) 2022-08-26T23:28:47.125-0500: 2999306.400: [ParNew
Desired survivor size 20112992 bytes, new threshold 8 (max 8)
- age   1:      35600 bytes,      35600 total
: 87444K->42K(109248K), 0.0685586 secs] 157879K->70477K(502464K), 0.0715748 secs] [Times: user=0.10 sys=0.06, real=0.07 secs] 
Heap after GC invocations=304 (full 1):
 par new generation   total 109248K, used 42K [0x00000007a0000000, 0x00000007a8000000, 0x00000007a8000000)
  eden space 87424K,   0% used [0x00000007a0000000, 0x00000007a0000000, 0x00000007a5560000)
  from space 21824K,   0% used [0x00000007a5560000, 0x00000007a556a950, 0x00000007a6ab0000)
  to   space 21824K,   0% used [0x00000007a6ab0000, 0x00000007a6ab0000, 0x00000007a8000000)
 concurrent mark-sweep generation total 393216K, used 70435K [0x00000007a8000000, 0x00000007c0000000, 0x00000007c0000000)
 Metaspace       used 43675K, capacity 44854K, committed 45060K, reserved 1089536K
  class space    used 5278K, capacity 5557K, committed 5676K, reserved 1048576K
}
2022-08-26T23:28:47.194-0500: 2999306.469: Total time for which application threads were stopped: 0.0888665 seconds, Stopping threads took: 0.0019373 seconds
{Heap before GC invocations=304 (full 1):
 par new generation   total 109248K, used 87466K [0x00000007a0000000, 0x00000007a8000000, 0x00000007a8000000)
  eden space 87424K, 100% used [0x00000007a0000000, 0x00000007a5560000, 0x00000007a5560000)
  from space 21824K,   0% used [0x00000007a5560000, 0x00000007a556a950, 0x00000007a6ab0000)
  to   space 21824K,   0% used [0x00000007a6ab0000, 0x00000007a6ab0000, 0x00000007a8000000)
 concurrent mark-sweep generation total 393216K, used 70435K [0x00000007a8000000, 0x00000007c0000000, 0x00000007c0000000)
 Metaspace       used 43675K, capacity 44854K, committed 45060K, reserved 1089536K
  class space    used 5278K, capacity 5557K, committed 5676K, reserved 1048576K
2022-08-27T06:06:00.632-0500: 3012391.794: [GC (Allocation Failure) 2022-08-27T06:06:00.634-0500: 3012391.796: [ParNew
Desired survivor size 20112992 bytes, new threshold 8 (max 8)
- age   1:      16288 bytes,      16288 total
: 87466K->40K(109248K), 0.0783528 secs] 157901K->70476K(502464K), 0.0803989 secs] [Times: user=0.10 sys=0.05, real=0.08 secs] 
Heap after GC invocations=305 (full 1):
 par new generation   total 109248K, used 40K [0x00000007a0000000, 0x00000007a8000000, 0x00000007a8000000)
  eden space 87424K,   0% used [0x00000007a0000000, 0x00000007a0000000, 0x00000007a5560000)
  from space 21824K,   0% used [0x00000007a6ab0000, 0x00000007a6aba380, 0x00000007a8000000)
  to   space 21824K,   0% used [0x00000007a5560000, 0x00000007a5560000, 0x00000007a6ab0000)
 concurrent mark-sweep generation total 393216K, used 70435K [0x00000007a8000000, 0x00000007c0000000, 0x00000007c0000000)
 Metaspace       used 43675K, capacity 44854K, committed 45060K, reserved 1089536K
  class space    used 5278K, capacity 5557K, committed 5676K, reserved 1048576K
}
2022-08-27T06:06:00.713-0500: 3012391.875: Total time for which application threads were stopped: 0.0971265 seconds, Stopping threads took: 0.0033263 seconds
{Heap before GC invocations=305 (full 1):
 par new generation   total 109248K, used 87464K [0x00000007a0000000, 0x00000007a8000000, 0x00000007a8000000)
  eden space 87424K, 100% used [0x00000007a0000000, 0x00000007a5560000, 0x00000007a5560000)
  from space 21824K,   0% used [0x00000007a6ab0000, 0x00000007a6aba380, 0x00000007a8000000)
  to   space 21824K,   0% used [0x00000007a5560000, 0x00000007a5560000, 0x00000007a6ab0000)
 concurrent mark-sweep generation total 393216K, used 70435K [0x00000007a8000000, 0x00000007c0000000, 0x00000007c0000000)
 Metaspace       used 43675K, capacity 44854K, committed 45060K, reserved 1089536K
  class space    used 5278K, capacity 5557K, committed 5676K, reserved 1048576K
2022-08-27T15:54:06.435-0500: 3025538.723: [GC (Allocation Failure) 2022-08-27T15:54:06.436-0500: 3025538.724: [ParNew
Desired survivor size 20112992 bytes, new threshold 8 (max 8)
- age   1:      24952 bytes,      24952 total
: 87464K->32K(109248K), 0.0555783 secs] 157900K->70467K(502464K), 0.0571070 secs] [Times: user=0.08 sys=0.05, real=0.06 secs] 
Heap after GC invocations=306 (full 1):
 par new generation   total 109248K, used 32K [0x00000007a0000000, 0x00000007a8000000, 0x00000007a8000000)
  eden space 87424K,   0% used [0x00000007a0000000, 0x00000007a0000000, 0x00000007a5560000)
  from space 21824K,   0% used [0x00000007a5560000, 0x00000007a55680a0, 0x00000007a6ab0000)
  to   space 21824K,   0% used [0x00000007a6ab0000, 0x00000007a6ab0000, 0x00000007a8000000)
 concurrent mark-sweep generation total 393216K, used 70435K [0x00000007a8000000, 0x00000007c0000000, 0x00000007c0000000)
 Metaspace       used 43675K, capacity 44854K, committed 45060K, reserved 1089536K
  class space    used 5278K, capacity 5557K, committed 5676K, reserved 1048576K
}
2022-08-27T15:54:06.492-0500: 3025538.780: Total time for which application threads were stopped: 0.0799291 seconds, Stopping threads took: 0.0025157 seconds
{Heap before GC invocations=306 (full 1):
 par new generation   total 109248K, used 87454K [0x00000007a0000000, 0x00000007a8000000, 0x00000007a8000000)
  eden space 87424K,  99% used [0x00000007a0000000, 0x00000007a555f830, 0x00000007a5560000)
  from space 21824K,   0% used [0x00000007a5560000, 0x00000007a55680a0, 0x00000007a6ab0000)
  to   space 21824K,   0% used [0x00000007a6ab0000, 0x00000007a6ab0000, 0x00000007a8000000)
 concurrent mark-sweep generation total 393216K, used 70435K [0x00000007a8000000, 0x00000007c0000000, 0x00000007c0000000)
 Metaspace       used 43675K, capacity 44854K, committed 45060K, reserved 1089536K
  class space    used 5278K, capacity 5557K, committed 5676K, reserved 1048576K
2022-08-27T22:55:41.153-0500: 3038474.364: [GC (Allocation Failure) 2022-08-27T22:55:41.154-0500: 3038474.365: [ParNew
Desired survivor size 20112992 bytes, new threshold 8 (max 8)
- age   1:       1136 bytes,       1136 total
: 87454K->11K(109248K), 0.0760550 secs] 157889K->70447K(502464K), 0.0779592 secs] [Times: user=0.10 sys=0.04, real=0.08 secs] 
Heap after GC invocations=307 (full 1):
 par new generation   total 109248K, used 11K [0x00000007a0000000, 0x00000007a8000000, 0x00000007a8000000)
  eden space 87424K,   0% used [0x00000007a0000000, 0x00000007a0000000, 0x00000007a5560000)
  from space 21824K,   0% used [0x00000007a6ab0000, 0x00000007a6ab2dc0, 0x00000007a8000000)
  to   space 21824K,   0% used [0x00000007a5560000, 0x00000007a5560000, 0x00000007a6ab0000)
 concurrent mark-sweep generation total 393216K, used 70435K [0x00000007a8000000, 0x00000007c0000000, 0x00000007c0000000)
 Metaspace       used 43675K, capacity 44854K, committed 45060K, reserved 1089536K
  class space    used 5278K, capacity 5557K, committed 5676K, reserved 1048576K
}
2022-08-27T22:55:41.231-0500: 3038474.441: Total time for which application threads were stopped: 0.1169822 seconds, Stopping threads took: 0.0040365 seconds
{Heap before GC invocations=307 (full 1):
 par new generation   total 109248K, used 87435K [0x00000007a0000000, 0x00000007a8000000, 0x00000007a8000000)
  eden space 87424K, 100% used [0x00000007a0000000, 0x00000007a5560000, 0x00000007a5560000)
  from space 21824K,   0% used [0x00000007a6ab0000, 0x00000007a6ab2dc0, 0x00000007a8000000)
  to   space 21824K,   0% used [0x00000007a5560000, 0x00000007a5560000, 0x00000007a6ab0000)
 concurrent mark-sweep generation total 393216K, used 70435K [0x00000007a8000000, 0x00000007c0000000, 0x00000007c0000000)
 Metaspace       used 43675K, capacity 44854K, committed 45060K, reserved 1089536K
  class space    used 5278K, capacity 5557K, committed 5676K, reserved 1048576K
2022-08-28T09:43:41.459-0500: 3051600.619: [GC (Allocation Failure) 2022-08-28T09:43:41.462-0500: 3051600.621: [ParNew
Desired survivor size 20112992 bytes, new threshold 8 (max 8)
- age   1:      16464 bytes,      16464 total
: 87435K->22K(109248K), 0.1355904 secs] 157871K->70457K(502464K), 0.1388733 secs] [Times: user=0.18 sys=0.09, real=0.14 secs] 
Heap after GC invocations=308 (full 1):
 par new generation   total 109248K, used 22K [0x00000007a0000000, 0x00000007a8000000, 0x00000007a8000000)
  eden space 87424K,   0% used [0x00000007a0000000, 0x00000007a0000000, 0x00000007a5560000)
  from space 21824K,   0% used [0x00000007a5560000, 0x00000007a55658b0, 0x00000007a6ab0000)
  to   space 21824K,   0% used [0x00000007a6ab0000, 0x00000007a6ab0000, 0x00000007a8000000)
 concurrent mark-sweep generation total 393216K, used 70435K [0x00000007a8000000, 0x00000007c0000000, 0x00000007c0000000)
 Metaspace       used 43675K, capacity 44854K, committed 45060K, reserved 1089536K
  class space    used 5278K, capacity 5557K, committed 5676K, reserved 1048576K
}
2022-08-28T09:43:41.598-0500: 3051600.757: Total time for which application threads were stopped: 0.2019090 seconds, Stopping threads took: 0.0047053 seconds
2022-08-28T10:19:30.262-0500: 3053749.553: Total time for which application threads were stopped: 0.0071670 seconds, Stopping threads took: 0.0009727 seconds
2022-08-28T10:19:30.272-0500: 3053749.561: Total time for which application threads were stopped: 0.0020461 seconds, Stopping threads took: 0.0007527 seconds
2022-08-28T10:19:30.275-0500: 3053749.564: Total time for which application threads were stopped: 0.0012842 seconds, Stopping threads took: 0.0006429 seconds
2022-08-28T10:19:30.983-0500: 3053750.272: Total time for which application threads were stopped: 0.0044255 seconds, Stopping threads took: 0.0003148 seconds
2022-08-28T10:19:31.186-0500: 3053750.475: Total time for which application threads were stopped: 0.0022323 seconds, Stopping threads took: 0.0000624 seconds
2022-08-28T10:19:31.220-0500: 3053750.509: Total time for which application threads were stopped: 0.0008752 seconds, Stopping threads took: 0.0000345 seconds
2022-08-28T10:19:31.223-0500: 3053750.512: Total time for which application threads were stopped: 0.0007958 seconds, Stopping threads took: 0.0000252 seconds
2022-08-28T10:19:31.229-0500: 3053750.518: Total time for which application threads were stopped: 0.0020985 seconds, Stopping threads took: 0.0000246 seconds
2022-08-28T10:19:31.232-0500: 3053750.520: Total time for which application threads were stopped: 0.0007732 seconds, Stopping threads took: 0.0000242 seconds
2022-08-28T10:19:31.241-0500: 3053750.530: Total time for which application threads were stopped: 0.0007565 seconds, Stopping threads took: 0.0000267 seconds
2022-08-28T10:19:31.246-0500: 3053750.534: Total time for which application threads were stopped: 0.0006189 seconds, Stopping threads took: 0.0000230 seconds
2022-08-28T10:19:31.251-0500: 3053750.540: Total time for which application threads were stopped: 0.0006485 seconds, Stopping threads took: 0.0000253 seconds
2022-08-28T10:19:31.254-0500: 3053750.542: Total time for which application threads were stopped: 0.0006967 seconds, Stopping threads took: 0.0000219 seconds
2022-08-28T10:19:31.256-0500: 3053750.545: Total time for which application threads were stopped: 0.0006049 seconds, Stopping threads took: 0.0000218 seconds
2022-08-28T10:19:31.375-0500: 3053750.664: Total time for which application threads were stopped: 0.0019289 seconds, Stopping threads took: 0.0000623 seconds
2022-08-28T10:19:31.381-0500: 3053750.669: Total time for which application threads were stopped: 0.0007130 seconds, Stopping threads took: 0.0000281 seconds
2022-08-28T10:19:31.389-0500: 3053750.678: Total time for which application threads were stopped: 0.0012510 seconds, Stopping threads took: 0.0000309 seconds
2022-08-28T10:19:31.496-0500: 3053750.785: Total time for which application threads were stopped: 0.0031596 seconds, Stopping threads took: 0.0000616 seconds
2022-08-28T10:19:31.508-0500: 3053750.797: Total time for which application threads were stopped: 0.0009648 seconds, Stopping threads took: 0.0000350 seconds
2022-08-28T10:19:31.511-0500: 3053750.799: Total time for which application threads were stopped: 0.0006938 seconds, Stopping threads took: 0.0000255 seconds
2022-08-28T10:19:31.516-0500: 3053750.805: Total time for which application threads were stopped: 0.0007916 seconds, Stopping threads took: 0.0000284 seconds
2022-08-28T10:19:31.520-0500: 3053750.808: Total time for which application threads were stopped: 0.0007175 seconds, Stopping threads took: 0.0000263 seconds
2022-08-28T10:19:31.527-0500: 3053750.816: Total time for which application threads were stopped: 0.0009447 seconds, Stopping threads took: 0.0000357 seconds
2022-08-28T10:19:31.528-0500: 3053750.817: Total time for which application threads were stopped: 0.0006721 seconds, Stopping threads took: 0.0000272 seconds
2022-08-28T10:19:31.530-0500: 3053750.819: Total time for which application threads were stopped: 0.0006837 seconds, Stopping threads took: 0.0000364 seconds
2022-08-28T10:19:31.534-0500: 3053750.823: Total time for which application threads were stopped: 0.0026304 seconds, Stopping threads took: 0.0018280 seconds
2022-08-28T10:19:31.537-0500: 3053750.826: Total time for which application threads were stopped: 0.0008067 seconds, Stopping threads took: 0.0000778 seconds
2022-08-28T10:19:31.539-0500: 3053750.828: Total time for which application threads were stopped: 0.0006489 seconds, Stopping threads took: 0.0000498 seconds
2022-08-28T10:19:31.541-0500: 3053750.830: Total time for which application threads were stopped: 0.0006520 seconds, Stopping threads took: 0.0000678 seconds
2022-08-28T10:19:31.543-0500: 3053750.831: Total time for which application threads were stopped: 0.0016540 seconds, Stopping threads took: 0.0010643 seconds
2022-08-28T10:19:31.545-0500: 3053750.834: Total time for which application threads were stopped: 0.0007463 seconds, Stopping threads took: 0.0001163 seconds
2022-08-28T10:19:31.548-0500: 3053750.836: Total time for which application threads were stopped: 0.0013756 seconds, Stopping threads took: 0.0007508 seconds
2022-08-28T10:19:31.549-0500: 3053750.837: Total time for which application threads were stopped: 0.0007095 seconds, Stopping threads took: 0.0001316 seconds
2022-08-28T10:19:31.553-0500: 3053750.842: Total time for which application threads were stopped: 0.0037644 seconds, Stopping threads took: 0.0031089 seconds
2022-08-28T10:19:31.555-0500: 3053750.844: Total time for which application threads were stopped: 0.0007981 seconds, Stopping threads took: 0.0001892 seconds
2022-08-28T10:19:31.557-0500: 3053750.846: Total time for which application threads were stopped: 0.0016595 seconds, Stopping threads took: 0.0009926 seconds
2022-08-28T10:19:31.559-0500: 3053750.848: Total time for which application threads were stopped: 0.0006885 seconds, Stopping threads took: 0.0000651 seconds
2022-08-28T10:19:31.561-0500: 3053750.850: Total time for which application threads were stopped: 0.0008458 seconds, Stopping threads took: 0.0002164 seconds
2022-08-28T10:19:31.564-0500: 3053750.853: Total time for which application threads were stopped: 0.0007912 seconds, Stopping threads took: 0.0001362 seconds
2022-08-28T10:19:31.566-0500: 3053750.855: Total time for which application threads were stopped: 0.0016613 seconds, Stopping threads took: 0.0009736 seconds
2022-08-28T10:19:31.567-0500: 3053750.856: Total time for which application threads were stopped: 0.0006645 seconds, Stopping threads took: 0.0000852 seconds
2022-08-28T10:19:31.569-0500: 3053750.857: Total time for which application threads were stopped: 0.0012705 seconds, Stopping threads took: 0.0000676 seconds
2022-08-28T10:19:31.571-0500: 3053750.860: Total time for which application threads were stopped: 0.0008087 seconds, Stopping threads took: 0.0001395 seconds
2022-08-28T10:19:31.577-0500: 3053750.866: Total time for which application threads were stopped: 0.0009227 seconds, Stopping threads took: 0.0001556 seconds
2022-08-28T10:19:31.581-0500: 3053750.870: Total time for which application threads were stopped: 0.0007587 seconds, Stopping threads took: 0.0000264 seconds
2022-08-28T10:19:31.586-0500: 3053750.875: Total time for which application threads were stopped: 0.0006546 seconds, Stopping threads took: 0.0000243 seconds
2022-08-28T10:19:31.589-0500: 3053750.878: Total time fo